python : 
C:\Users\anabo\Documents\Master\SP26\DL\glaucoma-vf-ml\.venv\Lib\site-packages\lightning\fabric\utilities\seed.py:44: No 
seed found, seed set to 0
At line:1 char:1
+ python cli/main.py test --config configs/hvf_system/test.yaml --ckpt_ ...
+ ~~~~~~~~~~~~~~~~~~~~~~~~~~~~~~~~~~~~~~~~~~~~~~~~~~~~~~~~~~~~~~~~~~~~~
    + CategoryInfo          : NotSpecified: (C:\Users\anabo\..., seed set to 0:String) [], RemoteException
    + FullyQualifiedErrorId : NativeCommandError
 
Seed set to 0
GPU available: False, used: False
TPU available: False, using: 0 TPU cores
\U0001f4a1 Tip: For seamless cloud logging and experiment tracking, try installing 
[litlogger](https://pypi.org/project/litlogger/) to enable LitLogger, which logs metrics and artifacts automatically to 
the Lightning Experiments platform.
Patient-level split complete: Train=17250, Val=2195, Test=2070
Class distribution: {np.int64(0): np.int64(13015), np.int64(1): np.int64(4722), np.int64(2): np.int64(3778)}
Restoring states from the checkpoint path at logs/hvf_system/version_3/checkpoints/best.ckpt
C:\Users\anabo\Documents\Master\SP26\DL\glaucoma-vf-ml\.venv\Lib\site-packages\lightning\pytorch\callbacks\model_checkpoi
nt.py:566: The dirpath has changed from 'logs\\hvf_system\\version_3\\checkpoints' to 
'C:\\Users\\anabo\\Documents\\Master\\SP26\\DL\\glaucoma-vf-ml\\lightning_logs\\version_4\\checkpoints', therefore 
`best_model_score`, `kth_best_model_path`, `kth_value`, `last_model_path` and `best_k_models` won't be reloaded. Only 
`best_model_path` will be reloaded.
Loaded model weights from the checkpoint at logs/hvf_system/version_3/checkpoints/best.ckpt
C:\Users\anabo\Documents\Master\SP26\DL\glaucoma-vf-ml\.venv\Lib\site-packages\lightning\pytorch\utilities\_pytree.py:21:
 `isinstance(treespec, LeafSpec)` is deprecated, use `isinstance(treespec, TreeSpec) and treespec.is_leaf()` instead.

--- Sample #0 | True: -3.355192184448242 | Pred: -2.9779891967773438 ---
          0  0  1  0       
       0 -1 -2  0 -2  0    
   -2  0  0  0 -2 -1 -1  0 
-1 -1  1  0  0 -2 -2  0  1 
-1  0  0  0  0 -2 -1 -4 -1 
    0  0  0  0 -2 -1  0  0 
      -1  0  0 -2 -2 -1    
         -1  0  0  0       

--- Sample #1 | True: -2.407501220703125 | Pred: -4.428340911865234 ---
          0 -1  4  4       
       2  2  1  1  0  1    
    1  2  1  2  0  1  1  3 
 3  1  2  0  0  1  1  1  2 
 2  2  2  0  1  1  0  5  1 
    1  1  0  1  0  0  0  5 
       1  0  1  2  2  2    
          0  2  1  1       

--- Sample #2 | True: -2.923847198486328 | Pred: -3.3187084197998047 ---
          0  1  3  4       
      -1  0 -1  3 -4  0    
    0  0 -5 -2  0  2  1  3 
 4 -1  0  0  0  0  0  4  2 
 6  2  0 -2 -3 -3  0 25  3 
    1  0  1 -1  1 -5  1 -25 
       2 -4 -2  2 -2  1    
          0  1  3  2       

--- Sample #3 | True: -4.515962600708008 | Pred: -4.457281112670898 ---
         -3 -2 -1 -8       
      -1 -2 -1  1 -3 -1    
   -4  0  0  1  0 -1  0 -3 
-4  0 -1  0  0  0  0  3  1 
-2  0  0  0 -1  0  0 -8  1 
   -1  0 -2  0  0  1  3  1 
      -1  0  0  0  0  1    
          0  0  0  2       

--- Sample #4 | True: -0.6236534118652344 | Pred: -1.2543487548828125 ---
         -3  0  1  1       
       0  0  0  2  1  0    
   -1  0  1  0 -1  0  0  0 
 0  0  0  0  1  0  0  0  0 
 0  0  0  0  0  0 -1 -2  4 
    0 -1 -1  0  0  0  1  0 
      -1 -2  0  0  0  0    
          0  0 -2  0       

--- Sample #5 | True: -1.0444221496582031 | Pred: -1.60906982421875 ---
         -1 -2  1 -1       
       0  0  0  0 -2  0    
    1  1  1  0 -1  0  0 -1 
 2  0  0  0  1  0  0  4  0 
 0  0 -1  0 -1  0 -2 -2 -1 
    0  0  0 -2  0  0  2  1 
       1 -1 -1  0  1  1    
          0  0  0  2       

--- Sample #6 | True: -0.2790374755859375 | Pred: -2.0203514099121094 ---
          1  3  5  5       
       2  0  3  0 -3  1    
    3  1 -3 -1  0  2  2  4 
 4  0  0  0  0  0  2  4  1 
 8  3  1 -1 -1 -4  0 32  2 
    3  1  1  1  1 -2  3 -26 
       5 -1  0  1  4  1    
          4  3  2  4       

--- Sample #7 | True: -0.6365394592285156 | Pred: -2.641101837158203 ---
         -1  0 -1  0       
       1  1  0  3  1  1    
    0  3  0  1  1  0  2  2 
 2  3  1  2  1  0  2  6  4 
 1  3  2  1  0  1  2 -9  1 
    3  1  1  0 -1  1  1  4 
       0  0  0 -1 -1  0    
          2  2  0  0       

--- Sample #8 | True: -8.1173095703125 | Pred: -11.393209457397461 ---
          1 -4 -6 -6       
       8 -2  7  4  3  3    
   -11  9  9  2  0  1  3  7 
 7  7  7  5  0  0  1  5 -5 
-1  3  3  0  0  3  6 -2  6 
    4  2  3  1  6  7  6 10 
       1  3  4  8  8  8    
          5  8  7  7       

--- Sample #9 | True: -11.803075790405273 | Pred: -7.5699462890625 ---
         -12 -13 -12 -11       
      -17 -20 -13 -18 -21 -18    
   -8 -1  0 -5 -10 -6 -11 -12 
-20 -4  0 -1 -1 -5  0 -13 -5 
-2 -9  1  0  1  0  0 -3 -2 
   -1  0  0  1  2  1 -1  1 
       1  2  3  2  0  0    
          0  1  1  0       

--- Sample #10 | True: -6.774614334106445 | Pred: -8.613548278808594 ---
          5 12 18 13       
      10  9 10  9  8  8    
    6  7  6  6  4  1  4  1 
-1  2  3  0  0 -7  1  0  0 
 0  0  0  0 -3 -6 -1  1  1 
    2  0 -1 -3 -1  0  0  5 
      -1 -4 -1 -1  0  0    
         -3 -2 -2  0       

--- Sample #11 | True: -9.012308120727539 | Pred: -7.006214141845703 ---
          5  3  1  1       
       1  0 -2  0  0  4    
   -4 -1  1 -4 -2  0  0  1 
-2 -1  0  0 -1 -1  0 -1 -14 
 0  0  0 -2  0  0 -4 -2 -5 
    0  0  0  0 -1 -3 -4 -6 
      -4 -3  0 -5 -3 -5    
         -4  0 -24 -16       

--- Sample #12 | True: -16.248653411865234 | Pred: -5.410984039306641 ---
         -20 -20 -18 -17       
      -23 -24 -24 -23 -24 -22    
   -23 -25 -27 -27 -27 -26 -21 -23 
-15 -16 -24 -19 -16 -6 -17 -16 -15 
-4 -1 -3 -2 -4 -3 -3 -2  0 
   -3 -1 -1 -1  0  0 -1 -3 
       0  0 -1  1  0  0    
          3  0  6  2       

--- Sample #13 | True: -17.35826873779297 | Pred: -13.639350891113281 ---
         -1  0  0  0       
      -2 -4 -4 -2 -5 -1    
   -2 -4 -4 -5 -2 -6 12 -5 
-6 -7 -8 -9  6 -3 10 10 -12 
 9 -3 -3 -5 -5 -4  0  0  2 
   -13  0  0  0 -2  2  3  1 
      -25  0 -1 -2  0 -6    
         -24  1  0  3       

--- Sample #14 | True: -6.813268661499023 | Pred: -14.656927108764648 ---
          5 17 15 22       
      15 19 17 20 13 11    
   20 21 21 19 16 14 11 19 
12 22 22 21 12  6  6 11 19 
13 11  3  2 -2  0 -2 -1  9 
    8  5  2  2  0  0  0 -5 
      11  6  6  5  0 -7    
         12  0  7  1       

--- Sample #15 | True: -9.177114486694336 | Pred: -7.600975036621094 ---
          0  0  2 -2       
      -4  1  0 -1  0  0    
   -10  0  0  0 -1  0  0 -1 
-5 -5 -5 -3  0  0  3  2  3 
-2 -4 -4 -3  0  2  3 -2  2 
   -4 -2  0 -1  2  2  4  3 
      -25  0  0  0  0 -1    
         -22 -5 -12  1       

--- Sample #16 | True: -8.398077011108398 | Pred: -6.374946594238281 ---
         -9 -11 -3 -1       
       0 -5 -7  0  0 -1    
   -2 -2 -2 -1 -1  0 -1 -2 
-3  0  0 -2  1  0  0 -8  0 
 3  5  7 -6 -12  0 -4 12 -2 
    5  2 -19 -13  4  0 -1  0 
       1  1  2  0  0  0    
          1  0  0  2       

--- Sample #17 | True: -0.5709609985351562 | Pred: -2.785236358642578 ---
          4  1  1  3       
       5  2  2  2  1 -2    
    1  1  0  0  1  1  2  4 
 1  2  1  2  1  0  1  0  1 
 2  3  3  1  1  0  0 -2  2 
    0  2  0  0  1  0  1  2 
       2  1  1  1  0  0    
          3  2  5  2       

--- Sample #18 | True: -1.4996147155761719 | Pred: -2.166259765625 ---
         -2  0 -1  0       
      -3 -1  0  0  0  0    
   -2 -1  0  0  0  0  0  0 
-1 -1 -1 -2  2  0  1  1  1 
 0  0  0  0 -1  0  0 -2  0 
   -1  0  0  3  1  0  1  0 
       1 -1  0 -1  0  0    
          0  0  1  1       

--- Sample #19 | True: -2.9384613037109375 | Pred: -2.7018699645996094 ---
          0  1  0  1       
       1 -1  0  2  0  0    
   -2  0  0  0  0  0  0  0 
-1 -1 -1 -1  0 -2  0  0  0 
 1  0  0  0  0  0  1  9  0 
    1  0  0  0 -1  0 -3 -2 
       0  0  0 -1 -1 -1    
          0  1  2  0       

--- Sample #20 | True: -2.816730499267578 | Pred: -4.517621994018555 ---
          2  0  3  1       
       2  2  0  3  0  0    
   -1  1  1  1  1  0 -1  0 
-3  0  0  0  0  0  3  4  2 
 2  1  2  4  2  2  3 10  0 
    1  2  2  1  0  1  0  2 
      -1 -1 -1 -2  0  0    
          2  0 -2 -1       

--- Sample #21 | True: -3.7028846740722656 | Pred: -4.421411514282227 ---
          0 -1 -1  0       
       0 -1 -2  0 -1  3    
   -1  0 -2 -4 -2 -3 -2  0 
 0 -2 -2 -2 -3 -3 -4  1 -1 
 1  0  0  0 -2  0  2  6  1 
    3  1  2  4  3  3 -1  0 
       1  1  2  1  2  3    
          6  3  3  2       

--- Sample #22 | True: -15.283655166625977 | Pred: -4.523059844970703 ---
         -22 -22 -21 -18       
      -22  2  2  3  1  0    
   -23  0  0  0  1 -1  0 -11 
-20 -24 -1  0  0  3  0  1 -26 
-23 -26  0  1  0  1  0  8 -27 
   -27 -29 -1  1  0 -2 -8 -27 
      -28 -29 -3 -3 -23 -28    
         -26 -26 -27 -27       

--- Sample #23 | True: -3.508268356323242 | Pred: -7.3580780029296875 ---
         10  7 11  9       
       8  2  1  2  0  4    
    8  4 -1 -1 -3 -1  2  2 
12  9  3 -1 -5 -5  1 -8  5 
15 16  6  3  1  0  0 13  2 
   15  9  6  2  0 -1 -2  4 
       9  9  6  2  0  2    
         11 10  9 10       

--- Sample #24 | True: -3.8963470458984375 | Pred: -4.680789947509766 ---
          2  4  6  0       
      -7  2  1  3  0 -2    
    1  1  0  0  1  1  0  1 
 3  1  1  0  0  1  3 -2  3 
 3  0 -1  0  2  0  4  8  1 
   -4  1  0  0  0  0  0  0 
      -26 -2  0 -2 -2 -6    
          0  0  2  2       

--- Sample #25 | True: -3.479806900024414 | Pred: -5.214508056640625 ---
          0  2  3  5       
       0 -1  0  2  1  1    
    0  0 -1  0  1  0  1  2 
 0  0 -1  0  0 -1  1 -11  1 
 3  2  2  2  2  3  1 -2 -1 
    5  3  2  0  3  2  0  1 
       4  2  1  0  0  0    
         -1  2  1  3       

--- Sample #26 | True: -5.17192268371582 | Pred: -4.310113906860352 ---
          0 -1 -6 -6       
      -5  0 -1 -1 -2 -2    
   -2 -1 -1  0 -1 -1  0  0 
-5  0 -1  0  0  0  0 -9 -2 
-3  0 -3 -1  1  1  3 14  0 
   -3 -1  0  0  1  2  0  0 
       0 -1 -1  0 -2  0    
          2  1 -3 -1       

--- Sample #27 | True: -4.520961761474609 | Pred: -6.150365829467773 ---
          9  6  7  4       
       0  1  2  3  0  0    
    0  1  0  0  3  0  2  1 
 1  2  2  0 -2  0  4 -1  1 
 2  1  0  0  0  2  2  9  0 
    0 -1 -2  0  0  1  1  2 
       0 -3 -1  0  0 -1    
         -5  1  0  0       

--- Sample #28 | True: -5.6463470458984375 | Pred: -5.367946624755859 ---
         -1  0  0  0       
      -2 -1 -1  0  0 -1    
   -6  0 -1 -3  0  0  2  0 
-4 -1  0  0  0  0  2  4  1 
 0 -2 -1 -1  2  3  3  8  0 
    0 -1 -1  2  2  2  2 -4 
      -1 -4  0 -1  0 -3    
          0 -3  0  0       

--- Sample #29 | True: -4.185577392578125 | Pred: -4.734628677368164 ---
          1  1  0  1       
       1  1  0  0  0  0    
    0  1 -1  0 -1  0  0 -1 
 3  0  0  0  0 -1 -2  2 -1 
 2  2  1  0 -1  0 -2 -2  0 
   -1  0  1  0 -1 -2  0  0 
       0  0  0  1  1  1    
          0  1  0  1       

--- Sample #30 | True: -1.7040367126464844 | Pred: -4.849994659423828 ---
          1  3  5  5       
       1  1  2  3  1  1    
    3  0  2  0  0  0  1  1 
 4  3  0  3 -1 -1  0  4  2 
 2  2  1  3  2  0  0 19  3 
    2  4  6  3  4  3  1  3 
       4  3  4  4  3  2    
          4  4  4  5       

--- Sample #31 | True: -3.7688465118408203 | Pred: -3.1382522583007812 ---
         -1 -1  0  3       
      -1 -2  0 -1 -1 -5    
   -3 -3 -3 -1 -2 -3 -2 -2 
 2  1  0 -2 -1 -1 -2  2 -3 
 1 -1 -1  0 -3 -2 -4 -13 -2 
    4 -2 -2  0  0  0 -6  0 
      -1 -3 -1 -3 -1 -1    
          1  1  4  2       

--- Sample #32 | True: -1.6942291259765625 | Pred: -5.025821685791016 ---
          3  2  2  1       
       9  3  1  5  4  0    
    2  4  4  2  2  2  3  0 
 2  2  3  2  1  1  2  0  1 
-2 -4  1  3  1  1  7 -1  0 
    6  1  1  2  2  2  4  2 
       3  3  2  2  1  0    
          2  4  3  6       

--- Sample #33 | True: -2.67730712890625 | Pred: -3.0675926208496094 ---
          0  0  4  1       
       0  0  0  0 -2 -1    
   -1  0 -1 -2 -3 -2 -2  0 
 0 -1  0  0 -1 -2 -3 -3  5 
-5 -1  0  2  0  0 -2  5  0 
   -1 -11  1  1 -1 -4  0  4 
       3  1  0  1  0  0    
          2  0  1  1       

--- Sample #34 | True: -1.8076934814453125 | Pred: -4.553501129150391 ---
          0  3  3  4       
       4  0  0  0  0  2    
    5  1  0  0  0  0  3 -1 
10  2  3  2 -1  1  1  0  3 
 4  1  2  3  0  0  2 -6  2 
   -2 -1  1  2  2  0  6  5 
       2  1  1  1  0  8    
          2  5  4  3       

--- Sample #35 | True: -2.298847198486328 | Pred: -4.264884948730469 ---
          1  0  4  0       
       0  0  2  2 -2 -3    
    0  0  1 -1 -2  0  0  6 
 0  3  0  2  0  0 -1  5  3 
 3  6  4  3  3  3  0 -2  1 
    6 -8  2  0  1 -3 -1  3 
       0 -1  0  1  0  2    
          3  0  2  3       

--- Sample #36 | True: -2.8051910400390625 | Pred: -4.041006088256836 ---
         -1  0  5  3       
       2  1  0  1 -1  1    
    4  3  0 -1  0 -3 -2  0 
 2  2  1  2  1  0  0 -6 -3 
-5 -9  1  3  0  0  0 -2  2 
   -1  0  1  1  0 -2  1  4 
       1  1  0  2  1  0    
          0  2  4  2       

--- Sample #37 | True: -2.4446144104003906 | Pred: -4.525201797485352 ---
         -4  2  4  0       
       5  0  1  2  1  0    
    3  1  0  0  0  1  0  0 
 1  2  2  0 -2  0  0  6  5 
-7 -1  1  2  0  3  1  1 -1 
    0  1  0  3  3 -5  2 14 
       3  1  3  3  1  3    
          2  0  2  4       

--- Sample #38 | True: -2.165386199951172 | Pred: -3.4319591522216797 ---
         -2  0 -4  0       
      -2  0  0  0  0 -1    
    0  2  0 -3  0  1  1  0 
 1 -1  0  0  0  0  0  0  0 
 0  0  1  3  0  0 -1 -4  3 
    0  2  1  1  0  0  1  1 
       4  1  2  0  0  0    
          1  2  0  2       

--- Sample #39 | True: -1.9634590148925781 | Pred: -3.4846267700195312 ---
          0 -2  1  3       
      -2 -3 -2  0 -2  0    
    0 -1  0  0  0 -2 -1  0 
 0  3  0  0  0  0  0 -2  2 
 0  1  2  1  0  2  0  2  0 
    2  2  0  0  1  2  4  0 
       3  0  0  1  1  3    
          3  1  2  4       

--- Sample #40 | True: -5.3817291259765625 | Pred: -3.915109634399414 ---
         -5 -3  1  0       
      -6 -4 -5 -3 -1 -2    
   -5 -4 -3 -5  0 -4  0 -2 
-2 -1 -3 -3 -2 -2  0 -9  0 
-2 -2 -3 -2 -2  0 -1 -3 -2 
    0 -2 -2  0 -1  0  0  0 
      -2 -3 -1 -3 -1 -2    
         -1 -1  0  1       

--- Sample #41 | True: -3.2650012969970703 | Pred: -6.275964736938477 ---
          3  2  3  6       
       5  3  0  2 -1  6    
    8  5  4  2  0  0  2  7 
 5  3  1  1  2  0  1  4  2 
 2  3 -3  0  3  2  1  9  3 
    5  1  0  0  2  1  2  3 
       2  0  1  2  1  5    
          3  4  3  3       

--- Sample #42 | True: -4.851345062255859 | Pred: -4.681602478027344 ---
         -4 -3 -4  0       
      -1 -1  0 -3 -2 -3    
    1  0 -2 -6 -4 -2 -1 -1 
-5 -2 -1 -1 -1 -5  0  5 -1 
-1  0 -2  0 -1  0 -1 19  0 
    2  0  0  0  0  0 -1  1 
       2  1  2  1  0  0    
          1  1  0  0       

--- Sample #43 | True: -5.939229965209961 | Pred: -5.909828186035156 ---
         -2  0  1  4       
      -6 -3 -5  0  0  2    
   -3 -2 -1 -8 -3 -11 -2  2 
-1  1 -2 -3 -3  0  2  0  4 
 1  1  0 -1 -1 -1  1  6  2 
    1 -4 -3 -1  0 -1  0  2 
      -2 -1 -1 -1  0  3    
          0 -2 -3  3       

--- Sample #44 | True: -8.058269500732422 | Pred: -7.036060333251953 ---
         -7 -3 -4 -18       
      -15 -7 -7 -9 -6 -8    
   -5  0 -3 -5 -1 -2 -2  0 
 7  5  0  0 -4 -3  0 -1  0 
 1  0 -3 -1  0  0  3  0  1 
    0  0 -1 -1  0  2  0  0 
       0  0  0  0  1  1    
          1  2  2  8       

--- Sample #45 | True: -7.078075408935547 | Pred: -9.630380630493164 ---
         -9  0  6  0       
       4  4  0  2 -2  1    
    4  8  3  2  0 -4  0  0 
 3  5 -7  3  5  0 -3 -4 -3 
 3  0  1  0  0  1 -1 -4  0 
    0  1  0  1  2  3  0  3 
       4  2  0  1  3  1    
          2  3  3  4       

--- Sample #46 | True: -8.735000610351562 | Pred: -6.8779449462890625 ---
         -12 -12  0 -1       
       1 -11  1 -1 -10 -2    
    2  2  2  5  6 -10  1 -21 
 0  3  0  0  1  0  0 -6  6 
-6 -1 -2 -2  0  0  0  4  3 
   -3 -1 -1  0 -1 -1 -1  0 
      -5 -4 -1 -1 -3  1    
         -2 -1 -1 -17       

--- Sample #47 | True: -12.649038314819336 | Pred: -14.890127182006836 ---
          7  1  6  8       
       9 11  9  9  8  6    
    8 14  9  8  7  6  3  2 
10  9 12  6  4 -1  1  5 -1 
 8 11  5  2 -1  1  0  0  8 
    6  2 -6 -8 -7 -11 -12 12 
       7 -5 -8 -12 -14 -5    
          0  5 10 -8       

--- Sample #48 | True: -11.903461456298828 | Pred: -14.102535247802734 ---
          2 -4  0  0       
       0  5  2  6  6  2    
   -2  4  3  1  4  3  3  0 
-4 -2 -2  0  3  4  4  2  0 
-2  9  8  6  5  4  5  0  0 
    5  7 11 12 10 -3  0  3 
       9  3  2  2 -4  0    
          7 12  7  9       

--- Sample #49 | True: -12.394807815551758 | Pred: -13.047050476074219 ---
         -1  4  3  0       
       0  3  3  3  1 -1    
   -4  0  1  0  1  0  0 -2 
 8  6  2  0  2  1  2  3  0 
 7 13  2  6  2  3  3  0 -2 
   -1  0 -9  2  1  5  0 -3 
      10  4  1 -6 -3 -10    
         10 12 -3 -10       

--- Sample #50 | True: -11.336538314819336 | Pred: -13.853668212890625 ---
          0  3  2  5       
       2  3  2  5  1  5    
   -1 -5  1  4  5  3  2  0 
 5  3  6  4  1  0  2  2 -1 
 8  4  2 -7  0  2  3 -1  5 
   16  0  1 -4 -4 -4 -9 13 
       8 11  9  6  4  6    
         13 14 13  2       

--- Sample #51 | True: -10.591922760009766 | Pred: -12.304573059082031 ---
          2  0  1  0       
       1  4  4  3  1  4    
   -2  6  7  0  1  1  3 -2 
-2  0  3  4  3  3  3 11 -1 
-9  5  9 -7  8  2  4  9  0 
    4 10 10  7  7  5 -12  6 
      -4  3  7 11 10 -8    
          7  7 10 -10       

--- Sample #52 | True: -4.388654708862305 | Pred: -5.690814971923828 ---
          4  0  1  0       
       2  2  1  3  1  3    
    2  2  0  0  0  0 -1  1 
 0  0  0  0  0  0  2  1 -2 
 0  1  0 -3  0  0  3  6  0 
    2  0 -2  0  2  0  0  2 
      -1  0 -1  2  1  2    
          1  3  3  1       

--- Sample #53 | True: -4.575769424438477 | Pred: -4.867183685302734 ---
          3 -3  3  3       
       2  0  0  2  0  0    
    0  1  0 -3  0  1  0  2 
-7  0  0  0  0  0  0  0 -8 
-5 -3 -3 -1  0  2  3 -10  2 
   -2 -2 -2  0  1  1 -1  2 
       0 -1 -2  1  0  0    
         -1  1  1  4       

--- Sample #54 | True: -4.196538925170898 | Pred: -6.143701553344727 ---
          1  0  2  2       
       2  1  0  0 -1  0    
    3  2  1  2  0  0  0  0 
 1  2  1  1  0  1  1  0  0 
-1  0  0  0  2  2  2  5  2 
   -1 -1 -1  1  0  0  1  1 
       3  1  1  0  0 -1    
          2  1  0  0       

--- Sample #55 | True: -5.596923828125 | Pred: -5.028539657592773 ---
         -1 -5 -2 -4       
       1  0 -2 -2 -2 -2    
    2  1  0 -1 -2 -2  0 -4 
-1  1  0  1  0  0 -1 -4 -8 
-1  1  0  0  0  0  0 13  0 
   -3 -6 -4  0  0  0  0  0 
      -1 -2  0  0  1 -1    
          0 -1  0  0       

--- Sample #56 | True: -4.4263458251953125 | Pred: -6.344442367553711 ---
          5  4  6  1       
       3  2  1  2  1  4    
    2  0  0  0  2  0  1  1 
 0  0  0  1  2  1  1 -3 -1 
-1 -2 -2  1  3  2  3 -2  2 
    0 -4 -1  2  3  2  2  0 
       0  0  2  1  1  2    
          4 -1  2  2       

--- Sample #57 | True: -7.964422225952148 | Pred: -8.70553207397461 ---
          3  4  6  8       
       0  2  0  2  0  9    
    1  3  3  1  0  0  0  2 
 1  1  4  2 -2  0  0 15  1 
 3  0  2 -4  2 -1  0 -8 -2 
   -7 -1 -2 -9  9 -14  0  1 
      -2 -3  0 -3 -1 -2    
          0  1  2  0       

--- Sample #58 | True: -0.7996139526367188 | Pred: -9.317440032958984 ---
         10 14 14 20       
       3  9  9 11 12 16    
   11  4  5  4  6  4  9 16 
 1  6  7  7 -1  0  4  5  8 
12 10 11  3  8 11 13  8  4 
   18  9  7 14 11 13  5  6 
       1  6  8  7  8 13    
          2  8  6  5       

--- Sample #59 | True: -7.134807586669922 | Pred: -1.3374900817871094 ---
         -6 -8 -11 -13       
      -5  0 -4  0 -2 -11    
   -7 -1  0 -1  0  0  0 -8 
-4 -6 -1 -2  0 -2 -1  4 -3 
-15 -18 -15 -17 -1 -1 -1 -11 -4 
   -14 -4  0 -8 -17 -13 -3 -5 
      -2 -4 -13 -6  0 -5    
         -9 -14 -5 -7       

--- Sample #60 | True: -8.668268203735352 | Pred: -6.879091262817383 ---
         -8 -4 -3 -3       
      -2 -3 -4 -2 -2 -3    
   -3 -1 -1 -4  0 -3 -3 -8 
 0 -2 -5 -4  0  0  2 -1 -7 
-8  5  3  1  0  2  2 -4 -1 
    0  4  6 -7 -7  0  3 -1 
       2  0  0  1  6  0    
          2 -1  3  2       

--- Sample #61 | True: -6.02961540222168 | Pred: -9.201414108276367 ---
          3  3 11  8       
       1  1  4  8  5  4    
    3  1  0  0  1  3  4  1 
 9  4  3  3  1  0  6  4  2 
18 12  7 -14 -4  3  4 -2  4 
    9 10  6  4 -9  0  2  6 
       5  1  7  4  6  4    
          4  9  1  4       

--- Sample #62 | True: -8.172883987426758 | Pred: -7.790966033935547 ---
          4  3  3 11       
      -1  1  1  6  4  0    
   -4 -2  0  0  2  2  0  0 
-4 -4 -2 -1 -4  0 -2  2  0 
 2 -6 -7  0  1 -1  3 -4  0 
   -3 -5 -2 -1  3 -7 -1  2 
       0 -2 -3  2 -1 -1    
         -5 -7 -2 -3       

--- Sample #63 | True: -9.766347885131836 | Pred: -8.02584457397461 ---
         -2  0  4  0       
      -2  0 -1 -4  0  1    
   -1  3  1  0  0  2  3  2 
-9  3  4  0  2  0  3  4  0 
-10 -13 -10 -25  1  0  2 -2  0 
   -18 -5  1 -1  1  0  2  4 
      -1  0 -3  0  1 -3    
         -7  1  0  1       

--- Sample #64 | True: -8.252883911132812 | Pred: -9.952835083007812 ---
          5  0  0  4       
       3  2  0  0 -2  0    
   -1  3  0 -1  1 -1 -1 -9 
 2  5  3 -1 -2 -4 -2  0 -6 
10 16 12 14  4  3  0 -3 -2 
   10  5  3  7  3  0  2  0 
       4  2  2 -2  0 -2    
         -1  2  0  1       

--- Sample #65 | True: -13.955192565917969 | Pred: -7.599246978759766 ---
         -3 -10 -4  2       
      -5 -7 -10 -4  0 -1    
   -16 -11 -2 -4 -2 -2  2 -3 
-16 -11 -14 -3 -6 -5 -3  4  0 
-15 -16 -13 -10  0  0 -4 -2  0 
   -4 -14 -6  0  1 -2 -1  3 
      -10 -16 -11 -9 -3 -3    
         -1 -15 -11 -5       

--- Sample #66 | True: -7.920768737792969 | Pred: -14.725147247314453 ---
         11 10 11 10       
      12 11  7  8  3  4    
   10  9 10  8  3  3  1  4 
14 15 13 11  8  4  3  0  2 
11 15 10 -8  8  4  3 -4  4 
    7  9  6 -12  0 -11  9  6 
      11 10  8  8  7  7    
         17 19 13 13       

--- Sample #67 | True: -11.369232177734375 | Pred: -9.768320083618164 ---
          2  1  3  3       
      -3  1  1  0  4  3    
   -1 -1  0 -1  0 -2  4  3 
 0  1  0  2  2  3  4  0 -2 
-6 -3 -9 -6  9  5  4 -2  0 
    9  0 -2 10 -2 -6  2  2 
       1 -7  0 -2 -11 -6    
         -6  2 -2 -4       

--- Sample #68 | True: -5.161537170410156 | Pred: -6.755077362060547 ---
          1  2  6  6       
       0 -2  0  3  0  2    
    0  0 -3  0  0 -1  2  1 
 0  0 -1 -2 -2  0 -1 -5  2 
 3  0  2  0 -2  0  1 -3  2 
    0  1  0  0  0  0  4  0 
       0  1  1  2  1  0    
          4  5  7  7       

--- Sample #69 | True: -3.798269271850586 | Pred: -5.762660980224609 ---
          0  3  0  5       
       4  3  0  2  3  1    
    0  3  1  0  0  3  2  0 
-2  0  0  0  0  0  1  4  0 
-3  2  2  0  1  2  3  9 -8 
    1  4  4  3  1  2  1  4 
       0  0  3  3  2  2    
          1  4  2  7       

--- Sample #70 | True: -1.8165397644042969 | Pred: -4.468772888183594 ---
          5  2  3  4       
       2  3  2  2  0  3    
    2  3  1  1  0  2  1  0 
 2  2  1  1  1  0  0  0  2 
 5  4  2  4  1  1  6 -9  1 
    0  2  3  1  0  2  1  2 
       0  0  1  0  2  2    
          3  1  3  3       

--- Sample #71 | True: -7.193075180053711 | Pred: -4.502956390380859 ---
         -2 -2 -1 -2       
      -5 -4 -4 -3 -1 -3    
   -4 -1 -4 -2 -4 -3  0 -2 
-2 -3 -4 -4 -3 -7 -4  0 -1 
-1 -3 -2 -2 -3 -3 -2 -2 -2 
   -3 -2 -4 -4 -4 -3 -1 -3 
      -3 -2 -2 -1 -1 -3    
         -2  0 -1 -3       

--- Sample #72 | True: -4.023077011108398 | Pred: -7.055524826049805 ---
          1  0  2  4       
       3  2  2  1  1  4    
    2  3  2  1  0  0  2  3 
 3  0  3  1  3  2  3  3  0 
 5  1  2  3  1  0  1 -2  2 
    5  5  2  1  1  1  4  4 
       7  4  1  2  3  2    
          6  4  3  2       

--- Sample #73 | True: -2.225383758544922 | Pred: -4.853015899658203 ---
         -1  0  4  4       
       0  2  0  2  0  2    
    5  6  2  1  0  4  7  2 
 0  3  3  3  1  0  7  5  0 
 2  0  0  2  1  0  2 -3  2 
    2  1  2  1  0  2  1  0 
       0  0  1  1  2  4    
          0  0  0  1       

--- Sample #74 | True: -13.194999694824219 | Pred: -3.8928089141845703 ---
         -11 -23 -22 -21       
      -10 -2 -15 -14 -3 -22    
   -9 -1 -1 -1 -1  0  0 -5 
-25 -27 -4 -4  0  0  1  0 -20 
-24 -21 -3 -2  0  0  0  1 -29 
   -6  0  0  0  0  0  0 -27 
      -1 -1  0 -12  2 -27    
         -23 -15 -14 -24       

--- Sample #75 | True: -13.195384979248047 | Pred: -7.056499481201172 ---
         -7 -3  1 -2       
      -7 -4 -5  2 -14 -16    
   -10 -4 -1 -1 -2 -9 -14 -15 
-13 -7 -3  0  0 -1  0 -3 -7 
-5 -6  0  0 -1 -2 -4 -8 -25 
   -11 -3  0 -2  0  0 -10 -3 
      -12 -5 -15 -3 -7 -10    
         -16 -10 -6 -11       

--- Sample #76 | True: -8.52961540222168 | Pred: -9.37397575378418 ---
          1  4  3  5       
       0  0  1  0  0  0    
    0 -1 -4 -2 -1  0  0  0 
 1  1  0 -1 -1 -1 -2  0  3 
 3  3  2  1  2  1 -1 -1 -1 
    2  1  1  0 -4 -1  0  0 
      -3 -3  1 -1  0 -2    
          1  4  2  1       

--- Sample #77 | True: -5.982500076293945 | Pred: -8.652488708496094 ---
          5  1  2  0       
       1  2  5  2  1  0    
    0  3  0  1  0 -2  1  0 
 5  3  1  0  0  3  0  6  0 
 1  0  3  1  4  1  2 -2  1 
    0  1  1  3  3  5  2  3 
       4  1  2  5  5  2    
          2  8  7  3       

--- Sample #78 | True: -5.119230270385742 | Pred: -6.068098068237305 ---
          0  0  1  7       
       3  0  3  2  0 -1    
    0  1  0 -2  1  0  0  0 
 0  0  3  0  0 -3  0  2  0 
 1  1  0  0  1  1 -5 -1  0 
    9  0  1  2  0 -1 -2 -1 
       0  0  2  2  0 -1    
          7  3  0  4       

--- Sample #79 | True: -24.013269424438477 | Pred: -20.215309143066406 ---
         -6 -6 -1  0       
       0  0 -10  0 -1  2    
    3  0 -4  2 -2 -1 -15 -14 
 1 -1 -2 -5  5  5 -15  2 -10 
-4 -3  1 -12  5  0 -11 12 -7 
   -2 -1 -1  0 -15 -16  2 -2 
      -9 -4 -6 -12 -8  3    
          2  0  2  0       

--- Sample #80 | True: -4.951730728149414 | Pred: -3.871103286743164 ---
         -1  0  0  0       
      -2 -1 -1  0  0  0    
   -3  0 -2 -3 -3 -3  0  1 
 0 -4 -1  0 -2  0  0  0 -3 
-2 -1 -1  0  0  3  2 15 -21 
   -3 -1  1  2  4  3  3  2 
      -1  0  0  0  0  2    
         -1  0  0 -1       

--- Sample #81 | True: -21.813846588134766 | Pred: -22.696258544921875 ---
         -1 -2 -4  6       
      -3 -2 -1 -3  6  6    
   -1  0 -2 -3  9  6  4  2 
-2 -1  0  0 -13 -2  1  8  0 
-1 -4 -9 10  6 -5 -2  9  0 
    8 10  8  7  2  8  4  9 
       4 -2 -5 -8 -3 -3    
          0  2 -1 -2       

--- Sample #82 | True: -4.489999771118164 | Pred: -5.187534332275391 ---
          3  4  5  8       
       1 -3 -4  4 -7 -2    
    2  2 -3 -2 -3  3  0  4 
 7 -5 -1 -2  1  1  1  0  2 
 5  1  2 -4  0 -7 -1 28  4 
    3  1  1  0  3 -4  3 -22 
       0 -1  0  6 -7  1    
          4  0  6  5       

--- Sample #83 | True: -4.88422966003418 | Pred: -6.281940460205078 ---
         -7 -1 -4 -5       
      -4 -1  0  0  1  0    
   -4  1 -2 -3  1 -2  0  0 
-5 -3 -4 -1  0  0  1  3  2 
-22  1  0  1  3  3  5 29  6 
    1  4  3  4  4 -3  6  7 
       5  2  3  6  5  6    
          4  4  8  4       

--- Sample #84 | True: -12.269805908203125 | Pred: -6.724367141723633 ---
         -16 -15  2 -2       
      -13 -9 -16  1  1  7    
   -11 -21 -12 -10 -2 -1  0 -1 
-12 -16 -22 -23  3  0 -1  1  0 
-5  0 -2 -2  0 -1 -2 -14  0 
   -8 -4 -2 -4 -2 -5 -5 -1 
      -9 -18 -5 -5 -5 -3    
         -4 -8 -7 -3       

--- Sample #85 | True: -23.51346206665039 | Pred: -11.82052230834961 ---
         -2 -5 -9 -10       
      -4 -8 -9 -13 -16 -16    
   -2 -5 -8 -12 -17 -21 -20 -20 
-3 -2 -5 -8 -21 -27 -13 -14 -22 
-7  0  0  0  3  4  1 -5 -17 
   -11 -16  0 -7  0  1 -8 -23 
      -19 -9 -7 -8  1 -23    
         -12 -18 -20 -20       

--- Sample #86 | True: -7.834423065185547 | Pred: -11.63326644897461 ---
          7  6 11 10       
      13  7  7  7 -21 -18    
   17 15  1  7  1  3  4  2 
19 -1 -3 18  1  2  5 14  2 
12 13  9 -2  2 -11 -3 30  5 
    7  5  9  2  3 -6  9 -22 
      12  1 11 11 -1  3    
         -5  7 21 13       

--- Sample #87 | True: -10.039999008178711 | Pred: -8.180156707763672 ---
         -13 -15 -4 -12       
      -15 -4 -1  2  2  4    
   -8 -8 -2 -1  3  3  2  0 
-2 -6 -5 -3 11  1  6  5  7 
 1  3 -1 -1  1  2  0 40  4 
    0  1  2  3  4  4 -1  9 
       9  0  0  1  2  4    
         -6 -1  1  0       

--- Sample #88 | True: -13.164037704467773 | Pred: -10.580787658691406 ---
         -3  8  5  8       
      -3 -4  6  3  4  6    
    0 -1  2  4  0  1  4  6 
 0  0 -2 -1  5  0  0 -1  4 
 0 -7 -8 -11  0  0 -3 -13 -1 
   -4 -2 -3 -5  4  8 -8 -24 
      -9 -14 -5 -7  6 -26    
         -17 -13  0 -16       

--- Sample #89 | True: -18.760000228881836 | Pred: -12.88778305053711 ---
          2 -7  9  5       
      -4 -9 -9  1  0  5    
    0 -7 -12 -17 -3 -3 -1  0 
-1 -2 -8 -17  0 -2  2 -1  2 
-9 -14 -8 -1  0  0  0 -1  2 
   -13 -4  0  3  1  2 -4 -14 
       0 -2 -7 -20 -6 -17    
         -12 -13 -14 -13       

--- Sample #90 | True: -3.0534610748291016 | Pred: -4.389974594116211 ---
          3  0 -4 -2       
       4  3  0  0  0 -1    
    2  2  2  0  0  1  1  0 
 3  0  0  0  0  0 -1 -1  0 
 3  0  2  1  0  0  1  1  0 
    1  1  1  0  2  1  1  0 
       1  0  0  4  1  3    
          1  0  4  4       

--- Sample #91 | True: -2.058074951171875 | Pred: -4.134677886962891 ---
          3  2  5  8       
       2  0  2  1  2  3    
    0  0  0  0  0  0  1  0 
 2 -1  2  1  1  2  0  0  0 
 4  0  1  1  1  2  1 -4  1 
   -1  1  0  0  0  0  0  1 
      -2  0  0  1  1  2    
          2  2  6  2       

--- Sample #92 | True: -1.7923088073730469 | Pred: -3.892122268676758 ---
          5  1  3  4       
       1  2  0  0  2  2    
    1  0  0  0 -1 -1  1  0 
 2 -1  1  0  0 -1  1  4  1 
 3  1  1  2  1  0  1 -9  1 
    3  1  1  3  2  0  0  1 
       0  1  0  0  0  2    
          3  3  4  4       

--- Sample #93 | True: -1.7244224548339844 | Pred: -2.856761932373047 ---
         -4  2  2  0       
       1  1  0  0  0  0    
    2  1  0  0  0  0  0  0 
 2  0  2  1  1  1  1  1  0 
 3  0  0  0  1  4  2 -2  0 
   -1  0  0  0  0  0 -1  0 
       0  0  0 -1 -3  0    
          1  0  2 -1       

--- Sample #94 | True: -2.7184600830078125 | Pred: -4.126047134399414 ---
          1  4  2  2       
      -1  1  2  3  2  4    
    2  1 -3  0  0  0  3  1 
-4 -1  0 -1  1  1  1 -1  2 
-1  0  1  0  1  0  1 -6  0 
   -1  1  1  0  0  0  2  0 
       1  2 -2 -1  0  1    
          4  0 -3  1       

--- Sample #95 | True: -3.872499465942383 | Pred: -4.332977294921875 ---
         -6 -8 -1 -1       
       2 -2  1  0  0  1    
    2  2 -1 -1  0  0  0 -2 
 3  0  1  0  0  0  1  1  0 
 2  1  1  0  0  0  0 -3 -2 
    2  4  1  1 -1  0  1 -1 
       0  2  0 -2 -1  0    
          1 -5  1 -2       

--- Sample #96 | True: -3.4309616088867188 | Pred: -4.905193328857422 ---
         -1 -1 -1  0       
       1  5  1  4  2  4    
    2  2  2  2  0  0  3  1 
 1  1  2  0  1  1  1  1 -2 
 3  3  2  0  1  0  0 -3  0 
    2  2  0  0 -1 -4  4 -2 
       2  0 -2  0 -4  0    
          1 -5  0  1       

--- Sample #97 | True: -2.5875015258789062 | Pred: -3.808990478515625 ---
          0  3 -3  0       
       1  1  1 -1  1  5    
    0  1  0  0 -2  0  1  4 
 1 -1  0  0  0  2  0  1  2 
 0 -4  1  0  1  0  0 -2  3 
    0  0  1  0 -2 -1  0  7 
       0  2  0  0  1  2    
          0  0  3  1       

--- Sample #98 | True: -4.564615249633789 | Pred: -4.076499938964844 ---
          3  1  0  0       
       2  2  2  3 -2 -4    
    1  0  1  0  1  0  0 -2 
 3  0  2  1  0  0  0  0 -7 
 2  0  2  2  0 -4 -3  9  1 
   -2  0  0 -3 -3 -2 -2  0 
       0 -4 -7 -4 -2  1    
         -11 -7 -4  0       

--- Sample #99 | True: -4.249807357788086 | Pred: -4.652500152587891 ---
         -3  0  0 -5       
      -2 -1 -1  0  1 -7    
   -1  0  0 -2 -3 -4 -1  2 
-3  0  0  0 -1 -1 -1  1  4 
 5  1  0  0  0  1  1 -12  4 
    4  1  0  2  0 -1  2  5 
       0  1  1  2  3  3    
          3  4  4  5       

--- Sample #100 | True: -0.7032699584960938 | Pred: -2.205730438232422 ---
          0  3  4  6       
       0  1  2  3  1  5    
    0  1  1  0  1  0  2  0 
-2  0  3  2  0  0  0  0  0 
-4 -1  2  2  0  1  0 -3  0 
    0  0  0  0  1 -1  1  0 
       0  0  0  0  0  1    
          1  1 -2  1       

--- Sample #101 | True: -1.5384597778320312 | Pred: -1.6785545349121094 ---
          0  0 -2  0       
       0  0  0  0  0  2    
   -4 -1  0  0  0  0  1 -3 
 1 -1  0  0  1  0  0 -3  1 
-2  0  0  2  0 -1 -1 -2 -1 
   -1  2  1  0  0 -1  4  1 
       0  1  0 -3 -2  0    
          0 -2 -7 -2       

--- Sample #102 | True: -2.3334617614746094 | Pred: -2.735889434814453 ---
          0  1  1  1       
       0  0  2  2  0 -1    
    0  0  1  0  0  0  0  0 
 2  0  0  0  0  0  0  1  0 
 2  0 -1 -4  0  0 -1 -3  0 
   -2  0  0  0  0  1  0  0 
      -3  0  0 -1  0  0    
          0  1  0  5       

--- Sample #103 | True: -12.632501602172852 | Pred: -11.645355224609375 ---
         -3 -3 -3  4       
      -5 -9  5 -3  3 -5    
   -4  6  3  7  0 -5  1 -4 
-5 -5 -5  7  6  5 -21 -4 -6 
 5  1  3  1  3  0 -2  7  2 
    0  3  3  2 -1  1  0  0 
      -2  1  2  2  0 -1    
         -2 -3  1  1       

--- Sample #104 | True: -14.959999084472656 | Pred: -10.781793594360352 ---
          5 -4 -5 -4       
      -3 -11  0 -10 -13 -7    
    1 -1  1 -1 -5 -19 -15 -7 
-5 -5 -8 -5 -8  0 -17 -3  0 
 3  0 -2 -3  0  0  3 -5 -2 
   -3 -1 -2  0 -3  0  0  1 
      -3 -4 -1 -2 -2 -5    
         -4 -2 -3 -5       

--- Sample #105 | True: -16.77538299560547 | Pred: -14.711221694946289 ---
          0  0  2 13       
       0 -5 -3  2 -3  5    
    0 -4 -6  2  0 -9 -4  5 
 0 -2 -4 -8 -4 -15 -12 -5 -3 
 6  0  1  2  0  0  0  0  1 
    4  0  2  2 -1  0  0 -1 
       0 -3 -6 -5 -1 -1    
         -2 -3 -1 -2       

--- Sample #106 | True: -1.0196151733398438 | Pred: -2.8917503356933594 ---
          6  2  3  0       
       4  2  0  3  0  0    
    1  2  2  2  1 -1  2  0 
 2  1  1  0  0  0  4 -9  1 
-1  0  0  1  1  0  0 12  0 
   -1  1  2  1  1  0  2  0 
       2  0  0  1  1  1    
          5  2  3  0       

--- Sample #107 | True: -2.425384521484375 | Pred: -2.965606689453125 ---
         -4 -6 -2 -4       
       0  0 -2 -1 -1  0    
    0  0  0 -2  0  0 -1  0 
 0  0 -2  0 -1  1  0 -18  1 
-2 -1  0  0  0  0  0 15  1 
    0  1  2  0  2  0  1  1 
       0  0  0  2  1  0    
          3  1  1  2       

--- Sample #108 | True: -2.474231719970703 | Pred: -4.04542350769043 ---
          1 -1  4  0       
       0  0 -1  1  0  0    
   -2  2  0 -1  0  0  0  0 
 4  0  0 -1  0  0  1  0  2 
-1  0 -1  0  0  0  5  4  4 
    1  2  2  1  0  2  2  0 
       1  0  1  1  4  5    
          3  2  1  1       

--- Sample #109 | True: -3.1059627532958984 | Pred: -3.9480953216552734 ---
         -2  0  0 -1       
       0  0 -1  1  1  1    
    0  1  1  1  0 -1  0  0 
 0 -1  1  0  0  0  0 -2  3 
-2 -1  0  0  0  1  1  6  1 
   -2  1  1  0  0 -1  0  0 
       0  0  2 -2  0  0    
          1  2  0  0       

--- Sample #110 | True: -2.425384521484375 | Pred: -4.952169418334961 ---
          0  2  3  4       
       1  1  0  4  2  0    
    1  1  2  1  1  0  2  0 
 0  1  0  0  3  2  3 -8 -1 
 0  0  0  1  3  3  2  5  2 
    1  0  3  2  1  1  3  4 
       1  1  0 -2  0  1    
          0  2  2  2       

--- Sample #111 | True: -2.111156463623047 | Pred: -4.054431915283203 ---
          1 -2  1  0       
       1  0  0  1  1 -2    
    0  0  3  0  1  0  1  1 
 1  1  1  0  0  1  1 -1  1 
 1 -1  2  1  0  2  1 -10  4 
    0  2  2  0  0  0  2  2 
       4  1  0  0  1  1    
          5  1  1  2       

--- Sample #112 | True: -2.4096145629882812 | Pred: -3.7380218505859375 ---
         -3 -1  2  2       
       0  0  0  2  1  0    
    0  1  0  0  1  1  1  2 
 0  0 -1 -3  0  0  1 -8  1 
-3  0 -1  0  0  1  0  0  0 
   -1  1  2  0  0  0  2  2 
      -1  0  0  2  1  1    
          4  4  2  1       

--- Sample #113 | True: -3.4580764770507812 | Pred: -4.479780197143555 ---
          2  2  4  2       
       5  3  0  2  2  5    
    0  6  3  0 -1  0  2  1 
 2  3  1 -4 -1  0 -3 -2  1 
-3 -12  0 -1  0  0 -2 -3  0 
   -1  0  1  2  0 -1  0  3 
       1  0 -1  1 -4  0    
          0 -3 -1 -1       

--- Sample #114 | True: -4.063268661499023 | Pred: -5.389055252075195 ---
          0 -4  1  0       
       0  3  0  0 -2  0    
   -1  0  0 -1 -1 -2  1  0 
 2  1  1 -5 -5  2  0 -1  0 
 3  1  1  1  0  1  1 14  0 
    4  4  4  1  1  0  4  2 
       3  3  2  0  1  3    
          6  2  1  1       

--- Sample #115 | True: -6.374229431152344 | Pred: -5.188379287719727 ---
         -13 -7 -4 -11       
      -6 -3 -3 -2 -3 -5    
   -6  1 -2 -6 -3 -5 -3 -2 
-10  0 -1 -1 -4 -1 -2  1  0 
-3 -4 -1  0  2  1  0 -9  0 
    0  1  2  1  1  1  2  0 
       2  1  0  2  1  1    
          3  0  2  2       

--- Sample #116 | True: -4.059423446655273 | Pred: -6.922401428222656 ---
         12  8 14 12       
       9  9  8  8  8 10    
    6  5  1 -1  0  2  7  6 
 4  6 -6 -19  1  3  3  0  2 
 0 -13  0  0  1  0  0 -3  0 
    1  2  2  2  1  0  1  2 
       1 -2 -1  0  0  0    
          1  2  0  0       

--- Sample #117 | True: -5.476922988891602 | Pred: -7.205133438110352 ---
          0 -1  0 -2       
       4  4  1  1  2  0    
    7  9  5  2  0  0  2  1 
 5  5 10 -7  2  0  0 -17  0 
 1  0  0  2 -2  0 -3 20  2 
    1  2  3  2  1  1  2  1 
       2  3  0  4  2  1    
          1  0  0  0       

--- Sample #118 | True: -0.4042320251464844 | Pred: -3.2209014892578125 ---
          2  3  6  3       
       3  4  2  3  2  4    
    2  2  2  1  1  2  3  1 
 6  4  3  3  0  1  2  1  2 
 0  1  1  2  1  1  3 23  3 
    0  2  2  2  2  3  3  1 
       1  1  2  3  1  2    
          7  5  3  2       

--- Sample #119 | True: -1.4724998474121094 | Pred: -2.082050323486328 ---
         -4  0  0 -1       
       0  1  0  2  1  1    
   -3  1  2  0  1  0  0  2 
-5 -2  0  0  0  0  2 -19 -1 
-3 -2  0  2  0  0  1  9  3 
   -5  0  0  0  1  1  1  1 
      -1  0  4  0  1  1    
          0  2  0  1       

--- Sample #120 | True: -2.7290382385253906 | Pred: -3.5233612060546875 ---
         -2  0  0 -3       
      -1  0  0  0 -1 -1    
    0  0  0  1  0  0  0  0 
-6  0  0  0  1  1  1  1  0 
-3 -1  0  1  2  2  1 -16  1 
    0  0  3  2  0 -1  2  0 
       0  2  2  2  0  0    
          2  4  1  2       

--- Sample #121 | True: -2.2342300415039062 | Pred: -4.310688018798828 ---
          2  4  5  4       
       1  2  3  0  1  3    
    2  2  2  0  0  2  4  4 
 5  2  0  0  0  0 -4 -14  2 
 0  0  0  3  0  0 -1 25  2 
    0  0  2  1  0  0  4  0 
      -1  0  0  1  1  0    
          1  2  3  0       

--- Sample #122 | True: -1.9174995422363281 | Pred: -3.6108436584472656 ---
          2  4  2  3       
       1  1  2  2  1  0    
    0 -2  0  2  1  0  1  2 
 1  0 -1  1  2  1  3 -17  0 
-3  0  0  1  3  3  1 10  0 
   -1  0  1  3  3  1  0 -1 
       0  0  0  1  1  0    
          2  3  1  3       

--- Sample #123 | True: -2.842884063720703 | Pred: -2.7960052490234375 ---
         -1 -1 -1 -4       
       0  1  0  1  0 -1    
   -1  3  1  1  0  1  1 -1 
-2 -1  0  2  1  0 -1 -8  0 
-1 -1 -1  2  2  1  0 14  0 
   -2  0  0  2  0  0  1  1 
      -1  0  1  0  1  0    
          0  2  0  0       

--- Sample #124 | True: -2.550384521484375 | Pred: -4.446100234985352 ---
          0  3  0  5       
       3  2  3  3  0  4    
    0  1  2  2  0  1  2  1 
 2  1  1  0  0  1  1 13 -3 
 1  0  0  0  1  2  2  8 -3 
   -2  1  1  1  1  0  1  0 
       1  0  0  1  1  0    
          2  2  1  1       

--- Sample #125 | True: -4.521154403686523 | Pred: -3.871858596801758 ---
         -3  0 -2 -4       
       1 -2  0  0  1  0    
    0  0  0 -3 -1 -3 -1  0 
-1 -1 -1  0 -1  0  0 -1 -2 
 0 -1 -2 -1  0  0  2 -4 -4 
   -5  0  0  2  0 -2 -1  0 
      -1 -2  0  0 -1 -3    
          0  0 -1  1       

--- Sample #126 | True: -5.947114944458008 | Pred: -5.775127410888672 ---
          0  3  3  4       
       0 -1  0  3  1  0    
   -3  0  0  0  2  0 -1  1 
-3 -4 -2  0  1  1  1 -19  0 
-4 -5 -3 -1  1  1  0  4  1 
   -5 -3 -1  0  0 -1  0  0 
      -3 -4  0 -1 -3 -1    
         -2 -2  0 -2       

--- Sample #127 | True: -4.667501449584961 | Pred: -6.325859069824219 ---
          4  6  6  5       
       3  4  4  3  5  3    
    0  4  3  2  1  0  0  0 
 2 -2  0  1  0 -1  0 -7 -1 
 3  2  2  2  2  1  1  7  0 
    2  3  2  3  0  0  1  0 
       2  1  1  0  1  2    
          2 -1 -2 -4       

--- Sample #128 | True: -4.220769882202148 | Pred: -5.193239212036133 ---
          0  3  1  1       
       1  0  2  4  3  0    
    0  1  1  1  1  3  3  0 
-1  0  1 -1  0  1  0 -8  1 
 2  2  0  0  2  1  0  9  2 
   -1  1  0  1  0  0  1 -1 
       2  2  2  0  3 -1    
          4  1  2  1       

--- Sample #129 | True: -5.885768890380859 | Pred: -4.5803680419921875 ---
          2  3  0 -3       
       1  0  0  0  0 -2    
   -3  2 -1 -3 -1 -4 -5 -2 
-3 -2 -1 -1  0 -1  0  5 -6 
 0 -1 -3  0  1 -2 -1  5  0 
   -5  0  0  0  0 -1  0  0 
      -2  0  0 -3  1  0    
         -9  0  0  1       

--- Sample #130 | True: -1.6417312622070312 | Pred: -2.828632354736328 ---
          2  0  0  0       
       0  2 -1  1  1  0    
   -4  2  2  0  1  0  1 -3 
-5  0  1  1  3  1  0  2  0 
-3  1  2  3  3  3  0 -3  1 
    0  1  2  1  1  0  1  1 
       1  0  0  0  0  0    
          1  1  0 -1       

--- Sample #131 | True: -2.6944236755371094 | Pred: -2.525665283203125 ---
         -5 -5 -5  0       
       2  2  2  1  1 -6    
    1  5  1  0  0  0  0 -5 
-3  2  2  2  2  0  0  4 -28 
-6  2  1  1  1 -1  1  0 -8 
    1  3  2  1  1 -4  0 -3 
       3  1  1  0  0  2    
          3  1  0  2       

--- Sample #132 | True: -5.225383758544922 | Pred: -3.5547142028808594 ---
         -1 -2  1  6       
      -3 -1 -1  4  0  0    
   -5  0 -2 -3  0  0  1  3 
-6 -5 -2 -3 -3  0  0 -1  0 
-1 -4 -3 -4 -5 -3 -4  0  0 
   -6 -4 -2 -4 -3 -2  0 -2 
      -6 -6 -6 -4 -1 -5    
         -5 -6 -5 -5       

--- Sample #133 | True: -1.306732177734375 | Pred: -5.974924087524414 ---
          4  6  5 -6       
       5  6  4  7  5 -5    
    8  7  8  3  4  2 18 -2 
-20  6  3  5  4  3  3 14 -13 
-20  9  7  5  6  5  4 16  1 
    3  6  8  9  5  6  6  0 
       8  4  5  4  4  3    
         15  9  7  4       

--- Sample #134 | True: -1.151153564453125 | Pred: -1.2450599670410156 ---
          0 -3  0 -1       
       1  0  0  3  1 -6    
    0  2  0  0  0  0 -1 -9 
 0  1  2  0  2 -3  0  0  8 
 2  0  3  0  1  0 -1 -19  0 
    0  0  2  0  1  0  0 -1 
       1  0  0  0  0 -1    
         -1  1 -4 -4       

--- Sample #135 | True: -1.8867301940917969 | Pred: -2.762786865234375 ---
          1  7  2  7       
       3  1 -3 -3 -3  9    
   -4  0  0  0 -1 -2  4  2 
 0  0  0  0  0 -4  0 -23 -3 
 0  1  0  0  0 -2 -1 17  1 
    2  2  1  1 -2 -1  4  2 
       1  1 -1  0  0  4    
          5 -2  0 -2       

--- Sample #136 | True: -1.6100006103515625 | Pred: -3.807727813720703 ---
          6 10 -13  2       
       8  3  2  4  0  0    
    1  2  2  0  0  2  2 -1 
 1  1  3  2  1  0 -1  1  6 
 5  3  1  1  2  1  0 -3  2 
    0  0  0 -1  0  0  1  0 
       0  1  0  0  3  0    
          7  0  0  4       

--- Sample #137 | True: -1.6459617614746094 | Pred: -3.8466968536376953 ---
          4 -1 -20 -8       
       1  1  1  3  3  7    
   -2  0  1  1  2  2  5  5 
 6  1  0  0  1  1  2 -3  3 
 3  1  2  2  1  3  1  0  0 
    0  0  0  0  0  0  2  1 
       5  2  3  3  1  0    
          2  0  0  3       

--- Sample #138 | True: -2.451152801513672 | Pred: -4.110761642456055 ---
          4  7  3  2       
       0  2  4  1  1  5    
    0  1  1  1  1  0  1  0 
 0  0  2  1  3  1  0 -3 -2 
-2  0  1  0  1  0  0 -4 -2 
   -1  0  1  0  1 -2  0  0 
       1  0  1 -1  0 -4    
          2  0  1 -2       

--- Sample #139 | True: -1.4975013732910156 | Pred: -4.058679580688477 ---
          1  0  1  1       
       8  3  3  1  0  0    
    2  3  2  1  0  3  2  1 
 1  3  2  1  2 -1  1 -3 -2 
 0  0  2  0  2  1  0  1  2 
   -1  0  2  3  2  1  6  3 
       2  0  0  1  3  3    
          5  3  3  0       

--- Sample #140 | True: -2.0838470458984375 | Pred: -2.9909934997558594 ---
          1  0 -2 -3       
       0  0  0  0  2  0    
   -2  1  0  0  0  1 -1  0 
-12 -3 -1  2  2  2  0  1 -1 
 0  2  1  1  2  0  0 -4  5 
    2  0  1  1  0  0  1  3 
       0  1  1  0  0 -4    
         -3  2  3  0       

--- Sample #141 | True: -1.9986534118652344 | Pred: -3.7286949157714844 ---
          4  3  0 -10       
       1  0  2  0  0  2    
    1  3  0  1 -1  1  2  1 
 8  1  2  1 -1 -1 -1 -1  0 
 4  2  1  1 -2 -1 -3 -2  0 
    2  0  0  1  0 -1  0  0 
       3  0  2  3  0  0    
          3  2  2  2       

--- Sample #142 | True: -17.86307716369629 | Pred: -22.557422637939453 ---
         -3 -3 -2 -1       
       2  1 -3 16 11 15    
   -3 14 16  7 13 16 10 -7 
-3  2 17 18  3 10 13 10  1 
-2 -4 12 14  8 13  9 -3 -4 
   -3 10 16  4  0  9  0  0 
       3 15  7  7  9 10    
         -1 -1 10  6       

--- Sample #143 | True: -16.190576553344727 | Pred: -26.926990509033203 ---
         -1 -1  0  0       
      10 14 15 -3  2 -2    
    3 19 17 17 15 16 -3  3 
-2 12 17 17 13 11 17 12 -4 
 9 17 15 14 11 14 16  0  2 
    5 14 17 19 18 18 14 16 
      10 16 20 17 16 12    
         10 15 10 12       

--- Sample #144 | True: -1.50634765625 | Pred: -2.4085464477539062 ---
         -2 -1 -1 -2       
       0 -1  0  0 -1 -1    
    0  0  0  0  0 -3  0 -2 
-1  1  0  0  2 -1 -1 -5 -1 
 0  1  1  1  2  0  0 -7 -4 
    0  1  1  3  2  0  1 -1 
       0  1  2  1  0  6    
          0  2  2  3       

--- Sample #145 | True: -0.9907684326171875 | Pred: -3.1285171508789062 ---
          4  1  1  3       
       3  2  2  3  1  0    
    2  0 -1  1  0  0  0  1 
 4  1  0  1  2  0  1 -1  0 
 6  0  0  0  1  0  1  0  0 
    1  0  0  1  0  0  0  0 
       3 -1  0  1  1  1    
          0 -2  3  2       

--- Sample #146 | True: -1.2430763244628906 | Pred: -2.2807960510253906 ---
          0  0  0  0       
       4  0  1  0  0 -1    
    0  1  1  0  0  0  1 -3 
 2 -2 -1  0  0  0 -3  1 -3 
 1  0  0  1  0  0  0  1 -4 
    0  1  1  2  3  0  2 -1 
       0  0  1  0  2  2    
          0  2  2  1       

--- Sample #147 | True: -1.2728843688964844 | Pred: -2.2359275817871094 ---
          2  0  1  1       
       0  1  0  0  1 -1    
    0  0  0 -1  0  1  0  0 
 2  0  1  0  0  0  0  0 -5 
 1  1  1  0  0  0 -1  3 -2 
    2 -1  1  0  1  0  0 -3 
       0  1  2 -1  0  1    
          2  1  3  0       

--- Sample #148 | True: -1.2778854370117188 | Pred: -2.478130340576172 ---
          1  2  2  0       
      -1  1  0  0  0 -2    
    0  0  0  0  0  0  0  0 
 0  1  1  0  2  0  4  0 -1 
 0  3  2  0  0  0  0  0 -5 
    2  1  0  0  0  1  2 -1 
       1  0 -1  0  0  0    
          0  0  0  0       

--- Sample #149 | True: -1.7082672119140625 | Pred: -2.1345672607421875 ---
         -1  4 -1  0       
       2 -1  0 -1  0  0    
   -1  0 -1 -2 -1  0 -1  0 
-1  1  1  0 -1 -1  0  0  0 
 0  0  1  0  0  0  3 16 -3 
    2  0  1 -1  1  1 -2  0 
       0  0 -1 -1  0  0    
          1  2  1  1       

--- Sample #150 | True: -4.707500457763672 | Pred: -3.481172561645508 ---
         -3 -2 -4 -2       
       0 -1 -2 -2  0  3    
   -2 -3 -5 -3 -2 -2 -1 -2 
-2 -2 -3 -3 -1 -1 -1  0 -1 
 0 -2 -2  0 -1  0  0 -18 -4 
   -3 -1 -2 -1  0 -1 -3 -4 
       0 -1 -1 -2 -2 -2    
          2 -2 -1 -1       

--- Sample #151 | True: -1.2350006103515625 | Pred: -1.9388847351074219 ---
          0  4  2  1       
       0  0 -1  0 -1 -1    
    0  0  0 -1 -1 -1  0 -2 
 0  1  0  0 -1 -2  0 -2  0 
 5  0  0 -1  0 -1 -1 -3  0 
    2 -2  0 -1 -1  0  0  1 
       2  0  0 -1 -2 -1    
          0  2  1  4       

--- Sample #152 | True: -1.1238479614257812 | Pred: -3.140390396118164 ---
          0  1  1  0       
       0  0  0  2  1  5    
    0  2  0  1  1  1  0  2 
 3  2  0  0  0  1  3  1  0 
 0  2  0  1  0  0 -2 -2  2 
    2  0  2  1  0  0  0  0 
       5  0  0  1  0  0    
          0  0  0  0       

--- Sample #153 | True: -2.1576919555664062 | Pred: -2.3004837036132812 ---
         -1  3  0 -1       
      -1 -1 -2 -1 -2 -3    
    0  0 -1 -3 -2 -2 -1 -1 
 0  2 -1 -1  0 -2 -1  3 -2 
-1  0  0  0  0  0  0  0 -1 
    0  0  0  0  1  0  0  0 
       1  0  0  0  0  0    
          0  3  2  1       

--- Sample #154 | True: -2.2428855895996094 | Pred: -3.530458450317383 ---
          3  0  0  2       
       0  0  0  0 -3  1    
   -1 -1  0 -3 -1  0  4  1 
 0  1  0 -1 -1 -1  0  0  2 
 1  0  1  0  0  1 -1 -2  0 
    0  0  0  1  2  0  1  2 
       0 -1  1  2  0  1    
          1  4  2  0       

--- Sample #155 | True: -1.2363471984863281 | Pred: -3.8186397552490234 ---
          2  2  0  1       
       3  4  1  3  2  1    
    0  3  4  0  3  2  1  0 
 4  3  2  2  2  2  2  0  0 
-2  0  0  2  3  3  1 -2  0 
   -2  2  2  3  2  0  2  2 
       3  1  1  3  2  1    
         -1 -2  3  4       

--- Sample #156 | True: -1.3936538696289062 | Pred: -2.3085899353027344 ---
          2  1  1  2       
       0  1  0  0  0 -1    
    0  2  0  1 -1  0  1  0 
 0  0  0  0  1  0  0  0  2 
 4  3  1  0 -1  0  0 -2 -3 
    1  0  0  0  1  0 -2 -2 
       2 -1  0  2 -1 -3    
          1  1  2  2       

--- Sample #157 | True: -3.6236534118652344 | Pred: -2.5558395385742188 ---
          0 -3 -2 -6       
      -3  0  0 -2  0 -1    
   -7 -1  0 -1 -2  1  0  0 
-1 -4 -3 -1  0 -2  0 -1 -3 
-1 -2 -5 -3 -2  0 -1 -1  0 
   -3 -3  0 -2 -1  0  0 -2 
       0  0  0  0  0 -1    
         -4  2 -4  0       

--- Sample #158 | True: -0.9488449096679688 | Pred: -3.417926788330078 ---
          2  1  2  6       
       0  1  0  0  0  0    
    0  1  1  0  0  2  1  2 
 0  0  0  0 -1 -1  0  7  0 
 1  1  2  3  0  0  4  0  3 
    0  3  3  5  4  4  0  3 
       2  3  3  4  2  1    
          3  4  3  2       

--- Sample #159 | True: -2.3521156311035156 | Pred: -1.98388671875 ---
         -1  1  3  1       
       0 -1 -1  0  0 -1    
    0 -1 -7 -6  0  0  3  3 
 0 -3  0 -1 -2  0 -1 -5  0 
 3  3  1 -1 -1 -6 -2 27  1 
    3  0 -1 -1  0 -6  0 -28 
       0 -1  0  0 -3  0    
          2  1  3  2       

--- Sample #160 | True: -1.8123092651367188 | Pred: -3.635438919067383 ---
          1  2  0  3       
       2  3  1  3  0 -2    
    1  2  1 -2  0  0  0  0 
 1  1 -1 -1  0 -1 -1  0  2 
 1  1  2  1  2  1  0 -3  2 
    1  2  1  0  1  1  3  7 
       2  0  3  2  3  0    
          2  3  3  2       

--- Sample #161 | True: -0.41980743408203125 | Pred: -3.2642784118652344 ---
          1  3  5  2       
       5  2  0  0  0  0    
    1  4  1  0  1  0  1  1 
11  2  3  0  3  1  1  4  3 
 0  2  2  2  0  0  2  1  1 
    1  3  3  2  2  1  3  0 
       5  2  1  1  3  3    
          0  3  4  2       

--- Sample #162 | True: -1.2715377807617188 | Pred: -2.2624359130859375 ---
         -1 -3 -1 -2       
      -4 -4 -1  0  0 -2    
   -1 -1  0  2  1  0 -1  0 
 0  0  1  1  3  0 -3  6  0 
 2  2  4  1  1  1 -2 -3  1 
    0  2  0  1 -1  0  2  1 
       1  1  1  0  0  0    
          0  0  1  0       

--- Sample #163 | True: -1.6949996948242188 | Pred: -2.9250144958496094 ---
          2  2  4  3       
      -2 -3  0  2 -1 -1    
   -1 -1 -2  1  0  0  0  2 
 2 -2  0  0  0 -3 -1 -7  3 
 2  0  0  0 -1 -2 -1  0  1 
    0  1  0  1  0  0  3  0 
       1  0  2  2  1  0    
          1  0  1  0       

--- Sample #164 | True: -2.1286544799804688 | Pred: -3.6804161071777344 ---
          2  2  2  3       
       0  1  1  2  0 -2    
    3  0  0  1  0  2 -1  1 
 3  0  0  1  0 -1  0  1  0 
 0  0  0  1  0 -2  0 -4  0 
    0  0  0  0  1  0  0 -1 
       5  0  0  0  1  0    
          0 -1  4  3       

--- Sample #165 | True: -2.5811538696289062 | Pred: -3.6478729248046875 ---
          2  1  0  2       
      -3 -2 -1 -1  0 -1    
    3  0  1  1  0  0  0  0 
 5 -2  1  1  0 -1  0  6  0 
 2  1  0  1  0  0  0 -2  0 
    2  2  1  1  1  0  0  1 
      -1  0  1  1  0  1    
          0  1  0 -1       

--- Sample #166 | True: -0.6103858947753906 | Pred: -3.0027923583984375 ---
          3  1  3  5       
       3  2  0  2  0  2    
    2  4  3  1  0  0  2  0 
 3  1  2  2  1 -1  3  1  1 
-3 -1  1  3  0 -2  1 -2  2 
    0  1  1  2  0  0  1  2 
      -1  1  3  2  1  2    
          1  3  4  2       

--- Sample #167 | True: -2.266345977783203 | Pred: -1.9328346252441406 ---
          0 -1  1  0       
      -1  0  0 -1 -1  0    
   -1 -4 -4 -2  0 -2  0  1 
 0  0 -2 -1 -4  0  0  0 -1 
 3  3  0 -2 -1 -3 -1 29  0 
    0  1  0  3  1 -6  0 -28 
       2  0 -3  1 -2 -1    
          1  5  2  1       

--- Sample #168 | True: -1.1334609985351562 | Pred: -2.9254302978515625 ---
          0  1  2  2       
       2  2  2  3  0  0    
    1  2  0  2  1  1  0  0 
 2  0  0  0  0  0  1  2  4 
 0  1  0  1  0  0  2 -3  3 
    1  1  2  1  0  2  3  4 
       3  1  2  0  0  1    
          5  3  1  2       

--- Sample #169 | True: -0.7653846740722656 | Pred: -2.701629638671875 ---
         -1 -1  2  5       
      -1  0  0  0  1  0    
    2  0  0  1  2  0  0 -2 
 4  3  1  0 -1  0  2  2  0 
 2  3  0  1 -1  1  1 -2  3 
    0  0  1  3  3  1  0  5 
       0  1  1  1  1  1    
          2  4  4  0       

--- Sample #170 | True: 0.29769134521484375 | Pred: -3.133045196533203 ---
          3  4  1  4       
       3  3  2  3  0  1    
    2  3  3  0  0  1 -1  3 
 3  3  2  2  1  1  3  1  4 
 2  4  3  2  0  2  2 -2  3 
    2  2  3  2  2  1  0  0 
       3  1  0  2  0  0    
          3  4  4  3       

--- Sample #171 | True: -1.491729736328125 | Pred: -1.6541938781738281 ---
         -3  0 -1  2       
      -2  0 -1  0 -2 -1    
    0  0  0 -1 -2  0  0  0 
-3  0  0  0  0 -1  0  0 -1 
 0  0  0  0 -1 -2 -1 -2  0 
    0 -2  0 -2 -3  0  0  2 
       1 -1  0  0  0  0    
          1  0 -1  1       

--- Sample #172 | True: -1.5940399169921875 | Pred: -3.0747413635253906 ---
          2  0  0  1       
       2  0  0  1  0  0    
    3  3  0  0  0 -1  0  0 
 3  0  1  0 -2  1  0  5  1 
 1  2  1  0 -2  1  0 -3  3 
    0  0  0  0  0  1  1  2 
       0  0  2  1 -2  2    
          1  1  0  0       

--- Sample #173 | True: -0.3457679748535156 | Pred: -3.6140995025634766 ---
          3  2  3  4       
       2  2  0  2  0  3    
    4  3  2  1  0  3  2  0 
 2  0  3  1  2  1  5  4  0 
 3  1  2  3 -1  1  2 -3  1 
    1  3  3  4  2  2  2  3 
       1  2  1  2  2  2    
          2  2  3  4       

--- Sample #174 | True: -1.3198089599609375 | Pred: -3.3467960357666016 ---
          1  3  1  4       
       0  0  2  2  0  0    
    0  0  0  1  0  1  1  0 
 2  0  0  0  2  0  1  3  1 
 3  2  0  2  4  1  2 -2  3 
    0  0  2  1  0  2  1  1 
       2  2  2  3  1  2    
          1  3  4  1       

--- Sample #175 | True: -2.0050010681152344 | Pred: -4.643350601196289 ---
          1  2  4  3       
       1  0  2  1  1  2    
    2  3  1  2  1  0  2  0 
 5  2  2  2  1  1  3  3  2 
 3  1  1  1  1  2  2 -2  4 
    1  1  2  3  2  1  1  1 
       1  1  4  4  3  1    
          4  1  2  2       

--- Sample #176 | True: -9.320383071899414 | Pred: -8.438846588134766 ---
          6  0  0 -5       
      -8  0  4 -14 -15  3    
   -5 -5 -3  2  0  0  1  1 
-5 -2 -7 -4 -3 -1  0  1  1 
-4  0  0  0  0 -2  0 -3  4 
    3  5  1 -2 -5 -2  0  6 
       3  0 -2 -3  0  5    
         -1  0  2  3       

--- Sample #177 | True: -5.49077033996582 | Pred: -9.030557632446289 ---
         10  7  9  6       
       9  4 10 13  4  7    
    9  2  0  6  8  5  6  0 
 8  2  2  1  2  5  8  0  1 
 7  1  0  2  0  2  7 -3 -2 
    3  0 -1  1  2  0 -1 -1 
       0 -1 -3  3  0  4    
         -2  1  4  5       

--- Sample #178 | True: -10.94076919555664 | Pred: -6.862133026123047 ---
         -19 -19 -4  0       
      -9 -1  0 -4 -1 -1    
   -2 -1 -2 -25 -26  0 -2  0 
-11  0  0 -15 -19 -2 -3  4 -2 
-9 -4  0  2 -2 -5 -2 -2 -2 
   -3  0  2 -1 -1 -2 -12 -3 
       1  0 -2  0  0  0    
         -8 -3  0 -1       

--- Sample #179 | True: -5.9859619140625 | Pred: -11.63698959350586 ---
         13  4  6 12       
      11  8 12 10  8 13    
    7  6  7 15 15 -14  2 11 
 4  7  8 13 18  9 -1 -11  7 
 0  4  3  0  3  2  0  3  1 
    5  0 -1  0  0  0  0 12 
       5  1  2  0  1  4    
          4 10  7  8       

--- Sample #180 | True: -11.992500305175781 | Pred: -7.269975662231445 ---
         -2 -10 -6 -2       
      -8 -14 -4 -3 -12  0    
   -9 -10 -16 -9 -5 -21 -11 -1 
-10 -4 -7 -16 -5 -7  5 -11  1 
-6 -6  0 -1 -2  0  0  4 -1 
    0  0 -1  0 -1 -2  0  5 
      -3 -2  3 -1 -19 -5    
         -6 -2  0 -10       

--- Sample #181 | True: -3.2690372467041016 | Pred: -3.7813491821289062 ---
          2  3  4  2       
       0 -1 -2  2  0 -25    
    0  0  0 -2 -1  0  1  4 
 1  0  0  0  0  0  0 -1  1 
 1  1  1  2  1  1  0 -3 -1 
    0  2  1  2  1 -1  2  0 
       3  0  2  0  0  0    
          0  0 -1  0       

--- Sample #182 | True: -3.120962142944336 | Pred: -3.8994674682617188 ---
          0  4  7  5       
       1  1  0  0  0  1    
   -1  0  0  0 -2  0  1  1 
 2  2  1  0  0 -1  0  0  1 
 1  3  2  0  0 -1  1  1  0 
    2  0  0 -1  0 -2  1  0 
       0  0  0  0  0 -1    
         -3  3  1  0       

--- Sample #183 | True: -2.522693634033203 | Pred: -4.135841369628906 ---
          1  4  4  6       
       2  4  1  1  2  3    
    3  2  3  3  1  1  2  2 
 1  0  0  1  0  0  0  0 -1 
 2  1  0  0 -1  0  2 10  1 
   -2  0  0  1  0  0  0  3 
      -1 -2  0  0  0  1    
         -3  0  0  0       

--- Sample #184 | True: -2.641345977783203 | Pred: -4.240999221801758 ---
          1 -1 -1 -7       
       0  2  0  2  0  0    
    2  0  1  0  0  0 -1 -1 
 4  2  1  1  0  2  1  5  1 
 2  2  2  2  3  1  1 -1  2 
    6  3  2  3  0  0  1  0 
       1  5  2  1  1  1    
          2  2  2  0       

--- Sample #185 | True: -2.4278831481933594 | Pred: -3.5572662353515625 ---
          1  2  3  4       
       1  2  0  3  1  2    
    5  2  0  0  0  0  2  2 
-2  0  0  0  0  0  0  3  0 
-2 -3  1  0  3  0 -1 -3  0 
    0  0  0  0  0  0  0  1 
       1  1  0  1  0 -1    
          0  1  0 -1       

--- Sample #186 | True: -1.7878837585449219 | Pred: -3.1976165771484375 ---
          0  0  1  2       
       0  0  1  3  2  1    
    1  0  0  0  3  0  1  2 
-1  1  2  1  0  0  0  5  0 
 1  0  0  0  0 -1  0 -2  1 
    2 -1  0  0 -2  2  1  2 
       1  0  1  0  0  3    
          0  2  2 -1       

--- Sample #187 | True: -3.0798072814941406 | Pred: -2.5303077697753906 ---
         -3 -4  0 -5       
       0  0 -1  0 -2  0    
    1  0  0  0  0 -2  0  0 
 0 -1 -1  0  1  3  0 -2 -2 
 1  0 -1  0  0 -1 -2 -2 -2 
   -1 -1  0  0  0  0 -1 -2 
      -1  0  0  0  0 -4    
         -4  0 -3 -2       

--- Sample #188 | True: -1.8219223022460938 | Pred: -2.837749481201172 ---
         -1  0  2  2       
       0 -1 -1 -3 -2  0    
    2  3  1 -3 -1 -5  0 -1 
 0  0  1  1  1 -1  0  2  1 
 0 -1  0  0  0 -2  1 -2  1 
    0  0  0  1  0  0  3  0 
       0  0  1  1  3  0    
          2  1  1  2       

--- Sample #189 | True: -1.31634521484375 | Pred: -3.220369338989258 ---
          4  0  3  3       
       3  4  0  1  0  0    
    2  2  1  2  1 -1  0 -2 
 2  1  0  2  2  0 -1  1  0 
 0  3  0  1  0  0  0 -1  0 
    2  1  0  2  0  0 -1  0 
       0  0  0 -1  0  0    
          0  2  0  2       

--- Sample #190 | True: -2.1505775451660156 | Pred: -2.053131103515625 ---
          0  3  0  2       
       0  0  0 -1  0 -1    
   -1  0 -1  0  0  0 -1  0 
 1 -1 -1  0  0  0  2  4  0 
 0  0  0  0 -3 -1 -1  5 -4 
   -1  0  0  0  0  0 -1 -1 
       1  0 -1 -1 -1 -1    
          0  0  0  0       

--- Sample #191 | True: -1.0917320251464844 | Pred: -3.2488765716552734 ---
          3  0  3  3       
       3  3  2  0  1  2    
    0  2  1  1 -1  0  0 -1 
 4  0  2  3  1  0  1  2  1 
 1  3  3  3 -1  1  1 -2  2 
    3  2  0  0  0  0 -1  3 
       4  0  0  0  1 -1    
          1  0 -1  0       

--- Sample #192 | True: -1.0190391540527344 | Pred: -2.0817337036132812 ---
          3  4 -1  2       
       1  0  2  0  0  0    
    0  1  0  1  0 -1  0 -2 
-1  0  1  0  0 -1  2  2  2 
 0  1  0  0 -1  0  0 -1  0 
    1  0  0  0  0  2  0  0 
       2  0  1  0 -1  1    
          0  2  2  0       

--- Sample #193 | True: -1.0013465881347656 | Pred: -2.7066993713378906 ---
          2  3  2  4       
       0 -2  0  2  1  1    
    1  2 -1  0  2  0 -2 -1 
 2  2  1  2  1  0  0 -2  2 
 1  0  1  0  1  0 -1  0  2 
    0  0  0  1  0  0  0  2 
       4  0  0 -1  0  0    
          1  0  0  3       

--- Sample #194 | True: -0.8803863525390625 | Pred: -2.3757972717285156 ---
          2  2  3  0       
       2  8  2  4  1  0    
    0  1  0  1  0 -1  1  0 
 0 -1 -2  0  0  2  0  4  0 
 3  1  1  0  1  0  1 -2 -1 
    0  1  0  1  1  1  0  0 
      -1 -1  0  2 -3  0    
          0  2  1  1       

--- Sample #195 | True: -2.2028846740722656 | Pred: -2.1932754516601562 ---
         -2  1  2  3       
       0  0 -2  0  0 -1    
   -1  0  0 -1 -2 -1  0 -1 
-2  0  0 -2  0 -1 -1  0 -1 
-1  0  0  0 -1  0 -2  0  0 
    0  0  1  0  1  0  0  0 
      -2  0  0  0 -4 -3    
          0  0  1  0       

--- Sample #196 | True: -1.0444221496582031 | Pred: -3.364809036254883 ---
          1  2  3  6       
       4  2  2  2 -2  1    
    3  2  2  0  0  0  2  4 
 3  2  0  0  0 -2  0  1  1 
 2  3  1  0 -1  0  0  1  2 
    0  0  1  0  0  0  1  1 
       1  1  1  1  0  2    
          3  3  3  3       

--- Sample #197 | True: -2.0275001525878906 | Pred: -2.44586181640625 ---
         -1  2  0  2       
       1  1  0  1  0 -1    
   -1  0  0  0  0 -1  0  0 
 0  0  0  0  0  0  1  1 -5 
 0  0 -1  0  0 -1 -2 -2 -1 
   -1  1  1  1  0  1 -1  0 
      -1  0  0  0 -1 -1    
         -1 -1  0  0       

--- Sample #198 | True: -8.171346664428711 | Pred: -8.453567504882812 ---
         -2  3 -4  2       
       5  2 -2  0 -3 -1    
    1  5  1  1  0 -4 -4  0 
-1  1  6  1  0  1  0 -13 -9 
-3  0  2  0  1  1  2 -2 -16 
    3 -1  0  1  0  0  1  0 
       2  1  2 -1  0  0    
          0  5 -1  0       

--- Sample #199 | True: -8.17730712890625 | Pred: -8.338735580444336 ---
          1  6  8  7       
      -2  1  3  2  0  3    
   -10  0  0  2  0  1  2  4 
-8 -1  0  0  0  0  0 13 -2 
 0 -1  0 -1 -2  0  2  0 -10 
   -1  0  0  0 -1 -2  1  5 
       0  0  0  0 -4 -7    
         -1 -1  0 -7       

--- Sample #200 | True: -9.979806900024414 | Pred: -7.383672714233398 ---
          3  1  2  1       
       5  1 -2  1 -3  0    
   -3  2  0  0 -1  0 -4 -1 
 2  1 -1 -1 -4 -3 -1 -8 -7 
-1 -4 -4 -5 -4 -6 -1  0 -9 
   -5 -4 -2 -6 -5  0 -11 -5 
      -1 -3 -5 -3 -1 -2    
         -4 -1 -4 -2       

--- Sample #201 | True: -6.669229507446289 | Pred: -9.992284774780273 ---
          4  9  9  7       
       8  2  4  3  1  7    
    5  6  4  4  3  2  0  8 
 0  3  4  3  1  4  4 -4 -16 
 5  6  5  3  1  0  4 -2 -12 
    3  2  5  3  2  2  6  8 
       3  3  3  4  1  4    
          3  5  6 -2       

--- Sample #202 | True: -10.117307662963867 | Pred: -6.201498031616211 ---
         -7  0 -4 -3       
      -2  1  0  0 -3 -6    
   -20  1 -3  0 -1 -2  0 -2 
-10 -10 -1  0 -1  0  0  1 -16 
-4 -11 -1 -1 -2 -2  0  0 -8 
   -11 -12  0 -3 -4 -2  0  1 
      -1 -6 -3 -1 -1 -4    
         -2  0  1  0       

--- Sample #203 | True: -9.478076934814453 | Pred: -8.94375228881836 ---
          3  1  0  0       
       4  0  1  0 -1 -6    
    7  5  1  2  1  0 -4 -21 
12  7  3  3  1 -3 -4  0 -15 
12  7  3  1 -2  0 -2 -2 -8 
    4  2  2  0  0  0 -12 -18 
       1  0  2  1 -2 -5    
          2  6  3 -3       

--- Sample #204 | True: -12.599807739257812 | Pred: -10.965120315551758 ---
         -4  1  2 -2       
       0 -1  2  1  4  5    
    2  0  2  3  5  6  0 -1 
-1 -2  1  2  4 -8 -2  3 -1 
-11  0  0 -1  1  3 -8 -1 -4 
   -8 -1  0 -2 -1  3 -5 -2 
      -3 -3 -2 -2  3  4    
         -5 -4 -1 -2       

--- Sample #205 | True: -11.2984619140625 | Pred: -13.660331726074219 ---
          6 11 18 13       
       8  3  5 12 13  8    
   -1  3  3  0  7  9 11 13 
-1 -1  2  0  0  2 11 15 -1 
 0  2  1 -2  0  0 12 -1 -6 
    2  4  1 -3 -3  0 -11 -4 
       0  1  0 -2  0  6    
         -1  3  4 -3       

--- Sample #206 | True: -16.36788558959961 | Pred: -11.467615127563477 ---
         -3 -6 -7 -7       
      -3  2 -1 -4 -7  3    
    0 -6 -4  6  2  1 -8  0 
-1 -1 -3 -5 -1 -4  1 -5 -12 
-6  0  2 -3 -2 -3 -26 -5 -13 
    4  2  0 -1  0 -2 -1 -1 
       0  0 -2  0  0 -7    
          0 -4  0 -6       

--- Sample #207 | True: -15.606346130371094 | Pred: -14.651435852050781 ---
         -2 -4  0  5       
      -4  0  7  3 -3  4    
   -4 -1  0  1  4  3  2  3 
-2 -5 -8 -11 -10 -3  0 -3  0 
-11 -4 -1 -7 -7 -6 -13  1 10 
    7 -2  1 -3 -4  5  7  2 
       0 -1 -1  3  1 -1    
         -3 -6  0 -4       

--- Sample #208 | True: -13.099807739257812 | Pred: -14.803655624389648 ---
         -1 -5  2 10       
      -3  2 11  9  2 10    
   -1  6  7 11  8  6  6 -1 
-1 -1 -5 -2  6 -1  6 -2 -3 
-3  0  2  1 -2 -4 -8 -2 -2 
    7  4  7  2  0  4  0 -7 
       2  2  2  2  0 -1    
          1  1 -2 -5       

--- Sample #209 | True: -14.194807052612305 | Pred: -10.90329360961914 ---
         -5 -3  3 -10       
      -7 -8  1  4 -1 -1    
   -4 -9  0  7  3  2 -11 -1 
-3 -4 -6  0  0 -6  0 -5 -19 
 0  1  0 -3 -4 -28 -16 -1  0 
   -2  0  2  1  0  3  1 -3 
       0 -2 -2 -1 -2 -3    
         -9 -4 -1 -7       

--- Sample #210 | True: -16.342498779296875 | Pred: -12.418466567993164 ---
         -1 -3  5  5       
      -6 -14 -9 12 -10  1    
   -4 -5 -9  4  6  2 -1  3 
-2 -4 -10 -14 -8  5  1 -7  0 
-12 -5  0 -6 -20  7 -10 -1  8 
    1 -5 -4 -4 -1  1 -2  0 
      -5 -5 -5 -4 -4 -1    
         -2 -1 -1 -3       

--- Sample #211 | True: -18.435768127441406 | Pred: -12.595151901245117 ---
         -2 -5 -5 -10       
      -3 -6 -5  0 -10  2    
   -3 -4 -7  0  3  2 -8  0 
-3 -4 -5 -6 -9 -7 -2 -2 -4 
-8 -5 -4 -5 -9 -13 -17 -4 -3 
   -5 -1  1  1 -3  0 -4 -12 
      -4 -3 -4 -3 -10 -10    
         -10 -9 -10 -9       

--- Sample #212 | True: -19.314422607421875 | Pred: -19.448226928710938 ---
          2  4  1  7       
       0  0  3  6 -6  0    
    2  0 -4  0  7 10  0  3 
 1  1  0 -1 10  6  0 -1 -7 
 0  3  3 -4 -7  0 -8 -2 -8 
    4  6  1  8  6  2 -2 -5 
       6 10  5  5  0  4    
         10  7  5 -1       

--- Sample #213 | True: -22.066923141479492 | Pred: -19.554931640625 ---
         -4 -1  1  0       
      -4 -8 -3  1 -11 -6    
    0 -3 -8 -4 -3 -5 -3  0 
 0  0 -3 -1 -2 -9  3  0 -4 
 4 -1  3 -1 -4 -20 -9  1 -7 
    1  0  0  0 -4  2  3 -10 
       0 -8  0 -2 -7 -6    
         -3  0  1 -4       

--- Sample #214 | True: -19.76192283630371 | Pred: -19.683258056640625 ---
         -2 -4 -2 -2       
      -2 -5  0  3  2  0    
    0 -3 -5  4  8  5  0  0 
-1 -1 -3 -2 12  8  5  3 -7 
-2 -8  6  3 -4  0 -6  2 -6 
    3  7  4  4  8 10 11 13 
       8  9  8  9  6  3    
          5  9  8  8       

--- Sample #215 | True: -6.07269287109375 | Pred: -6.562522888183594 ---
         -2  0  1  1       
      -2 -3  3  2  0  0    
   -3 -3  0  2  1  0  0  0 
-4 -6 -2  0  0  0  1  1  2 
 0 -3 -1  0  2  0  3 14  0 
   -1  0  0  1  0  1  1  1 
       0  1  0  1  1  0    
         -1  1  0  0       

--- Sample #216 | True: -8.099424362182617 | Pred: -6.5188751220703125 ---
          1  3  3  1       
       1  0  0 -1  0  0    
    3  0 -2 -3 -3 -2  0  0 
 4  2 -3 -6 -6 -5 -4 -17 -3 
-2  1 -4 -4 -4 -3 -3 -12 -25 
    0 -2 -4 -3 -4 -4 -10 -3 
       0 -1 -3 -2  0  0    
          2  1  1  1       

--- Sample #217 | True: -6.270769119262695 | Pred: -8.576684951782227 ---
         -2  1  3  3       
       1  4  2  3  0  1    
    0  3  5  3  1  1  1  0 
 1 -3  1  5  3  0  3  5  1 
 0 -1  0  1  3  3  4 -1  5 
    0  0  3  3  3  3  2  4 
       0  1  4  3 -1  0    
          1  3  2 -1       

--- Sample #218 | True: -6.846731185913086 | Pred: -7.0610809326171875 ---
          1  1  3  4       
       0  0  0  4  0  0    
   -1  0  0  3  0  0  1  0 
 3 -2 -1  0  0 -1 -1  8 -4 
 2  1  0  0  0  0 -20  2 -2 
    0 -2 -1  0  0  0 -1  0 
       1 -1  0  0  0  0    
          2  2  0  0       

--- Sample #219 | True: -5.69288444519043 | Pred: -7.274627685546875 ---
          3  5  6  5       
       7  0  3  1  1  4    
   -3  2  0  2  0  0  0  1 
-4 -5 -2  0  1  0 -13 -18  6 
-3  0 -1  0  4  5 -12 -2  6 
   -1  1  3  4  1  5  5  3 
       3  2  1  1  3  0    
          0  3  2  1       

--- Sample #220 | True: -6.795963287353516 | Pred: -7.508855819702148 ---
         -19 -19 -18 -19       
       3  1  2  0  2  2    
    1  2  0  1  3  4  2  1 
 4  0 -1  0  2  6 12 20  4 
 0  2  3  2  5  4 -1  0  4 
    4  3  0  1  0  3  5  1 
      -1  0  1  1  1  3    
          4  5  1  1       

--- Sample #221 | True: -6.387500762939453 | Pred: -5.385509490966797 ---
          0  1  6  6       
      -4  0  2  3  2  4    
   -8 -3  0 -1  0  0  1  0 
-6 -3 -4 -1  0 -1 -2 -7 -2 
-10 -10  0  0  0 -3  0  1 -1 
    0  0  0 -1 -1  1  1  0 
       3  2  0 -1 -1 -2    
          0  0 -4  0       

--- Sample #222 | True: -5.370386123657227 | Pred: -6.353883743286133 ---
          1  3  4  3       
       2  0  2  0  1  1    
    3  2  1  1  0  1  1  1 
-2  2  0  0  1  2 -14 -2  0 
-2  1  0  0  1  1 -23 -3  0 
    3  2  3  4  3  2  1  2 
       0  1  1  3  2  1    
          3  4  4  2       

--- Sample #223 | True: -4.688846588134766 | Pred: -8.690887451171875 ---
          2  4  7  6       
       2  2  2  4  2  3    
    2  2  0  1  2  0  3  0 
 0  1  3  2  3  0  3  1  1 
 6  6  4  4  1  0  3 -2  1 
    3  6  3  4  3  4  4  2 
       5  4  3  3  4  4    
          8  6  9  7       

--- Sample #224 | True: -14.546154022216797 | Pred: -9.275508880615234 ---
         -2 -1 -2 -6       
       0  0 -2 -2 -5  0    
   -10  1  0 -5 -2 -4 -2  0 
-4 -4 -2 -1 -1 -4 -4 -4  0 
-10 -14 -18 -24 -11 -8 -1 -1  0 
   -10 -15 -17 -19 -8 -8  0 -4 
      -11 -12 -6 -7  3  0    
         -10 -9 -6  0       

--- Sample #225 | True: -7.55711555480957 | Pred: -5.659395217895508 ---
          1  6  0 -16       
      -16 -1 -3  2 -8 -4    
   -11  0 -2 -3 -1 -13 -1 -1 
-4  0 -5 -1  0 -1  0  0  1 
-2  0 -4 -2 -1  0  0 -5  0 
   -1  0  0 -1  0 -2  0  0 
      -1  0  1  0  0  0    
          4  1  3  2       

--- Sample #226 | True: -10.389230728149414 | Pred: -8.444345474243164 ---
         -10 -12 -5 -12       
      -12 -15 -2 -7 -10  4    
   -7 -17  4  4 -5 -2  2  3 
-14  1 -4  2  2 -1  0 -2  0 
-1  3  0  1  0  0 -1 -1  0 
   -1  0  0  0  1  0  2  2 
       3 -1  0  2  0  1    
          4  2  4  1       

--- Sample #227 | True: -11.120962142944336 | Pred: -9.728355407714844 ---
          0 -2 -3 -7       
      -3 -1  0  7 -2 -3    
   -5 -5  0  6  4  0  3  1 
-8  4 -11  1  0 -2 -1 -2 -1 
-1 -6 -3 -3 -1 -2 -4  2 -2 
    0  0 -2 -2 -2 -2 -2 -2 
       1  0 -1  0 -1 -3    
          1  1  3  0       

--- Sample #228 | True: -11.125961303710938 | Pred: -9.709234237670898 ---
         -1 -4 -6 -9       
       2 -7 -8  1  7  3    
    7 -6 -13  2  3  2  2  3 
10  1 -2 -1  3 -2  2 -5  1 
-1  3 -1 -3  0 -1 -2 -1 -1 
    0 -1 -1 -2 -1 -1  0 -3 
       0 -1 -1  0  0  0    
         -1  1  5  1       

--- Sample #229 | True: -10.030193328857422 | Pred: -12.53879165649414 ---
          0  8  1 -9       
       2 12 11  3 -3 11    
   -6 -5 13 10 -3  0  9  3 
-10  0  2  8  7  0  4  0  0 
 4  5  0 -1  0  1  0  0  0 
    2  3  1 -1  0  0  0 -1 
       4  3  0  0  0  0    
          3  1  3  3       

--- Sample #230 | True: -11.5140380859375 | Pred: -8.987762451171875 ---
         -5 -3 -6 -10       
      -5  0 -11 -4 -5  0    
   -3 -3 -4 -9 -1 -11  0  3 
 0 -1 -7 -1  1 -1  2  0  2 
 4  0 -4 -3  0 -1 -1 -2 -3 
   -1 -1  0 -2 -1 -4 -1  0 
       1  0 -2  1 -3  1    
          0  0  3  1       

--- Sample #231 | True: -10.818269729614258 | Pred: -10.40625 ---
         -5 -6 -6  1       
      -5 -9 -4  2  6  2    
   -3 -3 -12 -1  7  8  2 -1 
14  9  3  0  3 -4  4  2 -2 
 3  0  0  0  0 -1 -1 -2 -2 
    0  0  0  0  0 -3 -1  0 
       2  0 -1  1 -2  0    
          3  1  4  0       

--- Sample #232 | True: -18.531923294067383 | Pred: -15.986478805541992 ---
         -1  8  2 -3       
       1  4  3  6  1  1    
    2  1 -1  0 -8  0 -3 -3 
-5 -16 -11 -11 -2  7  4  7  1 
-1  0  0  0 -19  0 -20 -1  1 
    0  1  0  2 -2 -1  7 -3 
      -1 -1  3 -2 12  0    
         -6  2  3 -2       

--- Sample #233 | True: -17.06999969482422 | Pred: -18.45799446105957 ---
         10  7  8  3       
       1  4  6  1  0  6    
    4  4  2  6  6  1  4  0 
-8  7  8  7  7  6  4  5  2 
 0  2  0  2 23 14 11 -2  3 
    0  0  0  2  0 -6  0 -5 
       0 -1 -1 -4  3 -5    
         -3 -3  9 -2       

--- Sample #234 | True: -18.111923217773438 | Pred: -15.336666107177734 ---
          0  4  2  1       
       0  1 -3 -3 -6  2    
   -12  2  0 -2 -2 -2  0 -1 
-12 -6 -6  0  0  3  2  3  0 
 0  0  1 -2  0  4  0  0  0 
    0  0  1  1 -3 -1  5 -5 
       0  0  1 -1 10  0    
         -3 -2 -2  9       

--- Sample #235 | True: -18.05442237854004 | Pred: -16.21419334411621 ---
          6  4  5 10       
      -1  0  2  0  1  0    
    2  2 -3 -1 -2  0 -2  0 
-8 -3 -4 -1  2  3 -3  4  3 
 0  0  0 -2 -5  5  4 -1  5 
    0  0  0  1 -3 -1  4  0 
       0 -1  1 -2 -4 -4    
         -1  2  4  7       

--- Sample #236 | True: -18.157115936279297 | Pred: -16.083280563354492 ---
         10  7 -3  5       
       0  0  6  6 -7  2    
   -6  6 -1  2 -10  0  2  2 
-9 -16  0  4  5  7  3  4  2 
 0  0  0 -1 -6  4  4 -2  1 
    0  0  0  1 -2  0  3 -4 
      -2 -2  0 -3 -2  4    
         -5 -5 -2  3       

--- Sample #237 | True: -17.234039306640625 | Pred: -17.562644958496094 ---
         10  7  4  3       
       6  4  7  2  0  4    
   -9  8  5  1 -2 -1 -2  1 
-7 -13  8  1  1  4  3  3  4 
 0  0  0 -1  7  4 -7 -2  2 
    0  0  0  0 -2  0  6 -3 
       0  0  1  2  9  7    
         -1  1  5 10       

--- Sample #238 | True: -2.9707679748535156 | Pred: -2.8877944946289062 ---
         -4 -1  0 -1       
      -1  0 -1 -1 -1 -2    
   -4 -2 -1  0 -1 -1  1 -3 
 0  0  0  0  0 -1  0  0 -1 
 1  0  0  1  1 -1 -1 -2  1 
    0  0  0  1 -1 -2  0  0 
       0 -2  0  0  0 -2    
          0  0  1  1       

--- Sample #239 | True: -3.611154556274414 | Pred: -4.699052810668945 ---
          2  2  3  0       
       3  0 -2  0  0  0    
    1  3  0 -1 -2  0  0  0 
-2 -1  0  0 -3 -2 -3 -2  0 
 2  1  0  2  1  0  0  0  1 
    0  2  6  2  2  0  2  0 
       1  1  2  1  0  0    
          0  0  0  0       

--- Sample #240 | True: -10.370576858520508 | Pred: -11.61098861694336 ---
          3  3  2 -2       
       0  4  7  5  3  0    
    0  3  0 -3  0  0  3 -2 
 1  0 -1  1  4 -5  2  1  0 
 0 -1  1  5  4 -1  3 -2  6 
    4  4  3  3  0  3  4  4 
      -9 -15 -8 -14 -14  4    
         -6  3 -1 -1       

--- Sample #241 | True: -10.591922760009766 | Pred: -11.946020126342773 ---
         -1  0 -3  0       
       2  3  2  3  1  4    
   -2  4  3  0 -1  2  3  2 
-3 -2  3  4  3  1  4 -1  5 
 0  0  8  8  4  4  6 -3  6 
   -8 -3  5  1 -8  6 13 13 
      -11 -8 -7 -9  7  2    
         -5  3  1  0       

--- Sample #242 | True: -3.927499771118164 | Pred: -6.825675964355469 ---
         -5  0  1 -1       
       2  2  0  1  0 -2    
    1  1  1  0  0  0  2  5 
11  2  1  3  2  0  1  5  3 
 4  7  6  2  2  0  2 -2  1 
   12  3  3  1  1  0  3  4 
       4  2  3  0  2  0    
          4  9  3  2       

--- Sample #243 | True: -2.8080787658691406 | Pred: -4.548677444458008 ---
          1  4  4  0       
       3  4  0  4  2  1    
    2  1  2  1  2  0  0  0 
 4  1  1  2  1  1  0  2  0 
 2  2  1  0  0  2  3 -3  2 
    1  0 -2 -1  1  0  1  0 
      -1 -2 -1  1  0  0    
          0  1  4  1       

--- Sample #244 | True: -4.882884979248047 | Pred: -4.449674606323242 ---
         -1 -9  1 -2       
      -1 -1 -7  0  0  1    
   -3  0  0  0  0 -2  2 -1 
 0  0  0 -1  0  0 -3 -7 -1 
-1  0  0 -4 -2  0 -6 -2 -1 
    2  0  0  0 -2  0  0  0 
      -1 -2 -1  0  0 -1    
          0  2  2  0       

--- Sample #245 | True: -3.5438461303710938 | Pred: -2.5640182495117188 ---
          0  0  0  0       
       0  0 -1  0 -2  0    
   -3  0  0 -1 -1  0  0  0 
 0 -2  0 -1 -2 -4  0  1 -3 
-3 -3 -2 -1 -5 -4  0 -2 -5 
    0 -1  0 -3  0  0  0 -2 
      -1 -1 -1  0  0 -3    
         -1 -3  2 -3       

--- Sample #246 | True: -2.399616241455078 | Pred: -4.171424865722656 ---
          3  0  4 -1       
       7  2 -1  0  0  3    
    1  3  0  0  0  2  2  1 
 4  2  2  0  0  0  0  0  0 
 5  3  1  0 -2 -2  0 -2  1 
    4  2  0  0 -2  0  0  0 
       1  0  2  1  1 -1    
          2  0  1  0       

--- Sample #247 | True: -3.2088451385498047 | Pred: -3.8284835815429688 ---
          2  0  0  2       
       0  0 -1  0  0  3    
   -1  0  0 -1 -1  1  1  0 
-2  0  0 -1  0 -2  0  0 -1 
 1  0  1  0 -5 -3  1 -2 -1 
    2  0  0 -1 -1  0  0  2 
       0  0  0 -4  0 -2    
          0  0  0  0       

--- Sample #248 | True: -2.4663467407226562 | Pred: -4.383550643920898 ---
          3  4  2  1       
       9  2  0  1 -1  3    
    0  0  0  1 -1 -1  2  1 
 3  2  3  3  0 -4  0  2  3 
 3  6  2  0 -9 -3  1 -2  0 
    4  0  0  0 -1  0  2  1 
       0  0  0 -2  1  0    
          4  3  0  1       

--- Sample #249 | True: -3.0030765533447266 | Pred: -4.196632385253906 ---
          0  0  4  7       
      -1  1  0  0  0  0    
   -1  0 -1 -1  0  0  4 -2 
 0  1  2 -2 -1 -1  3 -1 -3 
 0  0  0 -1 -4  0  0  4  0 
    2  0  1 -2 -2  0  0  4 
       4  0  0  0  0  4    
          0  0  0  0       

--- Sample #250 | True: -2.8080787658691406 | Pred: -3.525146484375 ---
          1  0  1  1       
       1  0  0  0 -1  5    
    3  1  0  0  0  0  1  0 
 4  2  2  0 -1 -4 -2  0  0 
 4  0  0 -1 -13 -5  0 -4 -1 
    0  0  0 -1 -3  0  0 -2 
       0  0  1  0  0  0    
          1  0  1  4       

--- Sample #251 | True: -7.745962142944336 | Pred: -4.382055282592773 ---
         -3 -4  0  0       
      -1  0  0 -2 -2 -5    
   -7 -2 -1 -1  0  0  2  0 
-3 -7 -1 -1 -11 -11 -1  0  0 
-1 -3 -1  0 -12 -18 -23 -1 -3 
    0  0 -3 -16 -19 -1 -4  2 
       0 -2 -11 -2 -2 -7    
         -2  0 -1  0       

--- Sample #252 | True: -5.335384368896484 | Pred: -8.16421127319336 ---
          4  5  7  2       
       6  2  0  3  2  0    
    7  2  2  0  1  1  6  2 
 7  4  2  2  2  8  5  1  0 
 7  7  6  4  0 -11 10 10  2 
    5  3  2  7 -8  2 -5 -2 
       3  0 -4 -1 -1  0    
          3  3  0 -1       

--- Sample #253 | True: -6.191730499267578 | Pred: -5.838218688964844 ---
          3  4  1  0       
       0 -2 -1  0 -1  0    
    0 -2 -3 -1 -2  0  2  8 
 0  0  0 -2 -1  5 -4  2  2 
 4  0  0  3 -1  8 -21 -1 -2 
    0  2 -6 -15  8  1 -28  3 
       1  0 -2 -2  0 -1    
         -1 -2  0  0       

--- Sample #254 | True: -9.25384521484375 | Pred: -7.172481536865234 ---
          0  0  0  1       
       1  0  0 -1  1  0    
   -1  0 -1 -1 -2  0  2  3 
 6 -4  0  0 -6 -5 -2  3  0 
 2  0  2  5 -8 -20 -3 14 -5 
    3  1 -2 -19 -10  9  0 -7 
      -1  0 -16  0 -1 -5    
          1  4  4  0       

--- Sample #255 | True: -2.901153564453125 | Pred: -9.726638793945312 ---
          4  8  7  7       
      -1  0  2  5  5  5    
    1  3  2  2  0  1  6  6 
10  3  3  2  3 11  0 -1  1 
 6  2  4  7  0 30 18 10 13 
    3  8  9 -13 25 19 14 18 
       8  4 -7  6  8 21    
         14  9  2 -1       

--- Sample #256 | True: -4.741922378540039 | Pred: -3.945894241333008 ---
          0  0 -1 -4       
      -1  0 -2 -1  1  0    
   -1  0 -2 -2 -1  2  2  3 
-5 -5 -6 -3 -2 -1 -1  0 -4 
 0 -1 -1 -1 -2 -2  0 -2 -2 
    0  1  1  0  0  1  3 -1 
       0  0  0 -1 -1  0    
         -2  0 -1 -1       

--- Sample #257 | True: -5.718845367431641 | Pred: -5.252414703369141 ---
          0  2  0  1       
       0  0 -2  0 -1 -1    
    5  1 -2 -1 -1  2  0 -2 
 0 -6 -11 -2 -3  1 -2 -6  0 
 3  0  0  0 -4 -4 -2 -2 -1 
    6  1  0  0  0  0  0 -3 
       1  0  0 -1  0 -1    
          0  1  0  0       

--- Sample #258 | True: -5.533077239990234 | Pred: -5.85722541809082 ---
          0  1  2  1       
       2  0  0  1  1  3    
    0  0  0  0  0  2  3  4 
 1 -1 -1 -1 -1 -1  0  5  0 
-3 -2  0  0 -1 -4  0 -2 -2 
   -1  2  1  2 -3  0  0 -1 
       0  0  2 -2  0  0    
          0  2  0  0       

--- Sample #259 | True: -3.306537628173828 | Pred: -6.15740966796875 ---
          8  5  2  7       
       5  2  2  2  3  4    
    9  4  2  1  3  4  3  2 
 0  3  0  0 -1  3  4  7  0 
 8  4  0  1 -2  0  0 -2  3 
    2  2  2  0  1  0  0  2 
       3  0  1  0  1  1    
          3  2  3  3       

--- Sample #260 | True: -3.615385055541992 | Pred: -4.2127838134765625 ---
          2  1  0  2       
       0 -2  0  1  0  1    
    0 -1 -2 -2  0  0  0  0 
 3  0 -1 -3 -2 -1  3  1  0 
 1  0  0 -2 -2 -5 -2 18 -2 
    2  0  1  0  0 -1 -2  0 
       0  0  0  0 -1  1    
          2  1  1  2       

--- Sample #261 | True: -4.459613800048828 | Pred: -4.555873870849609 ---
         -1  0  0 -2       
       0  0 -2  0  1  3    
    0  0 -1 -3  1  1  3  2 
-2  0  1 -2 -5 -3  0 -3  0 
 9  0  3  0 -15 -10 -12 -13  6 
    0  4  2 -1 -1 -1  2  0 
       4  2  0 -1 -1  0    
          0  0  1 -2       

--- Sample #262 | True: -10.793846130371094 | Pred: -7.727575302124023 ---
          0  1  1  5       
       2  1  1  0  2  0    
    1  0  0  0  1  1  0  0 
-1  0 -1  0  3  5  0  0  0 
-9 -19 -14 -21 -22 -4 -18 17 -2 
   -2 -2 -27 -25 -13 -15 -8 -2 
      -2 -11 -10 -9 -1 -1    
         -3 -3  3  0       

--- Sample #263 | True: -10.196346282958984 | Pred: -11.332239151000977 ---
          1 -1 -1  1       
       0  0 -1  0  0 -1    
    0  3  1 -1  0  0  3  1 
 1  1  4  6  5  1  5  7  0 
-2 -6  5 -1  3  2 -3 13  4 
    8  8  5 -4  4  0  1  5 
      15  0  3  2  3  5    
          4  4  5  2       

--- Sample #264 | True: -8.134614944458008 | Pred: -11.002134323120117 ---
          3  4  3 11       
       1  0 -2  3  6  3    
    3  6  1 -2  0  0  6  7 
 3  0  5  6  7  3  4  3  7 
 3  8  3 -6 10  4  8 11  3 
   11 -2 -12 -4 -5 -2  1  4 
       4 -3  9  6  3  4    
          6  2  3  1       

--- Sample #265 | True: -12.523460388183594 | Pred: -9.580480575561523 ---
          1  0  3  0       
       6  0 -4 -1 -2  2    
   -6 -4 -4 -4 -4 -3  2 -5 
-9 -1 -3 -4 -1 -2  2  3  0 
-1 -10 -12 -4 -5 -18 -15 10 -2 
    1 -14 -6  0  1 -10 -3  2 
      -2 -4 -6  1 -1  2    
          4  0 -2  0       

--- Sample #266 | True: -6.713653564453125 | Pred: -10.833486557006836 ---
          4  3  8  6       
      -1  3  1  5  3  5    
    0  4  3  2  6  3  6  2 
 2  2  4  8  6 11  7 15  5 
 9 -1  1 22 25  2  0 -11  8 
   11 12 22 21  0  2 -3  2 
      11  6  8  5  0 -4    
          2  0  0  0       

--- Sample #267 | True: -8.262308120727539 | Pred: -7.045049667358398 ---
          1  2  0  4       
      -2  0 -1  0  0  0    
   -8 -1 -2 -7 -2  0  2  2 
-6 -3 -2 -2 -1 -1  1  3  1 
-1 -1  1 -2  0  0  2 -2 -1 
   -4 -1 -2 -2  0  1  0  0 
      -5  0  1 -2  0 -2    
          2  2  0 -3       

--- Sample #268 | True: -8.683269500732422 | Pred: -8.10622787475586 ---
          6  0  0  0       
      -1 -2 -3 -4 -2 -13    
    1  1  3  0  0  0 -1 -8 
-2  0  0  1  1  0  1  1 -2 
-5  2  5 -1  1  1 -1 -3 -3 
   -1  4  2  1  1  0  1 -3 
       2  3  1 -3  1 -16    
         -3  0  3  0       

--- Sample #269 | True: -22.674230575561523 | Pred: -9.082096099853516 ---
         -16 -16 -8 -8       
      -21 -19 -14 -12 -15 -4    
   -14 -18 -11 -21 -13 -21 -15 -3 
-17 -22 -22  0 -16 -7 -14 -21 -2 
-14 -16 -5 -18 -17 -12 -18 -2 -16 
   -18 -19 -8 -17 -19 -8 -14 -21 
      -21 -3 -14 -16 -14 -15    
         -14 -8 -14 -4       

--- Sample #270 | True: -10.79365348815918 | Pred: -20.322187423706055 ---
         14 15 14 14       
      15 15 13 16 13  6    
    9 13 11  9 12 13 11 -1 
 8 -1  8  3  8  9 14 19 11 
 3  9 10  7 10 14 17 -1 12 
    8  0 12 13 14 12 12  7 
      -1  1 -2  9 12  8    
          2 -5 10  7       

--- Sample #271 | True: -9.25326919555664 | Pred: -7.440877914428711 ---
          0 -1 -1  4       
       0  0 -2 -3 -1  0    
   -6  0  1 -1 -4 -6 -3  0 
 2  0  0 -1  0 -1 -4  0 -3 
-11 -7 -1 -1  0 -4 -1 -2 -1 
   -10  2  0  0  0 -2  0  0 
      -2 -1 -1  1  2  1    
         -5 -6  1 -3       

--- Sample #272 | True: -9.825386047363281 | Pred: -8.204591751098633 ---
          3  1 -2  2       
       3  4  4 -3  2  5    
   -11  5  3  0 -1  0  0  1 
-15 -6  5  1  0 -2 -2  4 -12 
-7 -6  3  3  1 -5  0 -2 -15 
   -9  0  2  0 -3 -1 -13 -7 
       1  3  2 -5  0 -3    
          4  0 -3 -6       

--- Sample #273 | True: -20.1453857421875 | Pred: -7.8580474853515625 ---
         -15 -9 -16 -16       
      -4 -8 -9 -9 -23 -4    
   -19 -7 -3 -1 -15 -11 -19 -20 
-16 -11 -6  0 -4 -19 -18 -9 -20 
-12 -9 -3 -9 -8 -20 -18 -2 -13 
   -17 -2  0 -4 -16 -7 -13 -9 
      -1 -8 -10 -17 -6 -12    
         -20 -21 -15 -18       

--- Sample #274 | True: -8.393075942993164 | Pred: -17.64099884033203 ---
         11 11 20 24       
      11  7  7 13 14 14    
   12  6  4  2  7  6  8 15 
 3  7  4  4  1  7  6 11  7 
 5 11  9  6 10  3 10 -2 -3 
   10  8  8  5  5  7  7  7 
      12  9 10 -2  7  3    
         15 -2  6 12       

--- Sample #275 | True: -7.981731414794922 | Pred: -8.047662734985352 ---
          0  5  8 -3       
       1  0 -1  2  4  6    
    0  1 -1  0 -1  0  0 -3 
 0  1  2 -1  1 -4  0  4  0 
 4  4  1 -1  0  0  1 -3 -2 
    2  1  0  0 -2  0 -18 -2 
       0  0  0 -2 -2  0    
         -2  3  0  4       

--- Sample #276 | True: -7.815961837768555 | Pred: -8.946136474609375 ---
          5  6 -2  3       
       5  0 -3  1  2  4    
    2  3  1 -2  0  0  0  1 
11 -6  5  1  0 -2  1  0 -1 
 5  4  6  0  0  0  0 -3 -3 
    6  2  1  1  0 -1  0  1 
       3  1  0 -1  0  1    
          7  3  4  3       

--- Sample #277 | True: -6.926731109619141 | Pred: -5.1267242431640625 ---
          0  1  3 -1       
       1  1  0  0  1  1    
   -5  0  0 -2 -4 -2  0  0 
-2 -2 -2 -3 -4 -4 -1  1  0 
-4 -4 -2 -2 -5 -4  2 -2  0 
   -2 -1 -1 -3 -1 -1 -4 -4 
      -1 -2 -3 -2 -2 -3    
         -4 -7 -6 -6       

--- Sample #278 | True: -2.3336563110351562 | Pred: -7.1667633056640625 ---
          8  9  9  6       
       4  5  5  6  6  7    
    4  3  3  1 -16  1  3  6 
 7  1  4  2  3  3  3  3  6 
 8  3  5  4  4  2  4 -2  3 
    3  3  4  3  3  3  4  4 
       4  3  6  6  4  7    
          8  9  8  8       

--- Sample #279 | True: -2.2669219970703125 | Pred: -4.264656066894531 ---
          3  5  6  3       
       1  3  1  2  1  2    
    0  0  1 -2 -1 -3  2  1 
 3 -1  0  0  1  2  3 -6  2 
 4  1  0  0  0  0  2 -3  0 
    2  1  3  1  1  0  1  1 
       2  0  2  0  0  1    
          3  0  0  0       

--- Sample #280 | True: -2.9892311096191406 | Pred: -3.7881507873535156 ---
         -1  1  0  1       
      -2  0  0  0  0  1    
   -5 -1 -1 -1  0  3  1  0 
 1 -2 -1  0  0  4  1 -5  3 
-1  1  0  1  2  1  0  0  0 
    2  0  1  0  0 -2  0  0 
       1  0  0  1  0 -1    
          0  0  0 -1       

--- Sample #281 | True: -2.8263473510742188 | Pred: -4.25602912902832 ---
          0  2  2  5       
      -1  0  0  1  2  3    
   -1  0  1  0 -2  0  1  0 
 1 -1 -1  1  1  0  0 -5  1 
 3  0  0  1  1  0  2 -4 -1 
    2  1  2  2  2  1  0 -1 
       2  2  0  0  0  2    
          2  2  2  0       

--- Sample #282 | True: -3.992116928100586 | Pred: -4.495237350463867 ---
          0  3  3  3       
       0  1  1  1 -1  1    
   -4  0  0 -3 -9 -15  0  0 
-4 -3 -1  0 -2  0  1 -1  2 
 0  0  1  1  0  0  1 -2 -1 
    1  2  1  0  1  0  2 -2 
       0  0  0  0  0  2    
          0  0  0  0       

--- Sample #283 | True: -4.64923095703125 | Pred: -5.6068115234375 ---
          5  1  2  3       
       1  0 -2  0 -2  2    
    1  2  2  0 -3  0  2  0 
 1 -10  0  0  0  1  3 -6  0 
 2  1  0  3  2  0  2  2 -2 
    2  1  0  0  0  1  0 -2 
       1  0  0  1  0  0    
          2  1  1 -1       

--- Sample #284 | True: -4.747501373291016 | Pred: -7.433034896850586 ---
          5  6  8  6       
       4  3  4  5  3  0    
    4  2  2  1  0 -2  1  1 
 1  1  0  0 16 27 20  0  0 
 1  1 -1  0  0 -2  0 -3 -1 
   -2 -1  0 -1  0  0  0  0 
       0  0  0 -1 -1 -1    
         -1 -2 -2 -1       

--- Sample #285 | True: -2.4969253540039062 | Pred: -5.166515350341797 ---
          4  4  6  2       
       4  2  1  1  2  3    
    6  1  1 -1  2  2  4  1 
 2  5  2  1 -17  3 -21  0  3 
 2  6  3  3  4  4  2 -1  0 
    5  4  4  4  2  3  3  2 
       5  5  4  4  3  3    
          5  4  2  2       

--- Sample #286 | True: -5.347499847412109 | Pred: -3.1954994201660156 ---
         -1 -1 -6 -2       
      -1  2 -3 -6  0  0    
    0  0  0 -2 -5 -2  0 -6 
-5  0  0 -2 -28  4  4 -8 -2 
-5 -2 -2 -2  1 -1  2 -3 -3 
    0  0  0  0 -1  0 -1  0 
       0 -1 -1  0  0 -2    
         -4 -9 -3 -2       

--- Sample #287 | True: -4.204614639282227 | Pred: -7.073444366455078 ---
          4  4  9  5       
      -1  0  3  4  3  5    
    0 -2  0  2 -5  1  2  2 
 5 -2  0  2  9  9  6 -18  3 
 1  0  0  2  4  1  0  0  1 
    1  0  2  0 -1  0  1  0 
       3  1  3  1  2  1    
          1  3  5  1       

--- Sample #288 | True: -4.659614562988281 | Pred: -5.5750885009765625 ---
          3  6  8  6       
       0  3  2  0  1  0    
    4  3  1  1  0  3  2  3 
-6  0  3  2 -11 -2 -1 -5  0 
 4  0  0  3  2  0  1 -3  1 
   -1  0  1  3  1  0 -1 -2 
      -2  0  0  0 -2 -1    
         -5  0  0 -4       

--- Sample #289 | True: -5.268461227416992 | Pred: -5.674467086791992 ---
          0  0  3  1       
       0  0  1  1  0  2    
    2 -1 -1 -4 -4 -1  1  1 
 2 -1 -1 -10 -13  0  0  1  1 
 3  0  2  2  2  0  0 -2  0 
    3  1  1  1  0 -1  0  0 
       2 -1  0  0  0 -1    
          1  3  3  0       

--- Sample #290 | True: -4.607885360717773 | Pred: -6.875545501708984 ---
          3  5  5  4       
       1  3  3 -1  2  3    
    4  3  3  0  1  0  2 -1 
 0  1  2  1 -9  4  3 -15  1 
 1  1  2  3  5  1  3 -2 -1 
    1  1  2  2  1  3  2  0 
       0  1  4  3  1  0    
          0  0 -1  0       

--- Sample #291 | True: -9.969808578491211 | Pred: -6.511247634887695 ---
         -1  1 -2 -4       
      -3 -3  0 -2  0  0    
    2  0  0 -1 -2  0 -4 -3 
 8  2 -1 -3 -1 -2  0 -1 -5 
-3  2 -4  0 -2 -3 -1  9 -4 
   -3 -4 -2 -1 -2 -1 -1 -2 
      -11 -4 -5 -6 -3 -6    
          0 -5 -1 -12       

--- Sample #292 | True: -8.741729736328125 | Pred: -10.703208923339844 ---
          0  9  9  6       
      -5 -1  3  5  1  1    
    0  2  0 -1  0  1  1  4 
-7  1  0  1  2  0  1 -18  1 
 0  4  3  2  1  0  0 -5  2 
    1  1  1  1  0  3  4  0 
       4  0  2  0  2 -1    
          0  6  1  0       

--- Sample #293 | True: -10.025577545166016 | Pred: -8.417387008666992 ---
          6  5  0  6       
      -3  0  2  2  1  5    
    0  2  3  1  1  2  5  0 
 3  0  0 -1  0  2  2 -10  0 
-15 -16 -19 -1  0  0  1 25  5 
   -6 -7 -9 -12 -12 -11  2  2 
      -6 -2 -6 -11  0  2    
          0 -4 -1  0       

--- Sample #294 | True: -13.531923294067383 | Pred: -10.857959747314453 ---
         -8 -2  0  2       
      -3 -2 -5 -2 -2  0    
   -12  0  0  0 -1 -5  1  0 
 4 -6 -2  0  2  1  1 -8  0 
14  0  4  5  3  5 -3 -9  6 
   -6 -5 -6 -3 -3 -11 -2  3 
      -5 -5 -11 -9 -4 -11    
         -9 -5 -5 -12       

--- Sample #295 | True: -16.789230346679688 | Pred: -13.744365692138672 ---
          4 -13 11  6       
      -10  0  5  8 -8 -8    
    4  1 -9  0 -2  5 10  7 
 9 -12  0 -1  0 -1  4  9 -6 
 2 -2 -3 -12 -7 -21 -18  6  8 
    2 -1 -11  5 15 -6  9 -14 
       6 -4 -1  7 -14 -2    
          1  0 -5 -11       

--- Sample #296 | True: -24.246538162231445 | Pred: -18.517601013183594 ---
         -9 -9 -5 -9       
      -8 -9 -7 -9  6 -3    
   -13 -6 -11 -7 -4 -1 -9 -8 
-9 -14 -17  1  5  0  1 -14 -14 
-4 -5  1  0 14  9  1 -3 -8 
   -5 -8 -2 -4 -2 -7 -15 -6 
      -8 -6 -2 -11 -15 -8    
         -9 -8 -11 -10       

--- Sample #297 | True: -18.214038848876953 | Pred: -23.144990921020508 ---
         11 11 -2  5       
      13 13  0  0 -3  6    
   14 16 12  4  4 -2  6  5 
 3 10  9 12  6  3  9 10  5 
12 12  9  0  9 10 -5  0 19 
    1  5 -3 10  0 -4  7 10 
       3  2 -1  4  7  6    
          6  6  7  1       

--- Sample #298 | True: -17.00961685180664 | Pred: -17.33197593688965 ---
         11 11  7 11       
       0  3  6 12 11 12    
    6  5  3  5  6  6 13 11 
 7  7  4  1  1  4  4 11  8 
-3  2 -4 -15 -6 -10 -1 -1 -2 
   -5  3  6 -12 -14 -8 -1  0 
       1  6 -6 -8 -12 -6    
          0 -6 -9 -8       

--- Sample #299 | True: -18.794424057006836 | Pred: -15.833309173583984 ---
          0  0  2 -2       
      -3 -1 -4 -3 -6  0    
   -5 -14 -11 -2  2 -6 -4 -5 
 4 -7  1  0  4  1  1 -9 -1 
-1 -3 -4 -1 18  9  8  0 -3 
   -2 -4 -6 -5  0 -5 -5  1 
      -3 -5 -3  0 -4 -3    
         -1  0 -2 -2       

--- Sample #300 | True: -15.80230712890625 | Pred: -19.81595230102539 ---
          8  8 11  9       
       6  7  5  9  8  4    
    3  7  9  5  7  2  3  5 
 7  7  7  4  7  8  5 -5  2 
 2  9  1 -4 11  7  8 -1  9 
    7  0  3  0 -4  0 -1 13 
       6  3  1  5  6 -1    
         13  9  0  5       

--- Sample #301 | True: -7.5251922607421875 | Pred: -6.750284194946289 ---
          6  6  5  1       
       0  2  3  2 -4 -1    
    0  0 -1  0 -3 -3 -2 -2 
-2 -4 -1  0  0  0 -3 -3 -10 
-2 -2 -3  0  0  0 -2 16  1 
   -5 -4  0  0 -1 -2 -2 -5 
       1  0  1 -10 -1  0    
         -5 -2  3  0       

--- Sample #302 | True: -6.543846130371094 | Pred: -8.311046600341797 ---
          1 -1  2  0       
       0  1  4  3  0 -6    
    4  2  1  3  3  0 -2  7 
-4  1  3  3  1  1 -3 -1  6 
-4  2  2  2  0  0  0 -16  4 
    2  2  1 -1 -2  0  0  0 
      -4  0  0  1  3  2    
          1  4  4  7       

--- Sample #303 | True: -7.8328857421875 | Pred: -7.6332855224609375 ---
         -10  1  4  1       
      -8 -4 -1  0 -1 -4    
   -11 -5 -1 -3 -5 -3 -3 -6 
 0  1 -2  0  2  1  0  2  4 
 0  0  0  0  0  0 -1  7  4 
   -4 -1  0  0  1  0  2  0 
       0  2  2  0  2  7    
          1  1 -2  0       

--- Sample #304 | True: -8.81153678894043 | Pred: -7.760471343994141 ---
          3  9  4  3       
       4  3  4  1 -1  0    
    2  3 -1  0 -12 -1  2 -7 
 0 -2  0  0 -2  2  2  0  1 
-10  0  0 -1 -1  1  1 -6  2 
   -5 -21 -2  0  1  0  0 -3 
      -3 -5 -4 -2  0  0    
         -4  0  2 -4       

--- Sample #305 | True: -8.89211654663086 | Pred: -9.01205062866211 ---
          4  0  7  9       
      -11  3  3  2 -4  3    
    1 -3 -1 -1  2  1  3 11 
 1  2  0 -1  0  1  0  0  0 
15 10  2 -5 -3 -6 -4 23  3 
    0  6  3  0  3 -26  1 -23 
       9 -4 -3  0 -8 -3    
         -6  0  0  4       

--- Sample #306 | True: -29.209999084472656 | Pred: -8.931365966796875 ---
         -20 -15 -17 -17       
      -22 -23 -24 -22 -24 -22    
   -23 -22 -7 -27 -26 -12 -25 -22 
-20 -22 -23 -25 -31 -29 -25 -18 -21 
-10 -15 -18 -25 -29 -27 -26 -13 -10 
   -8 -13  0 -25 -27  2 -24 -20 
      -11 -3 -17 -22 -25 -23    
         -15 -19 -19 -22       

--- Sample #307 | True: -8.415962219238281 | Pred: -20.774816513061523 ---
         13 11 11 13       
      19 18 17  9 10 11    
   11 20 17 15 10  8 11  6 
15 15 19 21 21 15 19 16 17 
12  6 18 16 16 16 18  9 19 
   13 12 11 15 15 13 14 12 
       7 14 15 13 14 16    
         15 11 12 13       

--- Sample #308 | True: -10.464231491088867 | Pred: -8.483020782470703 ---
          1  6  7  8       
       0  4  2  5  6  0    
   -7  0 -1 -5  0 -8 -1 -1 
-4 -3 -1  0  3  2  2 -11  0 
-15 -14 -7  0  3  0 -2 12  2 
   -5 -7 -11 -5  0 -4  0  2 
      -13 -7 -6  0 -2  0    
         -8 -12  1 -3       

--- Sample #309 | True: -11.177692413330078 | Pred: -10.630525588989258 ---
         -2  5 -3 -4       
       2 -1  2 -6 -5 -9    
    1  0  1 -13 -18 -6  0 -2 
-12 -2  1  2  1  1  0 -12  2 
 1 -7  2  4  4  3  2 -21 -1 
    2 -3  2  6  2  2  1 -4 
       3  6 -1  3  4  3    
         -4  6  5 -1       

--- Sample #310 | True: -10.431539535522461 | Pred: -10.620157241821289 ---
          0 13  8  3       
       8  6  0 -2  4  2    
    6  3  2 -8 -9 -5  7  0 
 4  5  0  0  4  6  6 -8  8 
-6 -8 -7  1  5  4  5 -3  4 
   -2 -7 -12 -8  3  3  4  6 
      -1 -5 -8 -3  5  6    
         -2 -3  4  1       

--- Sample #311 | True: -16.720577239990234 | Pred: -15.0087890625 ---
          1 -9  3 10       
      -12 -4 -4 -4  2  9    
   12 -7 -4 -16 -11 -2 10  9 
12  0 -14 -13 -2  1 -2 10  7 
-2  4  4 10  4  1  1 -2  1 
   -13  2 -1  9  6 11  5  0 
      -16 -17 -13 -13  7 -1    
         -12 -13 -2 -5       

--- Sample #312 | True: -9.995193481445312 | Pred: -7.241207122802734 ---
          3  0  5  3       
       1 -1 -1 -3 -4  1    
   -2 -1 -4 -10 -8 -8 -2 -1 
-5 -5  0  0 -5 -4 -1  3  1 
-9 -2 -3 -9 -7 -4 -2 -2  0 
   -8 -6 -5 -6 -4  0 -1  0 
      -11 -7 -2  0  0 -2    
         -6 -2  1  0       

--- Sample #313 | True: -9.749422073364258 | Pred: -10.937128067016602 ---
          0  9  9  2       
      -3  4  3  0  0 -3    
   -1  4  1  4  4  0  3  2 
 8  2  1  2  4 -9  2 -5  0 
-7 -4  6 -10  2  0  2 -3 -3 
   -3  3  2  2  3  2  2  1 
      -4  0 -3  0  1  0    
         -6  0  4  3       

--- Sample #314 | True: -8.721345901489258 | Pred: -12.355327606201172 ---
          2  4  0 -7       
      -2  1  2  0  0  1    
    1  5  0 -2  0 -1  0  3 
 2  2  4  1  0  0  1  7  6 
15 14 13 13  2  1  2 -2  3 
   18 11  5  5  1  0 -1  2 
       7  7  2  0  0 -1    
          8  2  3  2       

--- Sample #315 | True: -10.442499160766602 | Pred: -8.904756546020508 ---
         -5 -2 -3 -7       
      -4  0 -10  4 -8  2    
   -2  0 -3 -2  0  0  0 -3 
 0 -4  0  0 -2 -1 -2 -3  0 
-14  1  2  0  0 -1  0 -2  0 
   -5 -3 -1  0 -2  0 -1  1 
       1 -1  0  0 -1 -2    
         -7  1  3  2       

--- Sample #316 | True: -4.896730422973633 | Pred: -7.449119567871094 ---
          4  7  4  4       
       1  3  5  1  1  1    
    3  0  3  2  0  1 -2  3 
 2  2  1  1  1  0  0  1  1 
-1  2  1 -1  0  0  0 -1  0 
    3  1  1  3  1  0  0  1 
       4  2  3  0  1  0    
          2  6  3  2       

--- Sample #317 | True: -8.976346969604492 | Pred: -6.041664123535156 ---
         -9 -7  0 -5       
      -5 -2 -4 -5 -2 -1    
   -6 -1 -3 -3 -4 -2 -1 -4 
 1 -2 -1 -2 -4 -7 -4  7 -3 
 1  1 -1 -3 -3 -2 -1 -1  1 
   -2 -5 -4 -4 -1 -2  0 -1 
      -7 -5 -1 -3 -1 -1    
         -7  0  0 -10       

--- Sample #318 | True: -6.980192184448242 | Pred: -7.918956756591797 ---
          3  0  0 -3       
       3  1  1 -1  4  2    
    0  2  0  0 -5  0  4 -5 
 1  0  0  0  0 -4  1  2  3 
 6  1  0  2  2  1  1 -3  2 
    0  0  0  1  2  2 -1  1 
       3  0  2  1  0  0    
         -1  0  3  0       

--- Sample #319 | True: -0.5073051452636719 | Pred: -1.686920166015625 ---
          2  3  3  3       
       0  0  1  1  0  0    
    1  0  0  0  0 -1  1  0 
 0  2  0  1  2 -1  1  5  0 
 0  2  1  1  0 -1  0 -8  0 
    0  0  0  1  0  0  0  6 
       0  0  1  0 -1  0    
          1  1  1  1       

--- Sample #320 | True: -0.7248077392578125 | Pred: -1.7162017822265625 ---
          2  3  2  2       
       1  0  1  0  0  2    
    0  2  1  0  0  0  1  0 
 1  0  0  0  0  1  0 -11  0 
 0  0  1  0  0  1  0  0 -2 
   -1  1  0  0  0  0  0  0 
       0 -1 -1  2  1  0    
          0 -1  0  0       

--- Sample #321 | True: -0.8490371704101562 | Pred: -1.5924568176269531 ---
          3  0  3  3       
       3  1  1  0  0  0    
    0  1  2  1  0  0  1  1 
-1 -2  0  0  0 -1  0 -5  1 
 0  1  0 -1  0 -1  0 11 -1 
   -1  0  0  0  0  1  2  0 
      -2  0  1  1 -1  0    
         -1  0  1 -2       

--- Sample #322 | True: -2.0286521911621094 | Pred: -3.0194664001464844 ---
          3  2  0  3       
       1  2  0  0 -2  0    
    2  1  0  0 -1 -1  1  1 
 3  0  1  0  0 -1  0  0 -1 
 0  0  0  0  1  0  0 -2 -1 
   -1  0  0  1  0  1  0  0 
      -1  1  1  1  1  1    
          3  2  4  2       

--- Sample #323 | True: -0.8640365600585938 | Pred: -2.79132080078125 ---
          1  3  4  2       
       1  1  2  3  1  1    
    1  2  2  0  0 -1  2  3 
 2  0  3  1  0  0  2 -12  0 
 1  2  2  0 -1  0  1 -2 -1 
    0  2  0  0  0  1  1  0 
       0  0  0  2  1  1    
          2  0  0  1       

--- Sample #324 | True: -2.1848068237304688 | Pred: -1.7881546020507812 ---
          2  0 -2  0       
       0 -1 -1  0 -1  0    
   -1 -2  0 -2 -1 -2  0 -2 
 0  0  0  0  0  0  0  1 -1 
-3 -4  0 -1 -1 -1 -2 -2 -1 
   -3  0  0  0  0 -1  1 -1 
       1  0  0  0  0  0    
         -2  0  2  0       

--- Sample #325 | True: -2.6336517333984375 | Pred: -4.170427322387695 ---
          2  2 -2  0       
       3  0  0 -1 -1  0    
    4  1  0 -2 -1  0  1  0 
 5  2  2  1  1  0  3  4  3 
 0  0  1  2  1  2  1 14  3 
    0  0  0  0  1  1  2  3 
      -5 -2 -1  1  2  3    
          2  0  0  0       

--- Sample #326 | True: -3.213075637817383 | Pred: -4.6748809814453125 ---
          1  1  2  3       
       1  1  2  3 -1  0    
    0  1  1  0  1  1  2  2 
 1  0  0  0  1  4  0  4  0 
 0  0  0  0  0  0  1  6  0 
   -1 -1  1  2  2  0  0 -1 
       0  0  0  1  0  0    
          0 -2  0  0       

--- Sample #327 | True: -13.739614486694336 | Pred: -13.838380813598633 ---
          8  6  3  4       
       4  2  5 -7  1  4    
    7  2 -2  5  3 -3  0 -2 
 6 -1  6  3 -2  0  5 11 -4 
 7 -2  0 -13  7  0 -1  0  0 
    4 10  4 -9  3  0  6  0 
       2 -5  3 -7 -2  1    
          2 -2  0  0       

--- Sample #328 | True: -22.06307601928711 | Pred: -16.044403076171875 ---
          1  3 -3 -2       
       0  6  0 -2  2  4    
    2  4 -9 -21 -10 -14 -9 -6 
-8  7  4 -21 -6  1 -3 -11  7 
-6 -10 -13 -17 -18  0  1 -2  5 
   -9 -15 -17 -20 -17 -7 -1 -3 
      -13 -17 -16 -9 -16 -8    
         -2 -3 -1  2       

--- Sample #329 | True: -11.374807357788086 | Pred: -11.69778060913086 ---
          3  4  6  9       
       2  5 -1  2  7  9    
    3  6  5  2 -12  1  3  7 
 0  4  4  8 -21 -1 -10 -9  8 
-7 -16 -6  1  2 -14 -9 -3  6 
   -10 -26 -12 -4 -2 -2  0  6 
       0 -10 -2  4  1  3    
          2  3  4 -4       

--- Sample #330 | True: -12.297306060791016 | Pred: -14.328170776367188 ---
          1  5  6  6       
       3  2  0 10  1  2    
    3  4  1  6 11  3  0 -4 
 5  0  2  5 10 17  1 -10  1 
 8  8 -14  3 -15 -5 14  0  6 
    0 -5 -1 -4 -6 -7  0  8 
      -4 -7  2 -10 -4  2    
         -7 -5  0  2       

--- Sample #331 | True: -13.649038314819336 | Pred: -15.879570007324219 ---
          0  2  4  2       
       3  3  4  6  4 -1    
    0  1  0  2  6 -8  7  3 
 4  0  1  0 -1  3  4  2  8 
 3 -2  6 -4  6  5  4  0 11 
    7  6 -3 -1 -5 -2 11 11 
      -1  0 18 12  6  2    
          0  0  3 -2       

--- Sample #332 | True: -12.18038558959961 | Pred: -14.76409912109375 ---
          0  5  3  7       
       6  6  4  0  4  7    
    1  4  1  1 -2 -10  8  4 
 5  1  5  2  0  4  0  6  3 
 0 -2  5 -1 18  8  1  4  2 
   12  5 -1  1  1  7 -3  2 
       7  1  8  9 13  7    
          8  8  6  2       

--- Sample #333 | True: -12.342498779296875 | Pred: -6.632896423339844 ---
         -11 -12 -13 -12       
      -16 -6 -18 -19 -14 -9    
   -8 -3 -2 -5 -4 -4 -8 -13 
-4  3 -1 -1 -8 -7 -3  3 -13 
 1  3  0 -2 -8 -5 -5  6 -14 
    1 -2 -3 -3 -4 -3 -6 -5 
      -2 -3 -4 -4 -4 -4    
         -9 -10 -9 -3       

--- Sample #334 | True: -18.26288414001465 | Pred: -9.300725936889648 ---
         -10 -9 -8 -7       
      -16 -18 -15 -12 -15 -14    
   -17 -21 -24 -23 -17 -23 -19 -14 
-19 -22 -21 -23 -28 -24 -15 -6 -11 
-7 -3 -2 -4 -1 -5 -9 12  4 
    0 -2 -1  3  4 -7 -23  5 
      -2  2  3  4 -2 -8    
          6  3  3  0       

--- Sample #335 | True: -15.922883987426758 | Pred: -18.15580177307129 ---
          1  1  1  1       
       0  0  0  0 -1  0    
    0 -1 11  0  9 16 16  5 
 0 -5  6  8 19 13 18  6  4 
 2  0  4  2  2  4  2  0  8 
   -7  1  5  1  5  4 10  8 
      -2  3  1  5  5  3    
         -5  2  1  5       

--- Sample #336 | True: -16.801729202270508 | Pred: -10.017593383789062 ---
         -6 -7 -8 -7       
      -9 -16 -15 -15 -16 -13    
   -9 -17  1 -25 -20 -4 -11 -13 
-13 -16 -8 -13 -11 -7 -2 -10 -3 
-17  0  0 -1  0 -3 -1 -1  0 
   -8  0  0  0 -5  0  0 -18 
      -1  0  0 -3  0  1    
         -5 -3 -5 -3       

--- Sample #337 | True: -18.933652877807617 | Pred: -9.075153350830078 ---
         -8 -8 -7 -7       
      -11 -14 -11 -11 -13 -11    
   -9 -15 -16 -16 -18 -20 -16 -14 
-8  0 -14 -18 -21 -14 -12 -15 -17 
 4  6  0 -6 -3 -4 -3 17 -11 
    4  3  0 -2  1 -4 -23 -18 
       5  2  0  4  0 -8    
          7  3  1  1       

--- Sample #338 | True: -15.971345901489258 | Pred: -17.844383239746094 ---
          0  0  0 -1       
       7 -2  0  0  5  0    
   13 18 15 15  1 11 10  1 
 0  5 22 20 19 -7 16  7  3 
-9 -4  2 -1 -2 -1  0 -4 13 
    0  2  0 -2 -4  3  5 12 
       1  0 -3 -6  5  7    
         -8 -9 -2  3       

--- Sample #339 | True: -3.673076629638672 | Pred: -3.2499561309814453 ---
         -2 -4 -4 -6       
      -1 -4 -2 -3 -3  0    
    1 -1  1  1 -4  0  0 -1 
 2  1 -2  1  0  0  0 -5 -4 
 2  1  0  0  0  0  1  5 -2 
    0  1  0  0  0  0  0  0 
       0  0  0  0  0  1    
         -2  0 -2 -7       

--- Sample #340 | True: -12.09538459777832 | Pred: -5.038457870483398 ---
         -6 -4 -6 -8       
      -7 -6 -6 -6 -7 -8    
   -7 -5 -7 -8 -10 -8 -9 -8 
-7 -7 -7 -9 -8 -10 -8 -9 -6 
-1 -6 -6 -9 -7 -9 -7 -1 -6 
   -5 -6 -6 -6 -6 -8 -6 -5 
      -6 -9 -6 -7 -4 -6    
         -7 -5 -6 -7       

--- Sample #341 | True: -2.0973052978515625 | Pred: -3.3729209899902344 ---
         -4  0 -2  3       
       0 -1 -1  1  0 -2    
    0  0  1 -4 -2  0  0  2 
 0  1  2  2  2  0  4 -1  0 
 1  1  1  2  1  2  0 -3  0 
    3  1  1  1 -1 -3  1  0 
       0 -1  2  1  1  2    
          1  2  2  2       

--- Sample #342 | True: -2.4232711791992188 | Pred: -4.166479110717773 ---
         -1  0  2  4       
       4 -1  1  0  0  0    
   -1  0 -1  0 -1  1  0  1 
 0  1  0  1  1  0  0  0  1 
 0  3  1  3  2  1  1 -3  0 
    2  1  1  0  0 -2  1  0 
       1 -1  0  1 -1  1    
          0 -4 -1  0       

--- Sample #343 | True: -1.3867301940917969 | Pred: -3.5163707733154297 ---
          0  0  2  0       
       0  0  0  2  0  2    
    2  1  1  0  0  0  0  0 
 6  2  2  0  3  2  1  0  1 
-1  1  2  1  2  2  1 -3  1 
    1  0  2  2  0  0  0  2 
       3  2  2  3  1  0    
          0  4  1  4       

--- Sample #344 | True: -1.8373069763183594 | Pred: -2.6781005859375 ---
         -1 -1  1  1       
      -1  0  0  1  0  2    
   -3 -2  0 -1  0  0  2  0 
-1  0  0  0  0  0  1 -1  1 
 0  0  0  0  1  0  0 -2  0 
    2  0  0  0 -1 -1  0  0 
       1  0  1  0  0  3    
          0  3  0  2       

--- Sample #345 | True: -0.28365325927734375 | Pred: -2.7230224609375 ---
          5 -1  2  1       
      13  5  1  0  0  1    
    1  3  0  0  0  1  1  1 
 5  3  1  0  0  0  0  0  0 
 4  3  1  3  0  1  0 -2  1 
    1  1  1  1  0 -1  1  1 
       3  1  3  2  0  1    
          1  3  2  7       

--- Sample #346 | True: -2.0349998474121094 | Pred: -2.8994979858398438 ---
         -2  2  3  1       
       0  1  0  0 -1 -1    
    1  2  0 -1  0  0 -1 -1 
 3  0  0  0 -3 -3 -1  2  0 
-1  2  1  2  0 -1  0 -2  0 
    0  0  2  0  0  0  1  0 
       0  2  2  1  2  3    
         -2  4  5  2       

--- Sample #347 | True: -2.7896156311035156 | Pred: -2.6763534545898438 ---
          2 -1  0 -2       
      -1 -1 -1 -1  0 -3    
    0 -1  0 -2  0  0  0 -3 
 0 -1 -1  0  0 -1 -1  2 -3 
 1  0  1  1  0 -1  0 -2  0 
   -2  2  2 -1 -1  0  0  0 
       0  1  0  0  0  1    
          0  1  0 -1       

--- Sample #348 | True: -2.655963897705078 | Pred: -3.410654067993164 ---
          1  1  0  0       
       3  1  1 -1  0 -3    
    3  3  0 -1 -2  0 -4 -2 
 1  1  0 -1 -1  0  0  1 -4 
 0  0  3  2  0  0  0 -2 -1 
   -4  2  2  1  0  3  2  0 
       8  0  0  0  0  0    
          5  1 -2  0       

--- Sample #349 | True: -4.493846893310547 | Pred: -4.059070587158203 ---
          0  0  0  0       
       0 -2 -2 -2  0  1    
   -3  0  0 -1 -4  0  0 -3 
-2  0 -1  0 -4 -4 -1 -4  0 
-1 -1  1  0 -3  0  0 -2 -1 
   -3  0  1  0  0  0  0  0 
       0 -1  2  1  0  1    
         -1  3  1  0       

--- Sample #350 | True: -4.425577163696289 | Pred: -5.470256805419922 ---
          0  2  6  5       
       0  0  0  2  2  1    
   -1  0  0 -1 -1  0  2  0 
 0  1  1  1  0 -3 -1  6  1 
 0  0  0  2  0 -5  0 -1 -1 
    0  0  0  0 -2 -1  2  3 
       1  2  2  2  0  0    
          4  5  0  1       

--- Sample #351 | True: -3.7934608459472656 | Pred: -5.448575973510742 ---
          0  5  4  3       
       1  1  0 -3 -2 -2    
    2  2  1 -1  0  0  0 -1 
 1  2  2  0 -2 -1  0  0  0 
 5  2  2  2  1  0  1 -3  3 
    3  2  3  2  2  0  0  0 
       2  1  0  0  1  0    
          3  3  3  3       

--- Sample #352 | True: -5.633077621459961 | Pred: -4.8499298095703125 ---
          0  1  0 -2       
      -5 -2 -3 -1 -2  0    
   -7 -4 -2 -3 -5 -4 -2 -1 
 0 -2 -5 -2 -2 -1 -2 -13 -2 
 1  0 -3 -1 -2 -1 -1 -2  0 
    0  0  0  1 -1  0  0  1 
       0  0 -2  0  0  0    
          0  2  0  0       

--- Sample #353 | True: -5.147115707397461 | Pred: -6.718181610107422 ---
          3  2  0  1       
       2  3  0  1  0  0    
    0  0  3  1  2  1  1 -2 
-1 -1 -3  0  0  2  1 -8  1 
-5  0  1  3  2  2  2 13  7 
    2  3  3  2  1  0  0 -1 
       3  2 -1  1  0 -1    
          1  0  3  0       

--- Sample #354 | True: -8.28672981262207 | Pred: -5.51959228515625 ---
         -3 -3 -3 -2       
      -2 -3 -3 -1 -2 -4    
   -1 -3 -4 -4 -4 -5 -6 -11 
 0  0 -2 -3 -4 -4 -5  0 -4 
 2 -2 -2 -2 -5 -4 -5 -9 -3 
    0 -1 -2 -3 -1 -5 -3 -1 
      -1 -2 -3 -2 -1 -2    
          0  0  0  0       

--- Sample #355 | True: -7.374229431152344 | Pred: -7.163688659667969 ---
          3 -2 -8  2       
       2  2  4  5  1  0    
    0  1  0  0  0 -1 -14  0 
 0  0 -1  0  1  0 -6  0 -1 
 1  2  0 -1  1  0 -5  6  3 
    0  0  0  0  2  0  1 -3 
       0  0  0  2  0 -2    
          3  1  1  3       

--- Sample #356 | True: -1.9323081970214844 | Pred: -2.6272621154785156 ---
          0  0 -1  0       
       0 -1 -1  0  0  0    
    1  0  0 -2  0  0  4  1 
 3  2  0  1  1  0  0  3  0 
-1  0  2  0  0  1  0  0 -2 
    2  2  1  0  0  1  0  0 
       0  0  0  2  0 -2    
          0 -2  0  1       

--- Sample #357 | True: -3.9530773162841797 | Pred: -3.0249691009521484 ---
          0  2  1  6       
       1 -1  0  1  1 -2    
   -3  0  0  2 -1  0  0  0 
-9 -3 -2  0  1 -1  0  0 -4 
-13 -2 -1 -1  0  0 -1 -3 -3 
   -6 -2  0  0  0  0  2  0 
       0 -6 -1  0  1  0    
         -10  0 -1  0       

--- Sample #358 | True: -1.8640365600585938 | Pred: -4.783662796020508 ---
          2  3  1  9       
       6  4  3  3  3  1    
    3  5  3  1  2  3  2  0 
 7  2  2  2  0  0  1  8  1 
 6  9  5  1  0  0  0 -1  0 
    3  2  2  2  2  3  0  0 
       4  2  1  1  1  4    
          1  4 -5  1       

--- Sample #359 | True: -1.0149993896484375 | Pred: -2.1315155029296875 ---
          1  0  2 -1       
       1  1  0  1  0 -2    
    6  2  0  0  0  0 -1  0 
 0  4  1  0 -1  0  0  1  0 
 0  3  2  0  1  0  1 -1 -1 
    3  3  0  2  3  2  0  1 
      -1  0  1  2  2  0    
          0  0  0  1       

--- Sample #360 | True: -5.267499923706055 | Pred: -1.8515968322753906 ---
         -3 -4  3  1       
      -9 -3 -3  0 -21 -8    
    1 -1 -11 -4 -6  0  0  0 
-3 -7 -6 -3 -4 -4  0 -3 -1 
 5  0 -5 -3 -5 -11 -3 26  1 
   -1  0  0  0  0 -26  1 -27 
       1 -5 -4 -3 -5 -2    
          0  0  2  1       

--- Sample #361 | True: -1.8496131896972656 | Pred: -1.63739013671875 ---
         -1 -2 -3 -1       
       0  0 -2 -1 -2  3    
    0 -4  0 -1 -1  0 -1 -3 
-4  0  0  1  0 -2  0  0 -3 
-3  0  3  3  0  0  0 -2 -6 
    1  1  2  1  1  1  1 -2 
       1  0  2  1  1  0    
         -1  0  0 -1       

--- Sample #362 | True: -4.218076705932617 | Pred: -3.5266265869140625 ---
         -2  0 -3 -5       
      -1 -2 -2 -1 -3 -1    
   -6 -2 -2 -5 -3 -2 -2 -5 
 0 -1 -1 -1 -1 -5  0  1 -3 
-2  0  1 -1 -2 -1  0 -3 -1 
   -2  0  0 -2  0  3  3  1 
       5  0  0  1  2 -2    
          2 -2  1  0       

--- Sample #363 | True: -1.5990409851074219 | Pred: -5.384387969970703 ---
          8  3  8  8       
      11  2  0  4  5  5    
    8  6  1  1  3  4  5  4 
 0  3  2  2  1  3  3  7  5 
 0  0  1  1  0  1  3 -1  6 
    0  0  1  1  1  2  3  3 
       1  1  0  1  3  1    
         -2  1  2  3       

--- Sample #364 | True: -3.1540374755859375 | Pred: -3.0340614318847656 ---
         -1 -2  0  1       
      -2  0 -1 -1 -2 -3    
    0  2 -2 -2 -1  0  0  0 
-2 -3 -1  0 -3  0  0  4  0 
 0 -2  0  0  0  0  0 -3 -2 
   -1  1  0 -1  1  1  0 -1 
      -1 -2  1 -1  0  1    
         -2 -1 -1 -1       

--- Sample #365 | True: -3.7153854370117188 | Pred: -4.324785232543945 ---
          0  0  7  3       
      -3 -4 -3 -1 -3  2    
   -1  0 -6 -5 -3  2  1  4 
 1 -1 -1 -1 -2  2  3  1  0 
 8  2 -1  0 -3 -2  0 27  3 
    3  2  2  2  2 -5  3 -18 
       0 -1 -2  4 -3  1    
          0  2  4  5       

--- Sample #366 | True: -3.3355770111083984 | Pred: -4.819669723510742 ---
          1  0  1  1       
       0  2  1  0  0  1    
   -1  0  0  2  0  0  3 -1 
 1 -3 -1  0 -1 -1  1  0  1 
 2  0  0  0  0  0 -2 -2  3 
    3  1  0  0 -1  1  3  1 
       3  0  0  1  2  1    
          0  1  3  2       

--- Sample #367 | True: -4.074615478515625 | Pred: -3.905569076538086 ---
          0 -1 -3  0       
       0  0 -2 -1 -1  0    
   -1  0 -1 -1 -2 -1  0 -1 
 0  1  0 -2  0  0 -1  0 -2 
 1  0 -1  0  0  0  0 -2 -3 
   -5  0 -1  0  0  0  1  2 
       1 -2 -1  0 -2  0    
         -1  0  0 -1       

--- Sample #368 | True: -3.215768814086914 | Pred: -5.537248611450195 ---
          2  0  4  4       
       2  2 -1  2  0  2    
    1  3  1  0  0  0  1 -1 
 2  1  2  1  0  0  0 -1  1 
 2  2  1  2  0  0  0 -2  2 
    1  0  1  0  0  1  0  4 
       0  0  2  1  1  0    
          2  2  2  3       

--- Sample #369 | True: -3.683269500732422 | Pred: -4.168699264526367 ---
         -2  0  0  0       
      -1 -3  0 -2  0  0    
   -1  1  0  0 -1  0  0 -2 
-6  0  0  0  0 -1 -1 -14 -1 
 1  1  0  0  0 -1  0  0 -1 
    1  0  1  1  0  0  1  0 
       0  0  0  1  0  0    
          2  1  1  2       

--- Sample #370 | True: -4.340000152587891 | Pred: -4.227466583251953 ---
         -3  0 -1  0       
      -4 -1 -3  0 -1 -2    
    0  0 -1 -2 -2 -3  1  2 
 0  0 -2  0 -3 -2  0  1  0 
 2  0 -1  0 -1 -1  0 -2  0 
   -3  0  0  0  0  0  0 -1 
       1  0  0  2  0  0    
          0  1  2  0       

--- Sample #371 | True: -3.2426910400390625 | Pred: -5.229335784912109 ---
          0  0  3  5       
       0  2  0  0  0  0    
    3  1  0  0  0  0  3  1 
 4  1  0  0  0  0  0  0  1 
 1  1  0  2  0  0  2 -2  0 
    2  0  1  0  0  0  3  0 
       2  0  1  0  1  3    
          1  1 -1  1       

--- Sample #372 | True: -3.312885284423828 | Pred: -3.2071266174316406 ---
         -1 -1  1 -2       
      -1  0 -2  0 -3 -1    
    0  0 -2  0  0 -1  0  0 
 1  1  0 -1  0  0  0 -7  0 
 0  0  0  0 -1 -2  0 -2 -3 
    1 -1 -1  0 -1  0  0  0 
       1 -1  0  0  0  1    
          0  1  0  0       

--- Sample #373 | True: -3.903654098510742 | Pred: -4.321256637573242 ---
         -3  0  3  0       
      -1  0 -3  1 -1  1    
   -1  0  0 -1  0 -1  1  0 
 0  0  1  0 -1 -1  0  3 -1 
-1 -1  0 -2  0  0  0 -2 -3 
    0  0  0  0  0 -1  0  0 
       1  0  1  0  1  0    
          0 -1  0  0       

--- Sample #374 | True: -5.632884979248047 | Pred: -5.891902923583984 ---
          2  1  0  4       
      -2 -1  0  0 -1  7    
    1  3  1  1  0  0  0  3 
 2  0  2  1  0 -18 -22  7  5 
 0  0  1  0  0 -3  1 -8 -1 
    0  1  1  1  0 -2 -2 -2 
      -2  0  0  0 -1 -4    
          0 -1  3  3       

--- Sample #375 | True: -6.739999771118164 | Pred: -6.868574142456055 ---
          2  1  4  4       
      -1  1  2  3  3 -1    
    0 -1  1  1  0 -2  0  1 
 2  2  1  0  2 -6 -6 -2 -1 
 0 -1  0  0  1 -1 -23  4 -3 
   -1  0  0  0  1  1  0 -1 
      -6 -2 -1  0  0  2    
         -1  0  3  5       

--- Sample #376 | True: -6.124809265136719 | Pred: -9.634223937988281 ---
          6  5 10 13       
       3  2  4  5  0  6    
    5  3  3  2 -1  0  2  4 
 5  4  8  1 -4 11 -11  2  0 
 3  5 11  7  0  0  7 -6  5 
    1  2  8  6  2  0 -2  0 
       5  1  2  0 -1  1    
          5  0 -1  2       

--- Sample #377 | True: -6.69134521484375 | Pred: -7.70741081237793 ---
          0  4  4  4       
       1  0 -1  1  2  1    
    0  0  2 -3  0 -5  0  2 
 1  1  1  0  0 -1 -8 -5  3 
 5  1  0  0  1 -13  0 22  0 
   -1  1  3  0  0  2  0 -1 
       0 -2  0 -3 -1  1    
          0  0  2  0       

--- Sample #378 | True: -8.262115478515625 | Pred: -8.458810806274414 ---
          0  0  2  5       
      -3 -3  1  0  0 -1    
    0  0  0  0  1 -11 -3 -4 
-2 -1 -1  0  4 16 -10 -17 -6 
-1 -1  0  0  0  0  3 -15  1 
   -2 -1  0  0  0  0 -1  0 
      -5 -1 -1 -4 -1 -3    
         -10 -3  0 -2       

--- Sample #379 | True: -6.64000129699707 | Pred: -8.49390983581543 ---
          5  3  6  6       
       3  0  1 -1 -2  2    
    1  2  1  1  2  1  0  6 
 2  1  0  1  0 -17 -6 13  7 
 4  3  0  0  2 -7  5 20 -2 
    1  1  0  1 -2  0  1  3 
       2 -3  0 -2 -2  3    
          0  0  0  3       

--- Sample #380 | True: -8.401729583740234 | Pred: -8.794559478759766 ---
         -1  0  1  0       
       1  1  2  2 -3  0    
   -5  0  0  0 -2 -1  3  0 
 2  3  0  0  0 -2 -10 -18 -3 
 6  1  2 -1 -2 -3 -2 -8 -8 
    0  0  1  0  0  0 -2 -1 
      -7 -5  0  0 -1 -4    
         -6  6  0  1       

--- Sample #381 | True: -3.887308120727539 | Pred: -3.0407371520996094 ---
          4  0  0 -4       
      -6  1  1  0  0 -1    
    0  4  4  0 -1  0  0 -7 
 3  3  3  3 -2 -2 -1  0 -5 
-6  0  1  0 -1  0 -1 -2 -1 
    0  0 -1  1 -2  0  1 -5 
      -1 -1  0 -1 -1 -2    
          0 -1 -1  0       

--- Sample #382 | True: -3.146730422973633 | Pred: -4.175662994384766 ---
          1 -2  2 -3       
       0  0  0  1 -1  1    
   -2  0  1  0 -3  0  0  0 
 1 -2 -1  1 -1 -1  0  1  0 
 0  0  0  1  1  0  3 -2  2 
    0  1  0  1  0  0  3  4 
       0  1  3  1  2  0    
          1  4  3  2       

--- Sample #383 | True: -3.8776931762695312 | Pred: -4.47137451171875 ---
          1 -1  4 -2       
       2  2  1  3  1  0    
    2  1  3  1  1  2  0  0 
-19  2 -7  2  2  0  2  2  2 
-22  0  0  2  0  1 -1 -2  3 
    0  1  1  3  1  0  0  0 
       1  1  0  2  0  0    
         -2  0  2 -2       

--- Sample #384 | True: -3.895193099975586 | Pred: -4.560968399047852 ---
         -6  0  2 -5       
      -4 -1  0  0 -1 -4    
    2  1  2  1 -1 -1  0 -3 
 2  2  1  0  0  0  0  0 -1 
 4  3  2  1  0  0  0  5  0 
    1  2  0  1 -1 -1  0  1 
       1 -1  0 -1  0  0    
          1  2  0  0       

--- Sample #385 | True: -4.841346740722656 | Pred: -4.766109466552734 ---
          0 -1  2  0       
      -5 -2  0  2 -2 -1    
   -2 -3  0 -1  0  0  0  1 
 1  1  0 -2 -3  0  0  5  1 
 0  0  0  0  0  1 -1 -3  0 
    1 -1 -1 -2  0 -2  0  0 
      -1  0 -3 -1 -1 -1    
         -2  0  0  0       

--- Sample #386 | True: -4.23826789855957 | Pred: -5.048372268676758 ---
          2  4  4  0       
       2  1  4  2 -1  0    
    0  2  0  0 -1 -1  0  0 
 0  0  1 -1  0 -1 -3  5  2 
 1  0  0  0  0  1 -2 18  2 
   -1  0  0  1  0  0  0  0 
       0  0  0  1  0  1    
          1  0  2  1       

--- Sample #387 | True: -4.93596076965332 | Pred: -5.689115524291992 ---
          0  1  0 -1       
      -4  0  1  2 -16 -1    
   -3  0  0  0  0  0  1  1 
 0  1  0 -2  0 -3 -1  4  2 
 1  1  0  1  2  1  3 -8  2 
    0  0  0  0  1  2  0  1 
      -1  0  1  0  0 -1    
          2  0  0  1       

--- Sample #388 | True: -6.190576553344727 | Pred: -7.061008453369141 ---
          0  4  8  5       
       8  3  2  5  3  1    
   -12 -17  7  3  0  1  1 -2 
 1  4  0  2 -1 -3  0  7  0 
-1 -1 -3 -1 -2  0  0 -1  0 
    0 -1  0  0  0  0  3  2 
       0 -1  0  0  1  0    
          1  0  0 -1       

--- Sample #389 | True: -6.294038772583008 | Pred: -7.942068099975586 ---
         10  6  4 -5       
       5 -4  3  2  0 -1    
   -7 -14  5  4  0  0  0 -3 
 7 11  6  0  1  0  1  6  0 
 4  2  0  0  0  0  0  1  2 
    2  0  0  0  1  0  2  2 
       2  1  0  2  1  4    
          3  5  4  3       

--- Sample #390 | True: -5.231538772583008 | Pred: -8.987754821777344 ---
         11  8  9  3       
      -2  4  5  4  2  4    
    7  8  7  4  0  1  3  2 
11 12  9  1  4 -1  4  2  4 
 1  3  0  0  0  2  2 -2  5 
    3  0 -1  1  2  2  3  6 
       2  0  0  2  2  0    
          2  1  2  2       

--- Sample #391 | True: -7.540962219238281 | Pred: -5.58275032043457 ---
          1  1 -1 -4       
      -19 -13  0  0 -1 -3    
   -14 -15  1  0  0  0  1 -3 
 3  4  0 -1  0 -3  0  6  0 
 2  0  0  0  0  0 -2  5 -6 
    0 -3 -1  0 -2  0  0 -2 
      -1 -1 -1 -1  0 -3    
         -2 -1  0  0       

--- Sample #392 | True: -6.819614410400391 | Pred: -7.754608154296875 ---
         -5  2  5 -4       
       7  4  1  3  1 -3    
   -10 -16  5  2  1  0  0  0 
 7 10  4  2  0 -2  1  7  2 
 3  3 -1 -1 -4 -1  0  0  3 
    0 -1 -2 -1  0  1  1  3 
      -5  0 -2  2  2  3    
          0  2  4  1       

--- Sample #393 | True: -5.317115783691406 | Pred: -8.497983932495117 ---
          6  5  5  3       
      11  5  6  5  4  3    
   14 -15  7  2  0  3  2  3 
11 10  5  4  3  0  3  5  4 
 5  2 -2 -1  0  0  1 -3  3 
    0 -1  0  0  2  2  1  1 
       0  0  0  3  0  1    
          0  1  3  3       

--- Sample #394 | True: -7.040769577026367 | Pred: -6.37510871887207 ---
         -3 -1 -1  3       
      -7 -2 -1  0 -2  2    
   -19 -22  1  0 -1 -1 -3  0 
-3 -8  4  2  0  0  1  0  0 
 0  0  0  1  1  0  2 -2  3 
    0  0  1  4  1  0  2  3 
      -3  1  1  1  0  0    
          1  0  6  0       

--- Sample #395 | True: -19.332500457763672 | Pred: -20.547924041748047 ---
          4  2 -1  0       
      -6  5  6  0 -6 -1    
    8 14  2  1 -8 -10 -5 -5 
-6 -11 10 13 16 -3  4 -6 -5 
10  6  6 -8 -10 -6 12  0 -10 
    0 -2  3 -18 -15  5  4  6 
      -1 -1  6 -13  9 -3    
          4  0  0 -7       

--- Sample #396 | True: -19.04961395263672 | Pred: -18.88866424560547 ---
         -4 12  2  4       
      -8  3 -9  0 -4  3    
    2  1  7 -5 -2 -5  0 -5 
-5 -12  1  9 12 -3 13  9 -7 
-1  1  2 -3 -7 -4 12  1 -13 
    0 -2  3 -12 -3  6 -1  7 
       1 -2  3 -1  9 -3    
         -2  2  7  9       

--- Sample #397 | True: -1.824615478515625 | Pred: -3.280344009399414 ---
          0  5  0 -9       
       0  1  0  1 -1 -1    
    0  2  0  0  0 -4  3  1 
 3  0  2  0  0 -1  1  4  3 
-1  0  2  2  1  0  1 -2  1 
    1  0  1  0  0 -1  1  3 
       2  2  1  0  2  1    
          2  4  4  5       

--- Sample #398 | True: -2.1078834533691406 | Pred: -3.508930206298828 ---
          0  2  3  1       
      -2 -1  1  0  1  0    
    0  0  0  0  0  0  0  1 
 1  2  1  0  2  1  2  3  6 
 1  1  0  1  0  0  0 -2  0 
   -3  0  0  0  1 -2  1  0 
      -1  0  0  0  0  0    
          1  2  2  0       

--- Sample #399 | True: -1.7926902770996094 | Pred: -3.731597900390625 ---
          1  1  2  2       
       0  1  0 -1 -3  2    
    1  1 -1  0  0 -1  2  0 
 6  2  2  1  1  0  1  3  2 
 3  3  2  2  0  0 -2 -1  1 
    1  1  0  0  0  0  1  2 
      -1  0  1  1  0  1    
          0  4  2  2       

--- Sample #400 | True: -1.4119224548339844 | Pred: -3.7429428100585938 ---
          2  0  1  2       
       0  3  1  0  0  0    
   -1  3  0  0 -1 -2  0  0 
 3  3  3  1  2  0  1  4  1 
 2  4  3  4  2  1  1  1  0 
    2  0  2  4  2  2  2 -1 
       2  0  0  2  1  1    
          0  0  3  1       

--- Sample #401 | True: -2.028270721435547 | Pred: -2.3711318969726562 ---
         -1  1 -2 -1       
       0 -2 -1 -1  0  2    
    1  1  1  0 -2 -1  1 -1 
 1  0  0  0 -1 -2  0  7 -1 
 0  0  0  0 -1  0 -1 -4 -2 
   -1 -3  0  0  0 -3  0  0 
       0  2  0  1  0  0    
          0  2  1  2       

--- Sample #402 | True: -1.0013465881347656 | Pred: -4.106344223022461 ---
          1  3  5  4       
       0  3  1  3  2  2    
    2  1  3  0  0  0  1  3 
 4  2  0  1  2  1  1  5  3 
 3  4  2  1  1  1  1 -2  3 
    2  2  0  0  0  0  2  3 
       3  0  1  2  1  0    
          1  3  3  1       

--- Sample #403 | True: -9.622692108154297 | Pred: -9.972808837890625 ---
          4  5  6  5       
      -1  2  3  3  4  8    
   -1  1  2  0  0  1  3  4 
 6  0  0  0  1  1  0  1  3 
 0 -16 -12  2  1  0 -1 15  2 
   -4 -6 -2  1  3  4  1  5 
      -3 -5  1  0  0  0    
         -3  3  2  1       

--- Sample #404 | True: -15.92403793334961 | Pred: -10.32282829284668 ---
         -3 -5 -4 -6       
      -7 -7 -4 -8 -7 -8    
   -6 -9 -6 -8 -11 -4 -9 -6 
-2 -4 -7 -9 -6 -9 -6 -10 -9 
 4  6  2 -6 -13 -11 -11 -5 -8 
   -6 -7 -5 -2 -5 -4 -3 -7 
      -6 -5 -1 -4 -4 -5    
          1  1  1 -2       

--- Sample #405 | True: -22.40365219116211 | Pred: -13.55797004699707 ---
         -1 -5 -3 -3       
      -7 -10 -6 -11 -10 -6    
   -7 -11 -10 -11 -6 -3 -5 -4 
-5 -10 -10 -10 -7 -6 -3 -3 -3 
-6 -10 -8 -11 -12 -8 -3  1 -8 
   -8 -16 -13 -10 -9 -9 -8 -9 
      -15 -10 -13 -12 -9 -10    
         -10 -8 -8 -8       

--- Sample #406 | True: -19.352500915527344 | Pred: -19.562482833862305 ---
         12 16 15 16       
      11 13 10 15 15 18    
    9 13 14  9 12 11 13 11 
13 17 -7  2 15 11 14 14  3 
13  8 -1 -7 11 13  0  4  4 
    1 -1 -3 -5 -10  4 -9 -4 
      -2 -5 -6 -9 -11 -7    
          1 -6 -7 -5       

--- Sample #407 | True: -4.013269424438477 | Pred: -5.86004638671875 ---
         -2  2  1  4       
       1  1  0  1  1  1    
    2  1  1  1  0  0  0  0 
 0  0  0  2  2  0  2  4  2 
 2  0  0  2  1  1  2 -1  0 
   -1  0  0  2  3  1  1  3 
       0  0  2  3  3  2    
          0  3  4  5       

--- Sample #408 | True: -4.867885589599609 | Pred: -5.301788330078125 ---
          2  2  0  0       
       2  2  1  2  1  1    
    0  0  0  1  0  1  1  0 
-1  0 -1  0  0  0  0  4  0 
-6 -2 -4 -1  0  0  0 -2  0 
   -5 -3 -3  0  1  0  0  1 
      -2 -1 -1  0  1  0    
          0  0  1  1       

--- Sample #409 | True: -2.1640396118164062 | Pred: -5.731836318969727 ---
          2  3  5 -1       
       1  1  1  3  0  2    
    2  2  1  0  0  1  2  2 
 3  2  4  2  0  0  2  5  2 
 8  4  4  3  3  3  3 -1  2 
    3  4  4  3  2  2  4  3 
       4  4  5  4  3  3    
          5  4  5  4       

--- Sample #410 | True: -4.756155014038086 | Pred: -3.6813716888427734 ---
          3 -1 -6 -2       
      -1  0 -1  0 -1  0    
    0 -1 -5 -2 -1 -2  0 -3 
 1  1  0 -1 -1 -1 -1 -23 -2 
 0 -2 -4 -1 -1 -1  0  5 -1 
   -5 -6 -6 -3 -2 -3 -2  1 
      -1 -3 -1  0 -2 -1    
          0  0  0 -2       

--- Sample #411 | True: -6.520193099975586 | Pred: -6.2916412353515625 ---
         -1 -3  0 -2       
       0 -2  0  3  1 -3    
    3  0 -2  0 -2  0  1 -3 
-1  2  0  0 -3 -1  0 12  0 
 0 -1 -2  0 -2  0 -2 -5  2 
   -3 -2  0  0  0  0 -2 -1 
       0 -1  1  0  0 -2    
          0  0  2 -2       

--- Sample #412 | True: -7.090000152587891 | Pred: -7.194324493408203 ---
          1 -2 -3 -7       
       1  0  0  0  0  1    
    0  2  0  0 -2  0  0  1 
-1  0  0  0  0 -1  0 -1  0 
 0  2  0 -1  1  0  2 -1  1 
   -3  0  0  0  0  1  2  1 
       0 -2 -1  0 -3  0    
         -5 -1  0  2       

--- Sample #413 | True: -11.184616088867188 | Pred: -7.456817626953125 ---
          6  3  8  4       
       0  0  1  3  2  0    
   -3  0 -2 -2 -1 -1  0  0 
-1 -1 -2 -2  0 -2 -3  3  0 
-5 -3 -3 -3 -1 -3 -3 -2 -5 
   -21 -18 -11 -13 -12 -7 -6 -7 
      -13 -6 -14 -7 -7 -9    
          4 -8 -4 -5       

--- Sample #414 | True: -13.458459854125977 | Pred: -10.16429328918457 ---
         -1 -2  2 -1       
      -7 -5 -3 -3 -7 -1    
    0 -3 -6 -2 -2 -4 -3  1 
 6  6  0  0  0  0 -1  0  1 
 5  9  4 -9  1  5 -4 -1 -1 
    2  2 -9 -11 -19 -20 -20 -19 
       0 -2  6 -10 -8  1    
         -9  4 -3  1       

--- Sample #415 | True: -13.658077239990234 | Pred: -11.886739730834961 ---
         11  8  9  4       
       9  4  7  3  2  1    
    2  4  3 -2 -1  5  7  0 
 2  1 -1 -1  0 -6  0  4  8 
12 -5 -4 -8  5 -2 -10  0 -4 
    0 -2  4  4 -3 -2 -11 -9 
       1 -6 -1 -6  6 -6    
          8  0 -3  2       

--- Sample #416 | True: -15.937690734863281 | Pred: -13.44236946105957 ---
         -1  0  0 -2       
       2  0  2  0  1 -2    
    0  0 -1 -2  0 -3  0  4 
-4  0  0  2  6  1  0 -20  2 
-2  9  8 -6 -4  2 -16  0 -3 
   -4  5  3 -4 -5 -4 -8 -12 
       4 -9 -3 -6 -10 -10    
          8  8 -7 -12       

--- Sample #417 | True: -17.275577545166016 | Pred: -17.56704330444336 ---
          4  3  2 -1       
       2  0  2  2  3  0    
   -2  0 -1  0  0 -5  1 -10 
 3  1  0  1  2  0 -3  9 -2 
14  4 -11  1 15 10  3  0 -1 
   -4 -8 -7 -4 -5 -3 -3 -6 
       3 -7 -3 -2 -6 -3    
          4  0  0 -4       

--- Sample #418 | True: -17.67673110961914 | Pred: -14.423849105834961 ---
          5  1  0  0       
       0  1  0 -4 -2 -5    
    0  3 -2 -5 -3 -3 -1 -2 
 0 -2 -1 -2  2  5 -5 -12  1 
 3  6  7 -7 -4  3 -7  0 -4 
    1 -3 10 -6 -7 -3 -6 -11 
      10 -4  0 -3 -7 -7    
         -5  0 -3 -8       

--- Sample #419 | True: -3.159809112548828 | Pred: -3.2640647888183594 ---
         -2  1  0  0       
       0  0  1  0 -1 -1    
   -1  0  1  0  0 -2  1 -2 
-1  0  0 -1  1  1  0 -1  0 
 0  1  0 -1  1  1  1 -2 -3 
   -3  0 -3 -2 -1 -2  3 -1 
       0  0  0  0  0  0    
          0  0  3  2       

--- Sample #420 | True: -7.877117156982422 | Pred: -3.06854248046875 ---
          2  3  1  1       
       1  2 -1  0  0  1    
    1  1  1  0  0 -1  0 -10 
-25  0  1  0  1  0  0  1 -28 
-25  0  1  0  1  2  0  1 -28 
   -5  0  0  1  0 -3 -4 -27 
      -7 -3 -1  0 -4 -29    
         -27 -27 -28 -28       

--- Sample #421 | True: -2.532115936279297 | Pred: -3.272611618041992 ---
          1  0  1  1       
       2  2  0  1  0 -3    
    0  2  0  0 -2  0  0  0 
-4  0  0  0 -1 -1 -1 -3 -1 
 1  0  1  0 -1 -1 -1 -3  1 
    0  1  0  0  0 -1  0  0 
       0 -1 -1  0  0  0    
         -1  0  0 -1       

--- Sample #422 | True: -2.2896156311035156 | Pred: -3.4539718627929688 ---
          0  0  3  1       
       0  0  0  1  0  0    
    0  2  0  0  0  0  0  0 
-1  0  0  0  0  0  1 -6  0 
 0  0  1  0  0  0  0 -2  0 
   -1  1  0  0  0  0  2  0 
       2  0  0  0  1  1    
          1  1  0  0       

--- Sample #423 | True: -1.8111534118652344 | Pred: -3.2291603088378906 ---
         -3 -1  0 -1       
       1  0 -3  0  0  1    
    1  1  0  0  0  2  0  3 
 2  2  0  1  0  0  0 -1  1 
 0  1  4  1  2  0  0  0  0 
    0  2  0  1  0  1  2  2 
      -1  2  0  1  1  2    
          2 -1  0  0       

--- Sample #424 | True: -3.141345977783203 | Pred: -3.797332763671875 ---
         -3  1  1  3       
       1  0 -2  1  0  1    
   -3  0  0 -1  0  1  2 -1 
 1 -1 -1 -1 -1 -1  0  0 -1 
 0 -1  0  0 -1  0  0 -4 -1 
   -2  1  0  0  0  0  0  1 
       1 -1 -1  0  0 -1    
         -4 -1 -1  1       

--- Sample #425 | True: -3.282499313354492 | Pred: -3.8945884704589844 ---
          3 -1  0  3       
       0  1 -2  2 -1  0    
    1  1  1  0  0  0 -1  3 
 3  1  2  0  0  0  0  4  0 
 4  0  0  0  0  0 -3 -3  1 
    0  0 -2  0 -3  0  0  1 
       0  0  0  0  0  1    
          0  2  1  0       

--- Sample #426 | True: -3.0332698822021484 | Pred: -2.328521728515625 ---
         -3 -2  1 -4       
      -1  0  0  0 -1  0    
   -4  0 -2  0  0 -4  0  1 
 0 -1  0 -2 -1 -2 -2  0  0 
-3 -3 -1  0  0 -1 -1 -2  0 
   -4 -1 -2  0  0 -2  0  0 
      -2 -2 -1  0 -1  0    
         -1  0  1  0       

--- Sample #427 | True: -3.877500534057617 | Pred: -4.284172058105469 ---
          1  1  0  3       
       0  1  0  1  0  0    
   -1  0 -1 -1  0 -1  0  0 
 0 -2  0  0  0  0  0  3 -1 
 3  1  0  0  0 -1 -1 -2  0 
    1  0  0  0 -3 -2  0  0 
      -1 -1  0  0 -1  0    
          0  2  0  0       

--- Sample #428 | True: -1.8653831481933594 | Pred: -5.091547012329102 ---
          6  6  3  2       
       3  2  3  1  0  4    
    1  4  2  0  0  0  2  2 
 3  1  1  4  3  2  2  6  3 
 0  2  4  3  2  0  1 -2  3 
    2  3  2  2  0  1  2  4 
       1  2  2  3  3  4    
          4  2  5  2       

--- Sample #429 | True: -3.231538772583008 | Pred: -3.5002002716064453 ---
          4  0  1  0       
       0  1 -1  0 -2 -5    
   -3  1 -1  0  0  1  2  0 
-3  0 -1  0  0 -2  0 -1 -3 
 0  1  0 -1 -2  0  0 -2  0 
    0 -1  0  0 -2 -1  0  0 
      -2 -2 -3 -1  0  1    
          0  1  0  0       

--- Sample #430 | True: -3.2411537170410156 | Pred: -4.190395355224609 ---
         -1  1  2 -2       
       1  0  0  3  2  2    
    0  0  0  0 -2 -1  1  2 
 0  1  2  1 -2  0  0  4  0 
-2  0  0  1  0 -1 -2 -2  3 
   -2  1  2  1  0 -2  1 -1 
       0  0  1  2  0  1    
          2  2  1 -1       

--- Sample #431 | True: -8.364038467407227 | Pred: -4.8086700439453125 ---
          0 -3 -2 -6       
      -4 -1 -1  0 -2 -7    
   -6  0  0  1 -9 -1 -2 -2 
-10 -5  0 -1 -24 -18 -25  2  0 
-8 -7 -1 -1  0 -1 -2 -7  0 
   -4 -1  0 -1  0 -1  0 -4 
      -10 -3  0  0 -1  1    
         -8 -1  1  1       

--- Sample #432 | True: -8.222692489624023 | Pred: -8.819360733032227 ---
          3  3  4 -5       
      -5  1  2  5  2 -3    
   -5  1  3  4 -3  0 -1  0 
-3  0  0  2 -8 -7 -5 12  4 
 3  1  1  1  0 -1  2 -2  4 
    2  3  4  1  0  3  4  0 
       1  3  0  1  1  3    
          0  0  1  1       

--- Sample #433 | True: -10.38576889038086 | Pred: -9.477222442626953 ---
          9  2  2  5       
       3  6  6 -4 -2 -7    
   -1  5  6  6 -9 -10 -6  3 
-9 -1  1  4 19  0  1 -4  2 
-17 -6 -1  0 -5 -2  2 -3  1 
   -11 -2  1 -2  0  0  0  1 
      -2  0 -1 -1 -3 -2    
         -2 -2  0  0       

--- Sample #434 | True: -14.828845977783203 | Pred: -10.677349090576172 ---
         -10 -1  1 -2       
      -18 -4  1  3  7 -7    
   -14 -2  3 -5 -9  1  2 -5 
-8 -14  2 -3 -17  1 -2 -9  5 
-9 -16  3  3 -2 -4 -3 -5 -2 
   -7 -4  4  3  0  3  1  0 
      -10 -1 -2 -1  0  1    
         -6 -6 -2  0       

--- Sample #435 | True: -10.275960922241211 | Pred: -8.225730895996094 ---
         -7 -10  8 -3       
      -8 -2 -4  0  0  1    
   -11 -8 -4 -7 -4  2  0  4 
-8 -10 -7 -6  5  2  5 -15 -1 
 2 -2  0  1  0 -3 -2 -3 -1 
   -2  0  0  0  0  0 -1 -2 
       0 -3 -3 -1 -1 -3    
         -2  0  0 -1       

--- Sample #436 | True: -7.739231109619141 | Pred: -9.252063751220703 ---
          8 12  9  6       
       4 10  9 10  4  1    
   -2 16 14  8  6  3  5  2 
-2 -2  0 -12 -23  1  6 14  3 
 3  3  2  1  3  2  1 -2  0 
   -1  0  2  2  1  0  0  1 
      -2 -1  0  1  0  1    
          0  1  3  0       

--- Sample #437 | True: -14.765193939208984 | Pred: -7.786596298217773 ---
         -8 -18 -11  0       
      -11 -17 -16 -20 -11 -11    
   -7 -8 -17 -15 -19 -13 -19 -10 
-6 -5 -3 -7 -1  6  4 -18 -2 
-10 -2  2  0  0 -2 -7 -4 -5 
   -3  0  2  4 -1 -4 -6 -11 
       1  0 -1 -3 -5 -4    
          0 -2 -4 -7       

--- Sample #438 | True: -16.39327049255371 | Pred: -14.349885940551758 ---
          0 -4 -3 -4       
      -1 -3  8  3  2  0    
    1  1  0  0  0  1  1 -11 
 0  0  4  0 -4  4  0  0  1 
 7  3  1 -1 -1 -2 -2 -3 -9 
   -2  0  1  0 -1  0 -2 -12 
       0 -1  2  0  1  0    
          1 -8 -15 -10       

--- Sample #439 | True: -2.8301925659179688 | Pred: -5.443874359130859 ---
          4  6  5  4       
       3  4  3  5  1  0    
    1  1  2  2  0 -3  0  1 
 3  1  2  2  1 -1 -1 -11  0 
 4  4  1  2  0  0  0  2 -2 
    3  0  1  2  2  0  2 -1 
       1  2  2  1  1  2    
          3  2  2  5       

--- Sample #440 | True: -4.010576248168945 | Pred: -5.990345001220703 ---
          4  7  2  4       
       0  1  2  1  0 -2    
    2  3  2  1  1  0 -1  1 
 0  1  1  0  1 -1 -3  1  0 
 2  2  0  1  1  1  0 -1  3 
    0  3  3  3  2  0  0  3 
       3  3  3  3  1  1    
          2  3  0  2       

--- Sample #441 | True: -5.6623077392578125 | Pred: -4.941373825073242 ---
          0  1 -3  0       
       0  1  1  0  0  2    
   -3  1  1  0  0  0  1 -2 
-3  0  0  0  0  0  4  3  1 
 1  0  0  0  0  0  3 -1 -17 
    0  0  0  0  0  0  0 -6 
       0  1  0  0 -2 -1    
         -3 -12 -2  2       

--- Sample #442 | True: -4.830192565917969 | Pred: -5.450778961181641 ---
          2  3  4  5       
       3  2  0  0  0  1    
    3  4  2  0 -1 -13 -1  0 
 1  1  2  0  1  2  2  6 -3 
 3  1  0  0  2  2  2 -1  3 
   -3 -2  1  1  0  2  3  2 
       0 -1  2 -2 -1 -3    
         -5  0  1  2       

--- Sample #443 | True: -5.73115348815918 | Pred: -5.588483810424805 ---
          2 -1  3  0       
       1  1  0  0  0  2    
    0  1  0  0  0 -2  0 -3 
-4  0  0 -1  0  0  1  1  0 
 1  0  0 -1  0  0  2 -1 -13 
    0  0  0  0  0  0  3 -4 
       0  1  0  0 -4 -1    
         -6 -1  3 -1       

--- Sample #444 | True: -6.112884521484375 | Pred: -5.697992324829102 ---
          0  0 -1  0       
      -1 -2  0 -3 -3  0    
   -1  0  0  0 -3 -1  0  1 
 2 -1 -1  0 -1 -1  1  3  1 
-1  0 -1  0 -1  1  0 -1  4 
   -1  0  0  0  0  0  1 -8 
       0 -1  1  1  0  1    
          0  1  1 -3       

--- Sample #445 | True: -7.308078765869141 | Pred: -6.415996551513672 ---
          5  2  2  0       
       0  1  0 -4 -1  1    
    0  0  0 -2 -1 -3 -4  0 
 2  0 -1  0  0  0  2  4 -7 
 1  1  0  0  1 -2 -1 -2 -16 
    0  0  0  0  0  0  2 -15 
       1  0 -4 -6 -1 -7    
         -5  1 -2  1       

--- Sample #446 | True: -9.646730422973633 | Pred: -7.42259407043457 ---
         -1 -2 -9 -2       
      -2 -3 -2  0 -8 -3    
    1  0  0  0  0 -11 -3  0 
-1  0  0  0  0  0  1 -3 -20 
-1  0  0  0  0  2  1 -1 -13 
   -1 -2  0  0  3  1  5 -13 
      -7 -2 -2 -1  0  5    
         -8 -9 -4 -4       

--- Sample #447 | True: -10.724998474121094 | Pred: -8.631126403808594 ---
          5 -1 -6  1       
      -4 -2 -4  1  2 -3    
    2  0  0  0  2  2  5 -10 
-6  1  0  1  2  0  8  7 -13 
-4  1 -1  0  3  0  1  0 -10 
    0  0 -1 -1  0 -1  0 -11 
      -9 -6 -5  0  1 -3    
         -18 -7 -3  0       

--- Sample #448 | True: -13.234615325927734 | Pred: -8.660802841186523 ---
          1  0 -5  0       
       1 -1  0 -16 -7 -9    
    2  0 -1  0 -10 -13 -14  0 
-1  0 -1  0  2  3  4  4 -8 
 5  0  0  0  2  1  0  0 -9 
   -17 -7 -6  0 -2 -1  0 -13 
      -11 -11 -17 -1  1 -1    
         -12 -18 -13  0       

--- Sample #449 | True: -23.102886199951172 | Pred: -23.62368392944336 ---
          5  9  5  8       
       5 10  0  9 15  1    
    5  5  9 -6 -7 18  0 -4 
-3  0 -3  0  7  5 11  8 -5 
-1 -2  0 -2 -2 -11  7  0 -4 
    0 -2 -1 -2  4 -4  2 -3 
      -3 -4 -3  0  1  1    
         -2 14  6  8       

--- Sample #450 | True: -22.630962371826172 | Pred: -19.92632293701172 ---
          0  5  8  7       
      -2 -8 -1  8  7  3    
    6  1 -5 -10 -9 -9 -4 -9 
-1 -3  0 -10  2 10 11 11 -6 
-2 -2 -2 -5  8  2  9 -1 -7 
   -2 -4 -3 -5 -3 -9  3 -7 
      -5 -3 -4 -3  0 -2    
         -2  1 -2 -8       

--- Sample #451 | True: -23.45211410522461 | Pred: -21.724407196044922 ---
         -8  5  7  4       
       8  1 -6  5 -1 11    
    3  0 -8 -6 -5 12 -1 -3 
-4  0 -5 -3  7  4  5  8 -6 
-2 -2 -1 -1 -5  0  5 -2 -5 
    7 -2  0 -3 -3  6 -4 -7 
      -5 -5 -4 -4  2  3    
         -8  0 -6 -3       

--- Sample #452 | True: -24.594039916992188 | Pred: -22.20189094543457 ---
          8 -9  3  3       
      -11 -1  4  3  1  6    
   -6 -4  3 -4 -5  0 -4 -6 
-4 -4  1 -4 -6  3 -3  5 -6 
-2  2 -4 -5  4  0  4  1 -5 
   -3 -4 -4 -5  6 -4 -2 -4 
      -4 -5 -4  1 -5 -5    
         -3  1 -4 -3       

--- Sample #453 | True: -28.377500534057617 | Pred: -23.24512481689453 ---
         -2 -1  0 -3       
      -4  0 -7  0 -9 -5    
   -2 -3  3 -4 -7 -9 -9 -4 
-2 -2 -1 -1 -4  1 -11 -5 -3 
 1  0  0 -2 -3  1  7  0  0 
    0  0  0 -4 -5  0 -1  1 
       0 -1  0  0 -2  0    
          0  0 -1  0       

--- Sample #454 | True: -28.528846740722656 | Pred: -25.387964248657227 ---
         -2 -2 -1  0       
      -3 -5 -4 -3  3 -2    
    0 -3 -4 -4 -4 -6 -5 -4 
-1 -1 -1 -2  0 14  5  0 -4 
 0 -1  0 -2  0 -1  7  1  0 
   -1 -1  0 -1  0  0 -1  0 
      -1 -2  0  0 -2 -1    
          0  0  0  0       

--- Sample #455 | True: -28.50749969482422 | Pred: -26.93951416015625 ---
          0  0  1  1       
      -1 -3 -2 -1 -3  3    
   -1 -1 -2 -3 -4 -6 -4 -2 
-2 -2  0 -1 -4  7 -3  0 -2 
 1  0  0 -3  1  5  3  2  0 
   -1  0  0 -2  4  0  0  2 
      -1 -1  0  0 -1 -1    
          0  7  0  0       

--- Sample #456 | True: -28.97903823852539 | Pred: -26.757400512695312 ---
          0  0  1  1       
       0 -3 -2 -1 -3  0    
   -1 -2 -3 -4 -4 -5 -3 -1 
-3 -2 -1 -2 -4  7 -5  1 -1 
 0  0  0 -4 -8  2 11  2  1 
   -1 -1 -1 -3 -2  0 -1  2 
      -2 -2  0  0 -2 -2    
         -1  0 -1 -1       

--- Sample #457 | True: -3.4813461303710938 | Pred: -2.7634849548339844 ---
         -2  0 -1 -3       
       0 -3 -2 -1 -4 -2    
    0  2  0 -4 -2 -2  0 -3 
 0  0  1 -2 -1 -1  0  2  0 
-2  0  0  0 -3  0 -1  1  0 
   -2  1 -1  0  1  0 -5  0 
      -2 -2 -1 -1  0  0    
         -4 -1  2  0       

--- Sample #458 | True: -4.202116012573242 | Pred: -4.349615097045898 ---
         -9 -4  1  1       
      -1  0  0  1  0  1    
   -7  0  0  0 -1 -1  0 -2 
 0 -2  1  0  0 -1  0  0  0 
-3  0  0  2  0  0 -1 -3  2 
   -1  0  0  1  0  0  1  1 
       0  1  0  0  0 -2    
          1  1  1  0       

--- Sample #459 | True: -1.2419242858886719 | Pred: -4.939517974853516 ---
          3  6  6  5       
       1  1  3  1  2  2    
    3  3  3  2  2  1  3  0 
 5  7  4  1  1  0  2  5  1 
 3  2  0  2  4  2  2 -3  6 
    2  1  0  3  3  1  2  6 
       3  2  2  4  3  3    
          5  2  3  5       

--- Sample #460 | True: -2.6388473510742188 | Pred: -2.7301559448242188 ---
          0  0  2  0       
      -3 -1  0  0  0  0    
    1  2  1  0 -1 -1  0 -1 
-2  0  0  0  0 -1  0  0  0 
 0 -1  0 -1  0 -1  0 -2 -1 
   -1 -1  0  1  0  0 -2 -3 
      -2 -2  0 -1  0  0    
          0  0 -2  0       

--- Sample #461 | True: -9.109806060791016 | Pred: -10.97995376586914 ---
         -6  0  1  5       
       1  3  5  4  1  1    
    5  7  5  2  2  1  0  2 
 5  6  5  2  5  5  4  5  2 
-7  8  6  4  0  2  3 -2  9 
    3  7  5  3  0  2  5  7 
      -13 -1 -14 -15  9  5    
         -8 -3 -13 -4       

--- Sample #462 | True: -9.118654251098633 | Pred: -12.267269134521484 ---
         -1  1 -2  1       
       1  1  2  3  0  1    
   -4  5  3  2  4  0  6 -3 
 5  3  2  1  1  7  8 -1  3 
-6 -1 -3 -1 -2  4  6 -2  3 
    3  6  6  1  3  3 -1  2 
      -8  5 -6  4 -3 -2    
          9 -1  2  6       

--- Sample #463 | True: -8.262308120727539 | Pred: -10.819295883178711 ---
         -1  3  4  1       
       3  1  0  1  3  1    
    3  5  2  2  2  2  3 -2 
 5  3  5  3  4  0  1  0  0 
-6 -2  3 -1  0  3  2 -4  1 
    0  8  1  3  3  1  0  5 
       6  8 -14  0  5  2    
         -5 -7  1  8       

--- Sample #464 | True: -9.23499870300293 | Pred: -10.485403060913086 ---
         -1  2  6  2       
       0  0 -1  0 -1 -3    
   -2  0 -1 -1  0 -1  0  0 
 3  2  0  0  2  0  2 -14  1 
-6 11  6  1 -2  0 -1 -2  4 
   -3  8  6  4 -7 -7  1 -4 
       0 -1  6  0 -1 -7    
         -3  1 -7 -9       

--- Sample #465 | True: -11.469038009643555 | Pred: -7.026315689086914 ---
         -7 -1 -9 -3       
      -5 -5 -5 -14 -7 -8    
   -16  0 -1 -5 -1 -14 -2 -13 
-11 -14  0 -2 -1 -2 -3 -3 -7 
-4 -2 -1 -2 -2 -2 -2 -3 -3 
    0 -2 -2 -3 -2 -2 -1 -3 
      -4 -4 -8 -3 -1 -1    
         -3  0  0 -2       

--- Sample #466 | True: -12.81942367553711 | Pred: -4.887702941894531 ---
         -22 -22 -22 -21       
      -24 -21 -25 -24 -17 -14    
   -12 -7 -6 -23 -17 -12 -15 -11 
-6 -5 -4 -6 -3 -3 -2 -9 -15 
-8 -1 -1 -7 -1 -1 -3 -2 -6 
   -3 -1 -1 -2  0  0 -2 -6 
       1 -1 -2  0 -2 -3    
         -2  0  0 -6       

--- Sample #467 | True: -3.0515384674072266 | Pred: -4.397159576416016 ---
          6  5  4 -4       
       2  3  1  2  1  0    
   -6  1  3  0  2  2  2  0 
 2  1  0  0  0  0 -1  4 -3 
 0  2  0  0  1 -1  0 -3  0 
    1  0  1  0  0  0  0 -3 
       0 -1  2  2  1  2    
          1  1  1  0       

--- Sample #468 | True: -6.919424057006836 | Pred: -4.23969841003418 ---
         -8 -4 -4  2       
      -7 -1 -5 -9 -4 -5    
   -4 -2 -6 -5 -1 -1 -2 -2 
-12 -5 -3 -2 -3 -1 -3 -9 -5 
-7 -1  0  0 -4  0 -3 -2 -5 
   -3 -3 -1  0  0  0 -2 -3 
      -2 -3  0  0 -5 -1    
         -1 -1 -2 -2       

--- Sample #469 | True: -2.6946144104003906 | Pred: -7.263835906982422 ---
          9  6  8  8       
       7  5  5  8  1  5    
    5  2  4  4  1  2  3  6 
 3  6  4  3  1  2  2  5  5 
 1  5  1  4  2  2  4 -2  4 
    9  2  3  3  1  3  3  6 
       4  0  3  3  4  5    
          6  5  2  3       

--- Sample #470 | True: -3.155385971069336 | Pred: -5.49383544921875 ---
          3  3  7  8       
       5  2  0  3  3  4    
    2  4  0  0  0  3  4  6 
 3  0  0  0  0  0  1  2  2 
 0  1  1  1  1  1  1 -2 -2 
   -1  0  0  0  0  0  2  1 
       0  1  2  1  1  0    
          2  4  4  3       

--- Sample #471 | True: -8.233654022216797 | Pred: -4.596691131591797 ---
         -8 -10 -11 -8       
      -2 -2 -8 -4 -17 -6    
   -1 -3 -2 -10 -5 -5 -7 -5 
-1  0 -7 -3 -1 -2 -4 -5 -4 
-3  0  0 -2 -3 -1 -2 -2 -8 
   -4  0  0  0 -1 -4 -3 -8 
      -3  0 -2 -1 -2 -2    
         -1 -4  0 -9       

--- Sample #472 | True: -6.779998779296875 | Pred: -7.847110748291016 ---
          3  2  8  6       
      -2  1  3  4  3  3    
    0  1  0  2  1  1  5  0 
-1 -2  0  0  0 -1  0  7  4 
 1  0 -1  0  0 -1  0  9  5 
   -1  0  0 -1  0  0  2  2 
       0  0  0  0  0 -1    
         -1 -3 -1  0       

--- Sample #473 | True: -4.258846282958984 | Pred: -4.62047004699707 ---
          0  0 -5  1       
       4  0 -1 -1  0 -1    
    2  1  0 -1 -2 -2  1 -2 
 0  0  2  1  1  0 -1  1 -3 
-3  0  0  0  0  1  0 -2 -6 
   -2  0 -3  1  0 -1  0  0 
      -1 -1  1  1  1  0    
          1  3  2  1       

--- Sample #474 | True: -4.1119232177734375 | Pred: -5.516902923583984 ---
          2  1 -4  1       
      -2  2  1  0 -4  0    
    3  1 -1  1  0 -3  0  0 
-2  0  2  0  1  1  1  5  0 
-2 -2  2 -1  0  1  4 -1  2 
    0 -3  0  2  1  1  2  0 
       1  2  3  3  1  1    
          2  0  3  4       

--- Sample #475 | True: -9.120386123657227 | Pred: -6.086061477661133 ---
          0 -10 -9 -5       
      -2 -1 -6 -8 -4  0    
   -2  0 -3 -4 -5 -5  1 -3 
 0  0  0 -1 -1 -3 -6  6 -1 
-17 -2 -4 -4  0  0 -2 -1 -2 
   -8  0 -6 -4 -3 -2 -1 -6 
      -5 -2 -4 -4 -2 -2    
         -5 -6 -5 -1       

--- Sample #476 | True: -11.041923522949219 | Pred: -7.869482040405273 ---
         -3 12 -8 -3       
      -1 -4  2  3 -2 -1    
   -3 -1 -2  0 -2  0  3 -3 
-10 -4  2 -10  2  1  0  8 -2 
-11 -5 -4 -8 -5  3  4 16 -5 
   -4 -8 -7 -10 -11  2  3  0 
      -9 -13 -6 -5  1  0    
         -6 -8  1  2       

--- Sample #477 | True: -4.135961532592773 | Pred: -4.148469924926758 ---
          2  3  0  3       
      -2  2 -2  0  2 -2    
   -1  0  0  0 -1  0  3  2 
 1  2  2  0 -1 -2 -4 -5 -1 
 4  1  0  0 -1  0 -7 -3  0 
    2  0 -1 -1 -1 -1  0 -1 
      -3 -1 -3 -1  0 -1    
          0  0  1  1       

--- Sample #478 | True: -4.817115783691406 | Pred: -5.041902542114258 ---
         -2  0 -12 -7       
       1 -1  0 -6 -2  2    
   -2  0  0  1 -5  2  1  0 
 3  1  0  0  1  0  1  1 -3 
 1  2  0  2  2  0  5 -2  0 
    0  0  0  0  0  3  2 -1 
      -1 -4 -1 -2  1  4    
         -7  0  0  0       

--- Sample #479 | True: -12.545961380004883 | Pred: -5.058034896850586 ---
         -19 -16 -17 -8       
      -4 -1 -1 -13 -10 -10    
   -8 -4 -3 -1 -2 -3  0 -8 
-3 -5 -5 -3 -4 -6 -4 -2 -25 
-9 -2 -3 -1 -2 -4 -6 -2 -24 
   -8  0 -2 -5 -7 -7 -13 -11 
       0 -1 -7 -11 -9 -13    
         -4 -10 -14 -19       

--- Sample #480 | True: -10.896921157836914 | Pred: -8.903800964355469 ---
         -10 -9 -9 -9       
      12  2  0  0  0  1    
    0  4  0 -1 -2 -6  0  3 
-8 -1 -1  0  3  4  1 -19  4 
 3  3  2  3  3  3  5 -2 -5 
    3  1  0  0 -2  2 -1 -2 
      -7  0 -1  0  2 -3    
         -4 -5 -4  0       

--- Sample #481 | True: -5.38519287109375 | Pred: -10.999761581420898 ---
          6  7 12  8       
      11  5  6  8  6  9    
    5  4  4  3  5  6  5  1 
 2  4  6  5  5 -19 -12  7  0 
 3  8 15 22 19 15 18 18  3 
    6 10 11 15 10  8  5  0 
       4  6  3  4 -1  0    
          1  0  0 -1       

--- Sample #482 | True: -5.314807891845703 | Pred: -7.623540878295898 ---
          2  0  0 -2       
       2  2  4  4  3  3    
    4  2  3  4  3  1  4  0 
 3  4  3  1  2 25 13  5  1 
 3  3  1  1 -29 -28 -16 -13 -2 
    3  2  4 -6 -4 -3  0  2 
       3  3  3  2  3  2    
          5  4  7  5       

--- Sample #483 | True: -7.905000686645508 | Pred: -8.321012496948242 ---
          4  4  4  8       
       0  1  2  0  1  4    
    2  1  0  0 -2  0  0  0 
 1  1  0  0  0  0  1 -4 -3 
 4  4  1 -3  1 -15 -5 -3 -4 
    3  0  1 -1 -2  0  0  0 
      -1  0  0 -2 -3 -5    
          0  0 -3 -4       

--- Sample #484 | True: -4.9346160888671875 | Pred: -8.455890655517578 ---
          3  6  6  7       
       0  0  2  4  2  3    
    0  2  1  1  2 -1  2  5 
-2  1  1  2  1  5  5  2  7 
 2  2  1  2  6 -13 -3 -1  9 
    1  3  1  3  3  4  3  3 
       3  2  0  1  3  7    
          4  4  3  3       

--- Sample #485 | True: -6.2451934814453125 | Pred: -6.248405456542969 ---
          1  0  1 -2       
       1  0  0 -4  1  0    
    2  2  0  2  0  0  3 -2 
13  7  0 -21  0 -2  0  1  0 
 9  5  2  1  0  0  0 -3  1 
    0  1  2  1  0 -3  1  2 
      -3  1  0  0  0  0    
         -4 -2  0 -3       

--- Sample #486 | True: -3.7371158599853516 | Pred: -7.1674957275390625 ---
         11 15  8  8       
       4  4  5  1  5  9    
    4  3  1  2 -1  2  2  5 
 7  4  1  2  0  0  0 -3  2 
 5  2  0  0  0 -3  0 14  4 
    3  0  0  1  1  1  2  4 
       2  0  3  1  0  0    
          5  3  5  1       

--- Sample #487 | True: -2.2653846740722656 | Pred: -2.667938232421875 ---
          1  0  2  0       
       0  0  0  1  0  0    
    1  0  0  1  0 -1 -1  1 
 7  1 -1  0  1 -1 -1 -4  5 
 1  0 -1  0  0 -2 -4 -2  0 
    0 -2 -1 -1 -1 -2 -2  0 
       0 -1  0 -1 -2 -1    
          3 -1  0 -2       

--- Sample #488 | True: -3.6000003814697266 | Pred: -3.7029285430908203 ---
          1 -2 -5 -6       
      -4 -1  0  0  0  0    
    0 -1  0 -1 -2 -2 -2 -1 
 0 -1 -1  0 -1 -3  0 -2 -1 
-2  1  1  0  1  1 -2 -2 -2 
    0  0  1  1  1 -2  1  1 
       1  1  2  2  0 -1    
          0  0  1  4       

--- Sample #489 | True: -4.099422454833984 | Pred: -5.337913513183594 ---
          1  1 -1  5       
       5  0  1  2 -2  1    
    0  0  3  0  1  0  3  0 
 0  2  3  1  1 -1  0 -14  2 
-4  1  3  1  0  0  2 -2  2 
    0  0  0  1  0  0  1  1 
      -1  0  0  0 -2 -2    
          0 -6 -1 -1       

--- Sample #490 | True: -3.0882701873779297 | Pred: -5.504085540771484 ---
          3  3 -2  1       
       1  0  1  4  1  2    
    3  3  1  0  2  3  0  2 
 3  3  1  1  1  0  2 10  0 
 2  3  1  1  0  3  3 -4  2 
    1  3  0  0  2  2  3  2 
       4  2  2  2  3 -1    
          4  6  1  5       

--- Sample #491 | True: -2.866344451904297 | Pred: -4.411275863647461 ---
          1  3  0 -2       
       2  3  0  1  0 -1    
    0  1  0 -1  1  0  0  0 
 2  0  0  0  1  0  1  2  1 
 0  0  1  1  0  1  0 -2  1 
   -2  0  2  0  0  0  1  1 
       2  3  1  2  0 -2    
          0  1  0 -1       

--- Sample #492 | True: -2.613269805908203 | Pred: -4.096036911010742 ---
          1  3 -1  5       
       2  0  2  1 -4  3    
    0  1  0  0  0  0  0  0 
 4  1  1  2  1  0  1  5  0 
 0  1  1  1  1  2  1  1  0 
    0 -2  0  0  2  0  0  0 
       1 -1  0  1 -1 -2    
          3 -1  0  3       

--- Sample #493 | True: -2.099231719970703 | Pred: -4.644018173217773 ---
          3  2  1  3       
       2  1  1  1  0  3    
    1  1  0  1  1  1  0  2 
 3  2  2  0  0  0  1  1  1 
 1  3  2  0  0  1  0 -5 -1 
    2  2  1  0  1  0  1  1 
       3  2  2  2  0  1    
          4  0  1  0       

--- Sample #494 | True: -2.76019287109375 | Pred: -3.426828384399414 ---
          0  1 -1  0       
       1 -1  1  2 -1 -2    
    0  0  0  0  0  0 -1  0 
 0  0  0  0  1  0 -2  2 -1 
-1 -2  0  1  2  1  0 -2  1 
   -2  1  0  0  1  0  0 -1 
       0  0  2  1 -1 -2    
          2  0 -1  0       

--- Sample #495 | True: -1.6959609985351562 | Pred: -3.3598155975341797 ---
          0  1  1  1       
       0  1  1  2  0  0    
    1  0  0  0  0  0  0  0 
 1  1  4  1  0  0  2  0  1 
 1  0  2  2  0  1  2 -14  0 
    1  0  0  0  0  1  1  3 
       1  0  0  0  0  1    
          0  3  3  1       

--- Sample #496 | True: -2.1686553955078125 | Pred: -2.6295928955078125 ---
          0  2  1  2       
      -2  0  0  0 -1  0    
   -1  0  0  0 -1 -1  3 -1 
 0  0  0  1  1  0  0 -10  3 
 2  1  0  0 -1 -1  1 -2 -2 
    3  0  0  0 -2 -2  0  0 
       0  0  0 -1 -1  0    
          2  0  0  0       

--- Sample #497 | True: -3.3455772399902344 | Pred: -4.027105331420898 ---
         -2  0  1  0       
      -3  0  0  3  1  4    
   -1  1  0 -1  2  1  0  0 
-1  0 -1  0  0 -2  4 -23  1 
 0 -4  0  0  0  1  1  7  0 
   -1  0 -1  0  1 -1  0  0 
       0 -1  0 -1  0 -2    
          0 -4 -2  2       

--- Sample #498 | True: -1.4101905822753906 | Pred: -4.256229400634766 ---
          2  3  0  3       
       4  1  1  4  3  2    
    4  3  2  1  1  2  2  1 
 3  2  3  1  2  0  4 15  4 
 5  3  3  2  1  2  2 -10  5 
    3  3  0  1  0  1  6  6 
       1  2  0  1  2  1    
          4  3  3  4       

--- Sample #499 | True: -1.3463478088378906 | Pred: -2.8445396423339844 ---
          1  1  1  0       
       0  1  1  0  0  0    
    3  0  0  0  0  0  1  1 
 3  3  1  0  0  0  0 -2  3 
 2  3  2  0 -3  0 -1 -2  0 
    1  1  0 -1  0 -1  0  0 
       2 -1  0 -2  0  0    
          2  2  0  0       

--- Sample #500 | True: -2.6544227600097656 | Pred: -2.506072998046875 ---
          0  0 -4 -1       
       0  0  0 -1 -2 -1    
    0  1  0  1 -2  0 -2 -1 
-2  0  0  0  0  0  1  0  1 
 2  0  0 -1  0  0 -1 -2  0 
   -3 -2 -1  0 -1  0  0  0 
      -3 -3 -2 -1 -2  0    
          0 -3  0  0       

--- Sample #501 | True: -1.5967292785644531 | Pred: -4.829219818115234 ---
          3  5  7  7       
       3  2  2  3  2  2    
    2  1  1  1  0  2  4  1 
 3  3  2  0  1  0  1  0  2 
 4  3  1  2  2  2  1 -2  2 
    1  2  0  2  1  0  2  1 
       2  0  1  0  2  2    
          3  4  0  0       

--- Sample #502 | True: -1.7488479614257812 | Pred: -2.7010459899902344 ---
          1  0  2  1       
       0  1  0  0  1  2    
    2  0  0  0  0  0  2  0 
 0  0  0  1  1 -1  0 -9  0 
 0  1  2  2  0  0  0 -3 -1 
   -1  0 -1  0 -1 -1  4  0 
      -2  0 -1 -1  0  0    
          0  0  0  2       

--- Sample #503 | True: -15.594230651855469 | Pred: -21.253114700317383 ---
          5  6  3  1       
       2  3  3  0  1 -3    
    1  2  2 -2 -4 -3 -3 11 
14 18  3 -4 -5 -5 -5 19  8 
14 12 17 18 17 13 16 -2  1 
   11  3 10 13  9  6  3  4 
       3  1  2  0  3  0    
          2  3  6  3       

--- Sample #504 | True: -16.204038619995117 | Pred: -16.383867263793945 ---
          1  0  3  1       
       0 -3  1  1  3  0    
   -1 -1 -1 -1  0 16 19  6 
 3 -7 -8 -8 -5 -3  0 24  4 
 3  0  0  2  0  2  2 -3  1 
    0 -2  0 -1  0  4  1  2 
      -3 -1  0  0  0  0    
         -2 -2  1 -1       

--- Sample #505 | True: -16.168655395507812 | Pred: -16.466825485229492 ---
          3  1  2  0       
       1  0  1  0 -4 -10    
    1  0  0 -1 -1  6 -7  1 
 1  7 -3 -2  1  2  3 12  2 
10  5  2  1  0 -1 -2 -3 -2 
    5  0  1 -1  0  0  1  3 
      -1 -1  1  1  2  1    
          3  0  4  2       

--- Sample #506 | True: -16.749807357788086 | Pred: -16.14351463317871 ---
          1  0  2  0       
       0 -2  0  0  0 -3    
    0 -2 -3 -3 -2 -4 -4  3 
 5 15 -6 -6 -1  0  1 16  4 
 1  1  0  0 -2 -2  1 -3  0 
    0  0  0  0  0  2  0  0 
       0  0  0  0  0 -2    
         -2 -2  0  0       

--- Sample #507 | True: -17.764423370361328 | Pred: -15.832376480102539 ---
          1  1  3  2       
       0 -2  1  1  2  0    
    0  0 -1 -1  0 -2  0  8 
-7  3 -7 -6 -2 -4  0  6  5 
-2  1  0  2 -2 -2  0  1  3 
    0  0  1  0  1  2  1  1 
      -5 -2 -1  0  1  0    
         -1 -2 -1  0       

--- Sample #508 | True: -16.343076705932617 | Pred: -16.811931610107422 ---
          3  2  6  5       
       1  0  2  2  4  2    
    0  0  0  0  0  0  4 10 
-4 -5 -4  3  0 -1  1 14  9 
11  8  4  2  1  1  2 -2  5 
    6  5  5  2  4  4  5  5 
       4  3  4  5  5  1    
         -3  1  4  6       

--- Sample #509 | True: -1.6576919555664062 | Pred: -3.1966476440429688 ---
         -5  0  2  4       
      -2  0  0  3  1  1    
   -1  1  0  1  0  0  1  2 
 2  2  2  1  2  0  0  6  0 
-1  2  0  1  1  0 -5  8  0 
    0  1  1  0  0  0  0  0 
       2  1  0  2  1  0    
          4  3  2  1       

--- Sample #510 | True: -2.5638465881347656 | Pred: -3.153789520263672 ---
         -1  1  3  3       
      -2  1  0  0  1  1    
   -1  0  0  0  0  1  2 -1 
 5  0  0 -1  0  0  0  2  0 
 2  0  0  0 -3 -1 -2 15 -2 
   -1 -1  0 -1 -1  0  0  0 
      -1 -2  0  0  0  0    
          1  1 -1  1       

--- Sample #511 | True: -8.247882843017578 | Pred: -3.9896316528320312 ---
         -11 -12 -14 -14       
      -2 -8 -7 -5 -9 -6    
   -4 -3 -3 -5 -3 -4 -4 -5 
 0 -2 -4 -4 -4 -5 -2 -5 -1 
-2 -2 -5 -4 -3 -3 -8 -13  0 
   -4 -7 -5 -4 -2 -5 -5 -1 
      -5 -5 -4 -3 -2 -2    
         -4 -4  0 -1       

--- Sample #512 | True: -6.798652648925781 | Pred: -8.327892303466797 ---
         -13 -13 -11 -11       
       0 -2  1  6  4  8    
   -3  0 -1  0  1  1  5  4 
 4 -4 -2  0  2  1  3  6  3 
 5  0  0  0  1  1  0 -3  3 
    2  4  2  1  2  4  4  4 
       5  3  1  3  3  3    
          1  2  0  3       

--- Sample #513 | True: -5.096153259277344 | Pred: -4.797393798828125 ---
          6  8  8  4       
      -6 -1 -1  2 -2  1    
   -1 -4  0 -1  0  0  2 -2 
 1 -2 -1  1  0  0  0  0  2 
 0  1 -1  0 -1  0 -1 13  0 
    2  0  1  0  1  1  0 -1 
       0  0  1  0 -2 -1    
          0 -3 -3  0       

--- Sample #514 | True: -4.787693023681641 | Pred: -5.432462692260742 ---
          3  6  6  5       
       2  1  2  6  3  4    
    0  0  1  0  0  2 -1  1 
 2  2  0 -2 -1  0  0  0  3 
 0 -1  0 -3 -2 -1  0  0  2 
   -1 -2  0 -2 -7  0  0  0 
      -1 -3 -4 -3 -2  1    
          1 -2  0  0       

--- Sample #515 | True: -5.915576934814453 | Pred: -5.810014724731445 ---
         -7 -6  0  0       
      -2 -6 -2  0  1  0    
   -3  2  0  0  0  0 -2  0 
-3  2  0  0  1 -1 -3  4 -6 
 5  0  0  1 -2 -2  0  2 -3 
    1  2  1 -1 -1  2 -1 -3 
       3  2  0  0  0 -3    
          5 -1  1  2       

--- Sample #516 | True: -13.932308197021484 | Pred: -11.744281768798828 ---
         -3  0  2  0       
      -4 -10 -3  0  2  7    
   -3 -5 -12 -5 -6 -3  4  1 
-5 -10 -9  0  3  4  1 -1 -4 
 0  2  2  3  2  0  2  0 -15 
    4  5  2  3  3 -16 -12 -9 
       4  0  5  6 10 -12    
          3  8  5 -9       

--- Sample #517 | True: -12.076347351074219 | Pred: -12.684562683105469 ---
          7 -6  0 -7       
      12  8 -13  8  6  7    
   10  6 -11 -9  0 -1  5  3 
 5  3  5  4  1  4  2  3  2 
10  4  2  0 -3  0  3  6  4 
   -16  1  0  1  6 -6 -4  2 
      -1 -3  0  3 12 -7    
          1  3  7 -5       

--- Sample #518 | True: -12.709037780761719 | Pred: -12.613748550415039 ---
         -2  2 -6 -13       
      -4 -7 -8  5  0  0    
   -1 -5 -3 -19  0 -3  3  1 
 5  7 -11  7  3  3 -1  4  0 
11  4  3  3 -2  0  3  0 -2 
   -1  1 -1  2  7  4 -6  0 
       2 -4  0  9 17 -7    
         -2  7 13  4       

--- Sample #519 | True: -10.025577545166016 | Pred: -10.681825637817383 ---
          8  7 -9  6       
      11  9  4  3  3  5    
    9  9  0  0  2 -1  3  1 
 5  4 -16  1  1 -3 -4 -13  1 
 3  7  2  0  0  0  0  0 -4 
    2  1 -2 -2  4 -6 -12 -8 
      -2 -6 -5  0  9 -14    
          0  3  7  1       

--- Sample #520 | True: -7.795192718505859 | Pred: -9.480962753295898 ---
          1  4  5  6       
       2  1  5  6  4  4    
    2  4  3  2  2  1  2 -2 
 0  3  2  1 -1 -2  0  1  1 
 5  0  0  0  1 -1 -2  0  3 
    0 -2 -1  1  0 -1  0 -3 
      -3 -4 -1  0  1  2    
          2 -1  2  1       

--- Sample #521 | True: -8.783075332641602 | Pred: -7.028547286987305 ---
          0 -2  1  0       
      -3  0  0  0 -2 -2    
   -3 -1 -1 -1 -1  0  0 -5 
-6 -3 -3 -5 -3 -3 -1  2 -2 
 1  0 -1 -4 -3 -2 -4  5  0 
   -2 -3 -4 -1 -2 -1  2  0 
      -1 -3 -1 -1  1  3    
          2  0  2  2       

--- Sample #522 | True: -11.821346282958984 | Pred: -8.044851303100586 ---
         -1  1  0  0       
      -6 -2 -1 -3 -2 -3    
   -2 -1 -2 -3 -1 -1  1 -3 
-2 -2 -2 -2 -2 -3 -3 -1  0 
-1  0  0 -5 -3 -7 -10 -7  0 
   -6 -9 -7 -7 -1 -5  0 -3 
      -10 -10 -7 -11 -2  0    
         -3 -4 -4 -1       

--- Sample #523 | True: -2.1805763244628906 | Pred: -3.265348434448242 ---
          0  2  2  0       
       1  1  0  0  0  0    
    0  0  0 -1  0  0  4  0 
 0  0 -2  0 -1  0  0  2  0 
-3  0  0 -1  0 -1 -1  0  2 
    0  1  0  0  0  0  1  0 
       4  1  2  1  3  1    
          3  2  2  1       

--- Sample #524 | True: -3.3892288208007812 | Pred: -2.799144744873047 ---
          5  0  2  1       
       0  0  0  0 -7 -2    
    2  1 -3 -2  0  0  1  2 
 4 -1  0  0 -1 -1  0  0 -1 
 6  1  1 -1 -4 -3 -1 27 -1 
   -1  0 -1  2 -1 -9  0 -30 
       1  1 -3  0 -4 -1    
          1  2  0 -2       

--- Sample #525 | True: -4.769617080688477 | Pred: -5.309030532836914 ---
         -1  1  1 -1       
      -1  0  0  0  0 -2    
   -3  0  0 -1 -1  0  2  2 
-1 -1  0 -1 -2 -2  0  4  0 
 0 -1  1  0  0  0  0 -17  2 
    0  0  0  0  0  1  2  3 
       0  0  0  1  1  2    
          2  2  4  1       

--- Sample #526 | True: -3.2226905822753906 | Pred: -5.731452941894531 ---
          3  3  6  6       
       4  1  2  2  0  2    
    8  3  0 -1  2  0  2  1 
 2  2  1  1  0  1  1  2  1 
 5  5  0  1  0 -1  0 27  0 
    4  3  0  0  0 -3  0 -3 
       9  0  1  2  1  1    
          4  3  4  4       

--- Sample #527 | True: -14.889999389648438 | Pred: -18.003620147705078 ---
          1 -2 13 10       
       3  3  0 10  6 13    
    2  3  6  2 10  7  7  1 
 0  0  1  4  0  6  7  9  1 
 1  0  0 -14  8  3  5 -1 -3 
    8 -11  0 11  4  9 -22 -9 
      14 10  6  2 -24  0    
          5  9  3  2       

--- Sample #528 | True: -13.380577087402344 | Pred: -17.052095413208008 ---
          2  0  2 12       
       4  3  0 11  4 10    
    3  3  8  4 10  7  4  6 
 1  0  0  5  1  3  4  5  0 
16 12  0  1  8  5  6  2  5 
   11 -9 11 16  6 12  7  6 
       9 14 12  2  0 -19    
         10  8  7  8       

--- Sample #529 | True: -14.318267822265625 | Pred: -17.520681381225586 ---
          1 -2  8  8       
       1  2  0 10  7 12    
    1  2  5  1  8  8 10  2 
 0  1  1  4  0  7  7 13  0 
-1 -3 -6  4  9  2  2  0  0 
   -10 -14  9  9  3  9 -17 -11 
      14 11 10  3 -3 -11    
         12 10  6  5       

--- Sample #530 | True: -13.180578231811523 | Pred: -11.784244537353516 ---
          6  5  5 -4       
       2  1  5 13 -5 -3    
    3  0  0  0 -10 -6  0 -1 
 4  0  0 -3 -2 -13 -4 -1  1 
 4 -3 -1 -6  0  9 -6  1 -6 
   -18 -26  0 -6  1 -9 -11  1 
      -17 -25  1  3 -2  8    
          2  0  4  1       

--- Sample #531 | True: -12.338462829589844 | Pred: -12.354713439941406 ---
          6  7 -9 -6       
       6  5  6 -12 -8 -4    
    4  0  0  1 -15 -8 -2 -1 
 7  1  1  0  0 -12 -4 -3  1 
16 11  7  1  2  0 -9 -1 -2 
    8 -22  6 -3  2  2 -14  1 
      -17 -23  6  9  5  8    
          6  2 -1  5       

--- Sample #532 | True: -11.165769577026367 | Pred: -11.51230239868164 ---
          9 11 15 -1       
       5  4  5  5 -4  0    
    6  1  2  1 -8 -3  0 -2 
 3  0  0 -1 -1 -9 -2  0  2 
 8  5  2  0  5  2 -13 -2 -12 
    2  0  4 -3 -3 -19 -21  0 
      -4 -27  2  1 -1  1    
          2  0  0  2       

--- Sample #533 | True: -9.580963134765625 | Pred: -7.526123046875 ---
         -8 -7  7  1       
      -11 -3 -15 -5 -2  0    
   -8 -9 -9 -19 -6 -6 -1 -2 
-11 -11 -16 -18  3  2  4 -17  1 
 5  2  0  1  4  0  0 -2  2 
    1  0 -1  1  1  0  1  0 
       5 -3  2  1  0  0    
          3  6 -1  0       

--- Sample #534 | True: -9.805961608886719 | Pred: -9.998455047607422 ---
          0  2  1  0       
      -4 -1  1  3  0  4    
   -5  9  7 11 -11 -13  2  4 
 2  2 11  0 -11  2  5 -3  5 
 1 -1  1  0  2  0 -1  0  2 
    0  0  0  1  0 -4 -1  0 
      -3  0 -1  0 -1  0    
          3  1  2  1       

--- Sample #535 | True: -10.781347274780273 | Pred: -9.98123550415039 ---
         -7  0  2  0       
       3  0  7  9  0  4    
   -6 -6  3 -8 -1  5 -3 -3 
-2 -7  3 12 -6  5 10 -7  0 
-3  5  3  2  1  1 -1  8  2 
    1  0  3  4  1  1  0  1 
       0  0  0  1  0  0    
          3  0  1 -2       

--- Sample #536 | True: -15.868461608886719 | Pred: -12.884820938110352 ---
          0 -6 -7 -6       
      -4  0  0 -6 -12  2    
    0 -3 -4 -3 -6 -7  0  6 
 7  5  3 -5 -5  1 -6  3  0 
 7  0  6  0 -2 -4 -3  0 -6 
    4  0  0  1 -4 -2  1 -3 
       3  1  1  1  0 -4    
         -1  3  2 -3       

--- Sample #537 | True: -12.012115478515625 | Pred: -16.74497413635254 ---
         14  4  8 11       
       6  0 -2  3  3 13    
    0 -2  0  2 11  8 13  8 
-5  0  0 16  0  9 18 -4  6 
10  4  1  3  4  2  2 21  4 
    3  2  4  5  1  0  0  0 
       3  5  3  0 -1 -7    
          9 10  1  5       

--- Sample #538 | True: -13.96327018737793 | Pred: -9.545219421386719 ---
         -7 -9 -2 -9       
      -10 -10  1 -3 -5 -11    
   -6 -9 -10 -7 -3 -8 -9 -6 
 4 13  0 -9 -11 -3 -11 -8 -4 
 0 -2  1  0  0  1  0  0 -2 
   -2 -2 -1  0  0 -2 -1 -4 
      -2 -4 -6 -3 -2 -5    
         -6 -3  0  0       

--- Sample #539 | True: -2.4661521911621094 | Pred: -4.112945556640625 ---
          0  0 -1 -2       
       0  1  0  0 -2  0    
   -1  3  1  0  0 -2  0 -3 
-1  1  1  1  3  0  0 -8  1 
 0  1  1  1  1  0  1 -2  0 
    1  2  1  2  2  1  1  1 
       0  0 -1  0  0  0    
          0 -1  1  0       

--- Sample #540 | True: -2.499614715576172 | Pred: -4.19261360168457 ---
          0  2  2  1       
       1  1 -1  0  0  0    
    0  2  2  0 -2 -1  2  1 
 5  0  1  1  0  0 -1  3  0 
 2  0  1  2  1  0  0 -3  0 
   -1  0  1  1  2  1  0  0 
       3  1  0  0  2  1    
          2  1  2  1       

--- Sample #541 | True: -2.181537628173828 | Pred: -4.128086090087891 ---
          1  0  1  0       
       0  1  0  1 -1 -2    
    0  1  2 -1  0  0  1  1 
 1  0  3  3  0 -3  0  0  2 
 0  3  2  0  1  0  2 -2  2 
    3  2  2  1  2  1  1  2 
       0  1  1  0  0  1    
          0 -1  0  1       

--- Sample #542 | True: -2.356731414794922 | Pred: -2.6326522827148438 ---
          0  0  1  0       
       2  0 -1 -1  0  0    
    0  1  1  0 -1 -1 -1  0 
 0  1  1  0  0 -1  0  0  0 
 0  0  0  0  2  0  0 -6  0 
    3  1  0  1  1  0 -1  1 
       3 -2  0  0 -1 -2    
          0  0  1 -1       

--- Sample #543 | True: -1.6903839111328125 | Pred: -3.6326065063476562 ---
          3  3  3  4       
      -2  2  1  1  0  0    
   -1  2  1  0  0  1  0  1 
 0  0  0  0  1  0  0  3  1 
 1  1  0  1  1  2  0 -2  2 
    0  0  1  1  1  1  0  1 
      -2  0  1  2  3  0    
          1  3  2  2       

--- Sample #544 | True: -2.6959609985351562 | Pred: -2.761859893798828 ---
         -3  0  0  0       
      -3 -2 -1  0 -1  0    
   -1  0 -2  0 -1 -1 -1  0 
 3  0  1  0  0  0  0  1  0 
 1  0  3  0  0  0 -1 -2  1 
    0  0  0  1 -1  0 -1  0 
      -1 -2  0  0 -2 -1    
          1 -1  0 -1       

--- Sample #545 | True: -1.1246147155761719 | Pred: -2.7699356079101562 ---
          6  2 -3 -4       
       1  2  0  1  0  0    
    2  2  0  1  0 -1  0  0 
 2  0  0  0  1  1 -1  0 -2 
 9  0  2  1  4  1  0 -2 -1 
    1  2  1  2  0  0  2  2 
       1  1  2 -2  0  0    
          2  2  0  0       

--- Sample #546 | True: -1.9225006103515625 | Pred: -3.2002487182617188 ---
         -2  0  1 -1       
       0  0  1  2  2  3    
   -4  0  0  0 -4  1  3  0 
-1  0  0  0  0  0  2  1  2 
 0 -1  3  0  1  3  0  1 -1 
   -4  0  1  0  0  0  0  3 
      -1  0  1  0  1  0    
          0  2  1  1       

--- Sample #547 | True: -2.562114715576172 | Pred: -3.8686790466308594 ---
          0  3  2  0       
       1  1  1  0 -1  0    
    0  2  1  0 -2  0  1 -2 
 2  1  0 -1  0 -1 -1  3 -2 
 0  0  1  1  1  0  0 -3  0 
    0  1  2  4  0  0 -1  1 
       1  2  2 -1 -1  0    
          2  1  1  1       

--- Sample #548 | True: -1.6623077392578125 | Pred: -3.549154281616211 ---
          2  3  3  1       
       2  2  3  3  1  0    
    2  1  0  0  0  0  0 -1 
 0  1  0 -1  1  1  1  2  0 
 1  1  1  0  1  2  0 -2  0 
    2  0  1  1  1  1  0  4 
       1  0  2  1  1  1    
          2  3  4  3       

--- Sample #549 | True: -2.7449989318847656 | Pred: -3.189128875732422 ---
          1  2  4  4       
      -3  0  0  2  0  2    
   -7  0  0 -2  0  0  1  0 
-8 -7 -3 -3  0  0  0  3  3 
-4 -2 -1  2  2  0 -2 -2  2 
    0  0  0  1  0  0  0  2 
       0 -3  0  0  0 -1    
          2  0  0  1       

--- Sample #550 | True: -2.197498321533203 | Pred: -3.3450965881347656 ---
          1  5  0  6       
       3  1  0  0  1  8    
    1  0  0 -4 -2  0  0  0 
 5  4 -9 -2  0  1  0  2 -1 
 7  3  1  1  0  2  0 -1  0 
    3  4  2  4  0  0 -1  1 
      -2 -1  1  1 -1 -1    
          1  0  2  0       

--- Sample #551 | True: -3.001922607421875 | Pred: -3.1647911071777344 ---
          1  0  3  2       
       3 -1 -1  0  1  1    
    1  1  1 -1  0 -1  0 -2 
 4 -4 -14 -2  1  0  0 -1 -2 
 1  0  1  0  0  1 -2 -2  0 
    1  2  1  2 -2 -3 -1  0 
       2  0  3  0 -3 -1    
          4  2  1  0       

--- Sample #552 | True: -2.988079071044922 | Pred: -3.7892303466796875 ---
          4  1  1  6       
       8  4  0  2  1  0    
    1  3  3  2  1  0  0 -3 
 1 -3 -14  0  2  4  0  0 -2 
 0  0  0  2  1  1  0  0  0 
   -5  2  2  2  0  3 -1  0 
       0 -2  1  2 -1  4    
          3  1  1 -1       

--- Sample #553 | True: -2.2569236755371094 | Pred: -3.2209415435791016 ---
          4  0  1  9       
       0 -2 -2  0  0  1    
    7  4  1 -3 -3 -3 -1 -2 
 9  4  0  1  2  3  4  4 -5 
 7  2  1  3  2  2 -1 -2 -2 
    0  2  1  4  1  0  0  0 
       0 -1  1  0 -2  0    
          1  1  1  2       

--- Sample #554 | True: -3.135578155517578 | Pred: -3.5902023315429688 ---
          1  1  0  0       
       9  0 -1  1 -3 -2    
   -1  2 -1 -2 -2  0 -2 -3 
 0  2 -9  0 -2  0 -1 -3 -2 
 2  2  0  4  0  0 -2 -1  2 
    4  0  1  0 -3  0  0  0 
       0 -1  0  1 -1  0    
          1  1  0  1       

--- Sample #555 | True: -3.561922073364258 | Pred: -4.241155624389648 ---
          0  0  0  1       
      -1 -2 -2  0  0  1    
    2  0  0  0  0 -1  0 -2 
 0  0 -3 -2  3  4  1  4  0 
 2  0  0  1  2  2  1 -2  0 
    0  2  1  1  1  3  0  0 
       0 -2  0  0 -1  2    
          3  2  2  0       

--- Sample #556 | True: -3.815959930419922 | Pred: -4.491266250610352 ---
          0  3  3  4       
       0  0  2  0  0  0    
   -5  1  1  1  0  0  0 -1 
 4 -1 -2 -4  1  0 -3  2  0 
 4 -2 -1  0  0  0 -4 -2  0 
    0  0  1  2  1  0 -4  0 
      -1 -1  2  4  0 -3    
          3  0  2  0       

--- Sample #557 | True: -0.43365478515625 | Pred: -2.7278213500976562 ---
          6  3  0  3       
       4  4  0  3  2  1    
    0  2  2  1  1  0  2  2 
 2  1  0  1  0  1  0  4  0 
 0 -2  0  1  2  0  0 14  1 
    1  2  1  3  0  1  1  1 
       3  2  0  0  1  1    
          1  6  6  3       

--- Sample #558 | True: -1.4680747985839844 | Pred: -1.6692276000976562 ---
          0  0  0  1       
       3  1  0  1 -1 -2    
    0  2  0  1 -1 -1  0 -1 
 1  0  0  0  0 -3 -1  0  0 
 0  1  0  0  0 -4 -4 -11  0 
    0  0  0  0 -1 -1 -2  0 
      -1  0  1  0 -1 -1    
          0  0  0  0       

--- Sample #559 | True: -2.6111526489257812 | Pred: -2.4777908325195312 ---
          0  0  2  1       
       1  1  0  0  0  1    
   -1  2  0  3  0 -2  0  0 
-2  0 -1  0 -1 -1 -1  2  0 
 0  0 -1  0  0 -1 -2 -2 -1 
   -1  0 -1 -1 -1 -1  0  0 
      -2 -2 -1 -1 -1 -1    
         -1 -1 -1 -1       

--- Sample #560 | True: -3.0048084259033203 | Pred: -3.302766799926758 ---
          0  0  0  1       
       0  0 -2 -3  0  0    
   -2  0  0  0  0 -1  0  0 
 0  0 -1  0  0  0  0 -2  0 
 1  1  0  0 -1 -2  0 17  1 
    0  0  0  0  0 -1  3  1 
       0 -1  0  0  0  0    
          2  2  2  2       

--- Sample #561 | True: -2.529998779296875 | Pred: -5.039554595947266 ---
          3  1  2  4       
       1  2  1  1  0  1    
    1  1  1  0 -1  0  2  0 
 6  1  1  0  0  0  1 -1  0 
 3  2  1  3  0  0  0 -6  0 
    6  0  1  2  0  1  1  2 
       1  1  2  0  0  2    
          3  3  1  2       

--- Sample #562 | True: -2.38134765625 | Pred: -3.7734737396240234 ---
          1  1  1  1       
       1  1  0  2  1  2    
    0  2  1  0  0  0  0 -1 
 0  0  1  0  0  0  0 -9  0 
 3  0  1  0  1  0  0  4  1 
   -2  0  0  0 -1  0  0  0 
       4  1  2  0 -2  1    
          2  3  0  0       

--- Sample #563 | True: -2.6046142578125 | Pred: -4.2510528564453125 ---
          1  1  3  2       
       2  3  3  2 -1  0    
    1  3  0  1  0 -1  0  0 
-2  0  0  0  0  0  2  1  2 
-1  0  0  2  3  1 -2 -1  0 
    2  0  0  1  0  0 -1  1 
      -2 -1  1  0  1  0    
          1  3  3  2       

--- Sample #564 | True: -0.6921157836914062 | Pred: -4.190395355224609 ---
          4  8  5  6       
       7  1  2  3 -2  6    
   -2  2  1  2  1  0  2  6 
 0  1  1  1  1  0  0 -5  4 
 1  1  2  1  2  1  4 -5  7 
    1  2  2  4  1  4  2  2 
       1  2  2  3  3  2    
          4  4  4  5       

--- Sample #565 | True: -1.4038467407226562 | Pred: -2.3158302307128906 ---
          0  3  2  1       
       0  0  1  1 -1  0    
    0  1 -2  0  0 -1  0  2 
 0 -2  0  0  0  1  0  0 -1 
 0  2  1  0  0  3 -1 -2  2 
    0  0  0  1  0  1 -1  0 
       0  0  1  1 -2 -1    
          1  3  1 -3       

--- Sample #566 | True: -2.4586524963378906 | Pred: -2.564708709716797 ---
          0 -1 -1  1       
       2  2 -2 -1 -4  0    
    0  1  0 -1  0  0  0  0 
 1  0 -3  0 -1  0  0 -2 -1 
-3  0  0  1  0  0 -2 -2  0 
   -3  0  0 -2 -1  0 -1 -1 
       0  0  0  0  0 -2    
          5  0  1  1       

--- Sample #567 | True: -2.3646163940429688 | Pred: -3.5057830810546875 ---
          2  1  4  3       
       1  2  0  2  1  3    
    2  1  1 -1  0  0  0  1 
 2  0  0 -2 -2  1  0 -23  1 
 2 -1  0  1  0  0  0  9  1 
    0  0  0  1 -1  1  2  1 
       1  1  2  0 -1  0    
          0  1  1 -3       

--- Sample #568 | True: -1.5738487243652344 | Pred: -3.4899044036865234 ---
          2  0  7  3       
       1  3  2  2  2  6    
    1  2  1  1  0  1  3  0 
-1  2  1  0 -1  0  5 17  3 
 0  0  0  0  1  3  4 -10  3 
    1  0  1  1  1  1 -1  3 
      -1  0  2  0  0  1    
          6  4  4  3       

--- Sample #569 | True: -1.39923095703125 | Pred: -4.944866180419922 ---
          5  5  6  5       
       6  6  1  5  2  3    
    6  4  1  3  2  2  0  2 
 9  5  4  3  2  0  0  3  4 
 7  3  2  4  2  0  1 18  2 
    4  2  2  3  1  2  1  1 
       7  2  1  1  1  1    
          2  4  3  2       

--- Sample #570 | True: -1.3271141052246094 | Pred: -3.0636653900146484 ---
         -1  0  5  5       
       1  0  0  4 -1  0    
    0  0  0  1  2  0  0  1 
 3  1  0  0  0  0  3  2  1 
 3  0  0  0  0  1  0 -2  2 
    0  1 -1  0  1  0  0  2 
       0  0  0  1 -1  0    
          6  0  1  2       

--- Sample #571 | True: -2.162883758544922 | Pred: -2.9142990112304688 ---
         -1  0 -1 -3       
       0  0 -2 -5 -2  0    
    0  1  0 -1  0 -2 -1 -2 
 2  2  0  0  1 -1  0 -5  0 
 0  0  1  0  0  0 -1  1 -1 
    1  0  0  0  0  1  0  2 
       0  0  1  0  0  0    
          2  2 -1  1       

--- Sample #572 | True: -1.6267318725585938 | Pred: -7.503393173217773 ---
         14 18 16 15       
      15 11 13 11  8  7    
    7  6  7  8  7  5  5  6 
11  8  8  6  3  0  2  7  2 
 7  3  0  0  1  0  2 -1  3 
    2  1  0  0  0  2  1  2 
       2  0  0  0  2  0    
          4  1  4  4       

--- Sample #573 | True: -2.927886962890625 | Pred: -2.789581298828125 ---
          0 -3  0 -6       
       0  0 -1  0  0 -4    
    1  1 -6  1  0 -8 -3  0 
-3  0  0  2  0  0  0 -3  0 
 2  2  1  0  0  0 -1 -2  0 
    0  1  0  0  0 -1  0  1 
       0  0  2  1 -2 -1    
          0 -1  0  0       

--- Sample #574 | True: -2.5230751037597656 | Pred: -4.867288589477539 ---
          0  2  5  1       
       2  5  0 -1  0  3    
    3  3  1  0  2  0  3  2 
 2  1  3  0  0  0  1 -1  2 
 2  2  3  1  0  1  0 -2  0 
    3  2  0  2  2  3  2  3 
       2  0  0  1  1  0    
          0  1  2  2       

--- Sample #575 | True: -16.287498474121094 | Pred: -16.10932159423828 ---
         13  9  1 14       
       2 -5 -9 -6 -9  9    
    3 -8 -1 -6 -6 -9 -6  2 
 1 -4 -7  1  2 16 -2 -4  8 
12  8  4 -1  4  5 -8 -3  1 
    5 -5 -9  3  9  0  0 -1 
       6 -1  1  3  3  0    
          1  0 -1  4       

--- Sample #576 | True: -13.504806518554688 | Pred: -18.910518646240234 ---
          5  4 -5 -1       
       4  5  3  7  2  2    
    0  2  6 11  0  3 -3 -11 
 0 -1  3 -3  9  4  4  2  5 
 1  2  1  1 23 -5 -8  0  8 
    4 11  9  6  8  9  8  6 
       7  7  6  4  7  8    
          8  3  2  7       

--- Sample #577 | True: -1.73345947265625 | Pred: -2.9408035278320312 ---
          0  0  0  2       
       0  0  1  2  2  0    
    0  2  0  0  1  1  1  1 
 0  0  1  0  1  0  0  4  0 
 1  0  0  1  0  0  1 -4  0 
   -2  1  2 -1  0  0  1  1 
       0  0  1  1  0 -1    
          0  1  0  0       

--- Sample #578 | True: -2.398845672607422 | Pred: -2.335895538330078 ---
         -1  0 -1  0       
       0  1  0  1  3  1    
   -1  1  0 -1 -2 -2  1  0 
-1  0  0  1  0 -1 -1  0  0 
 0 -1  0  0  0  0  0 11 -4 
   -6  0  0  0  0  0  0 -4 
      -2  0  2  0  0 -1    
         -1  1 -1  0       

--- Sample #579 | True: -1.6411552429199219 | Pred: -3.0815086364746094 ---
          4  2  3  0       
       1  0  0  1  2 -1    
    1  2  0  1  0  0  1  1 
-1  0  0  0  0  0 -1 -2  0 
 0  0  0  0  0  0  0 -7  1 
    1  0  0  0  0  0  1  1 
       2  1  2  1  0  0    
          3  4  3  1       

--- Sample #580 | True: -3.9490394592285156 | Pred: -2.5022926330566406 ---
         -2 -2  0 -3       
      -1 -2 -8 -2 -2 -4    
    0  0 -2 -4  0 -1 -3 -4 
-2  0 -1  1  0  1  0  0 -1 
-4  0 -1  1  0  0  0 -3 -8 
   -6 -4 -1  0 -2 -2 -2 -4 
      -2  0 -1 -1 -2 -2    
         -1  0 -4 -3       

--- Sample #581 | True: -3.217306137084961 | Pred: -5.169427871704102 ---
          2  5  2  2       
       1  4  3  2  0  0    
    0  2  2  1  1  1  3  0 
 0  0  1  1  2  0  1  0  1 
 0  0  1  2  1  0  2 13  1 
   -2 -1  2  1  1  0  1  1 
       0  0  1  1  0  3    
          1  2  2  0       

--- Sample #582 | True: -3.6126937866210938 | Pred: -4.323894500732422 ---
          2  0  1  4       
      -1  1  0  2  1 -1    
    0  0  1  0  1  0  1  3 
-1  0  0  1  0  1  0  0  0 
-1 -2 -2  0  1  2  0 -13 -2 
   -2  1  0  0  2 -1  1 -1 
      -1  0  0  0 -3  0    
         -1  2  1 -1       

--- Sample #583 | True: -2.2753829956054688 | Pred: -4.966493606567383 ---
          1  2  3  2       
       2  0  3  1  1  0    
    1  2  1  2  1  1  2  1 
 3  1  2  2  2  1  1 10  6 
 3  2  2  1  1  1  4 -3  4 
    3  1  1  3  1  2  3  2 
       0  2  2  3  2  0    
          1  3  0 -1       

--- Sample #584 | True: -3.1438465118408203 | Pred: -3.4712486267089844 ---
          0 -1  1 -1       
       2  1 -3  0 -4 -3    
    0  2  1  0  0  0  0 -1 
 0 -1  0  0  0 -1  1  1 -1 
 0  0  1  0  0  0  0 -2  2 
    1  0  0  1 -1  1  0 -3 
       0 -1  1  0  0 -3    
         -4 -4  0 -3       

--- Sample #585 | True: -2.8767318725585938 | Pred: -3.829835891723633 ---
          1  4  2  1       
       0  2  2  3  1  1    
   -1  1  0  0 -1  1  0  2 
 0  1  1  0  0  0  0  2  3 
 3 -1  0  0  0  1  0  0  1 
    0  0  1  0  0  0 -2  2 
       0  0  1 -3 -4 -1    
          3 -1 -1 -2       

--- Sample #586 | True: -3.3780765533447266 | Pred: -4.2320098876953125 ---
         -3  0 -3 -2       
       0  0  2  0  0 -1    
   -2  0  0  1  0  0  0  0 
 1  0  0  1  2  1  2  0  3 
 1  0  0  1  2  0  3 -4  2 
    2  1  1  1  1  1  0 -2 
       3  1  0  0 -1 -4    
          0 -2 -1  0       

--- Sample #587 | True: -3.9298057556152344 | Pred: -4.456947326660156 ---
          0  2 -1  0       
      -1 -1 -2 -1 -2 -2    
    0 -2  0 -1  0  0  0 -2 
 2 -1  0 -1  0  0  0  4  0 
 2  0  0  2  2  2  1 -4  3 
   -1  1  1  2  2  1  2  0 
       0  0  3  2  0 -4    
          1 -3  1 -1       

--- Sample #588 | True: -2.9544219970703125 | Pred: -4.949739456176758 ---
          5  4  3  7       
       3  3  4  3  2  2    
    2  3  1  2  1  1  2  2 
 3  2  1  2  2  0  1  3  4 
 2  2  0  0  1  2  1 -3  4 
    0  0  0  1  1  1  0  2 
      -1 -1 -1  1 -1 -7    
         -2  0 -1 -2       

--- Sample #589 | True: -1.9124984741210938 | Pred: -3.6839046478271484 ---
          4 -3  1 -4       
       4  2 -1  2  3  3    
   -1  2  2  1  2  2  4  2 
-2  0  1  1  0  1  4  8  1 
-1  0  0  1  0  0  2 -2  0 
    1  1  1  0 -1  0  1  0 
       3  2  1  2  2  1    
          4  0  1  1       

--- Sample #590 | True: -2.4201927185058594 | Pred: -3.7710189819335938 ---
          2 -1 -1  0       
       4  3  0  0  1  0    
    2  3  3  0  0  1  1  0 
-2  3  3  0 -1  0 -1 -1  0 
 1  1  0 -1  0  0  1 -2  0 
   -1  1  0  0  1  0  0  2 
       0  0  1  0  0  0    
          4  2  0  0       

--- Sample #591 | True: -2.6111526489257812 | Pred: -4.325168609619141 ---
          0  1  0  2       
       2  2  2 -1 -5 -1    
    0  2  1  0  0 -2  0  2 
 0  0  2  0  0  0  0 -7  5 
 0  3  2  0  1  1  0  4  0 
    0  1  1  0  0  0  2  1 
       0  0  0  0  1  1    
          4  0  2  3       

--- Sample #592 | True: -3.564615249633789 | Pred: -4.154781341552734 ---
          1  0  0 -1       
       2  0  0 -1  0  0    
    0  2  0  0 -1  0 -1 -1 
 2  1  0  0  0  0  1  2  0 
 1  1  0  0  0 -1 -1 -8  1 
    1  0  0 -1 -1 -3  0  0 
       0 -1 -1 -1  0  1    
          0  0  1  1       

--- Sample #593 | True: -3.6538467407226562 | Pred: -4.8642730712890625 ---
          3  2  1  0       
       2 -1  0  1 -1  0    
    0  0  0  1  0  0 -1  2 
 2  0  2  1  1  0  0 -9  0 
 3  3  1  2  0  0  0  5 -3 
    1  0  1  0  0  0  0  4 
       0 -3  0  0  0  0    
          1 -3  4  2       

--- Sample #594 | True: -3.0671157836914062 | Pred: -5.325141906738281 ---
          1  0  1  6       
       3  3  2  1  0  1    
    2  4  2  0  0  2  0  3 
 0  1  2  2  1  0  3 -3  1 
 1  3  3  1  2  1  2 -1  2 
    3  2  2  1  2 -1  1  0 
       1  0  0  0  0 -3    
          0  0  0  1       

--- Sample #595 | True: -2.7755775451660156 | Pred: -4.18486213684082 ---
          0  0  0  0       
       0  0  0  4 -1 -1    
   -2  0  2 -1  0  0  2 -2 
 1  0  0  0  1  1  1  4  0 
 1  2  2  1  2  0  0  1  1 
    0  1  2  1  1  0  3  2 
       1  5  1  0  2  0    
          4  2  3  0       

--- Sample #596 | True: -3.365192413330078 | Pred: -3.715677261352539 ---
         -2  0  0  1       
       0  0  0  0  0 -2    
    0  0  2  0  0  0  0  0 
 3  0  2  2  2  0  4 -17 -1 
 0  0  0  0  0  0  0  4  0 
   -3  0  2  0  0 -1  0 -1 
      -2 -1 -1 -1  0 -4    
          0 -1 -1 -3       

--- Sample #597 | True: -7.237884521484375 | Pred: -7.929901123046875 ---
          0  2 -4 -1       
      -1 -2  0 -1  0  0    
   -4 -1  0 -1 -2  0  0  0 
 0 -5 -2 -4 -2  0  0 -1  1 
 7  1  1 -1  0  0 -2  1  0 
    1 -1  0  1  0 -2  0  3 
       0  5  4 -8  4  0    
          7  9  7  3       

--- Sample #598 | True: -6.978269577026367 | Pred: -7.830427169799805 ---
         -6  7  4 -3       
       2 -1  0  3  0 -1    
    0  1  2  0  1  0  0  0 
 1 -3  1  0  2  2  3 -16  1 
 2  0  4  3  2  2  2  0 -2 
    0 -4  5  1  4  2  1  0 
       3  0 -9 -6 -6 -2    
         -7 -3 -4 -1       

--- Sample #599 | True: -8.018075942993164 | Pred: -9.062753677368164 ---
          3  4  5 -5       
       4  0 -1  0 -1  1    
    3  3  1 -1 -1  0  1  1 
-1  1  3  1  0  0  1 -7  0 
 5  6  4  0  0  0  0  0  0 
    1 -6  2  2 -1  1 -1 -3 
      -4  2 -6 -17 -4 -3    
          7  1 -4  4       

--- Sample #600 | True: -9.243268966674805 | Pred: -9.913131713867188 ---
         -1  3  0  0       
       0 -2 -4 -1  0  0    
   -2  1  0 -4 -3  0  0  2 
 0  0 -1 -1 -1  0  0 -4  2 
 4  6  4  1  0  0 -2 -1  4 
   -2  1  6  2  2 -1  0  1 
       0 -1 -5 -11  0  0    
          2  1 -2  0       

--- Sample #601 | True: -8.306154251098633 | Pred: -10.163822174072266 ---
          3  2 -5  0       
       0  0  1  4  4  0    
    0  3  1  1  1  0 -2  3 
 3  1  0  0  2  0  3  1  1 
 8  5  1  0  0 -1  0  2  4 
    4  3  0  2  1  0  2  4 
      -1  1  4 -10  4 -3    
          9 11  0  1       

--- Sample #602 | True: -8.509231567382812 | Pred: -8.564935684204102 ---
         -2  3  7  5       
       2  0  2  3  3 -1    
   -1  0 -3  0  0  0 -3  4 
-2 -4 -1 -3 -1 -1  2 -2  2 
-1 -4  0  0  0  0  0 -3 -1 
   -1 -4 -2  0  2 -3 -2  0 
       1  1  0 -11  1 -8    
          5  3 -8 -5       

--- Sample #603 | True: -1.1432685852050781 | Pred: -2.8149642944335938 ---
          1  1  3  0       
       2  0  0  2  0 -1    
    0  0  0  0  0  0  0  0 
 2  0  1  1  2  0  0  3  0 
 4  1  2  2  0  0  0  0 -5 
    0  0  1  0  2  1  0  0 
       5  0  0  1  1  0    
          1  0  3  2       

--- Sample #604 | True: -2.6038475036621094 | Pred: -2.319660186767578 ---
          0 -2 -1  0       
       0  0  0 -1 -1  0    
   -3  0  1  0 -2 -1 -1 -4 
 0  0  1  0  0 -2  0 -12 -2 
 0 -1  0  0  0 -1 -4 -2 -2 
    0  0  0  0  0  0 -2 -2 
       2  0  1 -1 -2 -2    
          0  0 -1  0       

--- Sample #605 | True: -2.272308349609375 | Pred: -3.6226024627685547 ---
          0  3  2  3       
       0  0  2  2  0  1    
    1  2  1  0  0 -1 -1  1 
 1  0  0  1  0  0  0  2  0 
 2  0  0  2  0  0  0 -2  0 
    1  0  0 -1  0 -2 -1  0 
      -1  3  1  0 -1  0    
          2  4  2  0       

--- Sample #606 | True: -2.8824996948242188 | Pred: -3.330352783203125 ---
          0  0  1  0       
      -2  1  0  0  0  0    
   -3  1  1 -1 -1  0  2  0 
-3  0 -1  0  0 -1  0  2  0 
 3  0  0  0 -3 -1  0 -2  0 
    0 -2 -1  1  1  0  0  0 
       2  0 -1  0  0  0    
          1 -1  0  1       

--- Sample #607 | True: -2.8294219970703125 | Pred: -3.882732391357422 ---
         -3 -1  0 -2       
       0  2  0  1  2  1    
   -1  2  1  0  1  2  0  0 
 0  1  1  2  0  0  2 -1  0 
 1  1 -2  0  0  0  0  0  0 
    0  0  2 -1  0  0  0  2 
       0  0  0  0  0  0    
          0  1  2  0       

--- Sample #608 | True: -3.790384292602539 | Pred: -4.350200653076172 ---
         -1  5  1 -2       
      -1  0 -2 -2  0  1    
    0  0  0  0  0  2  0 -1 
 0 -1  0 -2 -1  1  2  2  0 
 0  0 -1  0  0  0  0 -3  0 
    0  0  0  0  1  0  1 -1 
      -1 -3 -2  1  2  0    
         -4  1  2  1       

--- Sample #609 | True: -2.6136512756347656 | Pred: -4.829813003540039 ---
          0 -1  2  1       
       2  2  2  1  2  4    
    3  2  1  1  2  1  3  0 
 3  3  2  3  5  7  8  4 -1 
 0  3  1  1  1 -19  0 -2  1 
    3  1  2  0  0  4  1  2 
       0 -1  0  2  2  0    
         -2  0  4  2       

--- Sample #610 | True: -3.9096145629882812 | Pred: -3.7197189331054688 ---
         -6  0 -5 -1       
      -2  0  0 -3 -4  0    
   -2  1 -1  0 -1  1  1  1 
-3  0  0  0  1  0  3 -3  0 
 1  0 -2  0  0 -10  0 -3  1 
   -2  0  2  0  0  1  3  2 
      -2 -3 -1 -1  1  1    
          0  0  1  3       

--- Sample #611 | True: -7.006923675537109 | Pred: -6.302219390869141 ---
         -5 -3 -5 -1       
      -1  2  0 -1  0  1    
   -9  3  2  0 -1  1  1  0 
-3 -6 -1  0 -1  0  1  9  0 
-1  0  0  0 -1  0  0  6  0 
   -2  0  0 -2 -2  0  0  0 
      -1 -1  0 -1  0 -1    
          2  2  2  0       

--- Sample #612 | True: -5.583269119262695 | Pred: -4.792179107666016 ---
         -7 -3  0 -9       
      -1 -1 -2 -1 -1 -1    
   -2  0  0  0  0 -2 -4 -4 
-3 -2 -1  0  0 -1  0  0 -3 
-3  0  1  1  0  1 -1 -4 -3 
    0  1  0  0 -1 -1 -1 -2 
       3  0  0  0 -1 -2    
          0  0  0  0       

--- Sample #613 | True: -1.3880767822265625 | Pred: -1.5985069274902344 ---
          0  0  2  1       
       0  0  0  0  0  1    
   -2  0  0 -1  0  0  0  0 
 0 -1 -1  0  0 -1  0 -2 -1 
 0  3  0  0 -1 -2 -2 -2  0 
   -1  0  1  0 -1  0  0  0 
       1  0  0 -1  0  0    
          2  1  0 -2       

--- Sample #614 | True: -1.6784629821777344 | Pred: -2.611713409423828 ---
          0  2  0  2       
       0 -1  0  0  0  0    
    1  1  0 -1 -1 -2 -1 -1 
 0  0  0  0 -1  0  0 -4  0 
 0  1  0  0 -1  0 -2 -2 -1 
    0  1  1  0  0  1  1  0 
       0  1  0  2  0  1    
          1  0  1  1       

--- Sample #615 | True: -1.4115409851074219 | Pred: -3.0903587341308594 ---
          0  1  0  3       
       2  0  0  0  0  0    
    2  1  0  0  0 -2 -2  0 
 3  1  0  0  0 -1  0  1  1 
 2  2  3  2  1  0  0 -2 -1 
    2  2  0  0  0  0  0  1 
       1  0  0  1  0  1    
          2  3  1  0       

--- Sample #616 | True: -1.2063446044921875 | Pred: -2.8553085327148438 ---
          2  1  2  3       
       0  0  1  2  0  0    
    0  0  1  2  0 -1  0  0 
 0  0  1  0  0  0  0  0  0 
-1  1  0  1  0  0 -1 -2  1 
    0  1  1  2  2  0  1  0 
       2  0  0  1  1  0    
          2  1  3  2       

--- Sample #617 | True: -0.7453842163085938 | Pred: -2.20928955078125 ---
          0  3  2  2       
       0  1  1  1 -1  1    
    2  0  0  0  0  0 -1  1 
 3  3  2  1  0  0  0 -3  0 
 0  2  1  2  0 -1 -4 -2  0 
    2  1  1  0 -1 -1  0  1 
       0 -1  1  1  0  0    
          2  2  1  1       

--- Sample #618 | True: -0.6696128845214844 | Pred: -1.9762954711914062 ---
          1  0 -2  2       
       0  1 -1  0  0  0    
    0  1  0  1  0 -1  0 -1 
 0  0  0  2  0  1  0 -2  0 
 0  2  1  2  0  3  0 -2  0 
    0  2  2  1  1 -1  1 -1 
       3  1  1  0  1  2    
          2  1  1  1       

--- Sample #619 | True: -0.8328819274902344 | Pred: -1.8607368469238281 ---
          1 -1  3  2       
       0  0  0  0  0  3    
    0  1  1  1  0 -3 -1  1 
-1  0  1  0  0  0 -1  1 -1 
 0  1  1  1  0  0 -1 -2  0 
    0  2  1  0  0 -1  0 -1 
       0  0  1  0  1 -1    
          2  0  0  1       

--- Sample #620 | True: -2.9905776977539062 | Pred: -1.5701713562011719 ---
          0 -1  2  1       
      -4 -1 -2  0  0  0    
   -3  0 -2 -2 -1 -4 -2 -2 
-1 -2 -2 -1 -1 -2 -2 -4 -1 
-4 -2 -1 -1 -1 -2 -2 -2 -2 
   -2 -1  0 -2 -2 -3  0  0 
      -2 -3 -2 -1  0  0    
          0 -2  0  1       

--- Sample #621 | True: -2.945575714111328 | Pred: -3.5289688110351562 ---
          2  0  2  3       
       0  1  1  3  0 -1    
    0  0 -1  0  0  0  0  0 
 0  0  0  0  0  0  0  1 -1 
 0  0  0  0 -1  1  0 -2  1 
   -1  0  0  0  0  0  2  0 
       0  0  0  0  0  2    
          0  0  1  0       

--- Sample #622 | True: -2.2848052978515625 | Pred: -3.105062484741211 ---
          1  4  0  6       
       1  1  0  0  0 -1    
    1  0  0  0  0 -1 -1  2 
 2  1  1  1  0  0  0  4  0 
-2  2  0  0  0  0  0 -2  0 
    0  1  0  1 -1 -1  0  1 
       2 -1  1  0  0  0    
          1  0  2  1       

--- Sample #623 | True: -2.6598052978515625 | Pred: -3.0029773712158203 ---
          0 -1  0  1       
      -1  0  0  1  0  0    
    0 -2  0 -1 -2  0  0  1 
 0  0  0  0  1  0  0  2  1 
-3  0  0  0  1  0  0 -2  0 
   -1 -1  0  2 -1 -1  0  1 
       0  0  0  0  1  1    
          0  0  0  1       

--- Sample #624 | True: -2.12115478515625 | Pred: -3.5636329650878906 ---
          3  2  3  3       
       2  1  2  1  0  0    
    3  1  0  1  0  0  0  0 
 1  1  1  1  0  1  0  0  1 
 0  0  2  2  2  1  0 -2  0 
    1  0  1  0 -2  0  1  3 
       0  0  0 -1  0  2    
          2  0  0  4       

--- Sample #625 | True: -2.199420928955078 | Pred: -2.95672607421875 ---
          0  0  1  4       
       0  0  1  2  0  1    
   -1  1  0  0  0  0  0  3 
 0  0  0  0  0  0  0  3  0 
-1  0  0  2  0 -1 -1 -2  0 
    0  0  0  0 -2  0  2  0 
       0  0  0 -2  0  2    
          1  2 -1  1       

--- Sample #626 | True: -2.3653831481933594 | Pred: -2.5088462829589844 ---
          1  0 -1  1       
       0 -1  0  0  0 -1    
   -2  0  1  0  0 -1  0  0 
 2  1  2  2  0  1  0  2  0 
-1  2  1  2  0  0  0 -2  0 
    0  0  0  0 -2  0  0  2 
      -1  0  0  0  0  0    
         -1 -2 -1  0       

--- Sample #627 | True: -17.95634651184082 | Pred: -11.173879623413086 ---
         -7 -12 -4 -5       
      -2 -3 -8 -13 -17 -4    
   -6 -3 -3 -7 -7 -13 -9  0 
-9 -6  1 -1  0 -1 -11 -8 -14 
-4 -9 -14  2  3  1  2 -4 -12 
   -7 -13  1  1  0 -1 -15 -8 
      -5  3 -9 -10 -10 -6    
         -9  1 -2 -4       

--- Sample #628 | True: -12.62980842590332 | Pred: -17.78422737121582 ---
          0  5  9  1       
       1 14 -2  3  6 18    
    9 12  8  0  2  2 15 -5 
12 10  8  1 -2  6  4 10 -6 
 8  7  1  5  2  4  4 -1 17 
    0  4 11  5  4  7  9 13 
      -5 -1 -4 11  7 10    
          5 10 13 14       

--- Sample #629 | True: -14.776346206665039 | Pred: -12.689275741577148 ---
         -8 -9 -4 -3       
       1  7  0 -2  0  3    
    0  4  2  0  2 -3  4 -10 
-1 -1  0  0  1  0  2 -5 -13 
-4 -4 -11 -5  3  5  3 -4  2 
   -7 -13 -5 -9  1 -6  4  7 
      -12 -14 -10  4  6  6    
         -5  0  5 -2       

--- Sample #630 | True: -11.597114562988281 | Pred: -12.83950424194336 ---
         -1  5  3 -7       
       1  2  2  3  4  6    
    3  1  0  0 -1  0  5 -11 
 3 -7  0 -2 -1  3  3 10 -13 
 0 -2  0  9  7  5  3 -5  0 
   -2  6  9  8  5  0 -1  4 
       7  6 13  8  7  4    
          0 16 13  9       

--- Sample #631 | True: -13.694421768188477 | Pred: -10.938188552856445 ---
         -8  5 -2  0       
       1  2 -9 -6 -14  0    
    1  2 -1 -4 -3 -12 -8 -4 
 5  1  0  0 -2  0  0 -10 -16 
-2 -1 -1  1  2  2 -2 -4  3 
   -8 -4 -8  0  0 -5  0  1 
      -13 -5  0 -4  0 -11    
         -9 11  9  3       

--- Sample #632 | True: -14.132116317749023 | Pred: -15.752635955810547 ---
          2  6 -1  1       
       3  9  6  2  7 15    
    3  5  2 -2 -2  0 11 -2 
-2 -6  0 -1  0  2  2 12 -5 
 2  0 -9  4  6  1  6 -7  6 
   -1 -8  6  2  0  0  2  3 
      -3 -9 -11  0  1 -16    
         -1  0 10  6       

--- Sample #633 | True: -18.000192642211914 | Pred: -8.381553649902344 ---
         -8 -9 -10 -10       
      -11 -16 -6 -14 -13 -14    
   -15 -20 -12 -8 -1 -2 -11 -18 
-11 -13 -19 -3 -2 -5 -2 -13 -10 
 0 -9 -2 -8 -3 -4 -3  8 -11 
   -9 -1 -5 -9 -4 -3 -10 -12 
      -23 -6 -6 -3 -2 -12    
         -20 -11 -10 -13       

--- Sample #634 | True: -9.581153869628906 | Pred: -14.869129180908203 ---
         12 13 -2 19       
      11  8  9 10 12 11    
   17 13  8  5  2  4 11 16 
 2 -7  6  5  2  1  4  7 11 
10  0  4 -3  4  2  3 11  7 
   12  4  0  1  1  0  1  4 
       2  0  5  3  4  6    
          7 12  4  7       

--- Sample #635 | True: -15.377115249633789 | Pred: -9.992952346801758 ---
         -13 -14 -13 -5       
      -7 -8 -14 -12 -3 -7    
   -4 -20 -1 -2 -3 -2 -2 -8 
-8 -11 -9  0  1 -3  0 -9 -5 
-11 -8 -11 -14  1  1  0 -8 -6 
   -16 -1  0  0  2  2  1 -4 
      -16  0 -1 -18  0 -3    
         -7  0  5 -9       

--- Sample #636 | True: -12.049808502197266 | Pred: -13.567289352416992 ---
         -4 -5 -5 -2       
       5  0 -2  4  2  2    
   -1 12  9 -1 -6  4  3  8 
 3  8 11  5  0 -4  1 -12  4 
 7 13 10  1 -1  0 -1  1 -8 
   11 10  5  5  2  2 -1 -1 
      13  6  9  7  3 -17    
          3  9  6 -7       

--- Sample #637 | True: -13.609037399291992 | Pred: -10.65561294555664 ---
         -5 -6 -6 -4       
      -2 -4 -5 -7 -1  1    
   -3  2  3 -3 -4  0 -1 -2 
 2 -6  0  3  0  0  1 -2 -7 
 6  5 -1 -17  1  0  0 18  0 
   -2 -6 -4  0  1  0  0 -10 
      -9 -1  0  0 -4 -6    
         -11  0 -1 -10       

--- Sample #638 | True: -13.223461151123047 | Pred: -13.649515151977539 ---
         -4 -3 -2  7       
      -5 -5 -9 -3 -1  6    
   -9 -6  2  0 -2  0  5 10 
-6 -7  3  0  3  1  1 -1 -10 
 7  7  4  0  3  0  3 -2  5 
    2  4  3  4  2  3  6  6 
       4  4  2  1  4  3    
          2 13  5  1       

--- Sample #639 | True: -14.330385208129883 | Pred: -13.671346664428711 ---
         -2 -3 -1 15       
      -3 -4  0 -2 16 11    
   -2 -3 -3  0 -1  0 12  2 
-6 -5 -5  0  0 -11  3 -7  0 
 5  0 -1 -3  0  0  0 -2  0 
    2  1  0  0  0  3  0  0 
       0  0  0  0  0 -4    
         -2  0  0  1       

--- Sample #640 | True: -16.482114791870117 | Pred: -12.731212615966797 ---
         -1 -2 -3  0       
       0 -1  0 -4  1  3    
    1 -1 -1 -1 -1 -7 -4  0 
-2 -2 -2 -2  1 -9 -2 -5  0 
 4  0 -2 -4 -4 -2 -4 -2 -2 
   -3  0 -1 -3 -1  0 -3 -3 
       0  0 -1 -1 -3 -2    
         -3 -3 -4 -5       

--- Sample #641 | True: -15.024616241455078 | Pred: -11.761877059936523 ---
         -4 -5  0  8       
      -5 -5 -3 -5 -1  8    
   -2 -3 -4 -4 -4  2 14  0 
-5 -4 -3 -3 -5 -7  6 24 -3 
 3  2  1  0  0  1 -1 -2 -5 
    1  0  0  1  0  1  0 -6 
       2  0 -1  0  0 -3    
         -5 -18  1  0       

--- Sample #642 | True: -15.227886199951172 | Pred: -12.466367721557617 ---
         -1 -3 -4 -5       
      -1 -2 -2 -5 -12  2    
    1 -2 -2 -2 -4 -10  6  2 
-2 -1 -2 -1  0 -7  5 -10  2 
 7  3  0  0 -3  0 -3 -1  0 
    0 -1  0  0  1  4  1  0 
       2  0  2  3  1  0    
          4  0  4  2       

--- Sample #643 | True: -1.7055778503417969 | Pred: -13.187177658081055 ---
         25 24 25 23       
      23 28 25 26 22 15    
   28 29 30 30 29 26 15  1 
22 26 29 30 29 23 25 23  1 
 4  5  5  4  0  3  0  2  0 
    1  0  3  1  4  3  1  3 
       1  0  2  2  6  2    
          2 -1  4  2       

--- Sample #644 | True: -14.930578231811523 | Pred: -2.626445770263672 ---
         -26 -26 -25 -14       
      -27 -28 -29 -27 -21 -2    
   -28 -28 -18 -29 -30 -29 -5 -1 
-26 -28 -30 -25 -30 -32 -30 -25 -2 
-2 -1 -3 -1 -2 -2 -4 -5 -3 
   -5  0 -1  0 -1 -3 -4 -4 
       1 -2 -3 -2  0 -4    
          0 -2  0  0       

--- Sample #645 | True: -15.212116241455078 | Pred: -11.737859725952148 ---
         -1 -2  0 15       
      -3 -2 -1 -3 -3  9    
    0 -3 -6 -7 -5 -8  9  2 
-5 -4 -4 -3  3 -5 -2  5 -2 
 2  0 -1  1  0 -2 -1  0 -9 
    0 -1  1  0 -2  0  2 -3 
      -2  2 -1 -2  0 -3    
         -20 -14  0 -3       

--- Sample #646 | True: -15.785577774047852 | Pred: -13.160699844360352 ---
          0  0 -1  0       
       0  0  0 -2  0  0    
    2  0  0  0  0 -5  7  0 
-1  0 -1  1 -1 -3  3  8  1 
 7  4  1  0 -5 -2 -4  5 -1 
    0  0  0  0  0  1  0 -1 
       0  0  1  3 -1 -1    
          0  1  1  0       

--- Sample #647 | True: -6.0813446044921875 | Pred: -6.048164367675781 ---
          1 -4 -1  0       
      -2 -1 -3  0  0  3    
    2  2  0  0  0 -3 -1  1 
 4 -6  2  1  0  0  1  4  0 
-1 -1  1  0  1  0  0 -4 -2 
    1  0  0  0 -1 -1 -2 -2 
       0  0  0  0  0  0    
         -1  2  2  0       

--- Sample #648 | True: -7.302499771118164 | Pred: -6.939769744873047 ---
         -1  0  0  0       
       0  0  0  0  3  3    
    0  3 -1  0  0  0  0  0 
-14 -19 -3 -3  1 -2  0  2 -3 
 0  0  0  1  1  0 -1 -2 -1 
    1  1  0  0  0  0  1  0 
       1  0 -1  0  0 -1    
         -1  1  1 -1       

--- Sample #649 | True: -8.823076248168945 | Pred: -6.99608039855957 ---
         -3  0  3  1       
      -1  0 -2  0  0  0    
    3  2 -1 -1 -2 -2  0 -1 
 2 -3 -7  2  0 -4 -1  5  0 
-14 -11  0 -1 -4 -1 -1 -5  0 
   -2  0  0 -1 -3 -2 -1 -1 
      -2 -2  0  0  0 -2    
          0  1  2 -1       

--- Sample #650 | True: -6.446155548095703 | Pred: -8.708698272705078 ---
         -1  0  8  4       
       1  1  1  5  5  3    
    0  0 -2  0  4  2  5  4 
-8 -4 -14  3  4  4  3  5  2 
14  9  6  5  4  5  2 -3  2 
    8  3  4  4  5  3  3  1 
       5 -1  1  0  3  0    
          3  4  3  3       

--- Sample #651 | True: -6.86326789855957 | Pred: -6.067281723022461 ---
          5 -4  0  4       
       0  0  1  4  2  0    
    2  2  0 -1 -1 -1  0  0 
-6 -9 -15  4  1  0  3  5  0 
-17 -3  2  1 -1  2  0 -4  0 
    2  2  3  0  1  0 -2 -1 
      -1  0  0  2  0  0    
          0  0  0  0       

--- Sample #652 | True: 0.3605766296386719 | Pred: -6.77699089050293 ---
          7  6  6  6       
      14  9  6  6  3  6    
   21 16 11  9  4  3  3  3 
27 23 19 13  7  2  4  4  3 
18 13  9  5  2  4  1 -3  1 
   13  7  7  4  2  0  2  1 
       6  3  2  4  2  0    
          4  5  6  3       

--- Sample #653 | True: -5.784999847412109 | Pred: -0.7401351928710938 ---
         -9 -8 -5 -6       
      -13 -13 -10 -3 -3 -1    
   -12 -7 -6 -7 -3 -3  0 -3 
-14 -13 -11 -6 -1 -1  0  0 -4 
-9 -7 -4 -1  0 -2 -5 -2 -4 
   -11 -2 -1 -1 -3 -4 -3 -7 
      -6 -4 -3 -1 -4 -1    
         -7 -4 -2 -1       

--- Sample #654 | True: -5.869422912597656 | Pred: -6.739652633666992 ---
          0  0  2  0       
       4  2  3  1  0  1    
    1  3  0  0  0  0 -1  2 
-13 -17  1 -2  0 -2  2  2  0 
 6  4  3  5  1  0  0  2  2 
    3  0  2 -2 -1  0  0 -1 
       3  0  2  1  0  0    
          2  2  2  2       

--- Sample #655 | True: -6.090768814086914 | Pred: -6.657222747802734 ---
         -5  2  4  3       
      -2 -3  1  0  0  1    
    2  0  0  0  0  0  2  2 
-8 -13  2  1  3  0  4  5  0 
 3 -1  1  0  0  0  1 -9 -3 
    0  0  0  0  0  1  0  0 
       0 -1  0  1  1 -1    
          1  2  2  1       

--- Sample #656 | True: -0.05692291259765625 | Pred: -2.4291915893554688 ---
          3  3  4  2       
       2  0  2  2  2  3    
    0  2  1  1 -1  2  1  1 
 4  2  0  0  1  0  0  5  3 
 3  2  1  2  2  0  0  0  2 
    2  3  2  1  0  0  4  3 
       2  2  1  0  1  0    
          3  0  0  2       

--- Sample #657 | True: 0.6040382385253906 | Pred: -1.7265090942382812 ---
          0  2  3  4       
       2  2  1  2  3  1    
    4  1  2  2  1  3  1  0 
 4  2  2  1  1  1  2  1  1 
 4  2  1  1  1  0  0  8  0 
    4  1  2  0  0  1  1  0 
       2  0  0  0  1  0    
          0  1  0 -1       

--- Sample #658 | True: -0.1259613037109375 | Pred: -2.4738121032714844 ---
          0  1  2  1       
       2  1  1  1  1  4    
    0  1  1  1  1  1  2  0 
 4  2  2  4  3  2  1  2  0 
 4  0  3  2  1  0  0 -6  1 
    1  1  1  0  0  0  1  1 
       2  2  1  2  0  0    
          2  0  1  1       

--- Sample #659 | True: 0.8913459777832031 | Pred: -1.8074989318847656 ---
          3  4  2  3       
       2  3  2  4  2  2    
    2  2  2  2  3  1  2  2 
 3  3  1  1  3  1  1  0  2 
 2  2  2  1  0  1  0  1  0 
    4  1  2  1  0  0  3  1 
       3  2  0  1  2  0    
          1  3  1  1       

--- Sample #660 | True: -0.22634506225585938 | Pred: -1.96612548828125 ---
          2  2  3  5       
       2  0  0  1  0 -1    
    0  1  2  2  1  1  2  2 
 1  0  2  0  2  0  0  4  1 
 2  1  1  1  3  1  0 -11  2 
    1  3  1  2  0  0  1  2 
       3  2  2  0  1  3    
          0  4  1  2       

--- Sample #661 | True: -0.3869209289550781 | Pred: -1.5082511901855469 ---
          0  0  2  2       
       0  0  2  2  1  1    
    1  1  2  2  0  0  1  1 
 1  2  0  0  1  1  0  0 -3 
 0  2  0  0  0  0 -2 12  1 
    0  0  0  0  0  1  0  2 
       1  0  1  1  0  0    
          0  0  0  0       

--- Sample #662 | True: -0.9778861999511719 | Pred: -2.162494659423828 ---
          0  2  1  1       
       0  1  1  2  0  0    
    0  0  0  0  0  0  2  0 
 0  0  2  1  2  0  2  2  0 
 0  1  1  0  0  0 -3 19  1 
    1  3  2  0  0 -1  0  0 
       0  0  0  0  1  1    
          1  0  0  3       

--- Sample #663 | True: 1.1698074340820312 | Pred: -1.9483299255371094 ---
          3  3  4  3       
       3  3  4  4  1  4    
    1  2  2  2  2  2  2  1 
 3  1  2  1  1  1  2  5  8 
 1  1  5  1  3  2  0 -7  1 
    1  5  2  2  5  3  4  3 
       5  1  2  2  3  4    
          4  2  3  3       

--- Sample #664 | True: -5.311731338500977 | Pred: -4.8572998046875 ---
          1  2  2  0       
       3  6  2  1  0  0    
    1  3  3  0  0  3  0  0 
-2  0  0  0 -1 -2  1  0 -8 
-3 -1  0 -2 -4 -3 -1  5 -2 
   -4 -1  0 -4 -3  0 -1  0 
       0 -2 -4 -3 -2 -1    
         -3 -4 -2 -2       

--- Sample #665 | True: -4.49519157409668 | Pred: -6.0249481201171875 ---
          1  0  1  4       
       0  0  1  0  1  5    
    3  2  0  0  0  0  1  3 
 3  4  2  2  2  0  1 -9  2 
-6  1  1  0  0  2  0 -5 -1 
    2  4  0  0  1  1  4  2 
       2  1  0  1  0  0    
          0  2 -1  1       

--- Sample #666 | True: -6.155961990356445 | Pred: -4.169195175170898 ---
         -1 -1  0  1       
      -3 -1 -1 -1 -1 -2    
    0  0  0  0 -4 -1 -2 -3 
 0 -1  0 -2 -2 -5 -1 -21 -1 
-1  0 -3 -3 -1 -5 -3 15 -4 
   -3  0 -1 -5 -5 -1 -1 -2 
      -2 -2 -4 -6 -1 -2    
         -3 -1 -2 -1       

--- Sample #667 | True: -6.3274993896484375 | Pred: -6.497575759887695 ---
          1  0  0  0       
       1  0  0  2 -1 -1    
    0  2  1  1  0 -1  0 -4 
-7  0  0 -1 -2 -1  0  4 -1 
-1  1  0  0 -2 -2 -1  5  1 
    0  0  0 -1  0  1  2  2 
       1  0 -2 -5  0  1    
          4  0 -3 -1       

--- Sample #668 | True: -3.1263465881347656 | Pred: -5.544515609741211 ---
         10  1  0  1       
       3 -1  0  0  0  3    
    2  1  0  0  1  1  1  1 
-1  1  3  1 -1  0  0  3  6 
 0  0  1  1  1  2  3 -2  3 
    1  2  0  0  0 -2  2  1 
       2  2  2  0  1  3    
          8  3  0  1       

--- Sample #669 | True: -0.9921150207519531 | Pred: -4.690954208374023 ---
          2  7  3  7       
       2  2  3  7  3  1    
    1  2  1  0  2  1  4  3 
 4  1  2  4  2  3  2 -1  6 
 2  1  2  3  2  1  1 -3  3 
    2  0  1  3  0  1  0  2 
       2  0  0  2  2 10    
          4  1  4  1       

--- Sample #670 | True: -2.3763465881347656 | Pred: -2.0706138610839844 ---
         -4 -1 -1  2       
      -1  0 -1 -1  0 -1    
   -1  4  0 -1 -1 -1  0 -1 
 0 -1  0  0 -1 -2  0  1  1 
 0  3 -1 -1 -2 -2 -3 -2  0 
    0 -1 -1 -1 -3 -1 -1  0 
       0 -3 -3  0  0 -1    
          0  1  0  0       

--- Sample #671 | True: -1.8759613037109375 | Pred: -3.034738540649414 ---
          0 -1  0  0       
       0  1  0  0  0  0    
    0  0  0  0 -1 -1  1  2 
 0 -2  1  0  1  0  0  0  0 
 2  2  2  0  0  0  0 -2  1 
    0  0  2  1  0  1  0  1 
       0  0  0  1  0  0    
          2  3  2  0       

--- Sample #672 | True: -2.39288330078125 | Pred: -3.100545883178711 ---
          0  0  0  2       
       0 -3  0  1  0 -1    
    0 -2 -1  0  0  0  1  0 
 0  0  0  0  1  0  1  0  0 
-1  0  0  0  0  0 -1 -2  1 
    0  0  0  0 -2 -1  0  0 
      -2  0  1  3  0  1    
          1  0  1  0       

--- Sample #673 | True: -2.3723068237304688 | Pred: -3.3157806396484375 ---
         -2 -1 -4  1       
       0  1  0  0 -1 -1    
   -1  1  0  0 -2  0  0  0 
 1  1  3  0  0 -1  0  1 -2 
 2  0  0  0 -1  0  0 -2  1 
    1  1  0  0  0  0  0  0 
       3  0  0  0  0  1    
          0  2  3  3       

--- Sample #674 | True: -6.151922225952148 | Pred: -9.430526733398438 ---
          3 11  9  7       
       4  4  3 10  6  0    
   -3  1  2  6 12  7  3 -1 
 3  3  3  0  6 17  7  5  2 
-3  0  1  0  2  0  0  2 -3 
   -3 -1  0  0  0  1 -2 -4 
      -4 -2  0  0 -2 -9    
         -2  0  2 -7       

--- Sample #675 | True: -2.488269805908203 | Pred: -6.520853042602539 ---
          2  3 12  8       
       5  3  4  5  4  8    
    4  3  1  0  1  1  2  4 
 5  4  2  3  2  0  1  0  5 
 4  4  2  4  2  2  2  0  5 
    2  2  1  2  1  0  2  3 
       0  1  2  2  2  5    
          1  8  5  5       

--- Sample #676 | True: -1.8098068237304688 | Pred: -4.058576583862305 ---
          1  0  0  2       
       0  3  1  2  0  1    
    2  2  0  1  0 -4  0  0 
 2  1  2  3  0  2  1 -1 -2 
 4  3  2  2  1  1 -1 -3  5 
    2  3  2  2  1  0  1  1 
       1  0 -1  0  0  0    
          2  0  3  1       

--- Sample #677 | True: -2.244232177734375 | Pred: -2.815082550048828 ---
          0 -1  0  0       
       1  0  0 -4 -5  0    
   -1  1  0  1 -1  0  1  0 
 0  1  1  1  0  0  0 -2  2 
-1  0 -1 -2  0 -1  0  1  1 
    0  0  0  0  0  0  0  0 
       0  0  0  1  0 -1    
          0  1  1  2       

--- Sample #678 | True: -2.484039306640625 | Pred: -3.4995288848876953 ---
          0 -4  1  0       
       0  0 -1  1  1 -1    
    0  0 -1  0 -1  0  0  1 
 3  0  0  0  1  0  2  0  0 
 1  2  0  2  0  0  0 -4  0 
    1  1 -1  0  0  0 -2  1 
       0  0  0  3  0 -4    
          2  1  1  1       

--- Sample #679 | True: -2.738269805908203 | Pred: -3.666013717651367 ---
         -3 -4 -1  0       
       1  1  1  1  2  0    
    0  1  0 -1  0  0  0  1 
 1  0 -2 -2  0 -3  0 -1  0 
 0  1  2  2  0 -1 -1  3  0 
   -1  1  0  0  0  0  1  0 
       1  0  0  0 -1  1    
         -1  0  4  1       

--- Sample #680 | True: -1.0321159362792969 | Pred: -2.330402374267578 ---
          1  2  1  2       
       0  1  0  1  0  2    
   -1  0  0  0  0 -1  0  0 
 0  0  0  1  0  1  1 -1  0 
 0  1  0  1  0  0  0 -2  1 
    0  1  1  0 -1  0  0 -2 
       2  0  2  1  0  0    
          0  1  3  0       

--- Sample #681 | True: -1.1748085021972656 | Pred: -2.994659423828125 ---
          0  3  3  3       
       1  1  0  2  1  0    
    0  2  0  0 -1  0  2  1 
 0  0  0  0  0 -1  1  1  2 
 0  1  1  0  1  0  2 -2  3 
    0  0  1  2  0  0  2  2 
       0  1  2  0  0  2    
          1  2  3  4       

--- Sample #682 | True: -1.6217308044433594 | Pred: -3.8315658569335938 ---
         -1  3  2  4       
       3  3  0  0  0  4    
    3  2  1  0  0  0  2 -2 
 0  1  1  1  2  1  2 -3  2 
 1  1  0  1  1  2  1  1  4 
    2  2  2  1  1  0  0  3 
       3  0  0  1  1  1    
          3  0  3  2       

--- Sample #683 | True: -2.314422607421875 | Pred: -3.3388938903808594 ---
         -2  0  0  0       
       0 -2  0  0 -1 -1    
    1  0  0  0  0  0  0 -5 
 1  0  0  0  0  0  0  1  0 
 0  2  2  1  1  1  0 -3 -2 
    3  2  1  0  1  0  0  0 
       2  0  0  0  0 -2    
          3  0  0  0       

--- Sample #684 | True: -11.477306365966797 | Pred: -13.154973983764648 ---
          5  6  5  2       
      10  7  8  7  4  4    
   -4  7  1  6  1  0  3 -3 
 0  0 -6  0  6  5  4  2  0 
-2  2 -1  1  1  1 -1 -1 -2 
   -2  0 -3 -1  2  0 -1  2 
       7 -2  2  0  0 -2    
          1  1 -20 -8       

--- Sample #685 | True: -11.027114868164062 | Pred: -12.586957931518555 ---
         -6 -1  4  0       
       3  2 -2  0  1  3    
   -7 -5  0  1 -1  0  0 -2 
-2 -4 -8  6  6  1  2  3 -1 
 1  2 -7  2  4  3  3 -3  0 
    4  9  6  0  3  1  5  3 
       3  3  3  5  7  5    
          6 11 11 10       

--- Sample #686 | True: -0.8192291259765625 | Pred: -3.281740188598633 ---
          3  5  4  1       
       1  2  1  3  1  6    
    1  0  0  1  4  0  3  0 
 0  3  3  2  1  0  0  5  4 
 4  4  2  2  3  2  0 -1  1 
    5  3  2  2 -1  0  2 -1 
       3  2  0 -1 -1  0    
          2  2  3  0       

--- Sample #687 | True: -3.153461456298828 | Pred: -2.3750953674316406 ---
         -1 -4 -5 -11       
       0  1 -1 -6 -7 -4    
   -2  1  0 -2 -2 -5  0  0 
-3  0  0  2  0 -1  0  4 -1 
-4 -2  0  2  0 -1  0  0 -4 
   -2  1  0  1  0  0 -1  0 
       0  0  0 -2  0  0    
         -2  1 -2 -4       

--- Sample #688 | True: -1.6599998474121094 | Pred: -3.4620132446289062 ---
          3  1  0  2       
       1  2  0  0  2  2    
   -1 -2  2  1  0  0  0  0 
 1  0  0  0  0 -1  0  5  0 
-2  3  2  0  1  0 -1  2  2 
    2  2  1  3  2  0  1 -2 
       3  1  1  0  1 -3    
          3  1  4  1       

--- Sample #689 | True: -2.187885284423828 | Pred: -2.720233917236328 ---
          0  1 -2 -4       
       0 -1 -1  0  0 -2    
    0  1  0  0  0 -5  1  2 
 0  2  1  0  2  0  0  1  0 
 2 -2  1  0  1  1  1  3  2 
    0  0  0  0  0  0  0  1 
      -1 -1  0 -3 -3  1    
          0  0 -1  0       

--- Sample #690 | True: -2.8557701110839844 | Pred: -3.0291309356689453 ---
          1  0 -3  0       
       0  1  0  2  0 -4    
    0  0  0  0  0  0  0  1 
-2  1  1  0  1 -1 -1  2  2 
-2  0  0 -2  0  0  0 -2  1 
    0  0  0  0  0  0  0  0 
      -1  0 -2  0  1 -1    
         -3  0  0  1       

--- Sample #691 | True: -3.0492305755615234 | Pred: -2.8440704345703125 ---
         -3 -1 -5 -3       
       2  0  0  0  0 -3    
    0  0  0 -1 -2 -1 -1 -2 
 0  2  2  0  0 -1  0  3  0 
-1  0  0  0 -1 -1 -1 -2  0 
    0  2  1  0  0 -1  0  0 
       4  0 -1  0  0  1    
          0 -2  0  0       

--- Sample #692 | True: -4.019037246704102 | Pred: -3.900175094604492 ---
          0  0 -3  0       
       0  1  0 -1 -1 -4    
   -3  1  2  0 -1  0  0 -2 
-1 -3  0  0  0  0  0  0 -1 
-4  0  0  0  0 -1  0 -2  0 
   -1  2  0  0  0  0  2 -2 
      -7 -2  0  0  0  1    
         -2 -5 -2 -3       

--- Sample #693 | True: -2.8215408325195312 | Pred: -4.099462509155273 ---
          3  3  1  2       
       2  1  0  2  1  0    
   -1  1  1  0  4  0  2  0 
 0  1  1  2  0  0  1  5  0 
-2  1  1  1 -3  0  0 -3  1 
    0  1  0  0  0  0 -1  1 
       1  0  0  1  2  4    
          1  1  1  1       

--- Sample #694 | True: -14.755962371826172 | Pred: -10.76409912109375 ---
         -2 -2 -1  3       
      -3 -3 -1  1  0  0    
   -1  2  3  1  0 -2 -2 -10 
-19 -15  4  4 -28 -9 -4 -9 -19 
-18 -18 -1 -3 -4 -12  5 -2 -18 
   -11 -3  0 -6 -1 -2  0  1 
      -3  0  0 -3 -4  1    
          3  3  0  2       

--- Sample #695 | True: -12.454229354858398 | Pred: -14.381832122802734 ---
          0  0  3  3       
      -2 -4 -2  2  0  7    
    3  4  2  1 -1  0  5 11 
 3  4  4  5  6  4  3 -5  8 
 2  5  5  2  4  5 -1 -3 -1 
    2  3  1  0 -6 -2 -2  2 
      -2  0  1  0 -1  4    
          7  0  5  3       

--- Sample #696 | True: -10.548269271850586 | Pred: -11.389471054077148 ---
          1  0  5  0       
      -3  0  0  4  3  6    
    3  1  1  0  1  0  3 -3 
 4  3  1 -1 -2 -16  2  8  3 
 5  3  0 -3  0 -2  1 -2  3 
   -3 -2  0  0 -2  0  1 -1 
      -3 -3  0 -2  0 -3    
         -3  0  0 -1       

--- Sample #697 | True: -10.951154708862305 | Pred: -10.033857345581055 ---
         -1  1  4  3       
      -1  0 -5  0  1 -2    
   -5  2  0 -4 -2 -2  1 -6 
-13 -11  1 -2 -1 -10  0  3 -2 
-6  1  0 -2 -2  1  3 -2 -10 
   -1  0  2  1  3  0  1 -7 
       4 -1 -1  0  3  0    
          3  3  1  2       

--- Sample #698 | True: -3.846536636352539 | Pred: -2.6811180114746094 ---
         -4 -1  1  0       
      -4 -2 -1  0 -2 -2    
   -2 -1 -2 -2  0 -2 -1  0 
-2  0 -1  0 -3 -2 -4 -1  0 
 0  0  0  0  0  0 -1 -3  0 
    0  0  0 -1 -3 -2  2  0 
      -1  0  0 -2  1  2    
          0 -2 -3 -1       

--- Sample #699 | True: -3.667306900024414 | Pred: -4.673088073730469 ---
          4  1  1  0       
       0  3  2  1  0  6    
    2  2  3  1  0  0 -2 -1 
 1 -1  2  0  0 -1  1 -2  1 
 0 -1 -3  0  0  0  1 -2  0 
   -2  0  1  1  2  0  1  1 
       0 -2  2  2  0 -1    
          0 -3  0  0       

--- Sample #700 | True: -2.884998321533203 | Pred: -5.408430099487305 ---
          2  2  2  0       
       1  1  0  2  2  5    
    0  1  3  2  2  0  5  1 
 0  2  1  3  0  0  1  2  2 
 3  3  1  6  3  1  1 -1  3 
    2  1  3  2  1  2  0  8 
       0  0  2  0  2  0    
          1  2  0  1       

--- Sample #701 | True: -3.342691421508789 | Pred: -4.246854782104492 ---
          3  3  3  0       
       4 -1  0  1  2  0    
   -3  1  0  0 -2  1  1 -1 
-1 -1  1  1  1 -1 -1  4  0 
 0  0  1  0  1  1  0 -3  0 
    0  2  0  1  0  1  1  3 
      -2  1  0  1  0 -1    
         -2  0  0  0       

--- Sample #702 | True: -4.601922988891602 | Pred: -4.21392822265625 ---
          1  1  2  1       
       2  0  0  0  1  1    
    0  0  0 -1 -3 -3 -2  0 
 2  1  0  0 -1 -2 -3 -1  0 
 0 -1  0  0  0 -3 -1 -2  1 
   -2  0  0  0  0 -4 -1  1 
       0 -1 -2  0 -2 -1    
          0  0 -1 -2       

--- Sample #703 | True: -5.710000991821289 | Pred: -4.694208145141602 ---
          0 -1  4  0       
       0 -2 -1  0 -2  0    
   -3  0  0 -1  0 -2 -2 -5 
-5 -3 -3  0  0 -2 -1  1  0 
-3  0 -3 -1  0  0  0 -5  1 
   -3 -2 -1  0 -1 -1 -1 -2 
      -1 -3 -2  0  1 -3    
         -2  0 -1 -3       

--- Sample #704 | True: -5.251152038574219 | Pred: -5.978227615356445 ---
          1  1  1  0       
       1  0 -1  0  1  0    
    0  0  0 -1  0 -1  1  1 
 3  0  1  0  2 -2  0  1  0 
 3  1  0  3  2  0  1 -2  3 
    1  0  0  1  0  0  1  0 
       0  0  0  0  0  1    
          0  1  0  1       

--- Sample #705 | True: -5.502307891845703 | Pred: -5.875888824462891 ---
          0 -1  3  1       
       1  2  0  0  0 -1    
   -2  0  0 -1  0 -1 -2 -1 
 2 -1  0 -1  0  0  1  1 -1 
 0  0 -2  0  0  0  1 -2  2 
   -2 -1 -1  1  0  0  1  1 
       0  1  0  0 -2  1    
          0  1  0  1       

--- Sample #706 | True: -6.487884521484375 | Pred: -6.182130813598633 ---
         -2  0  2  2       
      -1  0  0  0  0  2    
   -1  0 -1  0 -1  0  0 -1 
 0 -2 -1 -1  0 -2  0 -3  0 
-1 -1 -2 -1  1  0 -2 -2 -1 
   -1 -1 -2  0  0  0  0  0 
       0 -1 -3 -1  0 -1    
          1  0  0  0       

--- Sample #707 | True: -6.274229049682617 | Pred: -7.073963165283203 ---
          0  0  1  3       
       0  0  0  0  2  2    
   -2  0  0  0  0  0  0 -2 
-1  0  0  0  0 -2 -2  8  0 
 1  5  1  0  0 -2  0 -2  2 
    0  0  0  0  0  0  6  2 
       1 -1 -2  1  1  2    
          0 -1  0  1       

--- Sample #708 | True: -3.0032691955566406 | Pred: -5.667642593383789 ---
          3  2  3  4       
       2  1  0  1  0  3    
    0  0  3  1  0 -3  0  3 
 0  2  1  3  2  1  2  2  6 
 5  4  3  4  5  2  2  0  1 
    1  0  3  2  2  4  3  2 
       3  0  1  4  2  0    
          4  4  4  2       

--- Sample #709 | True: -14.828653335571289 | Pred: -11.42108154296875 ---
         -11  6  0  1       
      -13  0  8 -11  0 -5    
   -6 -8 -13 -13  6  4  6  3 
-6 -5 -6 -8  0 -1  4  4  3 
 2 -3 -12  2  1  0  2 -4 -7 
   -1 -9 -5 -5  2 -1  0  0 
      -15 -19  0 -2 -19  0    
         -3  2  0 -3       

--- Sample #710 | True: -3.0128841400146484 | Pred: -4.256959915161133 ---
          0 -1  1  2       
       0 -1 -1  0 -1  0    
    0  1 -1  0 -2  0  0  0 
 1  1  0 -1  0  0  1  0  1 
 3  1  0  0  0  0  0 -2  3 
    3  2  0  0 -1  0  2  1 
       2  0  0  0 -1  0    
          1  0  0  1       

--- Sample #711 | True: -1.7203865051269531 | Pred: -4.520172119140625 ---
          1  1  3  2       
       1  0  0  1  1  1    
    2  1  1  0  0  1  0  0 
 6  2  3  2  1  1  2  2  3 
 3  3  4  2  1  0  1 -1  5 
    3  4  3  2  1  1  2  3 
       3  1  1  1  0  0    
          3  0  0  1       

--- Sample #712 | True: -4.5111541748046875 | Pred: -4.657285690307617 ---
         -2  0  1 -1       
       0  0 -1  0  0  0    
   -1  0 -2 -1 -2  0 -1 -6 
-1  0  0 -3 -1 -3  0  1  0 
 2  3  2 -2 -2 -2  1  0  2 
    1  0  1  0 -1  0 -2  1 
      -1 -1  0  0  0  0    
         -2  0  0 -1       

--- Sample #713 | True: -4.64057731628418 | Pred: -5.633764266967773 ---
         -1  0  2  3       
       0  1  0  1  1  0    
    0  1  0  0  0  0  0  1 
 1  0  1  0  0  1  0 -2  1 
 0  1  1  0 -1 -1  1 -1  2 
    0  1  0  0  1  0  0  2 
       0  0  0  2  0  0    
          0  1  0  0       

--- Sample #714 | True: -1.7821159362792969 | Pred: -3.889932632446289 ---
          0  1  0  0       
      -2  0  0  2  0  1    
    0  2  1  0  0  0  1  0 
 1  0  2  1  1  0  1  1  1 
 2  0  2  2  1  0  1 -3  1 
   -1  3  3  1  2  0  5  2 
       1  0  0  0  1  2    
         -3  0  2  2       

--- Sample #715 | True: -2.459613800048828 | Pred: -3.516695022583008 ---
          0  0  2  1       
      -2 -2 -1  0 -1 -1    
    0  1 -1 -1 -3 -1 -2 -1 
 4  1  0 -1 -1 -2 -2 -1  0 
 6  4  2  0  0  0 -2 -3  0 
    4  0  0  1  0 -2  1  4 
       0  0  0  0  0  1    
         -2  1  2  2       

--- Sample #716 | True: -2.7501907348632812 | Pred: -5.424457550048828 ---
          1  1  4  4       
       2  1  0  4  3  0    
    2  3  3  1  1  3  3  1 
 4  1  3  3  0  0  1  5  2 
 0  0  2  1  0  0  2 -2  4 
   -2  0  1  2  0  0  0  3 
       0 -1  0  0 -1  2    
          3  1  2  2       

--- Sample #717 | True: -3.6921157836914062 | Pred: -4.3207244873046875 ---
          0  4  4  4       
       2 -1 -1  1  1  0    
    1 -1  0 -1  0 -2  0  1 
 2  0  0 -1 -1 -2  0  2  0 
 0  2 -1  0  0 -1  1 -3  0 
    0  0 -1  0  0 -1 -4  0 
       0  0  0 -2 -1  0    
          0 -2  0  0       

--- Sample #718 | True: -13.558847427368164 | Pred: -8.120817184448242 ---
         -1  1 -2 -6       
      -2 -2 -3 -2 -2 -5    
   -2  0 -1 -5 -3 -3  0 -6 
-9 -4  0 -2 -5 -5 -1  1 -2 
-4 -4 -7 -22  0  1 -8 -2 -5 
   -10 -1 -7 -20 -17 -11  0 -7 
      -4 -2 -6 -14 -2 -5    
         -11 -6  0 -6       

--- Sample #719 | True: -10.994230270385742 | Pred: -13.143136978149414 ---
         12 11 10  9       
       6  5  6 11  9  7    
    3  6  5  5  4  1  6  6 
-1  0  7  7  7  3  6  7  5 
-2  1  1 -4 14  6  9 -1  8 
   -4  3 -9 -1  1 -11  1  4 
      -9  0 -3 -4 -5  5    
         17 -3 -3  7       

--- Sample #720 | True: -10.37826919555664 | Pred: -13.051559448242188 ---
          0  3  3 -5       
      -2  1  1  1  0  4    
    0  4  4  2  2  1  5  0 
 7  3  4  6  9  6  4  3  3 
 0  7  6 -3 -3  6  5 -2  2 
    0 15  1 -1  3 -3 10  4 
       0 14  0  2 13  5    
         -2  1  8  9       

--- Sample #721 | True: -9.594808578491211 | Pred: -10.785806655883789 ---
         -11  0  0  2       
       0  5  3  4  0 -1    
    0  2  1  0  0  0  2  0 
-1  0  0  0  5 -3  3  8 -2 
-4  0  1 -2 14  4  1 -1  0 
   -4  0 -3 -1  7 -1 -8  3 
      15  0  0 16 -6  2    
         16  9  8  3       

--- Sample #722 | True: -10.804615020751953 | Pred: -10.245647430419922 ---
         -3  0  0  4       
       1  5  2  3  2  0    
    2  5  1 -1  0 -2  0 -3 
 0  0  1  2 -1  0 -1 -1 -1 
-1 13  5 -5 -13  3  2 -2 -3 
    0 20 -4 -2 -7 -7 -11  0 
      -9 -1  0 -9 -1 -1    
          0 -4 -1  0       

--- Sample #723 | True: -13.080961227416992 | Pred: -10.209705352783203 ---
          1 -3 -6 -7       
       1  0  1  3  0  0    
    1  4  3 -1  0  0  4  1 
 0 -3  1  3  1  1  4  5  0 
-7 -3 -5 -2 15  3  5  0 -4 
   -4  1 -2  0  0 -3  0 -1 
      -6 -4  0 -10  6  0    
         -11 -12 -4  0       

--- Sample #724 | True: -13.990575790405273 | Pred: -15.008066177368164 ---
          2  1  3  6       
      -1  1  0  6  3  7    
    3  4  3  2  4  4  5  3 
-12  4  3  1  3  0  2 11  1 
 0  0  1  0 -11  7  8  0  4 
    1  0  0  2 -1 -1  8  6 
       0 -2  0  0  5  7    
          0 -3 12  0       

--- Sample #725 | True: -4.924999237060547 | Pred: -4.575746536254883 ---
          0  1 -18 -3       
       0  0  0  0 -1  0    
   -2  2  1  0  0 -1 -1 -3 
 1 -1  0  0  2 -1  0  0 -1 
 0 -1  1  0  2  1  1 -2 -1 
   -2  0  0  1  0  0 -1 -2 
      -1  0  0  0  0 -3    
         -1  1  0 -4       

--- Sample #726 | True: -2.7921142578125 | Pred: -5.651845932006836 ---
          5  4  9 12       
       1  3  3  4  2  6    
    3  1  1  0  1  1  2  3 
-1  2  2  2 -1  0  2  1  3 
 3  3  3  0  0  0  4 -2  4 
    3  1  1  2  1  0  2  1 
       4  0  2  2  0 -4    
          4  5  4 -1       

--- Sample #727 | True: -2.298267364501953 | Pred: -4.458803176879883 ---
          3  7 -10  3       
       0  0  2  2  2  2    
    6  2  1  0  0  1  0  0 
 2  2  0  0  0  1  2  4  0 
 1  1  0  0  1  3  2 -3  2 
    1  1  0  1  0  2  1  6 
      -1  0  1  0  2  2    
          2  1  2 -1       

--- Sample #728 | True: -3.100191116333008 | Pred: -4.2305450439453125 ---
          2  1  0  3       
       0 -1  1  2  0  1    
    0  1 -1  0  0  0  0  0 
-1  0  0  0  0 -2 -2  4 -1 
 1  0  0  0  1  1  0 -3  0 
    1  0  0  0  0  0  0  3 
       0  0  0  0  1 -1    
          3  2  1  0       

--- Sample #729 | True: -2.5796165466308594 | Pred: -4.429023742675781 ---
          3  0  0  4       
       2  2  2  2  0  4    
    3  3  1  0  0  1  0 -1 
 0  1  1  2  2  0  3  3  0 
 2  0  1  0  2 -1  1 -2  0 
    1  1  1  2  0  0  0  5 
       1  0  2  0  0 -5    
          0  2  2  1       

--- Sample #730 | True: -2.2773056030273438 | Pred: -4.016674041748047 ---
          2  1 -3  5       
       0  1  3  2  2  2    
    1  3  1  1  0  1  2  0 
 0  0  0  1  1  2  1  0  2 
 2  0  2  0  3  2  0 -2  2 
    1  1  0  2  1  2  0  0 
       0  0  3  3  1 -4    
          3  1  0 -1       

--- Sample #731 | True: -1.3032684326171875 | Pred: -3.3680591583251953 ---
          1  0  2 -1       
       0  1  1  0 -1 -3    
    1  3  2  2  0  2  1  3 
 3  1  2  0  1 -3  2  5  0 
 4 -1  1  1  2  0  3 -1  4 
   -3  1  2  3  4  1  2  1 
       0  3  2  2  0  0    
          3  1  3  2       

--- Sample #732 | True: -10.790000915527344 | Pred: -5.475048065185547 ---
          3  0  7 -13       
       1  0  0  6  0  3    
   -7  0  0  0  1  0  0 -1 
-22 -26 -2  0  0 -1  0  3 -23 
-20 -24  0  0  0 -1  1 -4 -25 
   -24 -1  2  0  0 -1  1 -26 
      -16  0  1  0  0  0    
         -9 -24 -26 -26       

--- Sample #733 | True: -3.9667320251464844 | Pred: -4.788045883178711 ---
          0  1  1  1       
       0  0  0  0  1  2    
    0  0  0 -1 -2  0  0  0 
-1  0 -1 -1 -2  0  0  4  1 
 2  0  1  0 -2 -1 -3  4  3 
    0  2  1  1 -1 -1  0  2 
       3  1  2  1  0  0    
          2  1  1  1       

--- Sample #734 | True: -4.273462295532227 | Pred: -5.129064559936523 ---
          0  0  0  3       
      -2 -1  0  2  2  4    
   -2  0  0 -3 -1  1  1  0 
-8  1 -1 -1  0  0 -2  0  0 
-3  0  4  0  1  1  0  0  0 
    1  1  2  0  0  0  0  0 
      -1  0  1  1  0  1    
          1  0  2  2       

--- Sample #735 | True: -3.7498092651367188 | Pred: -5.038818359375 ---
          3  0  4  0       
       4  1  1  0  0  3    
    0  2  1  0  0  1  2  0 
 0  0  0  0  0  1 -3  0  1 
 1  0  0  0  0  2 -3  0  1 
    1  1  0  0 -1 -1 -1  1 
       3  2  2  1  0  0    
          1  1  2  0       

--- Sample #736 | True: -4.090961456298828 | Pred: -4.604192733764648 ---
          0  1  2  2       
      -1  0  1  0  0  2    
    0  0  0  0  0  0  0  0 
 2  3 -1 -1  0  0  0  1  0 
 3 -1  0  0  0  0  0 -3 -1 
   -1 -1  1  0 -1 -1 -3 -3 
      -2  0  1  0  0  0    
         -2 -2  1  1       

--- Sample #737 | True: -4.968461990356445 | Pred: -4.902732849121094 ---
          0 -1 -1  0       
      -1  1  0  0  0  2    
    0  1  0  0 -1  2  1  1 
-8 -1  0 -2  0  0 -2  2  1 
 1  0  0  0  0  0 -2 -2  0 
    0  0  0 -1 -1 -2 -1 -3 
      -4 -1  0  2  1  0    
         -2  0  1  1       

--- Sample #738 | True: -4.493846893310547 | Pred: -5.457611083984375 ---
          4  0  0  2       
       3  0  1  1  0 -1    
    2  2  0  0 -1  1 -3 -2 
-7  0  0 -1  0  0  0  0  0 
 2  3  1  0  0  0 -2 -2  0 
    3  3  3  0  0  1  0  0 
       3  0  1  1  2  0    
          0  1  1  2       

--- Sample #739 | True: -5.39923095703125 | Pred: -4.971246719360352 ---
         -2 -4  0  2       
      -1 -2 -2 -2  0  2    
    1  2 -1 -2 -3  0  3  0 
-17  2  0 -1 -1 -1  0  0  1 
-1 -2  0  0 -1  0 -1 -2  0 
    0  0  1  0  0 -1 -3  0 
       0  0  0  1  0 -1    
         -2  0  1  1       

--- Sample #740 | True: -6.284999847412109 | Pred: -5.991979598999023 ---
          0  0  1  1       
       0  0 -1  0  0  3    
    0  0 -3 -4 -2 -1  0 -1 
 4  0 -2 -4 -2  0 -1  2  0 
 4  1 -1 -2 -3 -2 -4  0  0 
    2  0  0 -2 -2 -4 -3  0 
       0 -1 -1  0 -1 -1    
          0  2  2  0       

--- Sample #741 | True: -5.566923141479492 | Pred: -4.5646209716796875 ---
          0 -1  0 -1       
       3  0 -2  0  0  1    
   -14  2  0 -1 -1  0  2  0 
-19 -14  1 -1  0  0 -1  3 -1 
-7 -1  0  1  0  0  0  0 -1 
    1  0  0  0  0 -1  1 -1 
       0  0 -1  0  0  0    
         -1  0  0  1       

--- Sample #742 | True: -3.4619216918945312 | Pred: -5.770175933837891 ---
          0  0  5  5       
       3  1  0  0  1  1    
    6  2  0  1  0  1  2  0 
 8  9  5  2  2  0  0  5  0 
 9  5  2  2  1  0  0  0  2 
    4  0  1  3  1 -1  1  1 
       2  0  0  1  1  0    
          0  1  2  0       

--- Sample #743 | True: -4.507499694824219 | Pred: -4.7458038330078125 ---
         -4 -1 -2  1       
       3  0 -2  0  0  0    
   -4  0  0 -1 -1  0 -2  0 
-1 -1 -3  0 -2 -1 -2  2  0 
 1  0 -1  0  0  0 -2  1  1 
   -3  0  1  2  0 -1  0  3 
      -1 -1  0  2  2  0    
          0  0  0  0       

--- Sample #744 | True: -5.163461685180664 | Pred: -4.75114631652832 ---
         -3 -2 -1  2       
      -7 -1  0  2  0  1    
   -8 -5 -1 -3 -3  0  0 -1 
-1  0 -1 -1  0  1 -1  2  0 
 0 -1  0  0  1  0  1 -6  0 
    0  0  1  1  0 -2 -1 -3 
       4  2  0  1  0  1    
         -2  0  0  1       

--- Sample #745 | True: -4.1342315673828125 | Pred: -5.387065887451172 ---
          1  4  2  4       
       1  5  3  3  1  0    
    0  4  1  1  0 -1  1 -4 
 3  2  0  1  0  0 -1  2  0 
 2  2  0  0  0  1  0 -2  0 
    3  1  1  1  0 -1  0  2 
       0  0  0  3  1 -1    
          1  3  4  0       

--- Sample #746 | True: -5.515962600708008 | Pred: -4.560514450073242 ---
         -2 -7 -4  1       
       0  0 -1  0  2 -1    
   -6  1 -1 -1 -2  0  0  0 
-1 -3 -2 -3 -1  0 -2  4  0 
 0  0  0 -1  0  0 -1  1  1 
   -3 -2 -1 -3  0 -2  0  0 
      -3 -3 -4  0  0  0    
         -3  0  2 -1       

--- Sample #747 | True: -6.141923904418945 | Pred: -5.681192398071289 ---
         -4  0 -2  1       
      -1 -1 -1  0 -2  1    
   -10 -2  0 -1 -1 -1  0 -3 
-2 -3 -1 -2  0  0 -1  3  0 
 2  0  1  1  0  0  0 -4  0 
    1  0  2  1 -2 -1  1  0 
       0  0  0 -3  0  0    
          0  0  3  0       

--- Sample #748 | True: -6.0140380859375 | Pred: -5.846672058105469 ---
         -7  2  3  7       
      -5  1 -1  2  3  4    
   -12 -5 -1 -2  0  3  6  0 
-8  0 -1 -4  0 -1  0  6  1 
 5  1  0  0  1  0  0  0  2 
    2  1  2  0  1 -3  0  0 
      -1  0 -2 -2 -1  1    
         -2  1  0  1       

--- Sample #749 | True: -6.215961456298828 | Pred: -6.390216827392578 ---
         -1  2  0  6       
       4  4  4  0  3  2    
   -8 -2  3  1 -4  1  0  0 
-12 -9 -3  0  2  1  1  3  0 
 0  0  0  0 -1  0 -1 -5  0 
   -2 -1  0  1  0 -1  0  2 
       0  0  1  0  0  0    
          2  2  2  1       

--- Sample #750 | True: -1.2724990844726562 | Pred: -1.5947723388671875 ---
          0  0  1 -2       
      -2  0 -1  1  0  0    
    1  1  0 -1 -1  0  1  0 
 0  1  0  0 -1 -1  0  0  1 
-1  0  1  1 -1 -1  0 -3  0 
   -1  1  0 -2  0  0  0  1 
       0  0 -3  1  0 -2    
          0  3  2  0       

--- Sample #751 | True: -0.4811553955078125 | Pred: -2.352710723876953 ---
          2  3  6  4       
       2  1  2 -1 -1  1    
    0  1  1  0  0 -1 -4  0 
 0  0  3  2  1  2  2  0  1 
 0  1  2  1  2  2  1  0  0 
    0  1  1  1  1  2  4  2 
       1  0  1  3  1  4    
          1  0  0  0       

--- Sample #752 | True: -1.5894241333007812 | Pred: -1.9865264892578125 ---
          1  1  2 -1       
       0  0  0  0 -3 -2    
    0  0  0  0  0 -3 -5 -2 
-1  0  0  1  1  0  3  0  0 
 0  0  1  0  0  0  0  0 -1 
    0  0  0  0 -1  0  0  1 
       0  0  1  0 -2 -1    
          0  0  1  0       

--- Sample #753 | True: -0.8394241333007812 | Pred: -2.7058181762695312 ---
          2  2  2  0       
       1  4  1  1  0  1    
    3  2  0  2  0  0  0  0 
 2  0  0  0  0  0  2  4  3 
 0  1  1  2  0  1  3 -3  2 
    0  0  1  1  2  1  0  2 
       0  0 -1  1  1  0    
          3  0  2  2       

--- Sample #754 | True: -2.5773086547851562 | Pred: -2.6463279724121094 ---
         -3 -2 -5  0       
      -1 -2 -3 -1 -2  2    
   -2  0 -3 -4  0 -1  1  1 
-2  0 -1  0 -1  0  1 -1 -1 
 0  0  1  0  0  1  0 -2 -1 
   -2  0  0  1  1  0  2  0 
       0 -4  0  1  1  0    
         -3  1 -1  0       

--- Sample #755 | True: -3.0375003814697266 | Pred: -6.601278305053711 ---
          3  8  8  8       
       6  4  3  5  4  7    
    5  2  3  2  3  1  4  4 
 5  1  1  1  0  0  2  4  6 
 1 -4 -2  0  0  0  2 -3  1 
   -3  2  2  2  2  3  0  3 
      -1  0  0  0  0  4    
          1 -2  4  5       

--- Sample #756 | True: -3.901153564453125 | Pred: -5.26930046081543 ---
          4  2  5  8       
       1  4  1  2  3 -4    
    0  1  2  1  1  0  2  4 
-20  1  0  1  1  1  1  4 -3 
-21  1  1  1  1  2  3 -3  4 
    0  0  2  3  1  0  3  2 
      -1  0  2  0  1  2    
          6  4  3 -2       

--- Sample #757 | True: -4.050577163696289 | Pred: -5.073986053466797 ---
          3  3  2  2       
       2  1  0  0  0 -1    
    2  2  2  0 -1  0  0  0 
 2  1  1  0  0 -2  0  1  0 
 0  0  1  0  0  0  1  1 -1 
    0  0  0  0 -1 -2  2  2 
       0  1  1  0 -1  1    
          4  1  2  0       

--- Sample #758 | True: -13.281539916992188 | Pred: -10.5728759765625 ---
          0 -1 -4  1       
       0 -1 -1 -1 -1 -5    
    1  2 -1 -1  0  0 -4  4 
-11 -10  0 -2 -4  0  0  5  4 
-12 -9 -24 -24 -17  2  1  0 18 
   -15 -19 -21 -19 -4  5 13 19 
      -15 -17 -14  0  9 10    
          1  1 14 11       

--- Sample #759 | True: -1.3513450622558594 | Pred: -2.8638458251953125 ---
          0  1 -1  1       
       1  2  0  0  0  0    
    2  1  0  0  0  0  0  0 
 2  1  1  3  3  2  0  0  0 
 1  2  1  2  0  2  2 -2 -1 
    0  0  1  0  0  1 -2  0 
       3  1  1  1  2  0    
          2  2  0  0       

--- Sample #760 | True: -1.68365478515625 | Pred: -2.4203033447265625 ---
          0  3  0  2       
       0  1  0 -1  0  0    
    0  1  0  0 -2  0  0  0 
 1  0  0  0  1 -1  0  0 -2 
 1  0  0  0  2  0  0  7  0 
    2  1  0  0  0  0 -2  0 
       2  0  0  0 -1  0    
          0  0 -2  0       

--- Sample #761 | True: -16.680192947387695 | Pred: -13.546497344970703 ---
         -2  3 -3 16       
       2 -6 -4 20 -12 -15    
    0  1 -6  5 -4 -10 -19 -22 
11  0 -3  1 -13 -3 -12 -8  4 
13  7 -2 -11 -5 -12 -1 27  2 
    9  2  2  0  5 -4  2 -23 
       0 -9 -13 -9 -3  4    
          0 -1  7  9       

--- Sample #762 | True: -19.153268814086914 | Pred: -13.925310134887695 ---
         -3 -3  0  0       
      -2 -4 -2  0  0 13    
    1  0 -2  0  1  0  1 14 
-4 -3 -3 -3  3 -5 -3 -2 15 
-17 -12 -2  4  4  6  1 -1  2 
   -6 -11  0  9  6  2  1  1 
      -22 -13 -5  7  3 -1    
         -20 -18  1 -6       

--- Sample #763 | True: -20.43115234375 | Pred: -17.30198860168457 ---
          2  1  3 -1       
       1  1  1  0 -3 10    
    0  0  0  0  0 -3 -9  4 
-1  0 -1  0  0 -7 -6 -1  5 
-2  2 15  8  0  2  7 -4 -11 
    6  9  7  0  4  0  0 -4 
      -3 -13 -5  0 -7 -4    
         -6 -10 -5 -7       

--- Sample #764 | True: -20.51788330078125 | Pred: -19.53607177734375 ---
          0  0  2  0       
       0  0  0  0 -2 -1    
    0  0  0  0 -1 -4  6  3 
 1  0  0  0 -2 -6 -2 -1  8 
-3  5  9  8  4  3  5 -4  0 
    6  8  6  6  6 10  8  6 
       2  2  6  2  5  9    
         -3 -5 -8 -7       

--- Sample #765 | True: -21.199615478515625 | Pred: -19.556983947753906 ---
          1  0  3  0       
       1  2  1  2  0  2    
    0  3  2  3  8  0  0  3 
 0  2  1  3  3  3  7  6  5 
-1 -5  7  6  3  5  8 -3 -9 
   -7 -1 -5  5  7  8  8  5 
      -4 -5  2 14 13  5    
         -5 -6 -7  9       

--- Sample #766 | True: -19.69403839111328 | Pred: -20.427406311035156 ---
          3  1  4  0       
       2  1  2  1  0 15    
    0  1  0  0  0 -2  0  4 
 0  1  0  1  0 -3  0  1  0 
 1 14 17 12  7  6  9 -4 -8 
   13 20 10  8  9  8  5  1 
       8  3  4  9  4  3    
         -1 -4 -5  4       

--- Sample #767 | True: -7.358654022216797 | Pred: -8.208578109741211 ---
          7  9 13 12       
       1 -4 -2  6 -6 -3    
   12  3 -8  2 -1  5  1  5 
17  3  0 -1 -1 -1  1  7  2 
19 10  3 -5 -5 -12 -5 19  1 
    9  3  3  2  2 -15  4 -25 
       6  0  3  3 -7 -5    
          6  5  1  5       

--- Sample #768 | True: -15.078462600708008 | Pred: -7.873701095581055 ---
         -16 -14  0 -5       
      -15 -15 -13 -13 -6 -1    
   -19 -9 -10 -4 -8 -17  0 -1 
-14 -19 -18 -17 -4  2 -11 -1  5 
-18 -17 -5 -9 -6  3  1 13  5 
   -16 -14 -8 -5  4  0  1  0 
      -17 -7 -8  0  1 -3    
         -11 -10  0 -3       

--- Sample #769 | True: -12.735191345214844 | Pred: -14.930139541625977 ---
          8  5 13  0       
       3  0  3  0  1  0    
    4 12  6  3 10  8  2 -3 
 4  2  1  9  0 -2 -1  7  4 
 5 -3  7  7  7  2  4 -10  2 
   -5  7  1  7  3  5  3  4 
      -3  6  3  0  0 -4    
          1 10  3  8       

--- Sample #770 | True: -10.39923095703125 | Pred: -13.38026237487793 ---
          6  6 14  5       
       6 11  7  7  6  7    
    4  4  1 12  5  6  6  5 
 4  0  2 -5  3  0  1  1  3 
 0 -2  2 -5  5  0  0 -3  3 
    4  5 -3  4  1  0  2  4 
       6  4  0  3  2  4    
          9  5  4  5       

--- Sample #771 | True: -10.856729507446289 | Pred: -11.59832763671875 ---
         -3 -3 -5 -5       
      13  2  3 -3  0  0    
   13 14  1 -2 -6 -5  0 -3 
 2 -7  0  2  4 -1 -5  8 -2 
 9  7 14  8  7  4 -2 -3 -5 
    5 11  5  7  2  3  0  1 
       0  2  0  0  0  0    
          0  3  1  3       

--- Sample #772 | True: -18.909807205200195 | Pred: -10.353113174438477 ---
         -11 -12 -5  0       
      -16 -19 -10 -6 -9  3    
   -9 -20 -21 -8 -1 -1 -7 -3 
-8 -13 -15 -13 -4  2 -2 -7  1 
-9 -16 -16 -10 -7  1  5 -3 -2 
   -10 -22 -25 -3  4 -4 -2 -2 
      -17 -16 -7 -8 -15 -3    
         -14 -7 -4 -5       

--- Sample #773 | True: -15.944231033325195 | Pred: -17.594287872314453 ---
          2  0  1  0       
       8 12  3 -3 -2  4    
    6  3  9  9  9 -1  0  0 
 0  0  1  5  0  0 -4  8  3 
 0  1 11  5 10  4  5 -2  4 
   -1  9 10 10  5  5  5  2 
       0  4  2  3  2  5    
          6  1  1  0       

--- Sample #774 | True: -6.599615097045898 | Pred: -6.5094146728515625 ---
          1  0  2  0       
       0  0  0  0  0  0    
    0 -1 -3 -2 -3 -2 -2 -1 
 1 -1 -1 -1  0 -2 -1 -2  0 
 0  0 -1 -1  0  0  0  7  2 
    0  0 -2 -1 -3 -2  0  0 
       1 -1  0  0  0  0    
          0  2  0  1       

--- Sample #775 | True: -4.864038467407227 | Pred: -7.6492767333984375 ---
          2  1  3  2       
       2  0  1  3  1  0    
    2  1  0  0  2  2  2  3 
 4  1  3  1  2  0  1  8  3 
 4  3  2  1  1  1  0 -2  2 
    3  2  1  1  1  0  1  3 
       1  0  1  1  0  2    
          4  4  3  0       

--- Sample #776 | True: -5.140384674072266 | Pred: -5.899831771850586 ---
          1  0  3  1       
       0  0 -1  1 -1  0    
    0  0 -1  0  0  0  0  0 
 1  0 -1  0  0  0  0  1  0 
 0 -1  0  0  0  0  0 -3  0 
    0  0  0  0  0 -2  0  3 
      -1  0 -1  0  0  0    
          0  0  1  0       

--- Sample #777 | True: -3.401153564453125 | Pred: -3.860546112060547 ---
          0 -1 -2  1       
      -2  0 -1  0 -1 -1    
   -1 -1 -1  0  0  0 -1  0 
 0  0  0  1  0  0  1  1 -1 
 2  0  2  2  0  0  0 -3  0 
    0  0  0  1 -1 -2  0  0 
       0 -1  0  0  0  0    
          0  1  1  0       

--- Sample #778 | True: -1.5069236755371094 | Pred: -4.918745040893555 ---
          4  6  3  4       
       3  3  4  4  2  2    
    1  3  1  2  2  3  2  2 
 5  4  4  1  3  1  3  4  4 
 4  3  3  2  2  2  1 -2  3 
    3  2  1  1  2  0  2  1 
       3  2  0  0  2  0    
          1  0  0  0       

--- Sample #779 | True: -1.7757682800292969 | Pred: -2.7871932983398438 ---
          2  1  2  3       
       1  0  0  2  0  1    
    0  1  0  0  0  0  0 -1 
 0  0  0  0  1  0  0 -1  0 
 0  0  2  1  0  0 -1 -3  0 
    0  0  0  0  0 -1  0  0 
       0  0  0  0 -1  0    
         -2  1  0 -1       

--- Sample #780 | True: -2.596538543701172 | Pred: -4.8831939697265625 ---
          2  1  4  4       
       5  2  0  0  0  1    
    3  4  2  1  0 -1  0  1 
 3  1  0  1  0  0  2 -5  0 
 4  4  1  2  0  0  0 -2  2 
    0  3  1  0  1  2  2  0 
       2  1  2  1  3  1    
          0  2  2  1       

--- Sample #781 | True: -2.169422149658203 | Pred: -3.7037181854248047 ---
          1  0  2  3       
       2  1  0  1  0  1    
    1  2  0  0  0 -1  0  2 
 3  2  0  0  0  0  2  0  0 
 0  1  0  0  0  1  1  1  1 
    0  1  1  0  0 -2  1  0 
       2  1  0  0  0  2    
          0  1  1  1       

--- Sample #782 | True: -2.0375022888183594 | Pred: -3.5326786041259766 ---
          0  2  6  2       
       1  1  1  1 -1  0    
    0  1  1  2  0  1  1  0 
 0  0  0  0  1  1 -1 -22  1 
 0  0  1  2  0  0  0 23  0 
   -1  1  0 -1  0 -1  1  0 
      -1  1 -1  0  1  0    
          1  1  2  1       

--- Sample #783 | True: -2.58038330078125 | Pred: -3.015439987182617 ---
          0  0  0  0       
       0  2  1 -1  0  0    
    0  0  0  1  0  1  0  1 
-2  0 -1  0  0  0 -2 14  0 
-2  0  0  1  0  0  0 11  1 
    0  0 -1  2 -2  0  2  0 
       2  0  0 -1  0  0    
          0  2  2  0       

--- Sample #784 | True: -2.4665374755859375 | Pred: -3.567035675048828 ---
          3  0  4  2       
       1  0  2  2  0  1    
    1  2  1  0  0  0  2  1 
 4  2  1  1  0 -1 -1 -4  0 
 0  0  0  0  0  0  0  4  1 
    4  0  0 -1 -1 -2  0  1 
      -2 -1  0 -2 -2  0    
          1  2  0  2       

--- Sample #785 | True: -2.3059616088867188 | Pred: -4.850469589233398 ---
          2  3  2  3       
       1  1  1  2  3  2    
    1  2  2  2  1  0  0  2 
 7  1  0  0  1  0  0  4  1 
 4  2  0  0  1  1  0 -12  0 
    2  0  0  0  2  2  2  2 
       0  0 -1  0  1  2    
          3  1  3  3       

--- Sample #786 | True: -2.8490371704101562 | Pred: -3.705221176147461 ---
          1  0  1  0       
       2  1  0  1 -1 -1    
    0  2  0  0  0 -1  0  0 
 1  0  0  0 -3 -1  0  1  0 
 6  0  0  0  0 -1 -1 21 -1 
    2  0  1 -1 -2  0  1  0 
       0  0 -1 -1  1  2    
          0  0  1  1       

--- Sample #787 | True: -1.4607696533203125 | Pred: -4.480720520019531 ---
          1  2  0  4       
       1  1  2  1  1  2    
    2  2  2  2  3  3  3  2 
 1  1  1  3  2  1  2 -9  2 
 1  0  2  1  2  2  2 -18  2 
    2  1  1  1  4  2  1  3 
       2  0  3  1  1  0    
          1  2  3  4       

--- Sample #788 | True: -1.8369216918945312 | Pred: -3.3911819458007812 ---
          0  1  1  0       
       0  2  0  1  0  0    
    3  0  0  1  0  0  2  0 
 4  0  0  0  0  0  2  3  1 
 2  0  0  0  0  0 -1 -3  0 
    1  0  0  0  0  1  1  3 
       0  0  0  1  0  1    
          2  1  1  0       

--- Sample #789 | True: -2.5109634399414062 | Pred: -3.308696746826172 ---
         -1  0  1  0       
       0  0  0  0  0  0    
    1  0  1 -1  0  0  0  0 
 0  0  0  0  0 -2  0 -1  0 
 1  0  0  0  1  1  1 -2  1 
   -1  0  0  0  0  0  0  2 
       0  0 -1 -1  0  0    
          1  0  1  1       

--- Sample #790 | True: -5.0009613037109375 | Pred: -6.630950927734375 ---
          0  2  0  1       
       0  2  0  0  1  2    
    0  1  3  0  0  1  2  0 
 0  1  1  1  0  0  3  9  1 
-5  0  0  1  3 -1  3 -2  0 
    0  0  0  1  2  3 -1  0 
       1  0  1  2  2 -2    
          0  1  1  0       

--- Sample #791 | True: -5.995384216308594 | Pred: -6.00030517578125 ---
          0 -1 -3 -3       
       0  0 -1 -1 -2 -3    
    1  0  2 -1  0 -3 -1  0 
 7  0 -1  0  0 -5 -4  1 -1 
 0  0 -1 -1 -5 -3  0 -2  0 
    0  1  0 -1  0  1  0 -2 
       2  0 -1  1  0 -3    
          3  1  3  2       

--- Sample #792 | True: -4.504037857055664 | Pred: -4.383708953857422 ---
          1  1  2  2       
       1  0  0  1  1  0    
   -2  0  0  0 -1  0  0 -4 
-1  2 -2 -2 -2 -1 -1  3 -2 
-1 -1 -2 -1 -1  0  1 -3  0 
   -3  1 -1  0  0  0  0 -4 
      -1 -1  0 -1  0  0    
         -1 -1  0  0       

--- Sample #793 | True: -9.517114639282227 | Pred: -4.924003601074219 ---
         -15 -2 -21 -20       
      -8 -5 -5 -15  0 -3    
   -11 -4 -4 -5 -7 -3 -4 -8 
-11 -6 -4 -7 -9 -10 -4 -2  0 
-1 -1 -5 -3 -7 -6 -1 22  6 
   -6 -2  0 -3 -3 -1 -2 -1 
       0 -1  0  1  0 -5    
          0  0  2  1       

--- Sample #794 | True: -5.894807815551758 | Pred: -6.49559211730957 ---
          1 -2  5  4       
      -3  0  0  2 -1  0    
    0  0 -1  1  3  0  1  1 
-4 -1 -2 -2 -10  2  0 -1  0 
 3  0 -4 -3 -3  0  2 21  0 
   -2  0  0  0  0  0  0  1 
       0  2  1  1  1 -2    
          3  0  0  0       

--- Sample #795 | True: -5.80711555480957 | Pred: -6.291399002075195 ---
         -5  4  4  3       
       0 -1  0  3 -2 -3    
   -4  0 -3  0  3  0  0  1 
-5  0 -2 -3  1  2  1 -8 -1 
 0  1 -1 -3 -2  0 -5 11  0 
    4 -1 -1  0 -2 -6 -2  3 
       9  1  3  1  1  1    
          3  2  3  1       

--- Sample #796 | True: -7.50538444519043 | Pred: -6.197389602661133 ---
         -2  2  1 -3       
      -4 -5  2  2 -1 -1    
   -6  0 -1 -1 -2 -1  0  3 
-11 -1 -2 -7 -5  0  0  3 -2 
-3 -1 -5 -8 -5 -4  1 -3  2 
   -1 -3 -2 -2 -2  0 -1 -2 
       4 -1  0 -2  0  1    
          3  3  2  0       

--- Sample #797 | True: -13.05923080444336 | Pred: -8.469236373901367 ---
         -17 -13 -9 -7       
      -8 -13 -17  0 -4 -3    
   -9 -14 -14 -8  0 -2 -3  2 
-10 -15 -12 -21 -24  0  5 -4  0 
 5  3  2 -14 -15  1  5  7 -4 
    4 -1  2  3  0  0  1  0 
      -4  0  1 -3  0  1    
          0  1 -3 -2       

--- Sample #798 | True: -4.949422836303711 | Pred: -2.98455810546875 ---
         -4 -3 -2  0       
      -4 -4 -3 -2 -5 -3    
   -5 -4 -4 -1 -1 -2  0 -4 
 0  0 -1 -2  0  0 -19 -6 -1 
-1 -1 -4 -1  0 -1 -2 15 -5 
    0 -3 -1 -1  0 -3  1 -2 
      -1 -1  0 -2  0  0    
          0  0  0  0       

--- Sample #799 | True: -4.584232330322266 | Pred: -5.7790374755859375 ---
          2  4  5  2       
       0  1  3  1  1  1    
    3  0  1  4  3  0  1 -1 
 5  5  0  0  5  1  2  2  2 
 2  3  0  2  0 -1  0  2 -6 
    0 -2 -1  0 -1 -2 -4  0 
       1 -1  0 -1 -2 -2    
          0 -3  0 -5       

--- Sample #800 | True: -5.676729202270508 | Pred: -5.150321960449219 ---
         -1 -4  1 -4       
      -2 -2 -1  0 -5 -2    
   -3 -1 -2 -1  0 -1 -1 -2 
 3  0 -1 -2  0  0  0  0 -2 
 4  1 -1 -4  1  0 -2  4  1 
    1  0 -2 -3  0 -1  0 -4 
      -1 -2  0  0  0  5    
          0  0  0  0       

--- Sample #801 | True: -5.965770721435547 | Pred: -6.146064758300781 ---
          2  0  1  1       
       1  1 -2  1  0  0    
    0  2  0  0  0  0  0 -1 
 0  1  0 -1  0 -2  0  1  1 
-2 -2 -4 -2  0  0 -1  5  0 
   -1 -3  0  0  0  0 -2  4 
       2  0  0 -4 -1  0    
          3 -2  0  0       

--- Sample #802 | True: -15.978076934814453 | Pred: -19.743711471557617 ---
         13 10  5  7       
      12 11  6 10  7  8    
   12 12 14  5  3  5  9  5 
 8  9  8  8  7  7  8  5  8 
-3 -5 -7 -9 18 15 16 -3 14 
   -5 -8  1 -9 -11 -2  0  7 
      -7 -6 -4 -8 -11 -3    
         -7 -6 -8 -5       

--- Sample #803 | True: -19.441923141479492 | Pred: -16.248830795288086 ---
         -8 -1 -7 -10       
      -6 -6 -1 -1 -4 -8    
   -5 -1 -5 -5 -3 -5  5 -7 
 2 -6 -3 -3  0  0  2  1 -11 
 1  1  0  0 -14  1  0  3  1 
    2  2  2 -2 -4  0 -5 -11 
       1  0  0  1  0  8    
          2  6  1 -1       

--- Sample #804 | True: -18.448461532592773 | Pred: -18.675594329833984 ---
          4  5  6 -5       
       4  2  3  4 -7  0    
    1  4 -3 -1 -1 -2  3  1 
 4 -5  3  1  0 -2  1  2 -5 
 1  0 -2 -1 15  5 -1  0  5 
    3  0 -1 -1 -2 -2 -3  0 
       1 -1  0  1  0  1    
          1  2  0  0       

--- Sample #805 | True: -13.020193099975586 | Pred: -18.363296508789062 ---
         -1  2  2 -6       
      -7 -3  1  2 -6 -4    
   -3  0 -2  0  0 -12 -4 -2 
 4  0  0  0  4  1 -1 -3 -3 
21 20 24 23 11  6  2 19  0 
   10 25 23 28 27 27  5  7 
       0 -1 12 25 20 -5    
          1  3  0 -2       

--- Sample #806 | True: -19.62557601928711 | Pred: -13.177406311035156 ---
          4  4  3  7       
       0 -1 -1  1  5  5    
   -5  1  0 -3 -8 -3  6  8 
-8 -10  0  0  0 -1 -2  1  0 
-17 -21 -25 -25 -1 -1  1 -8 -6 
   -15 -19 -23 -27 -27 -24 -19 -17 
      -12 -15 -18 -20 -17 -16    
         -9 -8 -8 -8       

--- Sample #807 | True: -18.15730857849121 | Pred: -19.052093505859375 ---
          9  6  3  1       
       7  2  1  4  1  0    
    7  5  3 -4 -3 -3  5 -2 
 7 -3  7  1  2  3  2 -4  4 
 0 -1 -3 -5 11  8  0  0 12 
    1  0  0  0 -1  1  0 -7 
       0  0  3  4  2  4    
          2  3  2  2       

--- Sample #808 | True: -5.024421691894531 | Pred: -13.164091110229492 ---
         12 13 10 10       
      16 12 13  8  1  8    
   14 14 12  9  6  4  8 19 
21 15 15 12 12 12 11 12 13 
13  9 13 13 11 10  6  6 10 
   15 10  8  6  5  7  5 11 
      13  5  5  5  5  3    
          7  6  2  6       

--- Sample #809 | True: -5.9990386962890625 | Pred: -5.860490798950195 ---
         -1  4 -2  2       
       2  0  2 -1  2  0    
   -6  0  0  0 -1  2  1  0 
 0  0 -1 -3  0  1  0  3  0 
-6 -9  0  0  1 -1  0  1  1 
    3 -1  0  0 -1  0  1  2 
      -1 -1 -4 -4 -1 -2    
         -4  1 -1  3       

--- Sample #810 | True: -6.155576705932617 | Pred: -6.636491775512695 ---
          1  4  0  0       
       3  1  0  1  0  2    
    2  0  2  0  0 -1  1  1 
 4  3  0  1  0  0 -2  0  1 
 2  3  0 -1 -1  0  1  4  1 
    3 -1  0  0  0  0 -1  0 
      -1 -2 -2 -6 -3  0    
          0 -2 -3  1       

--- Sample #811 | True: -7.158267974853516 | Pred: -6.166637420654297 ---
         -2 -2 -3 -4       
      -7 -3 -5 -4 -4 -1    
    0  0 -2 -3 -3 -4 -3  0 
 3  4  0 -1 -3 -5 -3 -6 -1 
 2  2  1  0  0  0  3 11 -1 
   -3  1  2  0  0  0 -10  3 
      -1  2  6  0  4 -6    
          0  3  3  0       

--- Sample #812 | True: -6.889808654785156 | Pred: -7.964689254760742 ---
          0  7  4  8       
       4  4  2 -10  5  5    
    0  3  0  1  0  1  1  4 
 0  1  3  2  1  2  3  6  5 
-19  0  0  1  1  1  2  5  5 
   -7  2  0  1  1 -2  1  3 
       0 -3 -3  0  2 -3    
         -9  0 -13  0       

--- Sample #813 | True: -6.805385589599609 | Pred: -7.858898162841797 ---
         -4  3  7 12       
       6  2  2  4  1  0    
    1  2  1  0  1  0  0  4 
 4  5  4  2  2  1  0  3  2 
 2  5  1 -2  1  1  0  0  1 
    2  0  1 -1 -1 -4 -2  2 
      -5 -1 -3 -5 -1  0    
         -3  5  6  0       

--- Sample #814 | True: -9.888269424438477 | Pred: -12.471492767333984 ---
         -5  2 -6 -6       
       1  6 -3 -9 -11 -5    
    0  1  0  6  6  5  4 -5 
 1  6  2  6  7 -13 10  8 -2 
 7  5  6  7 -12 -11 -14  5 -1 
    4  3  6  8  6  5  0  2 
       5  4  0  0  0  3    
          3  3  4  4       

--- Sample #815 | True: -11.548076629638672 | Pred: -12.585290908813477 ---
         -13 -2  7  0       
       2 -8 -4 -9  2  4    
    0 -6 -9 -7 -20  0  6  1 
-4 -6 -7 -1  0 -2  1  8  2 
 7  9  8  9  0 -2 -10  0  1 
    2  3  7  8  8  2  0  6 
       2  4  0  1 -1  5    
          0  3  2  2       

--- Sample #816 | True: -9.724037170410156 | Pred: -12.003263473510742 ---
         -1  7  4  6       
      -3 -4  1 -4 -4  2    
    2  2 -3 -1  6  0  8  5 
 0  1  0  0  0 -6 18 11  1 
 5  1  4  7 -1 -7 -5  1  2 
    6  4  7  7  5  7  5  4 
       2  5 -2 -2  2  5    
          5  4 -1  4       

--- Sample #817 | True: -8.194999694824219 | Pred: -7.956098556518555 ---
          3  8 14  8       
       9  2  7 -2  0  5    
   -4  2 -2  1 -3  2  9  0 
-10 -1  2  2  0 -4 -2 11 -2 
-1  3  3  3  4 -7 -9 10 -1 
   -2  2  6  4  6  3  3  1 
       1  0 -2  2  0  2    
         -2  0  0  5       

--- Sample #818 | True: -7.715192794799805 | Pred: -9.279792785644531 ---
          2  0 -1  7       
       9  0 -6 -13 -8  5    
   15  8 -5 -5 -14  3  6 12 
 1  5 -1  3 -2 -19 -8 13  2 
 6  9  7  4  3 12 13 -2  3 
    6  3  5  3 -1  0 -1  3 
       4  3  1  0 -2  3    
          4  7  5  6       

--- Sample #819 | True: -6.246345520019531 | Pred: -7.634748458862305 ---
          5  1 -3  5       
       2  0  0  0  0  0    
    2  4  3  2  2 -9  0  0 
-5  0  4  1  4 -3 -7  3  2 
 0  0  0  0  1  0  2 -4  2 
    0  1  1  0  0 -1 -1 -1 
       0  0  0 -2  0 -3    
          0 -1  3  1       

--- Sample #820 | True: -6.0140380859375 | Pred: -7.893644332885742 ---
          3  2  0  0       
      -1  1  3  5  3  1    
    4  1  1  0 -18 -4  4  0 
-1  0  4  0  2  0 -7  0  2 
 3  2  2  2  0 -1  1 -2  2 
    0  0  2  0  1 -2 -1  3 
       1  2  3  0  0  1    
          1  0  6  4       

--- Sample #821 | True: -5.308078765869141 | Pred: -9.048700332641602 ---
         11  7 11 12       
       5  7  3  7 -7  5    
    3  5  4  4 -8 -3  4  3 
-6 -2  4  0  7  0 10 -3  5 
 3  3  3  3  2  0  2 -3  2 
    1  0  2  0  1  0  0  2 
       2  2  0 -2 -3  2    
          0  2  4  2       

--- Sample #822 | True: -5.131155014038086 | Pred: -6.855499267578125 ---
          0  3  2  1       
       6 -2  0  0  2 -8    
    1  1  0  0  3  3  1  3 
 0  1 -1 -3  3 -4 -6 -6  3 
 3  2  0  0  2 -7  2 -5  6 
    1  0  1  0  0  0  3  1 
       0  0  1  0 -1  2    
          3  3  4  2       

--- Sample #823 | True: -1.1057701110839844 | Pred: -4.998476028442383 ---
          2  4  3  4       
       2  0  1  4  2  1    
    3  2  1  0  1  0  3  2 
 2  4  3  1  2  2  2  8  3 
 6  6  2  2  4  5  4 -11  3 
    2  2  3  2  4  3  0  3 
       4  1  2  4  1  3    
          5  3  6  4       

--- Sample #824 | True: -0.7613487243652344 | Pred: -2.7118186950683594 ---
         -1  0  1  3       
       0  1  1  0  0  0    
    0  0  0  0  0 -1  0  1 
 0  3  0  1  2  1  1 -5  0 
 0  1  2  1  1  1  0  2 -1 
    5  0  2  1  0  0  0  4 
       0  0  2  2  0  0    
          2  2  1  2       

--- Sample #825 | True: -2.7900009155273438 | Pred: -1.8795166015625 ---
         -4 -3 -2 -1       
      -4 -5 -2 -2 -4 -1    
   -4 -4 -2 -1 -3 -2  2 -1 
 2 -1 -1 -1 -1  0 -3 -16  0 
-1  0 -1 -1 -2 -2 -1  6  0 
    1  0 -1  0 -2 -2  3  2 
       2  0 -1 -2  0 -1    
          0 -1  0  0       

--- Sample #826 | True: -1.7282676696777344 | Pred: -4.561794281005859 ---
          4  1  3  3       
       3  1  2  2  0 -1    
    2  5  3  1  2  1  0  0 
 2  2  3  0  2  2  1  0  1 
 3  2  3  3  1  1  3 -4  0 
    2  2  1  3  1  2  0  0 
      -3  0  3  2  0  1    
          2  2  1  5       

--- Sample #827 | True: -1.540191650390625 | Pred: -3.5756664276123047 ---
          1  0  0  3       
       0  0  0  0  0  1    
    1  2  0  1  0  0  0  1 
 4  3  2  0  1  0  0 -17  0 
 0  1  1  0  0  0  2 -5  1 
    1  2  2  0  0  2  3  1 
       1  1  1  0  0  0    
          0  0  2  1       

--- Sample #828 | True: -2.2211532592773438 | Pred: -2.9693222045898438 ---
          0  0  1  1       
      -1  0 -2  0  0 -2    
    0  1  0  1  0  0  1  2 
-1  2  3  0  0 -1  1 -5  1 
-2  0  0  2  0  0  1 12  2 
    0  0  2  1  0  0  3  2 
      -1  0  0  0  1  0    
         -2  1  2  0       

--- Sample #829 | True: -1.55615234375 | Pred: -3.887248992919922 ---
          2  0  5  5       
       1  1  0  0 -1  2    
    0  1  0  0  1  0  1  2 
 0  2  2  2  2  1  2 -11  2 
 0  1  2  1  0  0  2  7  2 
    0  0  1  2  1  2  0  2 
      -1  0  6  2  0  0    
          1  0  1  0       

--- Sample #830 | True: -1.4405784606933594 | Pred: -3.2542457580566406 ---
          2  3  2  6       
       0  0  1  0  0  0    
    2  2  0  1  0  0  2  1 
 0  1  3  1  1  0  3 -6  0 
 1  0  1  2  1  0  2  9  1 
    1  2  1  1  1  2  2  1 
       0  2  3  0  1  0    
          0  2  2  0       

--- Sample #831 | True: -3.225961685180664 | Pred: -2.660533905029297 ---
          0 -1  0  3       
      -6 -5 -2 -4 -2 -5    
    0 -2 -4 -1  0 -5 -4  2 
 2  0 -1 -2  0 -2 -1 -15 -1 
 0  0  0 -1  0  0 -1 -10  0 
    1 -3 -1  0  0 -3  0  2 
      -1 -2  0  0 -2 -1    
          0  2  3  5       

--- Sample #832 | True: -2.7951927185058594 | Pred: -4.988607406616211 ---
          2  1  0  0       
       1  0  0  0 -2  0    
    4  7  3  1  0  1  1  0 
 2  3  4  0  0  1  3  6  1 
 1  1  3  2  2  1  1  6  4 
    2  3  3  2  1  0  2  2 
       2  1  1  0 -3  1    
          0  2  2  0       

--- Sample #833 | True: -2.5151939392089844 | Pred: -4.633617401123047 ---
          3  3  0  1       
       0 -1  0  0 -3 -2    
   -1  0 -1  0  0 -2  0  1 
 0  0  1  0  1  0  0 -3  1 
 2  2  1  1  2  2  3 -11  0 
    0  2  2  0  1  1  1  4 
       1 -1  0  0  2  3    
          3  4  3  3       

--- Sample #834 | True: -2.1115379333496094 | Pred: -4.130401611328125 ---
          1  0  0  1       
       4  0  0  5  0 -3    
    2  2  0  0  0  0  0 -2 
 3  5  2  2  0  0  0 -5  4 
 3  0  2  1  0  2  0  0  3 
    4  2  1  0 -1  1  0  0 
       1  0  0  1  0  2    
          2  1  5  0       

--- Sample #835 | True: -2.473846435546875 | Pred: -4.511028289794922 ---
          0  1  3  1       
       3  0  1  1 -1  0    
    5  2 -1  1  0  0  1  0 
-1  1  2  1  1  0  1 -8  0 
 0  1  2  0  0  0  2 -6  1 
    0  1  2  0  0  0  3  1 
       0  1  0  2  0  0    
          2  4  2  3       

--- Sample #836 | True: -1.7669219970703125 | Pred: -4.502920150756836 ---
          0  0  1  4       
       4  0  0  1  0  2    
    2  2  2 -1  0  1  1  2 
 1  1  2  0  0  0 -1  3  6 
 1  1  1  2  2  0  2  4  5 
    0  3  3  2  1  0  1  6 
       4  1  0  0  1  2    
          2  2  2  4       

--- Sample #837 | True: -1.7628860473632812 | Pred: -3.9508705139160156 ---
          4  2  2  1       
       1  1  2  0 -1 -1    
    0  1  2  0  0  0  1 -2 
 2  2  2  3  0 -3 -2 -5  0 
 1  2  4  2  1  0  0 -8  0 
    0  3  2  1  2  3  1  0 
       0  0  3  2 -1 -2    
          0  1  2  1       

--- Sample #838 | True: -1.7153854370117188 | Pred: -5.502758026123047 ---
          4  5  6  4       
       1  0  3  3  1  3    
    2  4  0  1  1  0  1  2 
 4  4  4  2  3  2  1  3  5 
 4  2  3  2  3  3  2 -5  3 
    3  2  1  5  2  2  1  5 
       3  0  2  2  2  1    
          4  4  2  4       

--- Sample #839 | True: -1.7036552429199219 | Pred: -3.5267467498779297 ---
          0  1  2  1       
       0  0 -1  0  0  1    
    0  0  0  0 -3 -2  1  6 
 2  1  1  0  3 -1  0 -3  1 
 0  2  1  3  1  0  0 -2  2 
    0  1  2  2  1  0  0  1 
       0  1  1  4  0  0    
          2  2  0  1       

--- Sample #840 | True: -4.26500129699707 | Pred: -3.5811100006103516 ---
         -3 -1 -1  0       
      -4 -2 -2 -2 -3 -2    
   -6 -1 -3 -2 -2 -2  0  0 
-3 -2 -1 -1  0  0  0 -8  0 
 0 -3 -2 -2 -1 -1  0 17 -1 
   -1 -1 -1  0 -2 -2  0  0 
      -1  0  0  0 -2 -1    
          0 -1  0  0       

--- Sample #841 | True: -1.455963134765625 | Pred: -5.505331039428711 ---
          1  3  3  2       
       3  1  4  2  3  4    
    4  5  3  4  3  0  1  3 
 5  4  4  4  5  3  3  4  1 
 2  2  2  3  4  4  2  9  3 
    4  2  2  3  3  2  1  2 
       0  2  2  2  2  3    
          2  1  3  3       

--- Sample #842 | True: -2.6580772399902344 | Pred: -2.710155487060547 ---
         -3 -2 -2  0       
      -1 -1 -1 -1  0 -1    
    1  0 -1  0 -1 -3  0  0 
 0  0  0  0  1  0  0  0  0 
 0 -1  0  0 -1  0  0  3 -1 
    0  0 -1 -1  0  0  0  0 
       0 -1  1  0 -2  0    
          0  2  0  1       

--- Sample #843 | True: -3.0592308044433594 | Pred: -4.297801971435547 ---
          2  2  2  4       
      -1  0  0  0  1  0    
   -1  0 -1  0 -1  0  0  1 
 1 -2  0  1  0 -1 -2 -1 -1 
 1  2  0 -2  0  0  2 -13  0 
    0  2 -2 -1  0  1 -1  0 
       0  0  1 -1 -3  1    
          2  7  1 -1       

--- Sample #844 | True: -2.2334632873535156 | Pred: -4.061408996582031 ---
          0  0  0  1       
       1  0  0  0  0  2    
    0  0  0  0  0 -1  1  1 
 3  1  1  1  0 -1  0  2  2 
 2  2  0  1 -2  0  1 -2  2 
    1  2  1  1  1  2  4  4 
       0  1  2  2  2  1    
          3  3  3  3       

--- Sample #845 | True: -2.471343994140625 | Pred: -4.022373199462891 ---
          0  1  0  0       
       0  0  1  4  1  0    
    3  5  1  2  5  0  1  0 
 0  2  1  1  0  2  0 -4  0 
 0  1  0  1  1  1  0 28  0 
    2  2  1  0  0  0  0  0 
       1  0 -2  0 -2 -4    
          0 -2  1 -2       

--- Sample #846 | True: -2.596538543701172 | Pred: -3.649658203125 ---
          1  2  2  2       
       0 -2  0 -1 -3 -1    
    0  1 -1 -1 -1 -5 -1  1 
-2  0  0  1  2  0 -4 -2  0 
 5  0  0  0  0  0  2 -12  0 
    0 -1 -1  1  0  0  0  4 
       2  0  4  0  0  0    
          2  2  1  4       

--- Sample #847 | True: -2.796154022216797 | Pred: -4.44160270690918 ---
          2  4  3  3       
       3  1  0  2  1  1    
    0  2  1  2  1 -1  0  2 
 1  0  1  2  0  0  2 -4  0 
 0  0  0  1  0  0  5 20 -1 
   -1  0  0  0  0  0  0  1 
      -2  0 -1 -1 -3 -1    
          1  1  1  0       

--- Sample #848 | True: -2.9540367126464844 | Pred: -4.350971221923828 ---
          2  1  4  3       
       3  0  1  3  1  2    
    1  2  0  2  0  0  0  2 
-1  1  0  1  0  0 -4  8  1 
 0  2  0  0  0  0 -1 -16  1 
    0 -1  0 -3 -2  0  1  4 
      -2  0 -2  0  1  3    
          0  0  1  3       

--- Sample #849 | True: -2.1959609985351562 | Pred: -3.6379165649414062 ---
          2  2  1  0       
       2  0  1  0 -1  0    
    3  1  0  0  1  0 -2 -2 
 0  1  1  0  1  0 -1 -1  2 
 2  0  1  1  0  1  3 15 -2 
    1  3  1  0  1  0  2  0 
      11  5  1 -3 -1  0    
          3  3  0 -1       

--- Sample #850 | True: -2.3703842163085938 | Pred: -3.817676544189453 ---
          1  1  1  0       
       0  2  0  1  1  0    
    0  1  0  1  0  0  1 -2 
 0  0  0  0  1  0 -1  3  0 
 0  0  0  0  0  0  1 -16  0 
    0  0  0 -1 -1  0  0  3 
       0  0 -2  0  3  3    
          0  0  1  1       

--- Sample #851 | True: -1.8738441467285156 | Pred: -3.5041847229003906 ---
          1  0  0  2       
       0  0  0  2  0  0    
    1  1  0  2  0  0  1  2 
 1  1  1  1  2  1  3  3  0 
-1  2  1  2  2  0 -2 -3  1 
    1  0  1  1  0  0 -1  3 
       0  1  1  1  0  0    
          1  2  5  0       

--- Sample #852 | True: -2.143077850341797 | Pred: -3.6127586364746094 ---
          2  0  0  0       
       2  2  0  1  0  0    
    1  3  0  2  0 -2  0  1 
 2  1  1  0  0  0 -2 -1  3 
 0  1  1 -1  1  1  0 17 -1 
    2  1  0 -1 -1  0  0  0 
       0 -2 -2  0 -1 -2    
          0  4  0  0       

--- Sample #853 | True: -11.700193405151367 | Pred: -9.626680374145508 ---
          3  0 -1  0       
       0 -2 -2 -2  0  1    
    0  0 -1 -2 -2 -7 -5  3 
-11  3 -1  0 -2 -3  0 -5  0 
-6  5  0  0 -13  0 -7 -2 -4 
    2  5  1  7 -10 -4  2 -1 
       3  3  4  4 -5 -2    
          6 -11  4  4       

--- Sample #854 | True: -12.815771102905273 | Pred: -11.55662727355957 ---
          2  2  6  4       
      -3 -1  3  1  0 -2    
    1  3  6  5  0 -1 -1  3 
-10 -9  2  0  0 -9 -13  6  3 
 7  0 -7  2 -11  0 -5 -2 -3 
    7  5  4  5 -4 -3 -7 -3 
       5  3  3  7 -5 -3    
          7 -16 -1  2       

--- Sample #855 | True: -5.966344833374023 | Pred: -5.126686096191406 ---
         -3 -3 -1  1       
      -1 -2 -2 -1  0 -1    
   -2  0 -4 -2 -7 -1  4  1 
-4 -2  0  0  2 -1  0  1  1 
-5  1  0  2  0  0 -1 -2  2 
    0 -1  2  0  0  0  0  1 
      -1 -2 -1  0  0  0    
         -3  0 -2  0       

--- Sample #856 | True: -9.517692565917969 | Pred: -6.624677658081055 ---
         -6  4  2  0       
      -1  4  1  0  1  1    
   -17 -5 -4 -9 -23 -3  0  0 
-13 -18 -14 -14 -1 -2  0 -17  0 
-16 -22 -2  0  0  0  0 21 -2 
    3  1  0  0  2  1  0  0 
      -1  0 -1  2  1 -2    
          1  2  3  0       

--- Sample #857 | True: -7.038461685180664 | Pred: -6.941852569580078 ---
          0  0  3  2       
       2  0  0  0 -1  0    
   -5  0  0 -2 -1  0  0  0 
 1  1  0  0  0 -1  2  4  0 
 1  1  0  2 -8 -1  2 -2  0 
    0  0  0 -2 -5 -4  2  0 
      -3 -2 -2 -2 -2  0    
         -2  0  0  2       

--- Sample #858 | True: -7.200962066650391 | Pred: -7.240623474121094 ---
          0  0  1  0       
      -1 -6 -1 -2  0  0    
   -4 -1 -1 -1 -1 -1  0  0 
 3  0  2  0 -12 -2 -1  2  2 
 2  3  2  1 -8 -5  4 -3 -7 
    0  2  0  1  0  2  3  0 
       0  3  0 -1  2  0    
          2  0  5  2       

--- Sample #859 | True: -7.209806442260742 | Pred: -8.546865463256836 ---
          4  6  2  5       
      -1 -1  0  3  1  2    
   -3  2  0  0  1  0  1  1 
 0  1  0 -2  0  3  1  6  3 
 1  0 -1 -1 -14  0  1 21  5 
    0 -1 -1 -1 -3  0  0  1 
      -3 -1  0  0 -1  1    
         -1  2  4  2       

--- Sample #860 | True: -3.933462142944336 | Pred: -8.005804061889648 ---
          6  5  6  4       
       9  3  2  2  4  3    
    2  4  2  1  1  0  3  1 
 2  4  1  0  0  1  1 10  8 
 0  3  3  3 11 -5  6 -11  5 
    1  2  4  6  5  3  2  6 
       2  3  5  2  1  3    
          0  1  3  5       

--- Sample #861 | True: -16.374807357788086 | Pred: -5.085405349731445 ---
         -22 -20 -11 -10       
      -12 -17 -10 -1 -7 -13    
   -22 -27 -14 -9 -11 -3 -7 -10 
-17 -25 -7 -16 -7 -5 -7  0 -15 
-12 -13 -5 -5 -5 -9 -14 -2 -6 
   -12 -14 -4 -17 -16 -1 -10 -1 
      -18 -13 -11 -9 -10 -4    
         -15 -7 -4 -10       

--- Sample #862 | True: -9.612115859985352 | Pred: -14.341093063354492 ---
          5  3  8  3       
       5  7  4  6  1  8    
    0  7  3  3  2  5  8  1 
 3 -7  7  5  1  0  1  9  7 
 7  7  3  0 -1 -4  4 -2  4 
    7  2  3  6  3  5 -2  3 
       4  5  4  3  1  0    
          0  2  0  5       

--- Sample #863 | True: -7.268077850341797 | Pred: -8.247076034545898 ---
          3  4  5  5       
       6  4  3  6  1  4    
   -1  4  1  1  0  2  3  1 
 1  0  3  0 -1  0  2  2  3 
 5  5  1  1 -16 -13  0 -3  0 
    3  1  0  1 -1  0  0  2 
       6  2  1  1  2  2    
         -2  4  3  3       

--- Sample #864 | True: -5.8619232177734375 | Pred: -8.917434692382812 ---
          4  4  2  5       
       2  0  2  2 -2  2    
    6  4 -2  0  1  0  3  1 
 3  5  4  1  1  0  0  9  1 
 5  5  6  2 13  4  4 -1  3 
    5  1  0  4  4  2  0  3 
       2  1  1  2  0  0    
         -9  0  1  0       

--- Sample #865 | True: -10.51346206665039 | Pred: -9.058927536010742 ---
          3  4  6  3       
       2  0  1  2 -1  0    
   -4  0 -3  0 -5 -3 -2 -1 
 2 -3 -2 -3 -4 -7 -1  2  0 
 7  2  0  0 -3 -6 -4 12 -24 
    2  0 -2 -1  0 -2 -3 -1 
       0  0 -2 -2 -1 -2    
          4  1  2  1       

--- Sample #866 | True: -10.306730270385742 | Pred: -9.802860260009766 ---
         -2  1  2  0       
      -1 -2  0  0 -1 -1    
   -2  0 -2 -2 -4 -6  0 -2 
 3 -1  3  0 -4 -3 -1  1 -1 
 3  2  4  4  0  0  0 -11 -2 
    2 -3  0  3  1 -2 -4  2 
       2  0  4  0 -5 -1    
          0  2 -3  0       

--- Sample #867 | True: -7.893077850341797 | Pred: -9.845796585083008 ---
          2  1  0  3       
       0  1  1  4  5  7    
    0  1  1  3  2  4  6  6 
-5  0  0 -1  3  0  2  9  6 
 0  0  0  1 -1  0  3  7  9 
    0  1  1  0  2  3  4  7 
      -7  0  3  2  2  6    
          2  0  3  7       

--- Sample #868 | True: -7.124614715576172 | Pred: -8.378801345825195 ---
          3  1  0  1       
       6  4  4  2  0  1    
    3  1  3  1  1  4  5  0 
 1  3  0  2  2  0  4  6  0 
 1  2  0  2 -13 -1  0 -6  0 
    0  0 -1  2  0 -2  3  3 
       0 -1  0  0  0 -1    
          0  4  1  1       

--- Sample #869 | True: -11.046344757080078 | Pred: -8.030603408813477 ---
         -5 -8 -5 -8       
      -10 -3 -3 -4 -1 -4    
   -14 -2  0  0 -2  0 -5 -8 
-6 -2 -3 -6 -3 -4 -4 -2 -7 
-9  0  0  2 -3 -3  0 -4  1 
    2  1  2  1  0  0  2  1 
      -2  0  0 -2  1  0    
         -6 -1  0  0       

--- Sample #870 | True: -8.92654037475586 | Pred: -9.729366302490234 ---
          9 12  7  6       
       1  3  6  5  0  5    
    3  2  2  0  0  4  3  3 
 4  4 -3 -2  0 -1  1  0  4 
 3  5  0  0 -17 -1  0  0  0 
    7  0  0  0  2 -1  0  0 
       2 -4  0  0  0 -5    
          1  4  0  0       

--- Sample #871 | True: -8.345962524414062 | Pred: -9.656352996826172 ---
          0  4 -11  3       
       2  2  3  2  4  3    
   -1  0  4  2  0  4  2  2 
-6  0  0  0  1 -2  2  4  2 
 0  2  1  5  6  0  0 -3  0 
    0  1  2  4  4  1  4  2 
       2  0  0  1  0  1    
          1  0 -1  0       

--- Sample #872 | True: -7.375383377075195 | Pred: -8.992656707763672 ---
          0 -2  3  7       
       3  2  0  3  3  5    
    0 -1  1  1  0  1  1  2 
-3  1 -2  0  0 -1  0  8  0 
 4  7  2  4 -2  0  0  0  1 
    3  2  1  3 -1  0  2  1 
       3  0  2  0  3  0    
          3  3  3  2       

--- Sample #873 | True: -26.71711540222168 | Pred: -17.457983016967773 ---
         -9 -11 -10 -10       
      -11 -15 -9 -7 -7 -8    
   -7 -9 -8 -9 -17 -12 -10 -10 
-2 -3 -1 -3 -4 -9 -14 -4 -14 
 2  0 -6 -12 -19 -10 -8 -5 -16 
    0 -6 -1 -6 -13 -4 -5 -10 
      -4 -9 -12 -9 -8 -8    
         -5 -6 -6  3       

--- Sample #874 | True: -23.156538009643555 | Pred: -23.25442123413086 ---
         -4 -4  8 18       
       4  9  0  4  7  9    
   -3 10  6  4  2 -6  8  5 
-3  0  0  1 -7 -16 -12  1  2 
 0 -1 -2 -6 -10  8  6  0  5 
   -1 -3 -4 -2 -2  6 13 11 
      -1  2 -3 -3 14 13    
          0 -2  1 12       

--- Sample #875 | True: -7.031538009643555 | Pred: -6.725137710571289 ---
         -4  2  2 -2       
       0  0 -2  0  0 -8    
    2 -2 -1 -4 -3  0 -1 -1 
 0 -3  0  0 -1 -2 -1  0 -1 
 0 -2  0  0  0 -1  0  5  0 
    1  0  0  1  0 -1  0  1 
       0  0  0  2 -1  1    
          2  0 -1  2       

--- Sample #876 | True: -6.281154632568359 | Pred: -7.413078308105469 ---
          0  3  4  0       
       3  1  0  3  4  0    
    0  2  0  0  0 -2 -2  4 
 5 -1  1  1  1  0  1 -5  4 
 2 -3  1  0  1  1  1 -3  2 
   -1  0 -1  2  1 -1  2  1 
      -3 -2  0  0 -9  1    
          0  1  0  3       

--- Sample #877 | True: -8.589424133300781 | Pred: -2.7823753356933594 ---
         -6 -4 -3 -5       
      -5 -4 -5 -6 -7 -7    
   -4 -4 -5 -7 -7 -9 -5 -4 
-3 -5 -5 -5 -6 -6 -6 -7 -8 
-3 -4 -4 -7 -6 -6 -8  9 -10 
   -6 -6 -8 -7 -8 -8 -6 -7 
      -9 -8 -6 -8 -4 -7    
         -4 -2 -6 -6       

--- Sample #878 | True: -2.404613494873047 | Pred: -8.94533920288086 ---
          4  6  5  4       
       7  6  7  5  6  9    
    2  6  6  4  4  5  6  8 
 2  3  4  4  4  3  6  5  5 
 7  6  5  5  5  4  5 -9  6 
    6  5  5  6  8  5  6  6 
       7  5  7  6  5  5    
          8  8  6  6       

--- Sample #879 | True: -9.478076934814453 | Pred: -3.9652843475341797 ---
         -1 -2  0 -2       
      -3 -3 -5 -6 -5 -4    
   -4 -3 -6 -5 -6 -8 -3 -4 
-2 -5 -7 -6 -6 -6 -6 -2 -6 
-4 -5 -7 -9 -8 -9 -6  1 -7 
   -7 -7 -7 -6 -7 -6 -7 -3 
      -8 -5 -5 -6 -5 -3    
         -5 -2  0 -2       

--- Sample #880 | True: -2.93499755859375 | Pred: -9.604591369628906 ---
          5  6  5  7       
       5  4  4  5  5  9    
    4  5  5  4  3  2  4  8 
 7  6  7  7  5  4  7  8  6 
 8 10 10  8  6  5  7 -3  4 
   11  8  6  6  6  5  6  7 
       7  3  6  5  3  5    
          6  4  4  5       

--- Sample #881 | True: -3.5271148681640625 | Pred: -4.650957107543945 ---
          0  0  1  0       
       1 -1 -1  0 -2 -2    
    0  0  0 -1 -1  0  1 -2 
 1  0  1 -1  0  0  0  4  0 
 2  4  2  1  0  0 -2 -2  0 
    4  2  0  1  0  0  0  0 
       1  0  0  0  1  1    
          2  5  0  3       

--- Sample #882 | True: -3.765960693359375 | Pred: -4.701070785522461 ---
          0  0  1  0       
       1  0  0  0 -4  0    
    1  0 -1 -2 -1  0  1 -2 
 1  0  0  0  0  0  1  2  3 
 1  0  0  0  0  0 -1  1  1 
   -1  0  0  1 -1 -1  3  0 
       1  0  0 -1  0  0    
          2  0  0  1       

--- Sample #883 | True: -4.126153945922852 | Pred: -5.340614318847656 ---
          1  0  1  3       
       0  0 -1  1  0  0    
    0  2  0  0 -2 -2  1  0 
 0  0  0  0  0  0  1  6  1 
 0  0  0  0  0  0 -3 -3  0 
    0  2  1  1  0 -2  0  1 
       1  0  0  0  0  1    
          2  2  0  0       

--- Sample #884 | True: -4.470577239990234 | Pred: -4.839378356933594 ---
          0  0  1  0       
      -1 -1 -1  0  0 -2    
   -3  0 -1 -4 -1  0  0  0 
 1  0 -3 -3  0  0  1  0  4 
 0  0  0  0 -3  0 -2  1  0 
    1  0  0  0 -1  0  0 -1 
       0  1  0  0  0  1    
          2  3  1  0       

--- Sample #885 | True: -3.959615707397461 | Pred: -5.676891326904297 ---
          3  1  3  1       
       0  0  0  2  0  0    
    2  2  1  0  1  0  0  0 
 4  1  2  1  1  0  1  0  0 
 2  2  1  1  0  0 -1  7  0 
    1  2  1  1  0  1  0  0 
       2  1  0 -1  0  0    
          3  1  1  0       

--- Sample #886 | True: -4.370576858520508 | Pred: -5.033294677734375 ---
          0  1  1  0       
       0  1  1  2  0  2    
    0  0  0  0  0  0  2  2 
 0  2  1  0  0  0  0  4  1 
 2  0  0  0  2  0 -2 16  0 
   -1 -1 -1 -1 -2 -1 -1 -1 
      -1 -1  0  0 -2 -3    
          0  0  0 -2       

--- Sample #887 | True: -4.7994232177734375 | Pred: -5.472955703735352 ---
         -1  2  1  5       
       0  0  0  2  1  1    
   -2  0  0  0  0  1  3  0 
 0  0 -1  0  1  0  3  3  2 
 4  0 -2 -1  0  0 -1 -2  0 
   -2 -1 -1 -1 -1  0 -1 -1 
      -1 -1  0 -1  0 -2    
          5  3  1  0       

--- Sample #888 | True: -3.39923095703125 | Pred: -5.741279602050781 ---
          1  3  1  2       
       3  2  2  2  1  0    
    3  5  2  0  0  0  1  7 
 3  4  2  2  1  0  0  0  1 
 2  2  2  1  1  0  1 12  0 
    2  2  1  0  0  0  1 -3 
       3  2  2  0  0  0    
          0  4  3  1       

--- Sample #889 | True: -3.588268280029297 | Pred: -4.0580291748046875 ---
          0  0  1  3       
      -2  0  1  0  0  0    
   -3  0 -1  1  1  0  0  0 
 0 -1 -1 -1  1  0  1  5  3 
 3  1  0 -1  0 -1  0  4  0 
    1  0 -1 -1 -2 -1 -1 -2 
       0 -1  0 -2 -2  0    
          2  1  1  2       

--- Sample #890 | True: -3.4748077392578125 | Pred: -4.530773162841797 ---
          0  0  1 -1       
       6 -1  0  0 -1  1    
    0  2  0  0  0 -1  0  2 
 3  3  1  0  0 -1  1  4  0 
 2  3  1  0 -1 -1  0  5 -1 
    1  1  0 -1 -1 -1 -1 -3 
       0  1  0  0  0  0    
          4  4  2  1       

--- Sample #891 | True: -6.799806594848633 | Pred: -7.3712310791015625 ---
         -14 -13 -14 -13       
       0  0  1  1  3  8    
   -2 -5 -1 -1 -1  0  4  3 
 0  0  0  0  0  0  0  4  1 
 0 -1  0 -1  0  1  1 15  2 
    1  0  0  2  2  0 -1  5 
       5  1  1  1 -2  0    
          3  4  6  6       

--- Sample #892 | True: -7.367307662963867 | Pred: -5.718841552734375 ---
         -15 -15 -14 -13       
      -1  0  2  2  1  0    
   -6 -1 -1  0 -3  0  1 -4 
-19 -1  0  0  2  0 -1  0  0 
 4  0  1  0  0 -1 -3 11  2 
   -1  1  0  0  0  0  0  2 
       0 -2  0  0  0 -1    
          6  0  3  1       

--- Sample #893 | True: -8.541154861450195 | Pred: -7.763521194458008 ---
         -13 -14 -12 -11       
      -3 -3  0  1  1 -1    
   -2  0 -3  1  0  0  0 -2 
 2  0 -1  0 -1 -2  0  6  0 
-14  1  0  0  0 -3  1 18  0 
   -1  0  2  3  3  0  3  2 
       4  0 -1  1  1  0    
          6  4  5  4       

--- Sample #894 | True: -9.385576248168945 | Pred: -7.742866516113281 ---
         -13 -14 -12 -12       
      -2  1  4 -8  4 -1    
   -24  0  0 -1 -2  2  2 -1 
-21 -3 -3 -1  0 -3 -1  8  0 
-15  2  1  1  1 -1  1  1 -2 
    5  0  0  0  2 -3 -6  1 
      -6 -3 -3 -1 -1 -5    
         -3 -1  0 -1       

--- Sample #895 | True: -7.893461227416992 | Pred: -8.77145004272461 ---
         -12  3  6  6       
       2  1  3  4  4  4    
    3  2  2  0  0  3  4  4 
-16  4  3  6  2  1  4  6  3 
-10 -4 -3  3  2 -1  0  4  2 
   -4 -15  2  5  4  2  5  4 
      -20 -11  5  6  4  4    
          6 10  7  5       

--- Sample #896 | True: -2.000385284423828 | Pred: -3.612092971801758 ---
          4  2  3  0       
       3  2  1  0  0  0    
    1  1  0  0 -1  0 -1  0 
 4  2  1  1  0 -2  0  0  0 
 2  2  2  0  0  1  0 -3  0 
    2  1  0  0  0  0  1 -1 
       2  0 -1  0  2  1    
          1  5  2  2       

--- Sample #897 | True: -2.0505752563476562 | Pred: -4.504245758056641 ---
          2  0  2  3       
       1  0  2  4  3  2    
    1  2  2  2  0  3  2  3 
 1  0  1  0  0  0  1 -12  3 
 2  3  0  0  1  2  0 -5  0 
    0  0  2  0  1  0  1  1 
       1 -1  0  0  0  1    
          2  3  2  1       

--- Sample #898 | True: -0.45230865478515625 | Pred: -5.7429656982421875 ---
          8  7 10  9       
       6  6  7 10  6  6    
    0  3  3  5  6  5  6  5 
 2  3  3  3  5  0  5  8  8 
 5  1  4  6  4  3  6  9  7 
    3  5  5  4  4  2  3  3 
       9  2  7  4  5  3    
          3  6  5  4       

--- Sample #899 | True: -1.0675010681152344 | Pred: -2.165241241455078 ---
          0  0  0 -2       
       1  0 -2 -2  0 -1    
    0  0  0  0 -1 -2  1  1 
 0  0  0  0  0  0  0  2  3 
-3  2  2  0  0  0  0 -4  2 
    0  2  0  0  1  0  0  1 
       0  1  0  0  0  0    
          3  4  4  0       

--- Sample #900 | True: -1.771728515625 | Pred: -3.249744415283203 ---
         -2  0  0 -3       
       0  0  0  0 -1 -4    
   -3  2  5  1  1  0  0  2 
 6  0  1  2  2  0  0  2 -1 
 3  2  2  2  1  1  0 21  0 
    0  0  1  1  2  0  3  0 
       0  0  0 -1  0  0    
          1  0  0  0       

--- Sample #901 | True: -0.28749847412109375 | Pred: -3.287616729736328 ---
          5  8  6  2       
       3  3  3  2  4  4    
    3  3  1  1  2  3  2  1 
 2  0  0  1  3  0  0  1 -2 
 4  0  0  0  0  1  2 10  3 
    0  0  1  1  2 -1  1  3 
       0  0  3  1  0  1    
          0  3  3  8       

--- Sample #902 | True: -5.527692794799805 | Pred: -1.9296951293945312 ---
         -12 -26 -25 -25       
      -5 -2 -14 -12 -16 -28    
   -1 -2 -3 -1 -3 -3 -1 -9 
 1 -3 -1  0  0 -1 -1 -3 -5 
 0  1  0  0  0  0  0 -19 -1 
   -3  0 -1  0  0 -2  0  0 
       0  0  0 -3 -1  4    
          0  0  2  2       

--- Sample #903 | True: -1.0490379333496094 | Pred: -5.8363494873046875 ---
         12 12 10 12       
       9  8  6  8  7 12    
    3  4  4  4  3  4  8 12 
 3  3  3  2  0  3  1  9  6 
 1  0  1  1  0  1  1 20  1 
    0  2  3  0  0  0  0  1 
       0  2  2 -1  0 -1    
          0  5  2  1       

--- Sample #904 | True: -3.1701927185058594 | Pred: -2.572681427001953 ---
         -9 -23 -22 -15       
      -1 -2 -2 -2 -3  0    
    1  0  0 -1  0 -1  0  0 
 3  2  2  1 -1  1  1  0  0 
 0  2  0  0 -2  3  5  0  1 
    0  0  1  0  0  0  1  1 
       3  0  2  0 -2  0    
          0  3  1  0       

--- Sample #905 | True: -5.415191650390625 | Pred: -4.711282730102539 ---
         -8 -16 -15 -13       
      -1  0  1  0  0 -7    
    0  2  0  0  0 -2 -2 -4 
-1  1 -1 -1 -2 -2 -4  3  0 
-5  0 -1  0 -1  0  0  3 -3 
   -3  2  1  0  3 -2  0 -2 
       0  0  0 -1 -1  0    
         -1  0  0  3       

--- Sample #906 | True: -2.7026939392089844 | Pred: -3.6241798400878906 ---
         -4  0  2  2       
      -2 -2 -1  0  1  0    
    0 -1  0 -1  0  1  0  0 
 1  0  0  0  2  0  1  3  3 
 2  1  0  1  1  1  0  7  2 
    1  0  0  3  2 -1  0  1 
       0  0  0  0  0  0    
          0  1  0 -1       

--- Sample #907 | True: -2.143077850341797 | Pred: -4.0062255859375 ---
          2  3  3  0       
      -1  0  4  1  0  1    
    3  0  1  2  0  2  0  2 
 2  0  0  0  0  0  1  9  3 
 2  0  0  1  0  1  0 11  1 
   -2  0  0  1  3  0  2  2 
       0 -2  0  0  1  0    
          0  2  2 -1       

--- Sample #908 | True: -1.2936553955078125 | Pred: -3.757913589477539 ---
          0  3  4  0       
       5  3  3  2  2  0    
    2  2  2  2  1  1  0  1 
 4  0  2  1  1  0  0  5  1 
 3  0  3  1  1  2  1  6  1 
    2  2  0  3  2  0  0  2 
       1  1  2  1  0  2    
          4  4  3  2       

--- Sample #909 | True: -2.2492332458496094 | Pred: -2.741802215576172 ---
         -3 -4 -4 -6       
       0  0 -1  0  2 -3    
   -1  1  0  1  0  0  1  0 
 1  0 -1 -1  0  0  0  4  1 
 0  1  0  0  1  1  4 -3 -1 
   -1  0  0 -1 -1  1  1  0 
       4 -2  0 -1  0  0    
          0  0  0  2       

--- Sample #910 | True: -1.5269241333007812 | Pred: -3.4343299865722656 ---
          4  2  2  0       
       1  0  2  1  0  0    
   -2  2  1  1  0  0  3  2 
 2  1 -1  0  0  0  0  2  2 
 3  3 -1  0  0 -1  0 10  0 
    2  1  0  0  1  1  0  0 
       1  0  4  1  1  2    
          4  4  1  1       

--- Sample #911 | True: -0.8311538696289062 | Pred: -2.99468994140625 ---
          0  8  3  4       
       0  1  4  3  0  2    
    1  0  1  1  1  1  5  1 
 1  2  1  0  2  0  1  3  1 
 2  1  2  1  2  1 -1  5  2 
    0  1  0  2  2  0  0  2 
       0  0  0  1  0  0    
          0  0  3  0       

--- Sample #912 | True: -1.2871170043945312 | Pred: -2.521045684814453 ---
         -1  0 -3 -2       
      -1 -2  1  0 -2 -1    
    7  0  0  2  0  0  1  0 
-2  0  0  1  3  0  0  6  1 
 1  2  2  1  0  0  0  5  1 
    0  0  2  1  1  0  3  0 
       4  0  3  0  0  1    
          1  4  2 -2       

--- Sample #913 | True: -5.169231414794922 | Pred: -2.7642784118652344 ---
         -11 -10 -22 -21       
      -6 -3 -6 -5 -5 -6    
   -4  0 -3 -2 -1 -1 -5 -3 
 1  0 -2 -4 -1 -3  0 -1 -1 
-2  0  0  0  0  0  0  4 -2 
   -3  0  0  0  0  0 -2  0 
      -1 -3  0 -2  0 -3    
          0 -1  2  0       

--- Sample #914 | True: -3.752115249633789 | Pred: -3.72607421875 ---
         -1  0  4  2       
      -3  1  0 -1  0  1    
   -1 -2 -4 -3  2 -3  2  3 
-1 -1  0  0 -2 -1 -4 -3  0 
 4  1 -1  0 -2 -2  0 13  4 
    0  1  1  0  2 -5 -1 -8 
       0  0 -1 -2 -2  0    
          2  1  3  2       

--- Sample #915 | True: -1.740386962890625 | Pred: -5.170295715332031 ---
          1  1  2  1       
       2  0  2  1  1  1    
    2  4  2  2  1  0  3  1 
 4  4  2  2  4  4  4  2  1 
 2  2  1  2  2  4  4  0  0 
    1  2  2  3  3  3  1  3 
       2  1  2  2  3  1    
          2  3  4  4       

--- Sample #916 | True: -1.7792320251464844 | Pred: -3.3586254119873047 ---
         -1  0  1  2       
       0 -2  0  0  0 -3    
    0  0  0  1  1  0  2  0 
 1  1  0  0  2  0  1 -22  0 
 2  1  0  0  1  1  0  2  0 
    0  0  0  0  0  0  1  2 
       0  0  0 -2  0  2    
          1  3  5  3       

--- Sample #917 | True: -1.296539306640625 | Pred: -3.4182186126708984 ---
          0  2  1  0       
       2  1  1  1  0  4    
   -1  1  2  0  0  1  1  3 
 1  2  2  1  1  0  2 16  3 
-1  0  2  1  1  1  2 11  2 
    1  2  1  1  2  0 -2  1 
       0  0  1  1  1  0    
          5  5  4  3       

--- Sample #918 | True: -1.5571174621582031 | Pred: -3.131650924682617 ---
          0  0  1  3       
      -1  0  0  2  0  0    
    0  1  0  0  1  0  1  1 
 0 -2  1  0  2  0  1  4  0 
 1  0  0  1  2  1 -2 17 -2 
    1  1  1  1  2  0  1  0 
       1  1  1  1  2  1    
          1  1  1  7       

--- Sample #919 | True: -4.257114410400391 | Pred: -2.5729446411132812 ---
         -12 -15 -25 -6       
      -2 -3 -2 -3 -3 -2    
   -4  0 -1 -2 -3 -1 -1 -1 
-2 -1 -1 -1  0 -3 -2 -1  0 
 0  0 -1  0  0  1  1 -7  0 
    0  0  0  0  0  0 -2 -1 
      -1 -1  0  0  1  0    
          1  1  0  1       

--- Sample #920 | True: -2.7092323303222656 | Pred: -6.231170654296875 ---
          6  6  7 10       
       3  1  4  2  2  3    
    3  3  3  2  0  1  1  3 
 3  4  1  1  0  1  0  3  1 
 0  1  0  1  0 -1  0 -2  0 
    0  0  0  0  1  0  0  3 
       4  0 -1  0  1 -1    
          3  3  2  1       

--- Sample #921 | True: -2.1340370178222656 | Pred: -3.9428634643554688 ---
          0  0  2  3       
       1 -1 -1  0  0  0    
   -1  2  0  0 -1  1  0  1 
 3  2  0  0  1  0  1  0  2 
 0  0  1  0  1  2  1  8  3 
    0  0  0  0  0  1  1  1 
       2  0  0  1  0  0    
          2  3  6  1       

--- Sample #922 | True: -2.171539306640625 | Pred: -4.040864944458008 ---
          2  1  0  0       
      -1  0  0  1  1  1    
   -1  0  2  1  2  1  1  3 
 4  2  1  0  0  0  2  0  2 
 2  0  0  0  0  0  1 15  0 
   -1  2  0  0  0  1  1  1 
       1  0  0  0  0  0    
          0  0  0  0       

--- Sample #923 | True: -2.6440391540527344 | Pred: -3.446941375732422 ---
          0 -1  0  0       
      -2 -2 -2 -2  0  1    
   -1  0  0  0 -1  0  0  2 
 2  0  1  0  0  0  1  3  3 
 1 -1  0  0  0  0 -1  7  0 
   -2  0  0  0  1  0  0  1 
       0  0  0  2  1  6    
          2  1  3  2       

--- Sample #924 | True: -2.3040390014648438 | Pred: -4.038923263549805 ---
          3  5  5  7       
       0  0  4  2  2  1    
    3  2  1  2  0  1  2  1 
 1  2  2  0  2  1  2 -4  2 
 1  0  1  0  1 -1  4 -18  0 
   -4  0  0  2  1  0  0  0 
       0  0  0  0 -2  0    
          0  2 -2  0       

--- Sample #925 | True: -5.209806442260742 | Pred: -4.95518684387207 ---
          1  0  6  5       
       0  0  0 -3 -4  0    
    1 -1 -5 -2 -1 -2  0  5 
 5  1  0  0 -2 -2 -2 -1  0 
 9  3 -1 -4 -2 -7 -1 13  4 
    3  0 -1 -1  0 -8  0 -23 
       2 -2 -1  0 -3  0    
          1  1  2  2       

--- Sample #926 | True: -3.5115394592285156 | Pred: -6.49888801574707 ---
          0  1  3  4       
       1  1  0  3  1  0    
    0  3  3  1  3  2  3  1 
 0  0  2  2  1  2  1  7  3 
 0 -1  0  2  1  1  6 -8  5 
    0  0  1  3  1  1  2  3 
       1  2  3  3  1  1    
          3  4  5  3       

--- Sample #927 | True: -2.4234619140625 | Pred: -4.486042022705078 ---
          2  1  1  2       
       0  0 -3  0  0  2    
    0  2  3  1  1  0  1  0 
 2  4  3  1  0  0  2  0  1 
 0  1  1  1 -1  0  0 15  2 
    3  1  2  2 -1  1  0  2 
       1  0  3  2  1  1    
          1  4  3  3       

--- Sample #928 | True: -2.5959625244140625 | Pred: -3.9928550720214844 ---
          1  1  2  3       
       0 -1 -1  0  0  0    
    0  3  2  0 -1  0  1  0 
 0  0  0  1  0 -1  0  3  1 
 0  0  0  0  0  0  0 -5  1 
    0  1  0  0 -1  0  1  1 
       2  0  1  0 -1  0    
          2  2  2  3       

--- Sample #929 | True: -2.8782691955566406 | Pred: -4.171594619750977 ---
         -2  1  0  0       
       1  1  0  3  0 -2    
    0  1  1  0  0  0  0  0 
-2 -1  0  0  0  0  1  1  0 
-4 -1  0  1  1  0  1  1  1 
   -2  1  0  1  2  0 -1  1 
       0  0  0  1  0  0    
          0 -1  4  0       

--- Sample #930 | True: -4.06403923034668 | Pred: -4.627269744873047 ---
         -1  0  0  0       
       0  0 -2  0 -3 -1    
    0  0  0 -1  0  0  0 -2 
-4  1  0 -1  0  0  0  3 -1 
-1  1  1  0  0  1  0 -4 -1 
    0  0  0  0  1  0  0  0 
      -2  1  1  0  0  0    
          3  0  0  0       

--- Sample #931 | True: -2.9934616088867188 | Pred: -4.924570083618164 ---
          2  2  4  8       
       1  1  0  2  0  0    
    3  3  1  1  1  0  0  0 
 0  2  2  1  0  1  0 -3  0 
 2  1  0  1  0  1  1  9  2 
    1  1  0  0  0  0  3  1 
       0 -1  0  1  0  0    
          2  0  2  2       

--- Sample #932 | True: -2.7705764770507812 | Pred: -4.293577194213867 ---
          0  1  1  0       
       0  0 -2  0 -2  0    
    1  2  1  0  0  0 -1  0 
-3  2  1  0  0  0  1  0 -1 
 0  0  0  0  1  1  1 -7  1 
    1  1  1  1 -1  0  0  2 
       2  1  0  1  2  0    
          4  2  1  3       

--- Sample #933 | True: -3.5940380096435547 | Pred: -3.934114456176758 ---
         -2  0  0  0       
       0  0  0  0  0 -1    
    1  0  1 -1  0 -1 -1  0 
 0  0  0 -1  0  0  0  1  0 
-4 -1  0  0  0  0  0 -4  0 
   -1  0  0  0  0  0  0  0 
      -3  0  0  0 -1 -1    
          1  2  0  0       

--- Sample #934 | True: -4.397115707397461 | Pred: -5.174793243408203 ---
          1  0  1  0       
      -1  0 -4  0 -1 -1    
    1  0  0  0  0  0  0 -1 
 1  1 -1  0  0  0 -1  0  0 
 0  1  0 -1  0  0  0 -2  1 
    0  0  1  0 -1  0  1 -2 
      -2  0  0  1  0  0    
          2  2  0  1       

--- Sample #935 | True: -4.179229736328125 | Pred: -5.498748779296875 ---
         -1  1  4  6       
       2  0  2  1  1  0    
    0  0  2  0  0  1  1  0 
 0  1  0  0  1  2  3 -1  1 
-2  1  0  2  1  0  1 -2  1 
   -2 -2  0 -1 -2  0  0  0 
       0  0  0  0 -1  0    
          0  4  1  2       

--- Sample #936 | True: -17.801923751831055 | Pred: -14.45631217956543 ---
         -3 -5 -3 -2       
      -7 -10 -9  0  1 -4    
   -6  3 -1 -2 -12 -15  4 -7 
-5 -2  4  5 -7  1 -7 11 -8 
 7  1  1  0 -1  1  1  0 -11 
    3  6 -1 -3  1 -3  4 -1 
       1 -1  0  2  0  5    
         -2  2  1  2       

--- Sample #937 | True: -24.0394229888916 | Pred: -14.88311767578125 ---
         -5 -5 -4 -3       
      -8 -10 -9 -7 -9 -6    
   -8 -12 -13 -14 -13 -14 -10 -8 
-8  0 -9  2 -4 -5 -6 -4 -9 
-10 -4 -8 -13 -22 -14 -21 -1 -11 
   -10 -2 -8 -4  0 -1 -9  2 
      -1  0 -7  0 -1  2    
         -3 -7 -5  3       

--- Sample #938 | True: -24.654037475585938 | Pred: -20.2458553314209 ---
         -7 -3 -7 -10       
      -10 -10 -7 -13  0  0    
   -5  0 -2 -7 -1 -7 -4 -5 
-2 -4 -7 -9 -9  4 -8 -11 -3 
 2  0 -1 -1 -2 -7 -10 -8 -12 
    2  0  1  1 -5 -10  5  4 
       0 -4 -5 -11  4  2    
         -7 -5 -8  3       

--- Sample #939 | True: -24.97211456298828 | Pred: -22.355697631835938 ---
         -5  4 -5 -7       
       2 -1  0  0  0 -1    
   -4  4  0 -7  1  6 -2 -15 
-2 -4 -6 -6 -8 14 -12  6 -13 
 1  0 -1 -2 -6 -6 -9 -1 -4 
    0  0  0 -1 -4 -7 10 -2 
       0 -2 -1  5 11  7    
          0  8  9  4       

--- Sample #940 | True: -29.132308959960938 | Pred: -20.39297866821289 ---
         -7 -8 -5 -6       
      -6 -7 -1 -5  0 -9    
   -4 -5 -6 -5 -6 -5 -7 -11 
-4 -4 -5 -3 -3 -13 -9 -3 -8 
-1 -2 -2 -3 -4 -7 -11 -7 -9 
   -1 -2 -3 -2 -6 -11 -2 -1 
      -3 -5 -5 -9 -3 -9    
         -7 -8 -5 -6       

--- Sample #941 | True: -3.0507678985595703 | Pred: -3.409954071044922 ---
          0 -1 -1 -1       
       0  0 -2  0 -1 -1    
   -1  0  0  0 -1 -1 -1  0 
 0 -1  0  0  0  0  0  2  0 
 1  1  3  2  0 -14  0 15  0 
    0  1  1  0  0  0  0  2 
       0  0  1  0  0  0    
          0  0  2  2       

--- Sample #942 | True: -3.590578079223633 | Pred: -5.066316604614258 ---
          0 -1 -4  0       
       0 -2  0  1  0  1    
    2  2  0  2  0  1  3  0 
 1  1  1  0  2 -1  1  4  3 
-2  2  1  2  2 -14  0  4  2 
    0  0  0  0  0  1  1  3 
       0  1  0  0  0  0    
          0  2  2  0       

--- Sample #943 | True: -4.70250129699707 | Pred: -5.285919189453125 ---
          0  0  0 -4       
       0  0  1  1 -1 -1    
   -5  3  0  1  1  0  0 -1 
-4 -2  0  0  1  0  1  2  0 
 2  0 -1  1  0 -15 -1 -15  0 
   -1  0  0  2  2  0  0  0 
       0 -1  1  0  0 -2    
          1  0  1  1       

--- Sample #944 | True: -4.5513458251953125 | Pred: -3.936025619506836 ---
         -2  0 -1  1       
      -2  0  0  0 -3 -4    
   -2 -2 -1 -1 -2 -1 -1  1 
-2 -3 -1  0  0 -1 -2  1  0 
 1 -2  0  0  0 -1 -13 -3  0 
   -1  0  0  0 -1 -1  2  1 
      -3  0 -1 -6  0 -1    
          0  2  1  0       

--- Sample #945 | True: -5.982114791870117 | Pred: -5.9268341064453125 ---
          0  0 -4 -1       
       0 -2  0  1 -2 -1    
    0 -5 -3 -2  0  0 -1  0 
 0 -1  0 -1  0  0 -1  4  0 
-1 -2 -1  1  1  0 -17 -2  4 
   -1 -1  0  0  1  0  2  2 
       0 -3 -1  0  0 -1    
          0 -1  1  0       

--- Sample #946 | True: -5.908653259277344 | Pred: -7.626306533813477 ---
         -3 -3 -8 -1       
       0  0  0  0  0  0    
    0  0  0 -2  0  0  1  2 
 2 -1 -1  0 -1 -4 -2  1 -2 
 8  3  2  2  3  1  4 -2  3 
    4  3  2  3  2  2  4  2 
       3  1  3  3  1  1    
          2  4  4  4       

--- Sample #947 | True: -23.06307601928711 | Pred: -19.155567169189453 ---
         -4 -3  0  0       
      -7 -11 -5 -6 -2 -2    
   -2 -7 -5  1  0 -5 -3 -3 
-1 -6 11 -10  4  1 -6 -5 -3 
10 -4 12  0  2  1  3  4 -5 
   -2 -6  6 -1  0  7 -2 -10 
      12  0  5 -1 -6 -16    
          4  0 -12 -13       

--- Sample #948 | True: -24.278461456298828 | Pred: -17.30454444885254 ---
         -7 -7 -7 -6       
      -8 -13 -11 -10 -11 -8    
   -8 -12 -5 -21 -17 -17 -11 -7 
-8 -5 -15 -11 -7 -3  1 -6 -7 
-3  4 -5 -5 -3 -14 -18 -2 -7 
    0 -9 -6 -5  2 -2  0 -7 
      -14  0 -2 -1  1 -12    
         -3  2 -7  0       

--- Sample #949 | True: -26.44461441040039 | Pred: -17.878074645996094 ---
         -6 -6 -3 -2       
      -8 -11 -8 -6 -8 -5    
   -5 -13 -14 -12 -7 -10 -8 -6 
-4 -9 -10 -9  5  2 11 -4 -5 
-1 -8 -7 -4 -1 -20 -11  3 -8 
   -7 -18 -13 -10 -7 -6 -11 -12 
      -12 -13 -3 -8 -5 -17    
         -8 -4 -2 -14       

--- Sample #950 | True: -0.5248069763183594 | Pred: -2.850513458251953 ---
          1  2  5  5       
       4  1  1  1  1  5    
    3  2  0  0  0  0  3  3 
 1  1  2  1  1  0  3  0  1 
 5  1  0  2  0  0  1 -3  3 
    2  0  0  0  1  1  0  6 
       3  0  1  2  0  1    
          2  0  3  1       

--- Sample #951 | True: -0.3463478088378906 | Pred: -2.1177902221679688 ---
         -2  0  1  1       
       1  0  1  0  0  0    
    1  1  3  0  0  0  1  1 
 2  0  0  1  2  0  1 -6  1 
 0  2  0  1  0  0  0 -2  0 
    2  1  1  2  0  0 -1  2 
       3  0  3  5  1  0    
          0 -1  2  2       

--- Sample #952 | True: -1.7730789184570312 | Pred: -1.3689231872558594 ---
         -2 -2  0  0       
       0  0  0 -1 -1 -1    
    0  0 -1 -1 -2 -2 -1  0 
 0  0  0 -3  0  0 -1 -3  0 
-3  0  0  0  0  0 -2 -3 -2 
    0  0  0  0  0  0  1 -3 
       0  0  1  0 -1  0    
          0  0 -1 -1       

--- Sample #953 | True: -1.9838485717773438 | Pred: -2.0228843688964844 ---
          0  0  0  2       
       0  0 -2  0  0  0    
    0  0  0 -1 -1  0  1  0 
 2 -3 -1 -1 -1 -1  0 -3  0 
 2  0 -1  0 -2  0 -1 -2 -1 
    1  0  0  0 -1 -1  0 -1 
      -2 -1  0  1  0  0    
          0 -1  3  3       

--- Sample #954 | True: -0.4380760192871094 | Pred: -2.8897972106933594 ---
          2  2  4  5       
       2  1  1  2  0  1    
    2  1  1  2  2  1  3  2 
 3  2  0  1  3  1  1  3  1 
 3  1  1  1  1  0  0 -2  0 
    0  2  2  0  1  1  0  2 
       5  1  0  2  0  1    
          1  0  0  3       

--- Sample #955 | True: 0.14038467407226562 | Pred: -1.3364028930664062 ---
          0  0  1  0       
       0  2  1  0  0  3    
    2  1  3  3  0  0  2  0 
 2  1  2  1  1  0  1 -1  0 
 1  2  2  1  0 -1 -1 -2  1 
    0  0  1  0  0  0 -1 -2 
       0  0  1  2  0  1    
          2  1  1  1       

--- Sample #956 | True: -1.6017303466796875 | Pred: -3.3335132598876953 ---
         -4  1  2  3       
       1  1  1 -2 -1  2    
    1  3  2  0  0  1  1  4 
 1  1  1  0  0  0  0 -9  2 
 3  3  2  1  1  0  0 -1  3 
    0 -1  1  1  0  0  2  2 
       0  1  0  0  1  1    
          0  2  1  1       

--- Sample #957 | True: -1.1978836059570312 | Pred: -2.6431198120117188 ---
          0  0  1  1       
       1  1  0  0  1  1    
    0  1  1  2  1  1  1  3 
 0  1  0  0  2  2  1  1  0 
-3  0  0  2  1  2  0 -3  0 
    2  0  1  3  2  0 -2  0 
       1  1  1  2  0  1    
          1  1  1  0       

--- Sample #958 | True: -1.8161544799804688 | Pred: -1.4695014953613281 ---
          0  0  1  0       
      -2 -1 -1 -1 -1  0    
    0 -1  0 -1 -2 -1  2  0 
-3  0 -1 -1  0  0 -1  0  0 
-3  0  0  0  0 -1 -2 -2 -1 
    0  0  0  0  0  0  0  2 
      -4  0  1  1  0  0    
          0  0  0  0       

--- Sample #959 | True: -1.3719215393066406 | Pred: -2.4393768310546875 ---
         -1  1  1  0       
       0  0  0 -3  0  1    
    2  1  0  0 -2  0  2  0 
 0  2  1  0  4  0  0  0  1 
 1  2  2  2  0  1  0 -2  1 
    0  0  0  0  0  0 -1  0 
       1  0  0  1 -2  0    
          2  1  1  2       

--- Sample #960 | True: -0.06384658813476562 | Pred: -2.4870452880859375 ---
          0  3  2  4       
       2  2  0  1  1  2    
    1  3  2  0  0  1  3  2 
 2  1  2  3  1  1  0  1  3 
 1  1  1  1  1  1  0 -2  1 
    2  2  1  1  1  1  0  3 
       1  1  2  2  0  1    
          2  2  2  1       

--- Sample #961 | True: -0.12923049926757812 | Pred: -1.2322502136230469 ---
          3  1  2  3       
       0  1  1  0  0  1    
    0  0  1  0  0  0  2  1 
 3  0  0  0  1  0  2  0  2 
 0 -1  1  0  1  0 -1 -2  0 
    0  0  1  0  0  0  0  1 
       3  0  1  1 -1  0    
          0  0  0  0       

--- Sample #962 | True: -5.959615707397461 | Pred: -7.092292785644531 ---
          1  0  7 11       
      -11 -1  2  3 -18  5    
    4 -1 -12 -2 -1  0  3  6 
 0  2  0 -1 -2  0  0  1  2 
12  6  0 -1 -2 -3  0 23  3 
    6  0  1  0  1 -26  0 -26 
       4 -4 -1 -1 -2  2    
          5  6  5  3       

--- Sample #963 | True: -6.468654632568359 | Pred: -6.062955856323242 ---
         -4 -13  1 -3       
       2  5  5  0  2 -2    
    2  4  2  2  1 -2  0  1 
-21 -8  2  4  2  1  5 -3  0 
-8  2  0  1 -1  0  1 -4  0 
   -1  2  1  1  2  2  0 -3 
       1 -1 -2  0  0  0    
         -8 -8  0  1       

--- Sample #964 | True: -3.7528858184814453 | Pred: -7.813501358032227 ---
          4  1  3  3       
       6  2  3  1  1  5    
    5  3  2  2  0 -1  0  1 
-16  4  2  1  2  2  3 11  2 
 6  1  0  1  1  1  1 -2  5 
    2  1  3  3  4  2  5  4 
       0  3  0  5  4  2    
          5  0  5  6       

--- Sample #965 | True: -5.443077087402344 | Pred: -5.097049713134766 ---
         -3 -2  0 -1       
      -3 -4 -2 -3 -2 -5    
    0  0 -2 -2 -2 -3 -3 -4 
-5  1  0  0  0 -3 -1 -3  0 
-2 -1 -3  0 -2 -1  0 -3  2 
    0  0  1  0  0 -1 -1  0 
       1 -2  0  1  0 -2    
          1  0  0  4       

--- Sample #966 | True: -10.742883682250977 | Pred: -6.001041412353516 ---
         -18 -17 -15 -15       
      -2 -3 -3 -17 -10 -20    
   -3  0 -1 -4 -5 -5 -3 -11 
-19 -4 -1 -2 -4 -5 -4  0 -5 
-7 -2 -3 -2 -4 -6 -5 -2 -3 
    0 -1 -1 -1 -3 -2 -1 -2 
       0 -3 -1  1  0 -4    
         -5  1  0  2       

--- Sample #967 | True: -7.978845596313477 | Pred: -9.597419738769531 ---
          2  6  8  8       
       0  3  7  5  6  0    
    1  1  1  1  2 -1  5  7 
-17  1 -1 -1  0  0 -1 -5  7 
-17 -1  0  0 -1 -3  0 -5  0 
    1 -1 -1  0  0 -2 -3  0 
      -1 -5  0 -2 -3 -3    
         -3 -4  0 -2       

--- Sample #968 | True: -5.748846054077148 | Pred: -7.127094268798828 ---
          4  6 12 11       
       2  0  2  3 -5  1    
    3 -1 -8  0  2  1  5  5 
 6 -11 -1  0  0  1  2  0 -1 
10  3 -1 -5  0 -4  1 15  4 
    5  0  3  1  4 -9  3 -9 
       2 -2 -3  0  0  2    
         -13 -1  8  8       

--- Sample #969 | True: -7.112691879272461 | Pred: -6.408599853515625 ---
          5  0 -1 -1       
       3  2  1  0 -1  0    
    0  3  4  2  0  0  0  1 
-13  2  0  1  1  0 -3 -22  1 
-3 -9  1  0  0 -2  1  1 -3 
    0  1  0 -1  0 -2 -4 -2 
       0 -2 -2 -6 -5 -3    
         -4 -6 -6 -9       

--- Sample #970 | True: -3.758077621459961 | Pred: -6.876529693603516 ---
          4  2  5  5       
       1  2  2  6  2  3    
    3  3  1  3  3  2  4  4 
 3  5  1  0  2  0  2 -7  1 
 6  6  3  3  1  1  2 13  1 
    7  2  4  1  2  3  0  0 
       6  4 -1  2  5  2    
          5  8  4  1       

--- Sample #971 | True: -5.359230041503906 | Pred: -4.2524871826171875 ---
         -7 -4  0  3       
       0 -2  0 -1 -1 -2    
   -1  2  1  0  0  0  0  0 
 0 -1  0  0 -2 -2 -1 -7  0 
 0  0  0  0  0 -2  0  9  1 
    0  0  0  0 -1 -2  0 -2 
       0 -2 -1 -1 -5 -5    
         -4  3 -15 -5       

--- Sample #972 | True: -7.587114334106445 | Pred: -5.596899032592773 ---
         -2 -13 -4 -2       
       1  1  1 -2  0  0    
   -4  0  0  0 -1  0  0  0 
-2 -1 -2 -1 -2 -5 -2 -17 -4 
-8  0 -3 -2 -2 -4 -4 -3 -3 
   -7  0 -1 -2  0 -1 -2 -1 
      -1 -2 -5 -7 -3  0    
         -2 -4  2  3       

--- Sample #973 | True: -9.548076629638672 | Pred: -7.961355209350586 ---
          1 -10  3  4       
       5  2 -1  1  3  3    
    0  4  0 -1 -4 -3  0 -1 
-1  0  1  0  0 -3  0  6  0 
 0 -1  1  0 -3 -7 -6 -6  2 
    1  4  1 -1 -1 -2 -13 -7 
       0  0  1 -8 -5 -8    
          1 -6 -12 -20       

--- Sample #974 | True: -6.607500076293945 | Pred: -3.4212169647216797 ---
         -5 -5 -2 -5       
      -8 -5 -6 -4 -3 -7    
   -5 -2 -6 -6 -9 -4 -7 -8 
-3 -2 -2 -3 -4 -2 -9 -4 -2 
-4 -3 -6 -2 -3 -1 -4  2 -2 
    0 -2 -6 -4 -3 -4 -2  0 
      -1 -2 -3 -1 -1  0    
         -2 -2 -3 -2       

--- Sample #975 | True: -5.646730422973633 | Pred: -6.945455551147461 ---
          2  1 -3  2       
       0  1 -2 -1  3  3    
   -4  1  1  0  1  3  4  2 
-4  1  2  1 -1  0  3  6  1 
-1  3  1  1  2  2  0  1  0 
    3  1  0 -1  0  1  1  3 
       0  1  2  1  0 -1    
          2  3 -1  1       

--- Sample #976 | True: -7.030769348144531 | Pred: -5.762920379638672 ---
          4  4  0 -5       
      -3  1 -3 -5 -2 -2    
    0  0  0 -2  0  0 -2 -5 
 3  0  0  0 -3 -2 -5 -2 -6 
 0  0 -3 -1  0  0  0 -1 -4 
    0 -2 -4 -2 -4 -4 -2  0 
      -1  0 -2 -2 -3 -1    
          0  0 -1 -1       

--- Sample #977 | True: -3.2407703399658203 | Pred: -6.012115478515625 ---
          6  5  3  4       
       3  3  3  2  3  1    
    1  2  0  1  1  1  2  1 
 4  0  1  1  1  0  0  0  0 
 2  3  3  2  2  1  3 -6  0 
    0  1  4  2  3  1  1  0 
       3  0  2  2  1  0    
          3  0  4  2       

--- Sample #978 | True: -3.879423141479492 | Pred: -4.083208084106445 ---
          1 -2 -1  0       
       2  0 -2  0  0  0    
    1  3  0  0 -2  0 -2 -1 
 2  1 -1  0  0 -2 -1  0 -2 
-1 -1  0  0  0  0  0  1 -1 
    0  1  1  1 -3  0  1 -2 
       2 -1  0  1  0  0    
          2  0  0  0       

--- Sample #979 | True: -3.667306900024414 | Pred: -4.914102554321289 ---
          1  0  4  3       
       3  1  0  3  1  0    
    1  0  0  0 -2  0  0  1 
 0 -2 -2  0  0 -1  0  1  1 
 2  0  0  1  0  0  0 -1  0 
    0  0  0  0  1 -1  1  2 
       0  1  0  1  0  1    
          0  1  0  3       

--- Sample #980 | True: -1.9896163940429688 | Pred: -1.8794021606445312 ---
         -2 -5  0  3       
       4  1 -1  2  2  8    
   -4  0  0  0  0  5  3  2 
-1 -2 -1  1  0  0  1 18 -13 
-3 -1  0  0  0  2  3 -1  7 
   -2  0  1  2  2  3  3  7 
       5  0  0  3  2  7    
         -3  0  1  2       

--- Sample #981 | True: -1.1132698059082031 | Pred: -1.9584693908691406 ---
          0  5  6  7       
       1  0  2  4  2  0    
    5  2  0  1  4  2  2  1 
 1  0  0  1  1  4  5 21  0 
 1  2 -1  2  0  3 -5 12  0 
    2  1  2  1  0 -6 -16  5 
       0  0 -1 -2  0  3    
          1  0  1  4       

--- Sample #982 | True: -1.7532691955566406 | Pred: -2.288219451904297 ---
          2  1  1 -1       
       2  2  2  1  0  1    
    0  2  1  0  0  0  4 -1 
 2  0  0  2  0  0 -5  2  0 
-1 -4 -3 -1  0  1 -1 -15  0 
   -5 -2 -3 -3  1  0  2  1 
       2  0  0  0  0  3    
          0  0  2  0       

--- Sample #983 | True: -1.4140396118164062 | Pred: -2.4393768310546875 ---
         -1  0  1  0       
       0  0  0  2  0  0    
    0  1  1  0  0  0  1  3 
 1  0  1  2 -3 -1  1 -2  1 
 0  0 -1  0  1  1  0 25  1 
    0 -1 -1  1  0  0  1  3 
      -2  0  1  1  3  1    
          0 -3  2  2       

--- Sample #984 | True: -1.8942298889160156 | Pred: -2.1777420043945312 ---
          5  1  3  2       
       0  0  1  3  1  1    
    0  2  4  0  0  0  3  0 
-1  0  0  0  0  0  0  2  0 
-4  1 -4 -3 -1 -2  0  2  1 
    1  0 -2 -1  0 -1  0 -1 
      -5 -1 -1  1  0  1    
         -1  0  0  1       

--- Sample #985 | True: -1.7330780029296875 | Pred: -2.3257408142089844 ---
          1  4  1 -1       
       1  3  0  0 -1 -2    
    0  0  0  0  0  0  0 -1 
-1  0  0  1  2 -1 -3  0 -3 
-5 -4 -5  0  1  1  0 -4  0 
    0  0  2  1  1  0  4  1 
       0  2  2  1 -1  1    
          0  4  3  0       

--- Sample #986 | True: -1.6584625244140625 | Pred: -2.991985321044922 ---
          0  1  0  3       
       0  1  0  3  2  0    
    0  2  0  0  0  0  2  0 
 1 -1  0  0  0  0  0  2  2 
 1  1  0  0 -1  0  1 -4  0 
    0  0 -2  0  0  1  1  0 
       0  0  0  0  0  1    
          0  1  0  0       

--- Sample #987 | True: -1.4596138000488281 | Pred: -2.3441429138183594 ---
         -3 -1  2  0       
       0  1  1 -1  0  0    
    0  2  0  1  0  0  0  0 
 1  1  1  0  2  0  1 -3  0 
 0  2  0  0  0  0 -3  2  0 
    0  0 -1  0  0  1  2  0 
       2  0  1  1  0  0    
          1  2 -2 -1       

--- Sample #988 | True: -1.3811531066894531 | Pred: -2.35888671875 ---
          0  1  2  3       
      -1  2  0  2  0  1    
    1  2  2  0  0  0  0  0 
 0  1  0  4  1  0  0 -2  0 
 0  1  1  0  0  0  0 -5  0 
    0  0 -2 -1  0 -2  0  0 
       1 -1  0 -1 -3  0    
          1  0  1 -3       

--- Sample #989 | True: -0.8921165466308594 | Pred: -2.3494110107421875 ---
          2  1  0  4       
       0  2  0  0  0  0    
    0  1  0  0 -1  0  0  2 
-1  1  0  0  0  0  0  0  3 
 0  2  2  0  0  0  0  1  3 
    1  1  0  0  1  1  2  2 
       0 -1  0  2  1  4    
          0  1  2  1       

--- Sample #990 | True: -1.671539306640625 | Pred: -3.303497314453125 ---
          1  3  3  0       
       0 -1  0  2  1  1    
   -2  0  0  0  0  0  2  0 
 1 -1  0  0  1  0  2  2  0 
 4  0  1  1  0  0  1  1  0 
    2  1  0  0  1  0  1  1 
       0  0  1  1  0  0    
          2  2  0  2       

--- Sample #991 | True: -1.6509628295898438 | Pred: -2.654956817626953 ---
          0  0  1  1       
       0  2  0  1  0  0    
    1  0  0  0 -1 -3  0 -1 
 1  2  0  1  0 -2 -1 -2  1 
 2  4  0  2  0  0  0 17  0 
    1  0  0  1  0 -1  2  3 
       2  0  0  0  0  0    
          0  1  0  0       

--- Sample #992 | True: -2.572307586669922 | Pred: -2.723308563232422 ---
          0  0  0  0       
      -2  0  0  0  0  0    
   -2 -1 -1  0  0  0  3 -3 
 2 -1  0  0 -1  0  0 -5  0 
 1  0  0  0 -2  0  0 -11  0 
    0  1  0 -2  0  2  0  0 
       0  0 -2 -2  0  0    
          0  1  0  0       

--- Sample #993 | True: -2.9498062133789062 | Pred: -4.053134918212891 ---
          1  0  2  2       
       0  0 -1  0  0  0    
   -1  0  0  0  0  1  0  0 
 0  0  1  1  0  0  2  2  0 
 2 -1  0  0  0  0  0  6 -1 
    1  1  1  0  2  0  1  1 
       1 -1  0  1  1  0    
          1  0  1  0       

--- Sample #994 | True: -2.345386505126953 | Pred: -3.5557937622070312 ---
          1  1  4  2       
       1 -1  0  3  0  2    
    1  0  1  2  3 -2  0 -2 
 3 -4  0  1  2  1  0 -5  0 
-9  0  0  0  1  1  0  0 -2 
    2  0 -1  2  2  0  1  0 
       0  0  2  1 -1  3    
          0 -1  2  1       

--- Sample #995 | True: -4.2286529541015625 | Pred: -3.7061843872070312 ---
          0 -2 -2 -2       
       0  0 -2 -1 -2 -3    
    4  0 -1 -3 -3 -2 -1 -4 
 2  2  0  0 -2 -2 -4 -1 -5 
 2  1 -1  0 -3 -1 -1  1 -4 
    1  0 -3 -1 -2  0  0  0 
       1 -1  0 -1 -1  1    
          0 -1  0  0       

--- Sample #996 | True: -3.4303855895996094 | Pred: -4.928838729858398 ---
          0  0  5  4       
       0  0  1  2  1  0    
    0  0  0 -4  0  0  2  1 
 0  0  0  0  1  2  2  0  0 
-5 -3  1  1  2  1  2 -4  1 
    1  0 -1  1  1  2  0  2 
       1 -1  0  2  2  1    
          0  0  2  2       

--- Sample #997 | True: -4.187307357788086 | Pred: -5.190122604370117 ---
          0  1  0  1       
       0  0  0 -2  0 -3    
    1  0  0  0  0  0  0 -4 
 6  2  1  0  0  0  0  0 -2 
 2  0  0  0  0  0  0 -2  0 
    2  0 -5  2  0  1  0  0 
       0  0  0  1  2  2    
          0  0  0  2       

--- Sample #998 | True: -9.177499771118164 | Pred: -7.539758682250977 ---
          0 -2 -9 -8       
       0  1  2 -1 -2  0    
   -8  2  1  2 -3 -1  0 -2 
 0 -2  3  3  0  0  0 -15 -5 
-5 -2  0  1 -1 -1 -1  1 -1 
    1  2  0 -2 -1  0  4 -1 
      -3 -4 -4 -5  2  1    
         -6 -4 -1 -1       

--- Sample #999 | True: -19.485383987426758 | Pred: -16.146987915039062 ---
         -1 -2 12 -6       
      -7 -7  0  6  7 -10    
   -10 -3 -1  2  4  4 -6 -5 
-2 -6 -2  0  2 -5  4  1  6 
 4  0 -4 -18 -4 -10 -13 -8 -7 
   -4 -2 -10 -19 -4 -6  1 -8 
      -5 -5 -9 -3 -4 -4    
          3  6  8  0       

--- Sample #1000 | True: -2.254230499267578 | Pred: -3.300088882446289 ---
          3  2  0  0       
       1  2  1  1 -1  1    
    0  2  0 -1 -3  0  0  0 
 2  0  0  0  0 -1 -1 -3 -1 
 0  0  1  0  0  0  0 -2 -1 
    4  0  0  0 -1 -2 -1  0 
       1  3  0  0  0  0    
          2  0  1  2       

--- Sample #1001 | True: -10.959999084472656 | Pred: -11.56637191772461 ---
          2  0  2  0       
      -2 -6 -3  2 11  1    
    0 -5 10  0 -7 11  5  2 
 8 15 12 11  2  2  0 11  1 
 4  0  0  0 -1 -2 -1  9  2 
    2  0  0  1  2 -1  1  2 
       0 -3 -2  2  1  0    
          2  1  3  3       

--- Sample #1002 | True: -16.306154251098633 | Pred: -14.322456359863281 ---
          2  1  0  3       
       3  1  0 -3  0  4    
   -7  3  1 -1 -3 -1  2  2 
-8  0  0  1  1  1  2  9 -1 
 0  1  1  2 -10  0  0 -1  0 
    0 -3 -8  8  1  0 -3 -2 
      -6 -3  8 -1  0  0    
         -7 -12  0  1       

--- Sample #1003 | True: -14.324230194091797 | Pred: -15.650491714477539 ---
          1  4  3  5       
       2  1  0  0  0  0    
    8  0 -1 -2 -2 -4 -3 -2 
 5  4 -6  0  0  0 -1 -3 -3 
 2  2  0  0  5  0  1 -1 -1 
    3  0 11 12  3  2  3  1 
      14 10 13  4  1  0    
         17 15  4  4       

--- Sample #1004 | True: -19.06038475036621 | Pred: -15.313228607177734 ---
         -1 -1 -2 -3       
       0 -1 -1 -4 -5 -5    
   -11 -1 -3 -4 -3 -6 -4 -12 
-10 -10 -6 -4 -6  0 -4 -1 -4 
 2  3  3 -6 -3  1 -3 -3 -3 
    0  6  0  3  1 -2 -1 -2 
      -4 -15 -1 -4  1 -1    
         -13 -3  0  1       

--- Sample #1005 | True: -15.642885208129883 | Pred: -15.395689010620117 ---
          1  3  5  2       
       3 -1  0  1  2  6    
    9  6  1 -2 -1 -1  2  0 
-4 -8  0  3 -1  0  2 11  4 
 0  0 -4 -2  5  0 -2  3  2 
   -2  5  1  3  0  0 -2  0 
      11  2  0  4  2  0    
          3 11  0  0       

--- Sample #1006 | True: -16.784807205200195 | Pred: -13.738073348999023 ---
          6  5 -3  0       
       3  0 -1 -1 -2  0    
   -1  1 -1 -3 -5 -5 -4 -3 
-5 -9 -1  2 -2 -1 -6  1 -2 
 0 -1 -1 -5  1  0 -3 -4 -3 
   -3 -8  5 10  2  1 -2 -1 
      -4 -1 -1  2  1 -1    
          4  1 -1  0       

--- Sample #1007 | True: -18.172115325927734 | Pred: -14.853569030761719 ---
          4  4  2 -2       
       0  1  0  0 -2  2    
    0  4  0 -2 -4 -4  0 -2 
-2 -8 -4  0  2 -3  0  5 -5 
 0  0 -1 -3  0  0 -3 -1 -6 
   -1 -5  2  3  1 -1 -2 -4 
      -8  2  1 -2 -3  0    
         -9 -2 -1 -1       

--- Sample #1008 | True: -16.935575485229492 | Pred: -17.702239990234375 ---
         12  6 10 11       
       5  1  6  5  3  5    
    3  0  1  2  1 -1  2 -1 
-1 -5 -11  2  7  4  1 12  5 
 1  1 -1  1  4  1 -1  0  5 
    1 -3  8  4  5  0  1  0 
      -3 -3  3  4  0  2    
         -3  5  4  1       

--- Sample #1009 | True: -17.08461570739746 | Pred: -16.47210121154785 ---
          7  0  8 11       
       2  1  0  1  0  4    
   -1  2  0 -2 -2 -4  5  0 
-1 -4  5  0  0  0 -6  6  5 
 1  1 -1  1  6  1 -1 -1  0 
    1 -2  1  2  3  0 -1  0 
      -4 -8  2  2  0  0    
          5  2 -3  0       

--- Sample #1010 | True: -22.32711410522461 | Pred: -19.82172203063965 ---
          0  2  0 -2       
      -8 -1 -1  1 -1 -3    
   -6 -1 -2 -7 -1 -1 -2 -7 
-5 -2 -7 -8 -6  1  0  5  2 
 0  0 -2 -4  7 -2  0  0  0 
    0  0 -1 -1 -3 -2 -5  3 
       0 -2  0  0 -1 -6    
          0  3  0 -2       

--- Sample #1011 | True: -21.95096206665039 | Pred: -20.253908157348633 ---
          0  1  0  4       
      -1 -3  0  3  3  1    
   -1  0 -3  0  0  0 -2 -2 
-5 -1  0  0 -2  0  6  8  3 
 0  0 -2 -4 10 -4  3  0  1 
    0  0 -2 -2  2 -3 -5  5 
       0 -1  0  0 -2 -6    
          0  2 -1 -2       

--- Sample #1012 | True: -22.638269424438477 | Pred: -21.289691925048828 ---
          2  2  4  0       
       0  3  2  0  1 -2    
   -2  2  1 -7  0 -1  0  1 
-3  2  0  1  0  4  3  1  1 
 0  0 -1 -3  5 -8  0 -1  0 
    1  1 -1 -1 -3 -1 -3  0 
       1  0  1  1  0 -4    
          1  3  0  0       

--- Sample #1013 | True: -21.376537322998047 | Pred: -21.531179428100586 ---
          1  3  2  2       
       3  1  3  1  0 -1    
    3  1  0  0 -2 -2  1  2 
 0 -2  2  0  5  7  3  0  6 
 0  8  3 -3 14  6  5 -1  6 
    0  1  0 -1 -1  0 -1  7 
       1  0  1  2  0 -3    
          0  2  0  0       

--- Sample #1014 | True: -21.68730926513672 | Pred: -20.81517791748047 ---
         -1  0  2  3       
      -2  2  0  3  1  1    
    1  4  2  0  1  0  1  0 
 0 -2  1  1  0  3  6  4  0 
-1 -2 -3 -4  9 -5  1 -1  1 
    0  0 -1 -1 -3 -2 -3 -3 
       1 -1  0  1 -1 -5    
          0  2  0  0       

--- Sample #1015 | True: -20.916345596313477 | Pred: -21.698623657226562 ---
          4  4  0  2       
       0  2  2  1  1 -2    
    2  3  0 -4 -2 -2  1  2 
 1  1 -4  1 -7  6  4  1  5 
 0  5  9 -2 15 17  3 -1  7 
    0  1  0  0 -1  0 -1  1 
       1  0  1  2  0 -2    
          1  3  0  0       

--- Sample #1016 | True: -20.97038459777832 | Pred: -19.650453567504883 ---
          5  2  3  3       
       1  3  2  0  1  1    
    1  4  2  0 -3  0  1  0 
 0  2  2  1  1  3  4  2  1 
-3 -3 -4 -7  2 -15  2 -1  1 
   -1 -1 -2 -2 -4 -2 -3 -8 
       0 -1  0  0 -1 -4    
          1  2  0 -1       

--- Sample #1017 | True: -20.871538162231445 | Pred: -20.86270523071289 ---
          3  3  0  5       
       0  0  0  0  0  0    
    2  2 -1 -5  0 -2  1  2 
 1 -1 -2 -9 -4  6  6  8  5 
-1  0  0 -3  8  1  6 -1  8 
    0  0 -1  0 -1  0  0  2 
       0 -1  0  2  1 -1    
          0  3  0  0       

--- Sample #1018 | True: -3.764230728149414 | Pred: -4.134609222412109 ---
          0 -1 -1  0       
       3 -2  0  1  0  0    
    0  0  0 -1  0 -1  0 -2 
 0  0  1  0  0 -4 -3  1  0 
 0  0  0  0  2 -2  0 -4  5 
    0  0  1  1  2  0 -2  3 
       0  0 -2  0 -9 -1    
         -3 -2 -4 -1       

--- Sample #1019 | True: -2.2517318725585938 | Pred: -5.354127883911133 ---
          3  6  8  7       
       2  1  2  2  5  4    
    0  1  1  2  1  2  2  4 
 2  0 -1  0  1 -1  0 -2  2 
-2  1  1  1  2  1  1  0  3 
    0  3  0  2  3  2  1  2 
       2  0  2  3  3  4    
          8 10  4  2       

--- Sample #1020 | True: -1.0857696533203125 | Pred: -2.651134490966797 ---
          0  1 -4 -1       
       9  3  0  1 -1  2    
    2  3 13  1  1  0  0  1 
 3  2  5  4  2 -6  2 -6  3 
-19  1  1  6  3  0  0 -3  0 
    5  1 11  2  0  0  1 -1 
       0  0  3  0 -5  0    
          0  2 -1 -3       

--- Sample #1021 | True: -3.016347885131836 | Pred: -2.4957809448242188 ---
          1  0  6  7       
      -1 -1  1  4  0  4    
    0  0 -2 -4 -1  0  0  3 
-7  0  0 -1  0 -1 -3 -3  0 
-3 -3  0  0  0 -2 -1 -2  2 
   -3  1  0  0 -1  0  1  0 
      -5 -2 -1  0 -3  0    
          0  0 -4 -5       

--- Sample #1022 | True: -4.150960922241211 | Pred: -4.344758987426758 ---
          0  5  4 -1       
       3  2  0  3 -1 -1    
    1  0  0  0 -2 -3 -4  0 
 6  0  0  0  0 -4 -1 -6  1 
 0  1  0  0  0 -3 -1 -2 -2 
   -5  0  1  1 -1  0 -2 -1 
       0 -3 -1  0  0  0    
         -5  1  4 -1       

--- Sample #1023 | True: -6.831731796264648 | Pred: -5.018177032470703 ---
          0  1  0  2       
       2  0 -2 -2  0 -4    
    7  0 -1  0 -1 -1  4 -2 
-2  4  0  2 -1 -6 -2 -3  3 
-19 -12  0  2  2 -3  0 -1  3 
   -9 -4 -3  1  0  1 -1  0 
      -9 -18  0  2 -9  0    
          3 -13 -2 -3       

--- Sample #1024 | True: -4.920385360717773 | Pred: -5.601947784423828 ---
          0  4  0  0       
       1  0  0  2 -4 -4    
    0  2  0  0  0  0 -3 -1 
 0  0  2  0  2 -1  1  3  1 
-2  0  2  2  2 -1  0 -3  0 
    1  0 -2  0 -2  0 -1  0 
       0 -1  0 -1 -1  0    
          3  3  0  0       

--- Sample #1025 | True: -4.276346206665039 | Pred: -6.142704010009766 ---
          1 -1  0  4       
       4  0  0  0 -11  4    
    2  0  0  0  0  0  0  2 
-1  2  1  2  1 -3  0  0  2 
 5  3  3  2  1  1 -1 -2  4 
    3  1  1  0  0  0  1  4 
       1  0  1  1  3  0    
          1  2  0  8       

--- Sample #1026 | True: -2.858844757080078 | Pred: -5.367164611816406 ---
          1  5  1 -2       
       1  0  0 -3  0  0    
    4  2  0  1  0 -2  0  3 
 3  2  2  5  4  1  2 10  2 
 5  2  0  2  3  0  3 -2  5 
    3  0  0  3  0  2  1  1 
       3  1  3  0  2  1    
          9  2  5  0       

--- Sample #1027 | True: -3.596729278564453 | Pred: -4.543979644775391 ---
         -1  0  0  6       
       1  0 -2  0 -1  1    
    2 -1 -2 -3  0 -3 -5 -3 
-1 -2 -1  1  2  2 -1 -5  0 
 5  1  0  1  1  0  1 -3  5 
    4  0  0  0  0  1  1  2 
       0  0  0 -1 -2  0    
         -1  0  0 -3       

--- Sample #1028 | True: -6.598077774047852 | Pred: -5.656797409057617 ---
         -2  0 -3 -4       
      -3  0 -3  3 -13 -3    
   -5  0  0  0 -1 -3 -5  1 
 0  2 -1  0  0 -2 -1  0  3 
 2  4  0  1 -2 -4 -1 -2  0 
    0  0  0 -4 -3  0  0 -2 
      -1 -1 -3 -5 -3 -6    
          2  0  1  1       

--- Sample #1029 | True: -6.448076248168945 | Pred: -7.846487045288086 ---
          2  1  3 -5       
      -1  2  2 -2 -3 -6    
   -3  1  1  1 -1 -1 -2  0 
 1  0  1  1  1 -4 -2  2  1 
 4  1  0  2  0  1  3 -3  6 
    0 -1  2  3  2  1  1  7 
       0  0  4  2  3  3    
          3  2  0  0       

--- Sample #1030 | True: -1.2969245910644531 | Pred: -5.66143798828125 ---
          8  2  5  1       
       3  2  4  4  2  2    
   -1  1  2  6  1  2  8  1 
 3  3  2  2  2  0  4  0  4 
13  9  7  5  3  0  3  3  1 
    9  7  5  4  2  5  0 -2 
       8  4  5  4  0  1    
          3  5  3  0       

--- Sample #1031 | True: -2.4859619140625 | Pred: -2.9979629516601562 ---
          4  0  4  2       
      -3  2 -1  1  0  0    
    1  2  0 -1  0  0  1  0 
 0  0 -3  0 -1 -2  1 -1 -3 
 1  0 -2 -1 -1 -2 -1  0 -1 
    0 -2  0 -2 -3 -2  1  1 
       1  0  0  0 -1  1    
          3  0 -3 -1       

--- Sample #1032 | True: -2.9448089599609375 | Pred: -3.7594642639160156 ---
          2  0 -1  2       
       0  2  0  0  0  2    
    1  0  0 -1  0  0  0  0 
 1  1  1  0 -2 -1  1 -5  0 
 1 -1  1  0  0 -1 -2  4  1 
   -2  1  1  0  0  2  0  0 
       1 -2  2 -1 -1  1    
          0  3  0  1       

--- Sample #1033 | True: -2.566539764404297 | Pred: -3.2487010955810547 ---
          1  0  1 -2       
      -1  1  0  0 -1  1    
    2  1  1  0  0  0  0 -2 
 3  1  1  1 -1  0 -4  3 -1 
 3  2  2  0 -1 -2 -1 -2  0 
   -2  2 -2  0 -1  1  0  4 
       0 -2 -1 -1  0 -2    
          1  2  0  2       

--- Sample #1034 | True: -2.2998085021972656 | Pred: -4.131643295288086 ---
          2  0  7  3       
       5  0  2  2  2  2    
    1  1  1  1  0  0  3  2 
 0  0  0  0  1 -3  2  5  1 
-1  1  1  2 -3 -2  0 -2  5 
   -3  1  1  0  0  0  0  2 
       3  3  2  1  0  1    
         -2  3  2  0       

--- Sample #1035 | True: -3.4042320251464844 | Pred: -3.859781265258789 ---
         -2 -1 -2  0       
      -2 -2  0 -1 -2  1    
   -2  0  0 -1  0  0  0  0 
 4  1  1 -1  0  0  0 -1 -1 
 0  1 -1  0 -2  0 -1 -2 -2 
    0  0  0  0  0  0  1  1 
       0  0  1  4  0 -5    
          2  1  2  1       

--- Sample #1036 | True: -4.788846969604492 | Pred: -6.321598052978516 ---
         -2  3  0  2       
      -3 -1 -4  0  0  1    
    2  1  1 -1  1  1  0  1 
 3  0  2  0  0 -1  0  3  3 
 0  0  1  0  0  0  0 12 -2 
    4  1  0  1  0  0  2  3 
       0  1  2  3  3  2    
          0  5  5  6       

--- Sample #1037 | True: -2.726154327392578 | Pred: -5.807172775268555 ---
          5  2  0  5       
       5  1  4  1  0  1    
    3  4  2  0  1  0  2  2 
 4  4  2  2  2  0  1  5  2 
 5  4  2  2  1  0  2 -9 -4 
    2  1  0  2  1  1  1  1 
       2  0  2  1  1  1    
          1  3  3  4       

--- Sample #1038 | True: -1.9065361022949219 | Pred: -4.626588821411133 ---
          0  0 -1  2       
       2  0  0  0  0  2    
    3  1  0  0  0  1  2  0 
 3  2  0  0  0  1  1  3  2 
 3  2  1  1  0  0  1 -2  0 
    4  2  2  2  1  0  3  1 
       2  3  2  3  2  2    
          4  3  5  3       

--- Sample #1039 | True: -3.0094223022460938 | Pred: -3.825662612915039 ---
          0  1  2  0       
      -2 -1  0  0  0  0    
    0  0 -1 -3 -3 -2 -1 -2 
 1  0 -1  0  0 -1  0 -5  0 
 0  0  0  1  0  0  0 -2  0 
    1  0 -1  1  0  0 -1  0 
       1  0  0  0 -3  1    
          1  2  0  1       

--- Sample #1040 | True: -1.3296165466308594 | Pred: -4.695529937744141 ---
          4  2  1  4       
       4  3  5  2  1  2    
    2  3  1  1  3  1  4  2 
 0  2  3  1  3  1  3  4  4 
 4  2  2  1  2  2  2 -2  0 
    3  3  1  2  2  0  0  0 
       4  1  3  3  2  0    
          2  2  1  2       

--- Sample #1041 | True: -2.0353851318359375 | Pred: -2.4596290588378906 ---
          0 -2  0  1       
      -1 -1  0  1  0  0    
    0  0  0 -2 -2 -3 -1 -1 
 1  1  0 -2  0  0  0  0  0 
 1  1 -1  0 -2  0 -1 -2 -1 
    1  0  0  0  0  0 -1 -1 
       1  1  0  0  0  0    
          0  0  2  3       

--- Sample #1042 | True: -1.5638465881347656 | Pred: -3.1394577026367188 ---
          3  0 -1  4       
       0  0  0  0  0  2    
    4  0  0 -2 -2  0  1  0 
 0  0  0  0  0  0  0  0  2 
 4  1  0  0  0  0  0 -2  0 
    1  1  0 -1  0  1  1  0 
       1  1  1  3  2  0    
          0  1  2  1       

--- Sample #1043 | True: -1.9399986267089844 | Pred: -3.0814666748046875 ---
          0  1  1  0       
       2  0  0  0  0  0    
    1  2  0 -1 -1  0  0  1 
 2  0  0 -3  0 -1  1 -2  0 
 3  0  0  0  0  0  0 -2 -2 
    0  1  0  0  0  0 -1  0 
       0  1  2  1  0 -2    
         -2  1  1  1       

--- Sample #1044 | True: -3.4046154022216797 | Pred: -3.697315216064453 ---
         -2 -2 -3 -2       
      -1 -2 -2 -5 -2 -1    
    0  0 -2 -3 -6 -1 -5  0 
 0  1  1 -1  0 -1  1 -3 -1 
 1  2  1  0  0  0  0 -2  0 
    2  0 -1  1  2  0 -1  0 
       0  0  0  3  0  1    
          0  2  0  1       

--- Sample #1045 | True: -2.793079376220703 | Pred: -5.269994735717773 ---
          2  3  3  6       
       1  0  3 -3 -3  4    
    4  4  2 -2  0  2  4  2 
 1  1  3  0  0  2  2  1  3 
 2 -1  0  0  0  1  0 -2  0 
    0  0  0  2  1  0  0 -1 
       2  0  1  3  1  2    
          2  3  0  3       

--- Sample #1046 | True: -6.756345748901367 | Pred: -7.186655044555664 ---
          0  0 -5 -3       
       2 -6 -1 -2  1  3    
    0 -1 -8 -10 -4 -3  0 -2 
-10 -5 -3 -6  2  0  2  2  0 
 1  1  2  3  3  2  1 -2 -2 
    3  1  2  3  1  0  0  3 
       2  0  2  2  1  3    
          3  5  3  4       

--- Sample #1047 | True: -6.354616165161133 | Pred: -8.274471282958984 ---
          1  0  3  4       
       4  2  3 -3  5  2    
    7  6  3 -19 -5  4  3 -1 
 2  2 -4 -11  3  0  1  3  0 
 4  2  1  3  2  0  1 -1  0 
    2  3  3  1  2  2  1  0 
       2  2  0  2  3  2    
          2  1  4  4       

--- Sample #1048 | True: -6.1259613037109375 | Pred: -4.545234680175781 ---
         -7 -3  0 -6       
       0  0  0 -3 -1 -3    
    6  3  3 -2  2  1 -2 -5 
11  9  6 -3  0 -2 -4  2 -4 
-1  0 -2  0 -3 -4 -7  0 -1 
   -2  0  0 -3 -2  1 -1 -3 
      -1 -1 -2 -1  0 -2    
         -2  0  0 -1       

--- Sample #1049 | True: -6.117305755615234 | Pred: -6.9334564208984375 ---
         -2  2  5  3       
       5 -1  3  1  0  3    
    1  0  2 -12  3  4  0  0 
-3  1  0 -9  5  1  3  2 -1 
 4  0  1  2 -1  1  1 -2  0 
    0 -1  1  0  2  0  0  0 
       3  0  1  2 -1 -2    
          2  2  5 -1       

--- Sample #1050 | True: -6.052692413330078 | Pred: -7.487268447875977 ---
         -3 -3 -2 -4       
       0  3  3  1  0 -1    
    1  5  5  5  4  2  0 -2 
 7  9  8  4  2  2  1  5 -1 
 2  2  2  2  2  1 -1  0 -3 
    2  0  2  0  0  1  0 -1 
       0  4  1  1  0  1    
          1  2  3  1       

--- Sample #1051 | True: -3.153654098510742 | Pred: -6.390403747558594 ---
          6  6  6  9       
       4  5  4  5  5  6    
    8  2  0  1 -1  2  4  1 
 9  0  0 -2  2  1  2  3  4 
 5  2  1  3  2  0  3 -2  3 
    2  0  1  1  2  1  0  3 
       2  0 -1  2  0  2    
          0  2  1  2       

--- Sample #1052 | True: -3.8696136474609375 | Pred: -4.644369125366211 ---
         -2  3  2  0       
       1 -3  1  2  1 -2    
    0  1 -2 -4 -1 -1  0  0 
-2  1 -1 -1  0  0  0  0 -3 
 0  1  0  0  2  2  0 -2 -2 
    0  1  1  0  1  0  0  0 
       3  1  0  2  0  2    
          1  1  0  1       

--- Sample #1053 | True: -4.9850006103515625 | Pred: -5.141122817993164 ---
          1  1  0  2       
       2  0  0 -1 -3 -1    
   -3 -2 -1 -12 -8  0  0  0 
 0 -3 -6 -5 -2  1  1  0  0 
 0 -1  0  1  1  2  1 -2 -1 
    6  1  0  2  1  0  0  0 
       2  1  0  2 -1  2    
         -3  1  0  0       

--- Sample #1054 | True: -5.989999771118164 | Pred: -6.433366775512695 ---
          2 -5 -1 -3       
       4 -3  0  0  0  0    
    2  4  3 -7 -13  1  2 -1 
 2  0  1 -18  1  0 -3  0 -1 
 3  0  0  2  1  0  0 -2  0 
    1  1  2  2  2  1 -2  0 
       0  1  0  1  2  1    
          1  0  3  2       

--- Sample #1055 | True: -7.300575256347656 | Pred: -5.611898422241211 ---
         -4 -5 -2  1       
       0  0  3  0  0  1    
    3  0  4 -7 -4  4 -1 -3 
-2  3 -10 -10  6  1  0  5 -1 
-1 -2 -2  0 -1  0 -2 -2 -3 
   -4  1  0  0 -1  0 -1  0 
       0 -1  0  2 -1  0    
          0  1  1  0       

--- Sample #1056 | True: -6.0634613037109375 | Pred: -5.610984802246094 ---
          0  3  6  3       
       6  1  2  5  4  4    
   -1  0  3  4  5  2  1  1 
 3  6  5 -12  3  0 -5  5  1 
-1  0 -1  1 -1 -1 -3  0  0 
   -2  0  0  0 -1  0  0  0 
      -1 -1  0 -1  0  0    
          0  1  0 -1       

--- Sample #1057 | True: -14.833654403686523 | Pred: -16.264019012451172 ---
          4 14 19 19       
      14 11  9 18  4 -2    
    1  7  6  3 -10 -9 -2  2 
 4  5  3 -2  2 -5 -3 -1  8 
 0  2  1  0  6  1 -7  0  1 
   -6 -2  0 -5  7  5 -6 -2 
      -1  4  2  2  5 -8    
         15  8 13 12       

--- Sample #1058 | True: -10.274616241455078 | Pred: -10.477581024169922 ---
         -15 -5  5 10       
      -11 -12 -5 -3 -6 12    
   -1 -6 -12 -8  0  8 11 10 
-9 -4 -4 -4 -5  2 -5  6 -3 
 2  1  2  8  0 -3  0  4 -8 
    0 -1 11 10  3  4  2  3 
       3  2  2  8  0  0    
          0 -5  6  5       

--- Sample #1059 | True: -15.109230041503906 | Pred: -11.137741088867188 ---
         -1 -4  8 10       
      -8 -7 -2 -3  0 -3    
   -8 -2 -6 -3 -11 -18 -12 -10 
-8 -6 -6 -3 -2 -6 -7 -7  3 
-1 -7 -6 -3 -2 -2  4 -5 -5 
   -8 -3 -5 -2 -3  2 -7 -12 
      -3 -3 -1 -6 -8 -12    
         -5 -8  4 -6       

--- Sample #1060 | True: -14.157501220703125 | Pred: -9.113542556762695 ---
         -6 -2 -2  6       
       0 -1  1  0 -2 -3    
   -5  0 -1 -3 -10 -9 -7 -2 
 0 -2 -2  0 -2 -4 -9 -9  0 
 0  0  0  0  0  7 -7 -3 -6 
   -6 -6  1 -2  1 -9 -11 -12 
      -10 -2  0  0 -11 -13    
         -12 -2  2  6       

--- Sample #1061 | True: -16.435192108154297 | Pred: -9.965129852294922 ---
         -9 -10  1  1       
      -7 -8 -6 -3  0  5    
   -7 -7 -10 -10 -9  4 -5 -7 
-7 -9 -6 -7 -10 -4 -6 -3 -1 
-7 -5 -1 -4 -10 -4 -15 -2 -3 
   -8 -1 -2 -3 -22 -17 -10 -9 
      -7 -2 -3 -7 -19 -3    
         -13 -5 -6  3       

--- Sample #1062 | True: -13.478269577026367 | Pred: -11.616645812988281 ---
          4  4  6  9       
       3  0  2  6  8  6    
   -4  2  1 -2  3 -5  3 -8 
 0 -7  0  0  1  5 -8 -7  0 
 7 -12 -1  0  0  2 -9 -1 -5 
   -7 -1 -4  0  5 -1 -2  0 
      -6 -4 -2 -1  1  0    
         -6  0 10 10       

--- Sample #1063 | True: -10.909038543701172 | Pred: -14.140876770019531 ---
          0  3  4 11       
      -5 -2 -2  1  5  6    
   -2  0  1 -1 -7  6  6  7 
 2 -3 -1  0  1 -5  6  5 16 
 7 -2 -3 -2  3  1 11  1 16 
    0  2  0 -1 -4  2  9  5 
       3  8  4  0  1  0    
          5  3  5  8       

--- Sample #1064 | True: -8.089422225952148 | Pred: -9.384927749633789 ---
          0  1  2  6       
       3 -2  0 -9  5  2    
    0  0  0  0 -5 -4  0 -1 
 5 -2 -2  0  1  8 13  4  7 
 1  0 -3  0  4  3  7 -2  3 
    0 -1  0  0  0 -3  2 -4 
       0  0 -2 -1 -4 -12    
          3  1  7  9       

--- Sample #1065 | True: -9.607114791870117 | Pred: -8.11749267578125 ---
         -4 -1  2  5       
       0  2  0 -18  2  0    
   -4  0  0  0 -1 -11  2 -19 
-4 -2 -1  0  1  2  2 -8  3 
 2 -1  0  0  1  1  0 -1 -1 
   -3 -2  0  0  0 -1  4  0 
      -2 -3  0 -2 -4 -10    
         -4 -1  3  2       

--- Sample #1066 | True: -7.350576400756836 | Pred: -7.89666748046875 ---
          1  2 -7  5       
       0  3  0 -22  5  4    
   -2  4  1  0 -2  2  2  6 
 3  0  2  3  2  1  4 -2  2 
 3  3  2  3  3  2  0 -2 -1 
   -2  0  2  0 -1  0  3  3 
      -1  0 -1  0  0 -1    
          0  1  4  7       

--- Sample #1067 | True: -5.712116241455078 | Pred: -7.658411026000977 ---
          3  6  7 11       
       3  0  1 -15  3  6    
    0  3  1  0 -3  0  0  0 
 2  0  1  2  2 -2  3 -7  1 
 0  0  1  1  2  2  6 -2  4 
    3  1  1  2  1  2  9 -5 
       1  0  2  5  5  2    
         -1  2  3  5       

--- Sample #1068 | True: -15.734807968139648 | Pred: -19.10198211669922 ---
          9 19 24 14       
      10  4  8  4  2  6    
    9  2  3  3  7  9  5  1 
 7  3  3  2  2  6  3 10 10 
11  2  0  2  2 -3 -9  3 -1 
    5  4  4  6 23 -5 -4 -1 
      15  9 12 22  2 -2    
         19  9 20 15       

--- Sample #1069 | True: -15.374807357788086 | Pred: -13.170848846435547 ---
          3  5 10  2       
      -4 -2 -3 -3  0 10    
    0  0 -1 -9 -2 -3 -4  0 
 9  0 -1 -7 -1 -7 -5 -9  0 
-5 -5 -1  0 -3  5 -5  3 -7 
   -4  0 -1 -4  0 -1 -7 -1 
      -5 -1 -1  0 -2  1    
         -8 -3  7  9       

--- Sample #1070 | True: -17.91538429260254 | Pred: -13.43275260925293 ---
          0  5  2  0       
      -4  1 -1 -6 -12 -11    
   -4  0 -2 -7 -14 -5 -7 -6 
 1 -2  0  0 -2 -11 -6 -3 -2 
 0 -1 -3  0 -3 -9 -8 -1 -5 
   -10 -3 -6 -3 -10 -13 -9 -6 
      -11 -1 -5 -5 -2 -5    
         -10 -2  4  3       

--- Sample #1071 | True: -16.500577926635742 | Pred: -14.1781005859375 ---
         -2  3  1  9       
       3 -4 -1 -12  3  8    
   -5 -2 -2 -2 -9 -5 -4  3 
 0  0  0 -2  1 -13 -5 -5  2 
 1  1 -2  0  3  2 -5  1  0 
   -4 -1  0 -2  0  5 -6 -3 
      -3  0 -5  0  0  2    
         -6 -3 -5  6       

--- Sample #1072 | True: -18.792116165161133 | Pred: -12.052885055541992 ---
         -5 -6  2 10       
      -6 -6 -4 -7 -1 -7    
   -9 -6 -6 -5  3 -5 -6 -5 
-3 -5 -3 -5 -8 -2 -6 -3 -1 
-7 -7 -6 -7 -8 -16 -3  0 -6 
   -7 -10 -7 -9 -9 -17 -13 -10 
      -10 -8 -4 -7 -17 -10    
         -9 -3  6  2       

--- Sample #1073 | True: -18.9859619140625 | Pred: -10.728416442871094 ---
         -6 -2  4 10       
      -9 -8 -4  5 -1  7    
   -18 -5 -9 -6  0 13  2 -1 
-10 -7 -6 -8 -3  8 -5 -5  0 
-15 -17 -14 -7 -11 -13 -3  0 13 
   -12 -8 -4 -14 -18 -13 -9  0 
      -16 -9 -3 -4 -14 -8    
         -21 -15 -5  0       

--- Sample #1074 | True: -16.499422073364258 | Pred: -14.711709976196289 ---
          0  0  9 11       
       1 -11  2  3 18 19    
    4 -11 -11 -6  2 20 23 16 
13 -4 -2 -3  0  0 -2 21  6 
 2 -3 -6 -13  0 -14 -11 -1 -8 
   -11 -9 -2  0 -11 -1  1  0 
      -5 -1  0 -5 -11 -4    
          3  3  4 13       

--- Sample #1075 | True: -18.166730880737305 | Pred: -14.875370025634766 ---
         -7  2 -9  0       
      -6 -5 -4 -11 -26 -19    
   -6  0 -2 -5 -13 -12 -13 -16 
 3 -3 -2 -2 -2 -13 -12 -12 -5 
 7  0  1 -3 -10 -9 -1  0  6 
   -2  2  1 -10 -2 -3  1  0 
      -1  1  6 -5 -14 -7    
         -1  3  0 17       

--- Sample #1076 | True: -13.320770263671875 | Pred: -17.03060531616211 ---
          5 10 12 18       
       5  4  0 -2 -4 16    
    4  2  1  2 -7 -7 -2  3 
 3  4  3 -1  4 -4  9 -1  5 
 8  5  2  0 12 -8  2 -2  4 
    1 -3  0  6 -6  4  1  8 
       2 -2  1 -20 -19 -1    
         -3  0  2  6       

--- Sample #1077 | True: -13.237884521484375 | Pred: -7.894964218139648 ---
         -11  0 -7  6       
      -7 -2 -4 -21 -21  3    
   -13 -4 -4 -6 -13 -2 -12  0 
-2 -4 -4 -6 -5 -23  0 -5  1 
 3 -4 -5 -8 -14 -10  3 -3  0 
   -6 -8 -5 -6 -12 -4 -3  2 
      -8 -6 -2 -11 -15 -12    
         -8 -3  3 -2       

--- Sample #1078 | True: -10.665960311889648 | Pred: -10.872306823730469 ---
          1  7  5 12       
       1  1  2  1  4  8    
   -6 -2  0 -3 -3  4  1  3 
-6 -1  0 -4  2  1  3 -6 -3 
 2  0  0 -4  0  4 -2  0 -7 
   -11 -6 -6 -7  7 -2  1  5 
      -8 -4 -5 -17 11  8    
         -1  0  0  7       

--- Sample #1079 | True: -2.792499542236328 | Pred: -3.7495956420898438 ---
          0 -1  0  1       
       3  1 -2  1  3  0    
    0  2  1  0 -1  0  2  0 
 1  0  0  0  0 -1  0  1  0 
 0  1 -1  0  0  0 -1 -2 -2 
    2  0  2  0 -1 -4  0  0 
       1  0  0  0  0  2    
         -2  0  4  0       

--- Sample #1080 | True: -2.7384605407714844 | Pred: -3.6718177795410156 ---
          0  1  0  4       
       0  0 -1  0 -2  0    
    0  0  0 -2 -2  0  0 -1 
 3  0  0  0  0  0  0  2  0 
 3  2  0  0 -1  1  0 -2 -2 
    0  0  2  0  1 -2 -5  2 
       1  2  0  2  0  2    
          0  1  0  1       

--- Sample #1081 | True: -2.2009620666503906 | Pred: -3.8976478576660156 ---
         -2  2  5  3       
       0  1  0  0  2  2    
    0  0  0  0  0  2  1 -1 
 4  1  0  1  0  0  1 -1  2 
 2  1  0  0  1  1  0 -2  0 
    0  0  2  1  0 -2 -1  1 
       1  0  1  1  1  0    
          5  0  1  0       

--- Sample #1082 | True: -2.7828826904296875 | Pred: -3.317953109741211 ---
          0  0 -4  0       
      -1  1 -2  0  0 -4    
   -2  0  1  0 -1 -2  0 -1 
 2  0  0  0  0 -1  1  5  1 
 0  1  2  0 -1  0  0 -2  0 
    4  2  1  0  0 -1  1  0 
       1  0 -1 -1  1  0    
          2  0  1  0       

--- Sample #1083 | True: -4.83134651184082 | Pred: -4.224996566772461 ---
         -4 -5  1  2       
       0  0 -1  0  0  1    
   -5 -3  0  0 -1  0  0  0 
-4 -3  0 -4 -4  0  0  2  0 
-1  0  0  0  0  0  0 -2  3 
    1  0  0  0 -1  0 -2 -2 
       0 -1 -1  0 -2 -1    
          0  0 -1 -4       

--- Sample #1084 | True: -3.463653564453125 | Pred: -5.620977401733398 ---
          0  1  2  5       
       0  0  0  2  2  0    
    0  1  4  1  0  0  1  1 
-5  3  4  2  1  0  1  0  0 
 5  4  1  1  0  1  6 -2  1 
    4  1  1  1 -3  1  2  1 
       1 -1  2  0  1 -1    
          4  3  2  1       

--- Sample #1085 | True: -3.9125003814697266 | Pred: -4.674196243286133 ---
          1  2  0  1       
       1  1  0  2  1  1    
    0  2  1  0 -1  1  0  0 
-4  0  0  0  0  0  0  3  0 
 5  1  0 -2  0 -1  0 -2 -3 
    0  0 -1  0 -2  0  2 -3 
       0 -1  0 -2  0 -1    
          0  0  0 -3       

--- Sample #1086 | True: -3.800769805908203 | Pred: -4.943696975708008 ---
          0 -1  2  1       
       0  0 -2  0  2  0    
   -2  0  0  0  1  1  0  0 
 0 -1  0 -1 -2  0  1  0  1 
 4  3  1  0  0  0  1 -2  0 
    2  1  0  0 -1  1  0  0 
       1  0  1  0  1 -1    
          1  1  3  1       

--- Sample #1087 | True: -26.987884521484375 | Pred: -20.96228790283203 ---
         -5 -8 -2 -4       
      -5 -7 -8  5 -10 -3    
   -3 -3 -5 -4  4  0 -4 -8 
-3 -3 -5 -2  0 -11 -1 -1 -5 
-1 -3 -4 -5 -10 -13 -13 -1 -15 
   -2 -4 -5 -4 -4 -6  6 -15 
      -1 10 16 17  0  3    
         -8 -11 -11 -12       

--- Sample #1088 | True: -28.534423828125 | Pred: -25.07532501220703 ---
         -1 -1  3 -3       
      -1 -1 -2 -3 -2 -7    
    0  0 -2 -3 -4 -7 -8 -11 
-2 -1 -1  1  2 -10 -5 -4 -11 
 0 -2  3 -1  2  4  6 -4 -9 
    0 -2 -2  4 10  7 -3  0 
      -3 -1 -7  0  6 -5    
         -2 -1 -6 -8       

--- Sample #1089 | True: -31.70846176147461 | Pred: -26.282451629638672 ---
         -2 -2 -1  0       
      -3 -5 -4 -3 -4 -2    
   -3 -5 -6 -6 -6 -7 -3 -5 
-1 -4 -5 -5 -8 -10 -6 -2 -4 
-2 -4 -7 -9 -7 -8 -6 -2 -3 
   -6 -7 -7 -6 -5 -7 -5 -3 
      -4 -6 -3 -4 -6 -5    
         -2 -1 -3 -3       

--- Sample #1090 | True: -30.469806671142578 | Pred: -27.6124210357666 ---
          1  0  1  1       
      -1 -3 -2 -1 -1  0    
   -1  2 -3 -3 -4 -5 -1 -2 
 0 -1 -2 -3 -4 -3 -4  0 -3 
 0 -1 -1 -4 -7 -6 -3 -1  6 
   -1  5 15 -1 -2 -2 -2 -1 
      -1  5  0  0 -2 -2    
          1  0  0  0       

--- Sample #1091 | True: -7.177885055541992 | Pred: -7.062532424926758 ---
          2  0 -2  0       
       3 -15  0  0  0  2    
    7  0 -1  1  0 -5  0  6 
 4  4  3  0  2  0  0 -5 -22 
 4  1  0  0  0  1  0 -2 -21 
    0  0 -1  0  0 -2  0  0 
       0 -2 -1  0 -2 -2    
          1  4  0  2       

--- Sample #1092 | True: -6.337114334106445 | Pred: -7.505598068237305 ---
         -3  3  3 -1       
       1 -1  1  0 -2 -1    
   -1  2  0  1  2  0 -1  0 
 4  0  0  1  3  2  0 -12 -1 
 4  2  0  1  3  3  4 -2 -7 
   -3  0  1  1  2  4 -7  0 
       1  0  1  2  0  2    
          2  3  2  1       

--- Sample #1093 | True: -17.73980712890625 | Pred: -17.127248764038086 ---
         -6 -7  3 -3       
      -5 -8 -6  5  5  4    
    0 -3 -6 -6  7  4  4  9 
-1 -2 -4 -8  1  5  6 10  4 
 3  1 -2 -4 -1  3  0 12  0 
    1 -4 -6 -8  4  2  3  3 
       0 -4 -1  2  2  4    
         -1  8  8  7       

--- Sample #1094 | True: -17.275192260742188 | Pred: -20.103477478027344 ---
          0 -3  4  7       
       1 -1 -2  5  6  3    
    4  2 -1 -1  3  3  5  1 
 2  1 -2 -5 22  5  4  5  5 
 3  2  1  0  5  3  0  8  0 
    1  7 11 -2  4  3  0  5 
       3  0 -6  1  2  1    
         -1 -4  2  1       

--- Sample #1095 | True: -14.882116317749023 | Pred: -10.425054550170898 ---
          6  6 18  3       
       3  0  2 -3 -2  0    
   -2  0 -3 -4 -11 -6  0 -3 
-5  0 -1 -4  0 18 -3 -8 -4 
-1 -2 -8 -7 -1  2 -4 -1 -3 
   -8 -6 -7 -7 -4 10 -3  0 
      -5 -8 -3 -6 -1 -4    
         -9 -3 -7  0       

--- Sample #1096 | True: -15.349615097045898 | Pred: -11.11911392211914 ---
          2  3  2  0       
       2  0  1 -7 -4 -1    
    0  0 -5 -4 -11 -7 -2 -4 
-1 -1 -1  0  2 15 -4 -7 -3 
-3 -4 -6 -3 -3 -9 -5 -1  0 
   -4 -6 -7 -5 -7  3 -3  3 
      -4 -4 -2 -6  0 -2    
         -2  2  1  3       

--- Sample #1097 | True: -3.862884521484375 | Pred: -3.833829879760742 ---
          0 -2 -2 -1       
      -2 -1 -3 -1 -3 -2    
    0  0 -1 -2 -2 -3  0  0 
 0  1  1  0 -1 -2 -1  0 -1 
 1  2  1  0  0  0  0 13 -12 
    1 -1  1  0  0  0 -2  0 
       1  1  0  2  0  1    
         -2  0  2  1       

--- Sample #1098 | True: -2.0026931762695312 | Pred: -5.247344970703125 ---
          2  4  5 11       
       1  3  4  2  3  4    
    2  2  3  2  1  2  1  2 
 3  0  2  1  1  0  3  7  2 
 4  2  2  1  4  2  2 -13  0 
   -1  0  2  1  1  2  1  0 
      -1  0  2  0  1  1    
          0  0  1  0       

--- Sample #1099 | True: -2.9642295837402344 | Pred: -2.783649444580078 ---
         -1  0 -1  1       
       1  0  0  0 -1  0    
   -4  1  0  0 -2 -2 -1  0 
-1  0  0  0  0  0  3  0  0 
 0  0  0  0  0  0 -1  1 -2 
    0  1  0  3  1  0 -1 -2 
       0  0 -1  0 -2 -1    
          0 -1 -1 -4       

--- Sample #1100 | True: -4.703075408935547 | Pred: -4.783653259277344 ---
         -1  2  2  0       
       0  0 -1  0  0 -1    
    0  0  0  0 -2 -2  0 -2 
 0  1  1  0  0  0  0  0  2 
-1  1  1 -1  0  0  0  0 -23 
   -1  0  0 -1  0  1  2  1 
       1  0  2  0  0  1    
         -2  2  0  1       

--- Sample #1101 | True: -3.7607688903808594 | Pred: -4.573616027832031 ---
          1  4  3  4       
       2  3  1  1  3  2    
    0  2  4  2  1  0  0  0 
 2  1  1  2  1  0  0  5  5 
-3  0  1  0  1  0  1 -2 -17 
   -2  0  2  0  0  1  0  2 
      -3 -1  1  1 -1 -2    
          0  0  0 -3       

--- Sample #1102 | True: -2.8744239807128906 | Pred: -2.7665023803710938 ---
         -1  1  3  0       
       0 -2  0  1  0 -1    
   -3  1  1  1  0 -2 -1  0 
 3 -1  2  1  2  0 -1  3  1 
 0  0  5  0  0 -1 -1  0  3 
   -2  0  1  0  0  0  0 -1 
      -3 -1  2  0  0  3    
          4  1  0 -1       

--- Sample #1103 | True: -3.7307701110839844 | Pred: -5.997474670410156 ---
          5  5  6  8       
       2  1  1  3  2  3    
    0  1  2  2  0  0  3  5 
 6  2  3  1  0  1  3  1  1 
 5  3  3  2  0  0  0 -3  0 
    0  4  2  0  0  0 -1  1 
       2  2  0  0  0  1    
          2 -2  0  3       

--- Sample #1104 | True: -3.0573062896728516 | Pred: -4.455940246582031 ---
          2  1  3  3       
      -1  0  0  0 -2 -1    
    0  3  2  1 -3  0 -1  0 
 0  0  0  0  0  0  1 -4 -1 
 0  1  0 -2  0  0  1 -2  1 
    1  0  0  1  0  0  4  2 
       2  1  6  3  2  1    
          1  1  2  2       

--- Sample #1105 | True: -6.118461608886719 | Pred: -5.0386810302734375 ---
          0  0  0  1       
       0  0 -1 -2 -4 -3    
    0  0 -2 -4 -4 -4 -3 -3 
 0  1  0 -2 -2 -3 -2 -2 -2 
 0  1 -1 -1 -3 -4 -2 -2  0 
    1  0  0 -1 -2 -2  0 -1 
       0  0  0 -2  0  0    
         -2  0 -3  2       

--- Sample #1106 | True: -4.863077163696289 | Pred: -6.356718063354492 ---
          1  1  0  4       
       1  1  0  0 -1 -3    
    2  1  0 -1  0  0  0  7 
 7  3  1  1  0  3  0  4  3 
 0  4  0  0  0  1  1 -2  3 
   -1  0 -1 -1  1  0  2  3 
       0 -1  0  0  2  3    
          2  2  3  1       

--- Sample #1107 | True: -5.604999542236328 | Pred: -5.453041076660156 ---
         -3 -5  2  1       
      -2  0 -4  1  1  4    
    0  1  0  1  0  1  0  0 
 0  0  2  1  1  2  1  0  2 
-1 -11  0  0  0  2  8  0 -14 
   -8 -3 -4  1 -1  1  3 -10 
      -3  0  3 -2 -3  4    
          0 -15  0 -1       

--- Sample #1108 | True: -4.492115020751953 | Pred: -6.142353057861328 ---
          4  0  5  0       
       6  2  0  1  1  6    
    4  3  0  0  0  0  1  4 
 5  2  5  1  0  2  0  0  3 
-3 -2  0  0  2  1  0  0 -8 
   -2 -2 -3  2  0  1  0 -2 
       0  2  5  4  0  3    
          0  1  0 -2       

--- Sample #1109 | True: -6.132884979248047 | Pred: -5.387201309204102 ---
         -4  0  2  3       
      -2 -7 -6  0  0  2    
   -4  2 -2 -1  0  0 -4  0 
-2  0  2  1  1  1  2  1  0 
 3 -2 -3  0  0  2  1  0 -12 
   -4 -2 -1  1  1  0  1 -16 
       2  0  1  0  0  1    
         -1 -2 -20 -17       

--- Sample #1110 | True: -5.892307281494141 | Pred: -6.428092956542969 ---
          6  2  3  2       
       5  1  2  5  3  3    
    1  4  3  0  1  1  1  3 
 4  3  3  2  0  1  0 -9 -6 
-1 -1  1  0  0 -4 -4  0 -17 
   -11 -14 -2  0  2  1  0 -12 
       0  0  1  2  1  0    
          4  0  6  0       

--- Sample #1111 | True: -5.761346817016602 | Pred: -7.7585296630859375 ---
         -4 -7 -1  4       
       0 -1  0  1  1  2    
   -5  0  0  0  1  1  1  5 
-3 -1  1  2  0  0  6  7  0 
 4  0  2  2  0  5  5  0 16 
    4  1  1  3  4  6  8 -1 
       5  6  3  2  0  2    
         -8  5  2 -8       

--- Sample #1112 | True: -13.77365493774414 | Pred: -16.439599990844727 ---
         -5  0  5 -1       
      -1 -1 -3  4  6 -14    
    0  2 -1  1  4  1  6 -5 
-3  0  0  1  5  5  8 -1 -12 
-15 -13  0  2  1  9  8  0  2 
   -12 -13  1  7 13  8  4 -5 
      -11 -13 -4 -3  4 -3    
         -10 -13 -14 -6       

--- Sample #1113 | True: -9.831924438476562 | Pred: -9.615243911743164 ---
          0  3  1  0       
       2  0  0  2  1 -18    
    3  0  0  1  2  3 -3 -7 
 4  1  1  0  1 -5 -6 -16  6 
20 13  4 -1 -4 -10 -5  5  0 
    9 -1  7  2 -6  0  3  2 
      -8 -11 -1 -6 -12  5    
         -8 -1 -8  0       

--- Sample #1114 | True: -9.664999008178711 | Pred: -8.834522247314453 ---
         -4  4  0  9       
      -1 -3 -2  0  2  2    
   -3 -4  0 -1  0  4  4  3 
 0 -5 -5 -1 -1 -14  0 -14  4 
 6  3  0 -2 -2 -12 -17  8 -9 
   -15 -5  2  0 -10  1 -4 -12 
      -13 -17 -7 -10 -9 -3    
         -13 -6 -7  0       

--- Sample #1115 | True: -12.172115325927734 | Pred: -9.476003646850586 ---
         -11 -5 -2 -7       
      -4 -5 -5 -4 -3 -24    
   -2 -2 -2 -3 -5 -3 -7 -5 
-8 -6 -2 -6 -3 -3  0  0 -9 
 1  2  0 -5 -9 -6 -6  1 -8 
   -4  0  4  0 -4  0 -8 -3 
      -7 -10  3 -9 -10 -6    
          0 -10 -10 -5       

--- Sample #1116 | True: -10.490768432617188 | Pred: -10.537172317504883 ---
          0  5  7  4       
      -4 -1  3  3  0 -6    
   -2  0 -1  0  1  3  3  2 
 0 -2  0 -1  0 -1  2  2 -8 
 5  3  2 -2 -1 -5 -17  0 -7 
   -15 -9  4  2 -3  0 -8 -16 
      -11  0  5  1 -4 -3    
         -12 -6 -9  0       

--- Sample #1117 | True: -6.540767669677734 | Pred: -4.6091766357421875 ---
         -2 -3  0  0       
      -5 -4 -3 -3 -2  2    
   -9 -2 -2 -5 -5 -3  0 -1 
-8  0 -1 -3 -2 -4 -3  0  0 
-3 -1 -2 -1 -2 -1 -3 -3 -1 
   -2  0  0 -1 -2 -2 -2 -1 
      -2  0 -1  0  0  0    
         -4 -1  0  0       

--- Sample #1118 | True: -3.576923370361328 | Pred: -6.043285369873047 ---
          5  5  6  5       
       3  3  3  3  3  4    
    0  6  3  0  2  1  1  0 
-1  4  5  1  0  2  2 12  0 
 1  0  2  1  2  1  5 -2  1 
    1  3  2  0  1  0  1  0 
       2  1  2  0  2  2    
          6  3  6  2       

--- Sample #1119 | True: -8.191537857055664 | Pred: -5.662240982055664 ---
         -2 -2  0 -6       
      -3  0 -1 -5 -4 -2    
   -10  0  0  0 -4 -3 -14 -9 
-6 -3 -2  0  0 -3 -1  4 -1 
-3 -3 -3 -2 -1 -1  0 -1  5 
   -3 -2 -1  0 -2  0 -3  0 
      -2 -2  0 -1 -4 -3    
          0  0  0 -5       

--- Sample #1120 | True: -6.666347503662109 | Pred: -7.805919647216797 ---
         -4  5  6  3       
       1  1  1  3  4  4    
    1  0  0  0  3  2  0  3 
 3  0  2  0  0  2  0  0 -7 
 6  4  2  1  2  2  2 -2 -1 
    3  2  2  1  0  0  1  3 
       1  0  1  2  1  0    
          0  1  3  4       

--- Sample #1121 | True: -7.174999237060547 | Pred: -4.61619758605957 ---
         -3  0  0  0       
      -4  1  0  1  1 -1    
   -6 -2  0 -5 -11  0 -1 -4 
 0 -4 -2 -3 -7 -4 -17 -5 -3 
-5 -1 -3 -4 -3 -4 -2 -1 -2 
   -3  0 -2 -3 -2 -2 -2 -2 
      -5 -4 -2 -3 -2 -1    
         -3 -4 -2  0       

--- Sample #1122 | True: -5.433269500732422 | Pred: -5.135490417480469 ---
         -2  0  0  5       
      -1 -3 -3  0  0 -1    
   -8 -3 -4 -1  8  1  0  0 
 0 -6 -4 -4 -8  1 -12  9  0 
 3 -1 -3  0 -2 -3 -1  0 -1 
    1 -2 -1  0  0 -1  0  0 
      -6 -2 -1 -2 -1  0    
          0  1  2  2       

--- Sample #1123 | True: -4.1540374755859375 | Pred: -3.7017078399658203 ---
          0  0  0 -2       
       1  0 -1 -1  0  1    
   -1  0  0  0 -1  0  0  0 
-5  0  0 -1 -4 -2  0  2 -2 
-2  0  0 -1 -3 -2  0 -2  0 
   -2  0 -1  0 -1 -1  0 -1 
       0  0  1 -2 -2 -1    
          2  3 -11  1       

--- Sample #1124 | True: -4.980960845947266 | Pred: -4.960227966308594 ---
          2  0 -5 -2       
       1  3  1  0 -2  0    
   -1  0  1 -1 -3 -3  0 -3 
-4  0 -1  0 -1 -1  0 -2 -3 
-16  1  1  0 -3  0  0  0 -2 
    1  2  1 -2  0  0  3  1 
       3  0  1  1  2  3    
          5  3  1  2       

--- Sample #1125 | True: -0.98345947265625 | Pred: -2.905681610107422 ---
          3  2  1 -2       
       2  2  0  0  0 -1    
    1  1  1  0  0  3  3  0 
 0  0  1  2  0  1  1  0  0 
 1  2  4  2  0  1  1 -2  0 
    1  0  0  1  2  2  0  2 
       0  1  2  4  0  0    
          0  1  2  1       

--- Sample #1126 | True: -1.1503868103027344 | Pred: -2.3457183837890625 ---
          1  0  0 -1       
      -2  0  0  0  1  0    
    0  0  1  1  0  0  1  0 
 0  1  0  1  1  1  1  4  5 
 1  0  0  1  3  1  2 -2  0 
   -1  1  0  0  2  2  0  1 
       0 -2 -1  0  0  0    
          0  1  0  2       

--- Sample #1127 | True: -1.0074996948242188 | Pred: -3.494556427001953 ---
          2  2  0  1       
       3  3  2  3  2  0    
    0  0  1  2  0  0  1  1 
 0  2  1  0  2  1  1  4  1 
 4  1  2  0  2  0  1 -4  1 
    0  1  1  2  0  3  5  1 
       3  0 -1  2  4  1    
          3  3  5  3       

--- Sample #1128 | True: -1.6444244384765625 | Pred: -2.3180465698242188 ---
          0  0  1  0       
       1  0 -1  0 -3  0    
   -1  0  2  0  0 -2  0 -2 
 3  2  0  2  5  0  1  0 -1 
 1  0  0  2  0 -1  0  3 -2 
    1  0  0  0 -1  0  0 -1 
       1  1  0 -1 -1  0    
          2  0  1 -1       

--- Sample #1129 | True: -4.198846817016602 | Pred: -5.897665023803711 ---
          4  3  1  2       
       2  2  1  1  0  2    
    1  2 -2  0  0 -1  0  2 
 2  0  0  0  0  1 -2  1  2 
 1  0  0  1  1  1  0  1  1 
    2  2  1  1  0  0  1  3 
       0  1  1  0  1  3    
          0  0  1  0       

--- Sample #1130 | True: -27.229230880737305 | Pred: -26.544235229492188 ---
         -2 -3  5  0       
      -3 -4 -2  3  3  6    
   -2 -1 -3 13 10 13  7  5 
-2 -2 -2 -3  3 -6  7  9  5 
 0 -1 -2 -3 -9 -8 -7  1  2 
   -1 -1 -2 -3 -3 -3 -4 -1 
       0 -1  0  0 -2 -4    
          0  0  0 -1       

--- Sample #1131 | True: -2.371540069580078 | Pred: -3.544506072998047 ---
         -2  3  0  1       
      -1 -2  0  0  1 -1    
   -1  0  1 -1  1  0  0 -1 
 0 -1  0  2  2  1  1  0 -1 
 2  1  1  0  0  0  0 -4 -1 
    0  1  0  0  1 -2  0 -1 
       1  0  2  1  0  0    
          2  1  2  1       

--- Sample #1132 | True: -3.7205772399902344 | Pred: -3.8411922454833984 ---
         -4  0 -2 -1       
      -1  0 -2 -2 -1 -2    
    0  0  0 -1  0  0  0 -2 
 3  0  0  0  0 -3  0  1 -3 
 0  0  0 -1 -2  0  0 -2 -1 
   -2 -1 -1  0  0 -2 -1 -1 
       0  0  0  0 -1  0    
          1  0  0  0       

--- Sample #1133 | True: -4.151538848876953 | Pred: -4.740259170532227 ---
          0  2  0  0       
      -1 -4  0  0 -1 -1    
    1  0  0  0 -2 -2 -1  0 
 2  0  0  1  1  0  0  2 -3 
 3  1  0  0  0  0  0  1  0 
    1  0  0  0  0 -1  0  0 
      -1  0  0  1  0  0    
          2  0  1  1       

--- Sample #1134 | True: -15.921154022216797 | Pred: -16.94902801513672 ---
         -7  1 -3 10       
      -8 -4 -2 -6  6  5    
   -6 -5 -2 -12  1  1  5 -2 
 5 10  6  6  6  8  8  0 -4 
 3 -3  6  6  3  0  5  0  0 
   -5 -2 10  7  1  3 -1  1 
       6 10  4  4  2 -3    
          3  2 -16  9       

--- Sample #1135 | True: -22.79538345336914 | Pred: -13.067970275878906 ---
         -6 -9 -10 -14       
      -8 -11 -12 -7  0  2    
   -8 -1 -5  0 -11  1  0 -6 
-8 -1 -7 -12 -12 -18 -9  0 -2 
-4 -8 -13 -16  1 -23 -3  0 -4 
   -8 -12 -4 -18 -5 -4 -12 -4 
      -14 -15 -11 -6 -10 -8    
         -13 -7 -11 -6       

--- Sample #1136 | True: -20.09538459777832 | Pred: -19.66787338256836 ---
         -3  7  1 -1       
      12  9  0  6 13  1    
   -6  7  4  4  5  6 10 -2 
-7 -3  9 10  2 -2 -10  0 -2 
-1 -4 -4  3 -7 -10 16  1  2 
   -3 -4  6  3  0  7  3 -2 
      12  6  4  0  0 -5    
          1  3 -10 -11       

--- Sample #1137 | True: -2.286731719970703 | Pred: -2.378559112548828 ---
          3  2  0  2       
       0  2  0  1  0 -1    
    0  1  0 -1 -1 -1 -1  0 
 2  0  0 -1 -1 -1 -1 -1  0 
 0  0 -2 -2 -3 -2 -2 -2 -3 
    0  0 -1 -1 -1 -1 -2  0 
       3  0  0  0 -2 -2    
          0  2  1  0       

--- Sample #1138 | True: -2.0298080444335938 | Pred: -3.123912811279297 ---
         -1  0  2  1       
       0  1  1  0 -1 -1    
    0  1  1  0  0  0  0  2 
-3  0  0  0  1  0  2  1  3 
-3  0  1  0  0  0  2 -2  1 
   -2  1  0  0  1  1  1  2 
       1  0  0  0  0  0    
          0  1  2  2       

--- Sample #1139 | True: -0.7026939392089844 | Pred: -3.5006141662597656 ---
          2  4  3  1       
       4  3  1  1  0  2    
    3  2  1  0  1 -1  6  2 
 3  2  2  1  0  2  1  6  2 
 4  0  0  1  1  2  2  1  1 
    2  2  1  1  0  1  2  2 
       4  1  0  0  1  1    
          1  1  3  4       

--- Sample #1140 | True: -2.2913475036621094 | Pred: -2.61175537109375 ---
          1  0  1  2       
      -1  0  0  1  0  0    
   -2  0  0  0 -1 -1  0 -2 
 0  0 -5 -1  0  0 -1  0  0 
 0  0 -2 -1  0  0 -1 -3  0 
    0 -1 -1  0 -2 -1  0 -1 
       0  0  1  1 -1  0    
         -4  0  1  0       

--- Sample #1141 | True: -1.7603836059570312 | Pred: -2.774608612060547 ---
          0  1  0  1       
       0  1  2  2  0  0    
    1  3  0  0  0 -1  2  2 
 1  3  0  0  0  1  1  3  1 
 1  2  0  0  0  0  0 -2 -1 
    1  0  0  0  0  0  2  0 
       1  1  2  0  0  2    
          0  3  1  3       

--- Sample #1142 | True: -3.687307357788086 | Pred: -3.1685428619384766 ---
         -5  0  0 -1       
       0 -1  0  0 -2 -1    
   -3 -4  0 -2 -3 -3  0  0 
-1 -1 -2  0  0  0  0 -2  0 
 0 -1 -1  0 -1  0  0 -2 -3 
   -1  0 -2 -1  0  0  0  0 
      -2 -2  0  1 -1  0    
         -4  0  1  0       

--- Sample #1143 | True: -3.802114486694336 | Pred: -4.855184555053711 ---
          0  1  1  1       
       3  2  3  0  0  1    
    4  2  2  0  0 -1  1 -1 
 1 -1  1  0  0 -1  1  3  1 
-9  0  0  1  2  1  1 -2  0 
    0  0 -1  0  0  1  3  0 
       5 -2  0 -1 -1  0    
          0  1 -1  2       

--- Sample #1144 | True: -4.856538772583008 | Pred: -5.374414443969727 ---
          0  3  3  2       
      -3  0  1  3  0 -1    
    0  0 -3 -1 -2  0  2  2 
-6 -4 -4 -4  0  0  1  0  3 
-4 -5  0 -2  1  1  1 -2  0 
    3  0  0  0  0  2  2  0 
      -7 -5  0  2  0  3    
          2  4  3  0       

--- Sample #1145 | True: -9.828460693359375 | Pred: -7.493808746337891 ---
          1 -4 -2  0       
       0  0 -3 -3 -3  0    
    6 -1 -1 -4 -23 -2  0  0 
-5 -1 -1 -3 -3 -6 -6  0 -2 
-13 -19 -3 -4 -5 -4 -4 -2  0 
   -7 -5 -4 -4 -10 -1  0 -1 
      -2 -3 -2 -7 -2  1    
         -1 -3  0 -7       

--- Sample #1146 | True: -10.517885208129883 | Pred: -11.078409194946289 ---
          0 -1  3  0       
      -6  1  1 -1  0  1    
   -3  1  3  7 -6  5  0  1 
-1  0  1  1 -2 -3 -5  4  0 
-1 -15 -3 -6 -1  2 -5  1  1 
   -2 -9 -4 -7 -3  0  0 -3 
      -3 -17 -4 -1  0  2    
          0 -5  1  1       

--- Sample #1147 | True: -9.709037780761719 | Pred: -12.633546829223633 ---
          3  4  6  2       
       5  5  4  3  2  2    
    3  4  4  8 -8  3 -2  0 
 6  7  9  7  2  4 -4  4  1 
-9 -13 -7  3  6  3 -1 -6  0 
   -6 -8  4  5  4  4  3  3 
      -2  0  1  1  2  3    
          0  0  0  0       

--- Sample #1148 | True: -14.773269653320312 | Pred: -12.858444213867188 ---
          2  0  5  3       
       1  2  4  5  3  0    
    3  4  3  6 -9 -1  3 -2 
-8  3  0 -14  0 -1 -4  1 -2 
-7 -10 -16 -17  0  0 -4 -2 -1 
   -14 -20 -21 -15 -11 -27  0  0 
      -5 -25 -26 -8 -1  0    
          1  0  1  0       

--- Sample #1149 | True: -15.436922073364258 | Pred: -15.355575561523438 ---
          4  2  5 10       
       1  3  4  7  3  1    
   -4  4  5 -2 -11  6  5  0 
-7 -1  6 -9 -3 -2 -5  8  3 
 1  3  3  1 12 12  2 -3  6 
    1  0  1 -3 -9 -10  6  7 
      16 -8 -5  0  8  3    
          4  4  5  6       

--- Sample #1150 | True: -16.73230743408203 | Pred: -14.566272735595703 ---
          0  1  2  0       
      -11  3  3  3 -4  3    
   -13 -6  4  5 -13  2  2 -2 
-7 -12  2 -9  3 -7 -7  4 -4 
 1  3  7  5 15  9  0 -12  1 
    2  0  3  1  0 -7  2  3 
      11  5 -3  5  5  2    
         -5  4 -1  2       

--- Sample #1151 | True: -14.674421310424805 | Pred: -17.262374877929688 ---
          6  4  7  9       
       4  4  5  7 -3  5    
    8  7 10  7 -13  6  3  0 
-3  8 14  8  0 -4 -4  8  0 
 2  3  5  3 11  8 -3 -7  3 
    1  0  1  6 -2 -5  0  2 
      15  8  0  8  0 -1    
          9 -2  2 -3       

--- Sample #1152 | True: -17.20692253112793 | Pred: -15.673120498657227 ---
          0 -2 -2  4       
      -2  0 -2 -2  0 -1    
   -14  3  3  1 -14  5  2 -1 
-7 -6  5  1 -2  0 -4  7 -3 
 1  2  7  4 14 11  3 -10  0 
    0 -2  2 -1  0 -6  6  1 
       6 -10 -10 -5  3  5    
         -1  0  0 -5       

--- Sample #1153 | True: -23.788846969604492 | Pred: -26.153303146362305 ---
         -4 -4 -1  0       
      -4 -5 -4  6  4 -5    
    2 -3 14  0  8 16  7 -3 
-1  9 -2 13  5 -11 -10 16 10 
 0  0  6  8  5  6  0 -3 12 
   -2 10 17  7 -3 13 12  9 
      -4  3 -3 -5  0  6    
         -6  2 -8 -7       

--- Sample #1154 | True: -24.24634552001953 | Pred: -20.182186126708984 ---
          3 -6 -3 -2       
       0  7 -6 -4 -5 -6    
    0 -5  5  1 -10 -2 -10 -15 
19  1 10 -3 -4 -5 -4 -2  7 
-3 -6 -6  1  1  9  7 -3 -3 
   -6 -9 -8 -4  4  8 -3 -7 
       3 -10 -6 -6 -16 -12    
         -6 -8 -14 -13       

--- Sample #1155 | True: -22.611923217773438 | Pred: -21.39185905456543 ---
         -4  4 -1  0       
       3  1  5 -2 -3  1    
   -4 -1  2 11 11 -5 -3  3 
 0  3  1  2  2 -6 -1 -4  7 
12 29 11 11 -8 -14 -6 -2  7 
    8  6  9 -2 -4 -12 10  0 
       8  8 -3 -6 -4 -3    
          6 -2 -3  1       

--- Sample #1156 | True: -20.96884536743164 | Pred: -19.269773483276367 ---
          3 -1 -5 -5       
       4  1  1 -5 -5 -12    
   -10 -6 -7 -4 -9 -2 -11  0 
-10  3 -3 -3  0 -9 -9 -3  8 
-11 -11 -21 -8 -10  2 19 -3  6 
   -17 -5 -7 -17 15 18 12  1 
      -16 -4 -11 19 19  9    
         -5 -3 -5 21       

--- Sample #1157 | True: -27.46346092224121 | Pred: -18.370187759399414 ---
         -9 -9 -5 -3       
      -2 -13 -6 -8 -7 -2    
   -1 -5 -2 -10 -7 -8 -4 -7 
-3  3 -4 -4 -1 -11 -1 -3  2 
 0 -2 -4  1 -9 -16 -17 -4  2 
   -2 -7  6 -5 -13 -18 -2  2 
      -7 -10 -10 -15 -18 -8    
         -8 -5 -12 -14       

--- Sample #1158 | True: -10.951923370361328 | Pred: -8.926605224609375 ---
          4 -2  0  0       
      -4 -2 -3 -1  0 -6    
   -6  4 -1  0 -2  0 -6  2 
-8 -11 -8 -3 -3 -3  0 -7  1 
-10  4  8  3  0  0  0 -2  3 
   -16 -4  4  1  0  3  0  1 
      -1 -4 -12  1  5 -1    
         -11  6  0  5       

--- Sample #1159 | True: -9.574037551879883 | Pred: -11.458782196044922 ---
          4 11 -5 10       
       0  5  4  1  2  7    
   -3  4  2  2  1  2  4  5 
 8 -13  7  4  1  0  3 -2  8 
 8  6  5  5  0  1  1 -3  3 
    6  4  4  3  1  3  3  5 
      10  4 -8 -10  1 -1    
         -9  0 -5  1       

--- Sample #1160 | True: -11.747501373291016 | Pred: -9.033971786499023 ---
          0  1 -3 -4       
       0  0  0 -1 -4 -18    
   -11  2 -2  0  2  0 -13 -2 
-4 -14 -13 -3 -2 -3 -1  7  0 
 2 -2  3  4  0  0  1 -4 -1 
   -3  2  1 -1 -3 -1 -3  0 
       0  0 -3 -4  0 -11    
          0  1  0  0       

--- Sample #1161 | True: -10.058076858520508 | Pred: -11.321638107299805 ---
          7  2 12 11       
       2 -2  2  4  3  0    
    2  1  0 -1  0  5  3  5 
-8  5  3  8  3 -2  2 -12  5 
 0  0  2  6  3  4  5 -4  4 
    5  6  5  1  0 -2 -8  4 
      -4  0 -4 -2  2 -11    
         -7 -7 -5 -2       

--- Sample #1162 | True: -11.168846130371094 | Pred: -10.465694427490234 ---
          5  6  4  6       
       0  4  3  3  1  2    
    0  4  1  1  1  0  4 -8 
 0 -6  3  2 -15  1  4  2 -25 
 3  4  6  7  2  4  3 -2 -25 
    0  5  4  1  3 10  5 -15 
       1  0  3 -6  6  0    
         -15 -8 -16 -16       

--- Sample #1163 | True: -9.901922225952148 | Pred: -8.031024932861328 ---
          1 -2 -2  0       
      -1 -1 -5 -2 -6  0    
   -9  0 -4 -1 -5 -5  3  2 
-13  0 -2 -4 -1 -1  0 -8 10 
-5 -2  0 -1  0  0  0  3 14 
   -3 -2 -1 -3 -7 -5 -11  6 
      -2 -4 -2 -3  1  0    
          0  3  3 -1       

--- Sample #1164 | True: -2.2709617614746094 | Pred: -1.9307975769042969 ---
         -8 -3  0  1       
      -1 -1 -4 -2 -1 -2    
   -2  0  0 -2 -2  0  0 -1 
 0  0 -2  0  0 -2 -1  0  1 
 2  1  0  1  3  0 -2 12 -1 
    4  1  0  0 -2  0  0  0 
      -1  0 -1 -4 -2  0    
         -3  0 -1 -1       

--- Sample #1165 | True: -2.4923057556152344 | Pred: -2.4710311889648438 ---
          1 -2  3  0       
       0 -1 -2  0 -2 -1    
   -4 -1  0  0 -3 -1  1  0 
-2 -2  0  1  0  0  0 -4  2 
 0  0  1  0  0 -1  0 -2  0 
    1  0  0 -4 -1 -2  0  0 
       0  0 -1 -2 -2  0    
         -2  0 -1  0       

--- Sample #1166 | True: -2.335193634033203 | Pred: -4.021747589111328 ---
          1  0  0  4       
       0  1  2  4  2  2    
    2  1  0  1  1  1  3  1 
 4  1  0  1  0  0  2 -4  2 
 1  0  0  0  1  2  1 -2  1 
   -9  0  1  2  1  0  2  2 
       0  0  1  3  2  1    
          2  3  0  2       

--- Sample #1167 | True: -4.181537628173828 | Pred: -3.347932815551758 ---
         -4 -2 -5 -5       
      -3 -2 -3  0  0  1    
    0  0  0 -2 -4  0  0 -1 
 4  0  0  0 -1 -1  1  0 -1 
 2  1  0  0 -1 -2 -2 -1 -2 
   -7  0  0  1  0 -1 -1 -3 
       1  0  0 -3 -2 -4    
          0  1  0 -2       

--- Sample #1168 | True: -4.525768280029297 | Pred: -6.2393341064453125 ---
          2  2  2  4       
       1  0  0  3  2  2    
    2  1  1 -1  0  0  1 -1 
 6  3  1  0  0  0  0 -21  0 
 0  1  0  1  0  0  1  9  0 
    0  1  0 -1  0 -2  0  0 
       3  0  2  3  0  0    
          3  1  2  1       

--- Sample #1169 | True: -2.7163467407226562 | Pred: -3.729738235473633 ---
          3  2 -3  4       
       3  1  2  1  3 -2    
    0  2  0  0  1  0  0 -2 
 0  0  0  1  0  1  0 -1  1 
-2  0  0  0 -1  1  0 -2  2 
    0  0  0 -1  0  0  0  1 
       0  0  1  1  0  1    
          0  2  3  0       

--- Sample #1170 | True: -3.245769500732422 | Pred: -3.5402183532714844 ---
          0  0  0  0       
       3  1  2  2  1  2    
    1  2 -1 -1  1 -1  0  0 
-2  0 -1 -1 -1  1  0 -1  1 
 0  0 -2  0 -3  0  0  1  0 
   -1 -1 -1 -2  0  0  3  2 
      -1  0 -1  0  0  1    
         -1 -1  0  1       

--- Sample #1171 | True: -4.86577033996582 | Pred: -4.673000335693359 ---
         -4  0 -1  1       
       0 -1  0  0 -1  0    
   -2  0 -2 -1  0  0  0  0 
-3  0  0 -1  0 -1  1  3  0 
-1  0 -2 -1 -1 -1  0 -4  0 
    0 -1  0 -1 -1  0  0  1 
       0  0  1  1 -1 -2    
          0  0  0  0       

--- Sample #1172 | True: -3.0738449096679688 | Pred: -4.163105010986328 ---
          0  3  3  2       
       0  1  1  2  0  1    
    0  0  0  0  0  0  2  1 
 2  1  1  0  0  2  0 -1  0 
 0  0  0  0  1  0  0 -1  0 
    0  0  0  1  0 -1 -1  0 
       0  0  0  2  1  1    
          0  0  0 -1       

--- Sample #1173 | True: -4.525384902954102 | Pred: -3.5293827056884766 ---
         -2 -2 -1  0       
       0 -2 -1 -3 -2  0    
   -2  0  0  0 -3 -2 -1 -1 
-1 -1  0  0  0 -1 -2  0 -3 
 2  0  0 -2 -1 -3 -3 -4 -4 
   -1 -1  0 -1 -2 -2 -3 -2 
       0  0  0 -1 -1 -2    
          0  4  0  0       

--- Sample #1174 | True: -3.4521141052246094 | Pred: -3.9477081298828125 ---
          0  2  0  3       
       0  1  0 -1  1  0    
    0  2  0  0 -1  0  0  0 
 2 -1  1  0  0  0  0  1  0 
 0  0  0  0  0  1 -1 -2  0 
    1  0 -1  0 -2 -4  0  0 
      -2 -3  0  0  0  0    
         -1 -1  1  1       

--- Sample #1175 | True: -5.517690658569336 | Pred: -3.902191162109375 ---
         -2 -5  0 -3       
       0  0 -3 -2 -4 -5    
   -3 -3 -2 -3 -5 -4 -1 -2 
 0 -1 -1 -1 -1 -1 -5 -2  0 
 0  0  0  0 -1 -2 -4  6 -3 
   -2  1  0 -1 -2 -3  0 -1 
       0  0  0  1 -3 -8    
         -1 -1 -1 -2       

--- Sample #1176 | True: -22.71346092224121 | Pred: -23.077791213989258 ---
          0 -2  0 -3       
       2  0 -1 -2 -3  8    
    3  3  1  0 -3 -1  4  9 
 0  3  3 -1 23 11 -1  6 14 
 1  0  1 -2 -18  2  5  1  8 
   14  0 -3 -19 -6  2  6 10 
      -1  0  3  0 -1  3    
          3 -1  8 11       

--- Sample #1177 | True: -20.66692352294922 | Pred: -22.09012794494629 ---
         -2 -3  7 -4       
       8  9  0  7 13  0    
    0 16 20 -2  7 19  8 -7 
-2 -2 -3  4 -13 -15  3 11 -13 
-1  0 -5 11 19  7  3  0 -2 
   -5  0 14 15  9 10  0 -2 
      -8  1 -11 -2  3 -6    
         -8 -13 -6 -1       

--- Sample #1178 | True: -24.333654403686523 | Pred: -17.018722534179688 ---
         -5 -7 -5 -8       
      -8 -10 -5 -9 -14 -8    
   -6 -10 -11 -9 -6 -13 -7 -4 
-2 -4 -6 -7 -8 14 -3 -7 -4 
-1 -3 -8  0  0  0 -15 -3  7 
   -3 -9 -6 -15 -15 -11  1  6 
       1 -11 -3 -10 -3 -3    
         -5 -8 11  7       

--- Sample #1179 | True: -18.625961303710938 | Pred: -24.67645263671875 ---
          4  2  1 -2       
       0 -2 -1 -2  8 15    
    0  0  0  5  1 -5 17  1 
-1  0  0  4 -1 13  0 28  2 
22 18  6 16  6 14 14 -2  5 
   14 14  6 18 21 15 11 11 
      10  6  3 23  7  0    
          0  0 13 12       

--- Sample #1180 | True: -1.0582695007324219 | Pred: -2.275890350341797 ---
          1  0  0  0       
       3  1  0  0 -1  0    
    2  2  1  0  0 -1  0  0 
 4  2  2  0  1 -1  0  0  0 
 4  4  3  1 -1 -1 -1 -2  1 
    4  1  0  0  0 -1  0  0 
       0  0  0  0  0 -2    
          1 -1  1  0       

--- Sample #1181 | True: -0.7376937866210938 | Pred: -1.92559814453125 ---
          0  0  0  4       
       1  1  3  0  0 -1    
   -1  2  1 -1 -1  1  0  0 
 0  0  0  3  0  0  1 -2  0 
 1  2  1  2  0  0  0 -2  1 
    0  0  0 -1  0 -1  1  1 
       1  1  0  1  0  0    
          0  1  1  1       

--- Sample #1182 | True: -1.6021156311035156 | Pred: -1.77099609375 ---
         -2 -2 -2 -1       
       0  0 -1  0 -1  0    
   -1  0  1 -1 -2  0  1  0 
 1  0  0 -1 -2 -2  0  1  1 
 0  0  0  0  0  0  1 -2  0 
    1  0  0  0 -2 -3 -1  1 
       0  0  0  0  0 -1    
          0  0  0  1       

--- Sample #1183 | True: -2.7434616088867188 | Pred: -3.3620262145996094 ---
         -1 -3  0 -1       
      -1 -2 -1  2  0 -2    
   -1  1  1 -2 -2  0  0  0 
 2  0  1  0 -3 -1  1  2  0 
 0  1  0 -1  0 -2  0 -2  0 
    0  1  1  0  0 -1  0  1 
       1  0  0 -1  0 -3    
          0  1  1  2       

--- Sample #1184 | True: -1.3419227600097656 | Pred: -1.5699806213378906 ---
         -1  0  0  1       
       0  0  0  0  0  0    
    0  0 -2  0  0  0  1  0 
 0  0  0  0  0 -1  0 -7 -2 
 1  0  0  0  0  0  0 -4  0 
    0  0  0  0 -1 -1  0  0 
       0  0 -1  2 -1  0    
          0  0  1  0       

--- Sample #1185 | True: -1.9855766296386719 | Pred: -2.4887847900390625 ---
          0  1 -1  0       
       0  0  1  1 -1  0    
    0 -1  0  0  0 -1 -1  0 
 0 -1  0 -1 -3  0  0 -14 -1 
 0  0 -1 -2 -2  0 -1 -2  1 
    0  1  0 -1  1  0  1  0 
       0  0  0  2  0  0    
          2  1  2  1       

--- Sample #1186 | True: -2.4328842163085938 | Pred: -3.5853500366210938 ---
          1  0  1  0       
       0  0  0  1  2  2    
    0 -3  0  0  0  1  0  1 
 3  1  0  0 -1  0  2 -9  1 
-1  0  1  1  0 -1  3  0  0 
    0  2  1  0  0  1  2  1 
       0  0  0  0 -2  2    
          0  2  0  1       

--- Sample #1187 | True: -3.257692337036133 | Pred: -4.103605270385742 ---
         -2  0  2  0       
       1  0  1  0 -2  0    
    0  2  1  0  1  1  1  2 
 0  0  1  0 -2  0  0  3  0 
 0 -1 -2  0 -1  0  0 -3  2 
   -1  0  0  0  0  0  2  0 
       0  0  0  1  0  0    
          3  0  3  2       

--- Sample #1188 | True: -1.0634613037109375 | Pred: -0.9729385375976562 ---
         -5 -2 -2 -2       
       2 -2 -4 -1  0 -1    
   -6 -1  0  0 -1 -1 -2 -1 
-5 -2  0  0  0  0 -2  0  3 
 0  0  0  0  0  0  0 -7  1 
    0 -3  0  0  2  0  0  0 
       0  0  0  1  0  0    
          4  2  3  4       

--- Sample #1189 | True: -0.7209625244140625 | Pred: -3.0454025268554688 ---
          2  0  2  1       
       1  0  1  3  1  2    
    5  0  1  0  0  0  0 -1 
 0  1  1  0  0  2  0  6  0 
 2  2  1  0  2  0  3 -8  2 
    1  0  3  2  3  1 -3  2 
       2  3  1  1  1  2    
          5  4  4  2       

--- Sample #1190 | True: -9.148460388183594 | Pred: -7.32581901550293 ---
          1  3  7  5       
      -2 -4  0  4 -19 -14    
    5  0  7  8 -22 -1 -10  1 
15  0 15  8  0 -3 -2  1 -2 
 5  4  3  2 -6 -6 -12 19  0 
    0 -1 -2  0  0 -10 -1 -29 
       0 -2 -1  0 -3  0    
         -3  0 -1 -12       

--- Sample #1191 | True: -3.6823081970214844 | Pred: -4.423532485961914 ---
          1  2  7  6       
       4  0  0  1 -4  1    
    4  2  0  1 -2  0  1  3 
 8  0  0  0  1  0  1  4  0 
 5  2 -1  0 -1 -2 -1 26  1 
    1  0  1  0  1 -3  1 -27 
       0 -4 -6  1  0  3    
          2 -1  3  3       

--- Sample #1192 | True: -6.52269172668457 | Pred: -10.099939346313477 ---
          1  2  4  2       
       6  0  0  2  1  4    
   -1  3  4  7  5  2  4  3 
 6  5  3  7 11  4  5  9  0 
 8 13 12  0 -2  4 13 14  3 
    2  5  2  2  3  1  5  2 
      -1  0 -1  1  4  1    
          4  3  4  0       

--- Sample #1193 | True: -6.564037322998047 | Pred: -8.277942657470703 ---
         -7  0  0  0       
       0  0  0  1  1  4    
    0  0 -1  0  1  0 -1  0 
 0  0  1  1  2  8  9  2  1 
 3  4  6  9 10 -23 -5 21 -3 
    7  6  4  9  9  5  2  0 
       5  3  4  2  0  0    
          7  0 -3  0       

--- Sample #1194 | True: -13.444231033325195 | Pred: -6.788278579711914 ---
         -11 -11 -13 -15       
      -6 -3 -3 -6 -3 -4    
   -6 -5 -5 -1 -1 -4  0 -1 
-5 -3 -6 -7 -17 -21  0  1 -4 
-8 -4 -2  1 -17 10  2 -1  0 
   -9 -1 -16 -13  3 -1 -8  1 
      -14 -19 -20 -1 -2 -6    
         -25 -18 -11 -3       

--- Sample #1195 | True: -10.896347045898438 | Pred: -9.833999633789062 ---
         -4  0  0  2       
      -4 -1  0 -1 -16 -1    
    0 -3 -4 -2 -5  0 -2  2 
 1 -2 -1  0 -2  0  5 -7  5 
 7  3  0  2  1 -7 -6  1 -2 
   -2 -4 -1  1 -4  2 -1  2 
      -4  0  6 -7  0  1    
         -3  1  0 16       

--- Sample #1196 | True: -9.637691497802734 | Pred: -10.819051742553711 ---
         -12 -6 -2  3       
      -8 -8 -5 -2  1  4    
   -14 -4 -5 -4 -1  2  8  7 
-9 -2 -2 -2 -4  4  5 10  7 
 0  0 -2 -2  5 19  3 21 12 
   -5 -1  3  4 14 15  9  8 
      -1  0  3 -16  8  0    
         -5 -8 -17 -5       

--- Sample #1197 | True: -15.350961685180664 | Pred: -9.952339172363281 ---
         -6 -11 -11 -10       
      -4  0  2 -5 -5  3    
   -9  1  2  5  4  1  0 -1 
-5 -3 -1  0  0  1  0 -5 -7 
-4 -1 -1  0 -2 -27 -22 -13 -5 
   -4 -2 -4 -3 -22 -15 -9 -19 
      -6  0 -12 -15 -4 -20    
         -1 -3 -6 -11       

--- Sample #1198 | True: -2.9373092651367188 | Pred: -3.670686721801758 ---
          1  1  1  0       
       2  0  0  0  0  0    
    0  1  0  0  0  0  0 -1 
-1  1  1  0  0 -1  0  0  0 
 1  0  0  0  0  0  0 -2 -2 
    0  0  0  0  0  0  0  0 
      -1 -1  1  1  0  1    
          1  0  0  1       

--- Sample #1199 | True: -1.762115478515625 | Pred: -4.352453231811523 ---
          1  1  3  3       
       1  0  1  1  0  1    
    1  0  0  0  0  0  0  1 
 1  2  0  1  3  1  1  3  2 
 3  2  2  1  1  2  2 -2  2 
    1  2  2  1  0  0  2  4 
       4  1  2  2  0  0    
          3  3  3  1       

--- Sample #1200 | True: -1.3878860473632812 | Pred: -3.1771602630615234 ---
          5  1  1  3       
       0  0  1  0  0  1    
    3  0  0  0  0  0  0  0 
 1  2  1  0  0  1  0  0  1 
 0  0  1  0 -1  0  0 -2  2 
    0  0  0  1  1  0  1  1 
       3  0  2  1  0  0    
          0  1  1  2       

--- Sample #1201 | True: -2.7232666015625 | Pred: -2.7775230407714844 ---
         -4 -2 -3 -5       
       0  1  0 -2 -1 -1    
   -2  0 -1  0 -1 -2  0 -2 
-1 -1 -1  0 -1 -1  0 -6 -2 
-2 -1  0  0  0  0 -1 -2 -2 
   -2 -1  0  2  0 -1  2  3 
       0  0  2  1  1  1    
          0  1  1  0       

--- Sample #1202 | True: -2.679229736328125 | Pred: -4.114494323730469 ---
          0  1  0  0       
      -1  1  2  0  0  0    
    0  2  0  0  0  0  1  2 
 1  0  1  2  0  0  0  2  0 
-3  0  2  1  0  1  0 -3  3 
    1  0  1  1  0  0  2  3 
       0  0  0  0  1  0    
          3  1  1  2       

--- Sample #1203 | True: -2.2205772399902344 | Pred: -3.8974781036376953 ---
          3  1  2  4       
       2  3  2  2  2  3    
    1  0  1  0  0  0  1  1 
 1  0  1  0  0  0  2  0  0 
 3  1  0  0  0  0  0 -2  0 
    0 -2 -1  0  0 -1  1  2 
      -1 -1 -1  0  0  2    
          0  1  3  1       

--- Sample #1204 | True: -1.2446136474609375 | Pred: -3.5599327087402344 ---
          0  0  2  4       
       0  2 -1  0  0  0    
    3  2  1  0  0  0  0  0 
 2  3  3  0  0  0  2  0  0 
 3  2  3  0  0  2  0 26  6 
    1  2  2  0  2  0  2  1 
       3  3  0  2  1  1    
          2  1  2  2       

--- Sample #1205 | True: -3.0271148681640625 | Pred: -3.2610836029052734 ---
          0 -1  0  0       
       0  0  0 -1 -2 -1    
    0  0  0  0 -1  0  0 -1 
-1  0 -2  0 -1 -1  0  0  0 
 0  0  0  0 -1  0 -1  0  0 
   -1  0  0 -1  0  1  3  1 
       0  0 -1  0  0  1    
          1  0  0  1       

--- Sample #1206 | True: -0.8546142578125 | Pred: -4.096809387207031 ---
          4  4  4  5       
       3  2  1  2  2  3    
    3  3  2  0  1  2  1  2 
 4  3  4  2  0  1  3  2  5 
 4  2  1  2  0  2  0 -2  2 
    1  2  1  2  0  1  3  1 
       3  2  1  0  0  1    
          3  2  2  1       

--- Sample #1207 | True: -1.0396156311035156 | Pred: -2.1141624450683594 ---
          5  1  0  2       
       1  1 -1  0  0  1    
    0  0  0 -1 -1  0  0 -1 
 1  0  0  1  0 -1  0 -3  0 
 1  0  0  1  0 -2  0 -2  3 
    0  0  0  0  0  0  3  0 
       0  0  1  1  0  2    
          0  0  2  1       

--- Sample #1208 | True: -1.0917320251464844 | Pred: -2.8256797790527344 ---
          2  1  0  1       
       0  2  1  2  1  0    
    0  0  1  0  0  1  1  0 
 1  0  0  0  0  0  0  1  3 
 2  0  0  1  0  1 -1 -2  1 
    0  1  1  1  2  1  0  0 
       1  1  0  0 -1 -2    
          3  0  1  0       

--- Sample #1209 | True: -2.2669219970703125 | Pred: -2.04736328125 ---
          0 -2 -2 -1       
      -2  0 -1 -2 -1 -2    
    0  0  0 -1 -2 -1  1 -2 
 0  0  0  0  0 -2  0 -1  0 
 0  0  1  0 -2 -4 -1 -2  0 
    0  0  1  0 -1  0  0  0 
      -1  0  0  0  0 -1    
          0  0  0  0       

--- Sample #1210 | True: -2.0661544799804688 | Pred: -3.836557388305664 ---
          1  1  4  4       
       1  1  1  2  2  1    
    1  2  2  0  0  1  1  1 
 0  0  1  0  0  1  3  7  1 
 0 -1  0  0  0  0  2 -2  0 
   -1  0  0  0  1  0  1  0 
       0  0  0  0 -1  0    
          0  0  2  1       

--- Sample #1211 | True: -0.9686546325683594 | Pred: -2.876392364501953 ---
          0 -2  0  3       
       2  2  0  1  1  6    
    1  2  1  0  0  2  2  0 
 3  2  1  1  0  0  0  0  2 
 0  0  0  2  0  0 -1 -1  1 
    1  0  1  2  0  1  3  1 
       1  1  0  2  1  0    
          2  3  2  3       

--- Sample #1212 | True: -8.544231414794922 | Pred: -11.27142333984375 ---
          8  6  9  8       
      -1  3  5  4  1  4    
    1  1  4  1 -12 -7  3  6 
 0  1  2  2  0 -1  2  4  5 
 2  0 17 11  0  0  1 -3  4 
    1 -4 14  7  3  7  4 -1 
      12 -9 -12  5  4  0    
         14  0  8  5       

--- Sample #1213 | True: -7.763269424438477 | Pred: -10.020740509033203 ---
         -1  1  1  0       
       1  1  0  2  0 -1    
   -3  2  3 -1  0  2  0 -1 
 2 -3  7  1 -4 -3  0  8 -4 
 0  0  9 -4 -11  0 -2 -1 -2 
   10 11  5  1  0  4  0  1 
      15 12  6  5  1  0    
         15  9  0  0       

--- Sample #1214 | True: -4.55230712890625 | Pred: -5.054592132568359 ---
         -3  1  2  0       
       0  1  1  1  1 -2    
    1  0  1  0 -1 -4  1  0 
 0  0  1  0 -1 -2  0  0 -4 
 2  1  1  1 -1 -2 -3 -4 -1 
    2  0  2  0 -1  0  0  1 
      -1  1 -1 -1  0  0    
          0  0  3  1       

--- Sample #1215 | True: -10.00538444519043 | Pred: -5.530464172363281 ---
         -4 -6 -5  0       
      -2 -3 -3 -2 -2  0    
   -10 -2 -1 -4 -4 -3 -2 -1 
-22 -4 -2 -4 -3 -4 -2 -1 -6 
-21 -20 -2 -4 -3 -3 -4  5 -3 
   -18 -3 -5 -4 -5 -5 -3 -1 
      -5 -4 -3 -4 -4 -4    
         -6 -2 -2 -1       

--- Sample #1216 | True: -6.056346893310547 | Pred: -6.061349868774414 ---
          3  2  4  1       
       0  0  0  1  0  0    
    0  0 -1 -1 -1  0  0  0 
 4  2  0 -2 -1  0  0  8  0 
 4  1 -1 -2 -2  0  0 -2  1 
    3 -2 -3 -2 -3 -3 -2 -1 
      -2 -2 -2 -3 -1  0    
          1  0  0 -1       

--- Sample #1217 | True: -9.30230712890625 | Pred: -6.62298583984375 ---
         -4 -3 -5 -1       
      -5 -2 -4 -4 -3 -3    
   -2 -2 -3 -3 -6 -4 -3 -2 
-2 -3 -4 -6 -3 -1  0 -19 -2 
-1 -5 -4 -4 -6 -2 -2 -2 -1 
   -5 -4 -3 -3 -2 -1  0 -1 
      -4 -1 -4 -2  0  0    
         -1  0  0  0       

--- Sample #1218 | True: -17.669038772583008 | Pred: -16.757572174072266 ---
          0 -2  0 -3       
      -1  0  0 -2 -1  2    
   -1 -2 -3  1  3  0  1 -2 
 2 -4 -2  1  8  5  3 -10  3 
-2 -3 -5 -9 -10  1 -6  0  1 
   -2 -7 -12 -2 -3  0  2  1 
      -1 -1  0  0  2  1    
         -2  0  0 -2       

--- Sample #1219 | True: -25.51769256591797 | Pred: -14.077432632446289 ---
         -7 -4 -3 -12       
       0 -6 -5 -3 -6 -15    
   -14 -6 -13 -8 -2 -7 -6 -18 
-11 -16 -10 -4 -22 -23 -6 -10 -19 
-6 -9 -2 -4 -7 -16 -6  1 -20 
   -7 -13 -1 -7 -13  0 -4 -20 
      -13 -8 -6 -6 -5 -20    
         -16 -18 -19 -18       

--- Sample #1220 | True: -6.26500129699707 | Pred: -7.5020751953125 ---
          4  6  3  3       
       2  2  4  4  0  1    
   -2  1 -1 -1 -1 -3  0 -1 
 1 -1  0 -1 -2 -1  0 -6  0 
-1  3  2  0  0  0  0 -2  1 
   -4  1  0  0  2 -1  1  2 
       4  1  2  2  1  2    
          5  3  5  3       

--- Sample #1221 | True: -6.056539535522461 | Pred: -7.539615631103516 ---
          3  4  4  3       
       0 -1  3  3  4  4    
    0  4  2  3  1  1  3  0 
 5  2  1  1  2  1  0  4  2 
 4  0 -1  0  1  0  1 22  7 
    0  0  0  0  0  0  3  2 
       0 -3 -3 -1  0  0    
         -4 -5  0  1       

--- Sample #1222 | True: -11.75480842590332 | Pred: -6.892339706420898 ---
         -8 -6 -5 -4       
      -9 -4 -3 -4 -3 -12    
   -13 -1  0 -1 -2 -5 -5 -4 
-6 -17 -14  0 -2 -2 -1  1 -14 
-18 -10 -1  0 -1 -2 -2 -3 -2 
   -11 -2  0  0  0 -3 -3 -7 
       0 -1 -3 -3 -6 -5    
         -10 -6 -6 -5       

--- Sample #1223 | True: -6.697883605957031 | Pred: -6.213079452514648 ---
          0  0  2  1       
       0  0  0  0 -1 -1    
    0 -1 -2  0  0 -2 -1 -1 
 2  0  0 -1  0 -3 -2  2 -1 
 1 -1 -2 -2 -2 -1  0 -14  0 
   -1  0 -1 -1  0 -3  0  0 
       0 -2 -2 -2 -2  1    
         -6 -1  2 -2       

--- Sample #1224 | True: -5.148845672607422 | Pred: -7.089155197143555 ---
          6  6  9  8       
       4  3  4  3  4  4    
    0  0  2  1  0  1  2  1 
-19  0  0  1  2  2  5  8 -1 
-19  2  1 -1  1  0  3 17  1 
    0  1  2  0  2  4  4  4 
       2  0  0  0  0  2    
          0  4  2  2       

--- Sample #1225 | True: -7.106729507446289 | Pred: -5.839799880981445 ---
         -2 -4 -2 -1       
      -3 -1 -4 -2 -4  0    
   -1 -2 -2 -5 -3 -2 -1 -3 
 0  0  0  0  0 -2  0 -9 -3 
 2  1  1  0  0 -3  0 -17  0 
   -1  1  0 -1 -2  0  2 -2 
       1  0  0 -3 -1 -2    
          2  0 -5 -10       

--- Sample #1226 | True: -1.0286521911621094 | Pred: -3.1177825927734375 ---
          2  3  2  6       
       2  1 -1  1  1  2    
    1  2  1 -2  0  1  5  0 
 5  0  0  0  0  0  0 -10  0 
 2  1  0  0  0  1  0  0  0 
    1  2  2  0  0  0  0  0 
       1  0  1  2  0  0    
          4  2  1  3       

--- Sample #1227 | True: -1.0180778503417969 | Pred: -2.312427520751953 ---
          0  2 -2  2       
       1 -2 -1  0  0  5    
    0  1  1 -1  0  0  0  0 
 3  1  0  0  0  0  1 -1  0 
 2  2  0  0  1 -2  1  0 -2 
    1  1  1  1 -1  0  1  0 
      -1 -2 -1 -1  1  0    
          3  1  3  1       

--- Sample #1228 | True: -2.5457687377929688 | Pred: -2.937297821044922 ---
          0  0  3  1       
       2  1  0  0  0  5    
    0 -2 -2 -1 -1  0  5  0 
 2  1 -2 -1  0  0  0 -10  0 
-1  1 -1 -1 -1 -2 -3  4 -1 
    0  0 -2 -1 -1 -1  0  0 
      -1 -4  0 -2 -2 -1    
          0  0  1 -2       

--- Sample #1229 | True: -1.5478858947753906 | Pred: -4.261726379394531 ---
          1  1  0  0       
       7  1  2  1  0  2    
    2  4  2  1  0  2  1  2 
 2  2  3  2  5  1  0  2  1 
 2  3  1  1  1  1  4 -6  0 
    2  1  1  1  0  0 11  0 
       1  0  0 -1  2  5    
          3  1  4  1       

--- Sample #1230 | True: -2.751537322998047 | Pred: -4.03639030456543 ---
          2  1  3  1       
       0  0 -2  3  0  3    
   -2  3  0  0  1  2  3  0 
 3  0  0  0  1  0  1  0  0 
 1  1 -1  0  0  0 -2 -3 -3 
    0  0  0  0  0  0 -1  0 
      -3 -2 -1 -1 -1  0    
          1  0  0  0       

--- Sample #1231 | True: -1.0557708740234375 | Pred: -4.415746688842773 ---
          8  2  5  6       
       5  1  2  2  2  0    
    0  3  1  1  1  2  2  1 
 6 -1  1  1  2  0  4 -6  2 
 8  3  2  2  2  1  0  5  0 
    6  0  0  0  2  1  2  0 
       2  3  1  2  4  2    
          3  4  0  8       

--- Sample #1232 | True: -3.0434608459472656 | Pred: -2.842479705810547 ---
          0  0  0  0       
       0  0  0 -1 -1 -1    
   -4  0  0 -1 -1  1  2  1 
 1 -3  0  0  0  0  0 -4  0 
 0  0  0  1  0  0 -1 -8 -3 
    0 -2 -2 -2 -2 -3 -1 -2 
      -4 -3 -2  0 -5 -4    
         -2 -1 -1 -1       

--- Sample #1233 | True: -0.8790397644042969 | Pred: -2.7262535095214844 ---
          1  3  2  8       
       1  3  1  2  1  3    
    1  1  1  1  0  0  2  1 
-1  0  0  2  3  0  5  3  0 
-3  1  0  0  1  0  1 -2  1 
    1  1  0  0  1  0  3  0 
       0 -3  0 -1  0  1    
          3  0  0  0       

--- Sample #1234 | True: -1.237884521484375 | Pred: -1.7025260925292969 ---
          3 -1  0  1       
      -1  1 -2  0 -1  0    
    0  2  2  0  0  0  0 -2 
 3  2  1  1  0 -1  0  1  0 
 0  3  2  0  0  0 -2 -2 -1 
    1  0  1 -1 -1 -1  0  1 
       2 -3 -2 -2  0  0    
          1 -4 -3  0       

--- Sample #1235 | True: -3.3682708740234375 | Pred: -2.1797218322753906 ---
          0  1  1  1       
      -1  0  0  0 -1 -2    
   -1  0 -1 -1 -3 -1 -2  1 
 2  0 -1 -1 -1 -4 -1 -4 -1 
 0  0  0 -3 -2 -2 -2 -2 -2 
   -2 -2 -3 -3 -2  0  1 -2 
      -3 -4 -4 -2 -1 -4    
         -3 -1 -1 -3       

--- Sample #1236 | True: -1.5186538696289062 | Pred: -4.096923828125 ---
          3  5  2  5       
       3  2  2  4  2  2    
    2  0  0  0  1  1  1  3 
 2  2  2  1  2  1  0  9  0 
 1  3  2  2  2  1  0 -2  0 
    5  0  1  0  0  0  0  2 
       0  3  0  3  3  1    
          6  4  3  2       

--- Sample #1237 | True: -1.0451927185058594 | Pred: -2.640216827392578 ---
          0  2  0  4       
       2  0  0  0  0  0    
    1  3  0 -2  0  0  1  1 
 1  1  1  0  1  1  0  5  2 
 0  2  1 -1  0  0  0 -2  0 
    3  2  0  0  0  0  3  0 
       1  1  0 -2  0  1    
          0  3  0  2       

--- Sample #1238 | True: -2.5530776977539062 | Pred: -2.0090484619140625 ---
          0 -1 -2  0       
       0  0 -4 -3 -1  1    
    0  1  0 -1  0 -3  0  0 
 2  1  0  1  0  0  0  4  2 
 1  1  0 -1 -1  0 -3 -2 -2 
    1 -2 -4 -2  0 -1 -2 -1 
      -4 -7 -3 -2 -3 -2    
          0 -1 -4 -2       

--- Sample #1239 | True: -1.7215385437011719 | Pred: -4.848657608032227 ---
          1  3  5  6       
       4  2  2  2  3  6    
    1  2  0  1  1  2  2  2 
 2  3  2  0  1  2  2 -4  0 
 1  3  2  2  2  2  3 -2  2 
    1  3  2  2  1  2  2  0 
       1  0  1  0  0  0    
          2  3  2  4       

--- Sample #1240 | True: -3.6723079681396484 | Pred: -2.9388160705566406 ---
         -4 -1 -3 -2       
      -2 -3 -4 -2  0 -2    
    1  0 -2 -2 -2 -1 -1 -1 
 0  0  0  0  0 -1  0  0 -3 
-1  0  0  0  0  0  0 -4 -2 
   -2  0 -1  0  0 -2  1 -1 
       0 -3 -3 -1  0  1    
         -3 -3  0  0       

--- Sample #1241 | True: -5.330768585205078 | Pred: -7.173831939697266 ---
          0  0  1  3       
       5 -1  0  2  0  5    
   -2 -1 -3  0  0  0  3  1 
 3  5  0  0  1  4  2  6  2 
-1  1 -1 -1  6  4  4 -6  5 
   -7 -2  0  2  3  2  2  2 
      -5 -3  0  1  0  2    
         -3  2  4  3       

--- Sample #1242 | True: -6.438268661499023 | Pred: -7.018270492553711 ---
          3  0  1  4       
      -3  0  0  1 -2 -2    
   -3  0  0 -1  1 -3 -2  0 
-1  2  0  4  0 -2 -3 -2  0 
-1  5  1  1 -1 -1 -7 -2 -1 
    0  0  0  0 -1  0 -1  2 
       5  1 -1 -1  0 -1    
         -1  0 -1  1       

--- Sample #1243 | True: -8.759614944458008 | Pred: -6.804996490478516 ---
         -2  0  3  3       
      -4 -3  0  1  2  0    
   -6 -1  0 -2 -1 -1  0  0 
-1  0 -2  0 -5 -2  0  0  4 
-2 -1 -2  0 -3 -5  0 -2 -4 
   -7 -3 -3 -3 -1 -2  0 -2 
      -8 -4 -7  0 -2 -2    
         -6  0 -3 -5       

--- Sample #1244 | True: -8.958654403686523 | Pred: -8.400012969970703 ---
         -1 -1  3  2       
       5 -1  0  2  0  3    
   -5 -1 -1  0 -1 -2 -4  3 
 1 -7 -2  0  0  0  0  5 -3 
 2  0 -1 -1  0  0  0  0  0 
   -4  0  0  0  3  3  0  2 
      -1 -2  0 -2  0  0    
          0  0  1 -2       

--- Sample #1245 | True: -11.582307815551758 | Pred: -9.056934356689453 ---
         -11 -9  5  7       
      -5 -6  2  0  1  2    
   -7 -3 -7 -15 -1 -1  0  0 
-1 -15  1  1  0 -1 -2  4  0 
10  6  1  0  0  0  0  6 -22 
   -5  0 -1 -2  0  0  2 -4 
      -17 -4 -1  0 -1  0    
         -3  3  2 -3       

--- Sample #1246 | True: -11.747114181518555 | Pred: -8.95394515991211 ---
         -12 -13 -9 -1       
      -5 -1 -26 -9 -2 -10    
   -3  0 -2 -3 -3 -4  0 -2 
 1  2  0 -3 -7 -4  1  7  1 
16 16 18 13  1 -9  2  0  0 
   -2  3 13 -9  7 17 -3 -2 
      -2  8  7  8  0 -3    
         -6 -5 -10 -10       

--- Sample #1247 | True: -11.179229736328125 | Pred: -10.240701675415039 ---
         16 12 13 16       
       8  8  7 10 10  8    
    7  6  0  5  4  4  6 13 
 0  2 -1  1  7  3  9 11  2 
-15 -17 -25 -24 -6 -1 -8 16  3 
   -7 -16 -18 -5 -6 -19  2  6 
      -10 -7 -14 -7 -8  2    
         -4 -7  3  0       

--- Sample #1248 | True: -12.647884368896484 | Pred: -12.959218978881836 ---
         -2  2  7  0       
       0  0  0  2  2 -6    
    6  1 -8  0  1 -4  0  7 
13  4  3  3  0  0  1  0  1 
 4  5  1  4  9  9  8  0  0 
    5  0 10 11 -10  2 -7 -3 
       0  0 -2 -7  1 -7    
         -3 -2  0 -7       

--- Sample #1249 | True: -21.017499923706055 | Pred: -13.584739685058594 ---
         -10 -10 -5 -5       
      -17 -26 -6 -3 -10 -6    
   -6 -8 -9 -11 -7 -6 -12 -2 
-16 -6 -8 -9  0 -3 -24 -3 -15 
 0 -2 -2 -2 -18 -15 -21 -2 -27 
    2  2  4 -8 -12 -5 -7 -7 
       2  1  1  0 -2 -9    
          2  3 -2 -3       

--- Sample #1250 | True: -19.646347045898438 | Pred: -20.07016372680664 ---
          4  0 -1  7       
       6  5  6  1  5  1    
    2 10  2  6  5  0  2  1 
-10 -1  0 -3  4  0 14  2  9 
-1 -2  0 -4  4  6 17  1  8 
    0  0  0  0  0  0  0  9 
       1  0  2  2  0 10    
          1  3  1  1       

--- Sample #1251 | True: -22.94019317626953 | Pred: -18.158260345458984 ---
          0  2 -4 -13       
      -10  4 -2 -6  0 -4    
   -7 -12 -1 -1  0 -7 -1 -4 
-9  0 -10 -7 -2 -4  2 -11 -6 
 0  0 -2 -2 -2 -5 -3  0 -13 
    0  0  0  0 -1 -1 -3  8 
       0  0  0  0 -1 -3    
          0  1  0 -1       

--- Sample #1252 | True: -21.625192642211914 | Pred: -21.817184448242188 ---
         10 12  5  4       
      11  7  8  5  5  5    
    8 13  6  9  8 -4  3  0 
 0 -4 -6  9  8  5 -7 -5  0 
 2  0 -1  0  0 -6 -5 -1 14 
    1  1  2  1 -1 -1 -2  2 
       2  1  2  1 -1 -3    
          1  2  0  0       

--- Sample #1253 | True: -14.427692413330078 | Pred: -15.70071792602539 ---
         -1 -1 -1 -4       
       3 -1  1  1 -1 -8    
    0  0  3  0  0  0  1 -5 
-1  0  0 -1  0 -2 -1  3  1 
 0  0  1  1  1 -1 -7 10  0 
   -2  1  4  1  0  2  6  3 
       3  3  1  1  2  3    
          2  2  3  4       

--- Sample #1254 | True: -18.770383834838867 | Pred: -12.81960678100586 ---
         -9 -10 -9 -8       
      -7 -12 -12 -13 -15 -12    
   -5 -9 -13 -17 -14 -20 -14 -14 
 0 -1 -2 -3 -13 -12 -11 -12 -15 
 0 -1 -1 -3 -2 -11 -7  0 -9 
   -1 -1 -3 -3 -4  0 -4 -5 
       1 -3 -5 -3 -2 -6    
          1  0  0  0       

--- Sample #1255 | True: -14.158075332641602 | Pred: -17.56374740600586 ---
          4  3  1  2       
       7  2  6  6  3  0    
    0  4  6  3  6  4  2  4 
 0 -1 -1  2  4  7 -1 11 13 
 2  0  0  0  0  0  3 15  7 
    4  1  2  0  0  2  1  3 
       2  2  2  3  1  0    
          4  3  1  0       

--- Sample #1256 | True: -9.966922760009766 | Pred: -12.37762451171875 ---
          6  8  9  9       
       7  1  4  6  8  7    
    2  6  0  0  2 -1  4  1 
 5  3  2  0  0  1 -1  9  1 
 2  0  0  0  1 -1 -1  8  1 
    0 -1 -1  0  1 -2 -1  2 
      -1 -2  0 -1 -2 -1    
          0  1  2 -1       

--- Sample #1257 | True: -18.14173126220703 | Pred: -10.205520629882812 ---
         -9 -17 -16 -15       
      -10 -11 -12 -14 -17 -18    
   -6 -8 -10 -9 -11 -13 -16 -14 
-7 -5 -6 -7 -8 -12 -9 -8 -12 
 0 -2 -5 -7 -10 -11 -6  1 -6 
   -1 -5 -5 -5 -8 -6 -8 -4 
      -4 -4 -4 -4 -6 -6    
          0  0  0 -5       

--- Sample #1258 | True: -16.60980796813965 | Pred: -15.383148193359375 ---
         -1 -3 -1 -5       
      -1 -8 -5 -8 -8 -8    
    0  0 -4 -6 -4 -8 -2 -3 
 1  0  1  0 -5 -5 -8 -1  0 
 2  0 -1 -2  2 -8 -7  5 -4 
    2 -1 -2 -2  0  0 -1 -1 
       0 -1  0  0 -2 -2    
          0  0  2  0       

--- Sample #1259 | True: -14.767309188842773 | Pred: -12.260444641113281 ---
         -7 -7 -3 -8       
      -9 -8 -8 -6 -9 -2    
   -4 -6 -4 -8 -4 -5 -5 -6 
-2 -5 -4 -3 -5 -10 -5 -10 -3 
-1 -5  0  0  0 -3  0 15  0 
    2  0  0  0  1  1  2 -3 
       1  0  1  2  0 -3    
          0  1  0  2       

--- Sample #1260 | True: -15.362499237060547 | Pred: -12.734228134155273 ---
         -7 -2 -2  0       
       0 -6 -4 -3 -3 -4    
   -1 -3 -5 -7 -5 -4 -4 -1 
 0  2  0 -3 -3 -9 -6 -2 -1 
 3 -1 -9 -3 -4 -5 -3 11  0 
    0  2  0 -3 -2 -2  0 -1 
       2  1 -1 -2 -2  0    
          2  3  1  1       

--- Sample #1261 | True: -13.246923446655273 | Pred: -12.709432601928711 ---
         -10 -6  0 -1       
      -1 -4 -1  0 -4  0    
    0 -1 -4 -4 -4 -3  0  0 
-4 -4 -3 -1 -6 -6  0  2  0 
-1  1  1  0  0  0  3 10  0 
    0  0  3  1  1  0  1  0 
       1  2  2  3  2  2    
          4  4  4  2       

--- Sample #1262 | True: -7.923654556274414 | Pred: -12.740299224853516 ---
         12 13 14 13       
       7  7  9 10  4  6    
    0  2  3  1  3  0  4  6 
 8  4  3  4  4  0  5  0  7 
 3  1  1  0  4  3  4 -2  2 
    3  2  2  1  4  0  3  6 
       3  0 -1  0  1  1    
          1  1  0  1       

--- Sample #1263 | True: -12.8546142578125 | Pred: -8.231864929199219 ---
         -14 -15 -14 -8       
      -6 -12 -10 -9 -7 -8    
   -1 -6 -11 -10 -7 -8 -5 -6 
-1 -5 -6 -5 -3 -10 -3 -3 -2 
-1 -2 -4 -2 -1 -2 -1  4 -3 
   -1 -2 -1 -1  0 -2 -2 -1 
       0 -3 -1 -2 -1 -2    
         -1 -2  0 -1       

--- Sample #1264 | True: -15.478462219238281 | Pred: -11.848796844482422 ---
         -9 -4 -4 -8       
      -5 -10 -7 -9 -10 -4    
   -5 -9 -7 -7 -6 -6 -6 -2 
-2 -7 -8 -6 -7 -7 -7 -1 -4 
-2  0  0 -3 -1 -3 -1  3 -3 
    0 -2  0 -2  0 -1 -4  0 
       0 -1 -1 -3 -2 -3    
         -1  1  0 -1       

--- Sample #1265 | True: -10.018270492553711 | Pred: -7.43983268737793 ---
          4  4 -13 -8       
       0  0 -1 -3 -3 -19    
   -1  0  0 -6 -3 -4  0 -8 
-6 -3 -5 -2  0 -2 -6 -2  0 
-5 -4 -2 -2  2 -2  0 12  0 
    2  1  0  1  0  1 -27  3 
      -1  0  2  2  2 -14    
          0  3  0  0       

--- Sample #1266 | True: -5.459808349609375 | Pred: -9.349769592285156 ---
          6  6  6  7       
       3  4  5  5  5  7    
    2  1  0  1  3  5  5  5 
 6  3  1 -1  0  0  1  2  3 
 9  3  0  0 -1 -2  2 -4  0 
    1  1  0 -1 -1  2  5  4 
       3  0  0  0  6  4    
          1  0  2  4       

--- Sample #1267 | True: -4.335577011108398 | Pred: -5.657003402709961 ---
          1  2  1  2       
       1  0  1  0  2 -2    
    1  2 -1  0 -3  0  0  0 
 1  0  0  0 -2 -1  1  3  4 
 3  1  1  1  1 -2  0 -2  4 
   -2  0  1  0  0  0  1  2 
       2  0  1  1  1  2    
          2  4  4  3       

--- Sample #1268 | True: -7.042692184448242 | Pred: -5.362743377685547 ---
          0 -1  0 -1       
      -1 -2  0 -1 -1 -1    
    0 -2 -4 -2 -5 -2 -3 -2 
-8 -14 -5 -8 -8 -3 -1 -5  0 
-1  0 -1 -2 -4 -4 -1 -2  1 
   -3  0  0 -1  0 -1 -1 -1 
      -3 -1 -2 -1  1  1    
          0  0  1  1       

--- Sample #1269 | True: -6.089038848876953 | Pred: -8.286764144897461 ---
          1  0 -2  4       
       3  2  3  4  2  0    
   -4  1  0  2  1  0  3  0 
 3  5  6 -8 -8  0  1  6  2 
 7  2  4  4  2 -1  2 -2  1 
    0  2  4  4  1  2  1  2 
       2  3  1 -1  0  1    
          2  2  3  2       

--- Sample #1270 | True: -6.642307281494141 | Pred: -7.166971206665039 ---
          1  1  1  2       
       2  1  3  3  2  4    
    0  3  1  2  0  2  1  0 
-1  1  3  5 -12  4 -1  2  0 
-1  0  0  2  0 -1  0 -2 -1 
    0 -1  0  0 -2  0  0 -1 
      -1 -1 -2  0  0  0    
         -1 -3  1  0       

--- Sample #1271 | True: -21.100961685180664 | Pred: -14.636186599731445 ---
          3 -4 -7 -4       
      -5  4  0 -13 -18 -13    
   -4 -7  2  1 -4 -12 -7 -4 
-1 -4 -8  0 -10 -8 -9  2 -5 
 6  0  1 -14  1 -3 -15 13  0 
   -6 -4  0  1 -2 -7 -5 -3 
      -4 -5 -5 -3 -6 -5    
         -3 -3 -4 -2       

--- Sample #1272 | True: -18.43865394592285 | Pred: -20.460845947265625 ---
         -4 -7 -3 -5       
      -2  4  4  5  8 -2    
   -2  0  1  8  6  6  6 -1 
-1 -2  0  5  4  2 -2 10  0 
 8 10 10 -10  6  7  2  6  2 
    7  3  3  3  0  4  4  3 
       3  0 -4  2  1  1    
          1  2  3  6       

--- Sample #1273 | True: -19.274616241455078 | Pred: -15.991395950317383 ---
          4 -5 -1 -6       
       6  0 -6 -3 -2  0    
   -2 -11 -4  0 -1 -7 -1  1 
-1 -4 -9 -3 -12 -4  0  3  0 
 1  4 -4 -6  0 -4 -4 -6  0 
   -3 -6 -1  2 -2 -1 -3  0 
      -5  0  0 -1 -4 -5    
         -2 -3 -3 -1       

--- Sample #1274 | True: -19.668846130371094 | Pred: -18.783658981323242 ---
          5  3 -5 -3       
       6  5  0  0  0  0    
    1 -4  3  1  1 -4 -3 -3 
 1  1  4  4 -2  6  6  8  0 
-1  0  1 -12  3  0 -2  7 -1 
    4  1  2 -1  0  0 -1 -1 
       3  2 -2  0 -4 -1    
          1  0  0  1       

--- Sample #1275 | True: -18.27153778076172 | Pred: -17.83574676513672 ---
          6 -8 -3 -3       
       2  4  1  2 -5  0    
    5  2  1  1  0 -4 -4  0 
 7 11  6  1 11  5  0  6  0 
 1  7  9  0  0  0 -1  5 -1 
    1  0  2  3  0  0  0  0 
       0 -2  0  0 -2 -1    
         -1  0 -1  0       

--- Sample #1276 | True: -7.693460464477539 | Pred: -6.619029998779297 ---
          4 -6  0 -1       
      -2 -1 -2  0  1  3    
   -3  0 -3 -4 -2 -2  3 -2 
 0  0 -2 -3 -3 -2  0  1 -2 
 1  1 -3 -5 -4 -4 -4 -1  0 
    1  0 -1 -1 -2 -3 -2 -1 
       0  0 -1 -1  0 -2    
          0  0 -3 -1       

--- Sample #1277 | True: -8.338460922241211 | Pred: -7.511102676391602 ---
          4 -2  0  1       
       0 -3 -4  0 -1  0    
    1 -1 -3 -4 -2 -3  0 -6 
-1  0 -2 -5 -4 -4 -2 -8 -9 
 3  0  0  0 -1 -1  0 -3 -1 
    1  0  1  0  0  0  1 -1 
       0  0  0 -1  0  0    
         -3  1  0  0       

--- Sample #1278 | True: -6.054424285888672 | Pred: -5.268655776977539 ---
          3 -4  0 -3       
       4  2  0 -1  0 -2    
    0  2  0 -1 -2  0  0 -1 
 0  2  1 -3 -1 -2  0 -2 -3 
-2  3  1 -1 -4 -4 -1 -2 -3 
    1 -9  1 -1 -2  0  0 -7 
       0 -2  0  0 -1  0    
          0  0  0 -5       

--- Sample #1279 | True: -5.86326789855957 | Pred: -6.425470352172852 ---
         -7  1  0  2       
       0  0  0 -1 -3 -3    
    2  1  1  0 -3 -1 -3 -2 
 3  2  0  0 -1 -2  0  1  1 
 4  0  0  0  1  0  3 -2  0 
    1  0  0  1  3  1  1  0 
       0 -1  0  0  0  1    
          0  1  0 -2       

--- Sample #1280 | True: -14.349231719970703 | Pred: -13.926021575927734 ---
         -1  5  4  7       
      -3  3 -9 -8  4  0    
    1 -1 18 -3 -8 -15 -1  1 
 3  0 -2 -5 -6  7 -16 -10  6 
 5 11 11 12 15 10  6  4  0 
   -18  0  5  8  5  7 -2  0 
       0 -1  4  4  0 -1    
         -4 -9 -2 -1       

--- Sample #1281 | True: -15.330192565917969 | Pred: -13.247947692871094 ---
          1 12  9 12       
       5 -7 -6 -5 -5  1    
    0 -3  8 -4 -1 -5 -1  3 
-3 -2 -2 -4  0 -15 -9 13  4 
-9  4  6  6  7  2  5 -3  4 
   -8  3  4  4  2  4  4  4 
      -14 -7  0 -1  1  6    
         -4 -15  3  4       

--- Sample #1282 | True: -14.038078308105469 | Pred: -11.743696212768555 ---
          6  5 12  9       
      -1  1  9  2 11  3    
   -5  4 12 -7 -5 -6  2  0 
 7 -1 -4 -4 -2 -15 -11  9  1 
-9 13  8  5  0  0  1 -4  4 
   -9  5  7  4  4  6 -11  5 
       9  8 -2  6  4  2    
         -3 -3  1  0       

--- Sample #1283 | True: -13.631731033325195 | Pred: -11.041173934936523 ---
         -3  5  2  6       
       4 -16 -16 -9  2  0    
    3 -1  3 -10 -9 -16  0  0 
-7 -10 -9 -6 -2 10 -8 -1  3 
-12  6  0  3  6  4  3 -3  4 
   -15  0  0  2  5  2  3  2 
      -1  1 -2  1  3  2    
          3 -1  7 10       

--- Sample #1284 | True: -4.846923828125 | Pred: -7.034482955932617 ---
          3  4  5  5       
      -3  0  2  4  0 -1    
   -13  4  3  1  0  0  0  0 
 9  5  6  2  0  0  2  2  3 
 5  3  2  2  0  2  3 -2  5 
    3  3  1  1  1  1  0  3 
       3  2  2  2  3  0    
          1  0  3  4       

--- Sample #1285 | True: -7.866539001464844 | Pred: -6.408149719238281 ---
         -12 -6  8 -2       
      -18 -21 -23 -1  1  1    
   -15 -18 -18 -1 -2  0  0  1 
-9  1  3  1  3  0  1 -2  0 
 0  2  0  1  1  1  2 -2  4 
    0  1  0  4  2  1  2  4 
       0  0  1  3  2  2    
          0  0  2  4       

--- Sample #1286 | True: -10.323846817016602 | Pred: -8.740585327148438 ---
          3  2  4  0       
      -1  0 -9 -16  3  0    
   -4 -6  2 -2  1  0 -2 -3 
-12 -6 -2 11  2 -2  0  5  1 
 2  0 -3 -1 -3 -2  0  0  3 
   -5 -1 -3  0  0  2 -2 -2 
      -2 -1 -1 -1  0 -2    
         -2  0  0  0       

--- Sample #1287 | True: -7.195768356323242 | Pred: -9.635467529296875 ---
         -3 14 10  3       
      10 -8  0 -10  6  4    
   -4 18 11 10  5  6  5  0 
 0 11 14  9  4 -2  5  3  1 
 6  3  1 -1 -1  0  0  0  2 
    3  0  1  0  1  0 -3  4 
       1 -1  1  0 -3  2    
          0  0  2  0       

--- Sample #1288 | True: -4.191154479980469 | Pred: -7.2081756591796875 ---
          3  1  0 -2       
       5  0  0  2  4  4    
    4  2  0  3  2  1  3  2 
 8  3  2  1  1  3  3  0  3 
 5  4  2  1  1  2  4 -1  2 
    4  2  2  2  3  2  2  3 
       1  3  3  3  4  0    
          2  2  2  0       

--- Sample #1289 | True: -3.2363452911376953 | Pred: -5.054731369018555 ---
          4  3 -1 -5       
       2  0  0 -1  0  2    
    0  0  0  0  0  1  2  0 
 4  0  0 -2  1 -1  1  3  0 
 4  2  3 -1  0  0  3 -3  1 
    4  1  0  0  1  2  0  2 
       0  2  5  4  2  3    
          3  2  3  2       

--- Sample #1290 | True: -3.2363452911376953 | Pred: -4.454156875610352 ---
          0 -2  1  2       
       2  0  0 -1  0  3    
    2  2  0  0  1  2  0  0 
 3  0  2  0  1  1  2  0  0 
 1  0  0 -1  0  1  0 -3  0 
    0  1  0  0  0  0  0  4 
       0  0 -1  1  3  2    
         -3 -6 -2  1       

--- Sample #1291 | True: -5.617885589599609 | Pred: -7.372081756591797 ---
          1  4  0  3       
       2  0 -2 -14  2 -1    
   -1  1  0  1  2  0  0 -1 
 0  3  2  2  0  0  3  3  2 
 3  4  3  2  1  0  2 -2  0 
    4  3  4  3  1  4  2  4 
       1  4  5  5  4  1    
          1  6  6  4       

--- Sample #1292 | True: -3.455961227416992 | Pred: -5.382190704345703 ---
          3  6  1  4       
       6  0  0  2  3  7    
   -1  1  2  3  0  3  4 10 
 0  0  1  2  4  3  3  1  2 
 0  2  2  0  0  1  1 -2  0 
    0  0  2  0  1  0  1  2 
       1  0  0  2  0  0    
          1  0 -1  0       

--- Sample #1293 | True: -4.068845748901367 | Pred: -4.8162689208984375 ---
          5  0  0  0       
       1  2 -2 -1  0 -1    
    1  0  2  0  0  0  0  0 
 1 -1  0  0  1  0  0  0  0 
-1 -1  1  0  0 -1  2 -2  0 
    0  0  1  1  1  0  2  1 
       1  1  3  0 -1  2    
         -7 -1  0 -3       

--- Sample #1294 | True: -15.671154022216797 | Pred: -14.556751251220703 ---
         -5  0 -7 -5       
      -8  7  6  0  0 -9    
    0 10  7  0  2 -5 -1 -6 
-6  4  6  2  0 -16 -20 -12  5 
-6 -4  1  0  0 -2  0 -1 -10 
   -11  3  3  0 -5  0 -2 -2 
      10  4  1 -1  2 -2    
          2  4  0  2       

--- Sample #1295 | True: -17.39057731628418 | Pred: -15.587512969970703 ---
         -6 -3 -4 -3       
      -4  0 -9  0 -12  1    
    1  1 -2  0 -3 -3 -1  4 
-8 -10 -1  3  1  6 -1 -1 -2 
-5 -9 -2 -8  1  0  4 -1  5 
   -10 -7 -7  0  1 -1  6  7 
      -10  0 -6 -6  5  6    
         -12 -12  3  6       

--- Sample #1296 | True: -5.215961456298828 | Pred: -4.813068389892578 ---
          4  3 -11 -1       
       0  2  3 -10 -2  3    
    0  0  1  0 -1 -2  0  0 
 1  0  0  0  1 -1 -1  4 -2 
-3  0  0  0  0 -2 -1 -3 -4 
    0 -2  0 -1 -1 -2  0 -5 
      -3  0  0  0 -1  0    
         -4  2 -1  0       

--- Sample #1297 | True: -7.268077850341797 | Pred: -5.657890319824219 ---
          0  0 -18 -10       
       1  1  2  1  1  0    
    0  0  0 -1 -2  0 -4 -5 
-2 -1 -2 -1  0 -1 -1  0 -1 
 2 -1 -2 -1 -3 -2  0 -1 -1 
    2  0 -1 -2 -3 -2  0 -1 
       2 -1 -4 -1 -2 -1    
         -1 -4  2 -1       

--- Sample #1298 | True: -4.375770568847656 | Pred: -5.864641189575195 ---
          3  2  5  3       
       3  0  0 -1  0  2    
    0  2  0  0 -2 -1  0  0 
-1  2  0  0  0  0 -1  2  2 
 4  4  2  1  0  0 -1 -2  1 
    1  2  1  2  0 -1 -2  4 
       0  3  2 -1  0  1    
          1  1  4  0       

--- Sample #1299 | True: -4.625577926635742 | Pred: -5.032890319824219 ---
          2  0  0 -2       
       1  0  0 -3 -4 -5    
   -1  1  0  0  0 -4 -3  0 
 0  0 -1  0 -1 -1  0 -1  1 
-5  0  1  1  0  0  2 -2  1 
    0  2  1  3 -1  0  0  4 
       2  1  2  0  0  3    
          2  5  1  1       

--- Sample #1300 | True: -3.504232406616211 | Pred: -5.246248245239258 ---
          2  4  3  2       
       2  2  1 -1 -2 -3    
    5  3  0 -1 -1 -1 -2  1 
 1  5  3  1  1  0  0 -5  1 
 2  0  2  1  2  0  0 -2  5 
    2  1  1  1  2  0  3  2 
       0  1  0  1  0 -1    
          3  3  0  0       

--- Sample #1301 | True: -3.068269729614258 | Pred: -4.783456802368164 ---
          0  2  3  4       
       0  0  0 -2 -1  0    
    2  1  0  0 -1 -1  0  3 
 6  3  2  0  1  1  1  6  1 
 0  0  2  1  1  1 -1 -2  3 
    4  3  3  2  1  1  3  2 
       0  2  2  1  0  0    
          2  3  0  1       

--- Sample #1302 | True: -4.056346893310547 | Pred: -5.995126724243164 ---
          4  2  2  1       
       1  3  1  2  1  3    
   -3  2  2  1  0  1  0 -1 
-1  0  2  1  2  1  0 -9  1 
-3  0  1  3  3  0  0 -3 -2 
    2  2  3  2  3  1  0  0 
       4  1  0  5  3  1    
         -1  4  2  4       

--- Sample #1303 | True: -4.066154479980469 | Pred: -4.750066757202148 ---
          1  1  3  9       
       1 -1 -5  1  0  0    
    1  1  1  0  0  1  2  0 
 1  1  1  0  1  0  1 -19 -2 
 0  0  0  0  1  1  0  1  1 
    0  0  0  0  0  1  2  2 
       0 -2  0 -3  1 -1    
         -2  0 -4  1       

--- Sample #1304 | True: -3.7592315673828125 | Pred: -4.579151153564453 ---
         -2 -1 -1  2       
      -4  0 -1  1  0  0    
   -1  0  0 -1  0  0  2  0 
 1  0  0  0  0  0  1 -14  2 
 3  3 -3  1  0 -1 -2 -3  1 
    1  2  1  3  3  1  2  2 
       2  1  0  3  3  3    
          5  2  3  2       

--- Sample #1305 | True: -2.4482688903808594 | Pred: -4.822994232177734 ---
          2  2  3  8       
       3  1  2  5  2  2    
    1  4  2  2  3  5  0  2 
 0  3  3  2 -1 -1  2 20  2 
 3  1  2  3  0  0  0 -2  1 
   -2  0  2  3  0  1  0  2 
       0  0  2  1  2  1    
          2  1  3  6       

--- Sample #1306 | True: -3.278076171875 | Pred: -3.1760196685791016 ---
         -4 -4  2  2       
      -2  0 -3  0  0  1    
   -1  0  0 -2 -3 -1  1  5 
 0  0  0  0 -1  0  0 -4 -1 
 7  0  1  0 -1 -1  0 -1  1 
   -1  0  0  0 -1  0 -1 -1 
      -4 -2  0  0  0 -3    
         -2 -1  0  1       

--- Sample #1307 | True: -2.7130775451660156 | Pred: -4.536699295043945 ---
         -1 -4 -2 -3       
       1  1 -2  0 -3 -2    
   -2  1  1  0  0  1  3 -1 
-2  0  0  0  1  0  4 -8 -4 
 3  0  2  2  0  0  0  0  3 
    0  1  2  1  1  0  3  8 
       0  2  2  3  1  1    
          4  4  7  5       

--- Sample #1308 | True: -2.6280784606933594 | Pred: -4.8473052978515625 ---
          0  1  3  4       
      -6  0  0  3  2  1    
   -3  2  1  0  0  0  3  1 
 2  2  3  1  0  0  0 -3  0 
 0  2  1  2  1  1  0 -1 -2 
    0  0  1  0  1  0  0  1 
       1  0  1  3  2  1    
          4  3  3  1       

--- Sample #1309 | True: -5.436731338500977 | Pred: -6.734964370727539 ---
         -2  0  6  8       
      -3 -1  2  3  3  4    
   -4 -5 -1  0  1  1  0  3 
 0  0 -1  1  0  2  3  0 -10 
-5 -1 -4  1  1  3  1  5  4 
   -8 -1  2  0  3  0  0  2 
      17 -1  0  1  2  1    
         -5  4  6  4       

--- Sample #1310 | True: -5.86480712890625 | Pred: -6.884361267089844 ---
          1  3  7  0       
      -7  1  2  6  0 -2    
    2 -3  0  3  0  1 -4 -2 
 2  2 -2  0 -2  0  1 -4 -12 
-1 -1 -1  0 -2  0  4 -7  2 
    1  0  0 -1  1  2  1  2 
       1  0  2  4  3 -1    
          0  1  3  3       

--- Sample #1311 | True: -5.073844909667969 | Pred: -6.827972412109375 ---
          0  2  3  4       
       1  1  0  1  0  5    
    2  4  2  0  0  1  5  1 
 1  3  1  3  0  0  3  5  1 
 1  5  1  0  0  0  4 -2 -8 
    6  2  2  2  1  1 -8 -5 
       5  3  3  2 -7  1    
          5  5  6  1       

--- Sample #1312 | True: -3.2848072052001953 | Pred: -5.643827438354492 ---
          0  0  3  4       
      -2 -1  0  1  3  4    
    0  1  0 -1  0  3  3  4 
 1  0  1  1  0  2  3  0  4 
-6 -2  1  1  0  2  4  7 -1 
   -4  0  2  3  3  4  3 10 
       0  1  4  4  2  4    
          3  1  5  8       

--- Sample #1313 | True: -3.3400001525878906 | Pred: -3.808877944946289 ---
          0  1 -1  2       
      -1 -3  0  0  0 -1    
    0 -1 -1  0 -2 -2 -1  0 
 7  1  0  0  2  0  2  1 -1 
-5  0  1  0  0  1  0 -3 -7 
    0  3  0 -2  1  0 -2 -2 
       1  0  2  0 -1 -2    
          2  4  0  3       

--- Sample #1314 | True: -2.845001220703125 | Pred: -3.744447708129883 ---
          0  3  1  2       
       0 -2  0  1  1  0    
    0  1  0 -1  0  1  2 -1 
 1  1  1  0  0  0  0  1 -3 
 2  3  0  0  0  0  0 -2 -1 
    0  0  0  0 -1 -2 -1  0 
      -2  1  2  3  0  3    
          1  1  4  0       

--- Sample #1315 | True: -2.705577850341797 | Pred: -3.858470916748047 ---
          1  1  0  2       
       0  0  3  0  0  4    
    4  0  0  1 -1  0  3  0 
 4  0  1  1  1  0  1 -4  0 
-2  0  0  1  0  0  0 10 -7 
   -2  0  2  0 -1 -3  1 -5 
       0 -1  1  0  0  0    
         -3  2  0  1       

--- Sample #1316 | True: -2.115192413330078 | Pred: -3.958108901977539 ---
          1  0  3  2       
       1  0  1  2  0  1    
    3  2  0  0  0  0  2  2 
 1  3  0  0 -2 -2  3 -13  2 
 1  2  2  1  0  0  2  4  2 
    3  3  1  1  0 -2  0  4 
       0  0  2  0  1  5    
          1  4  1  1       

--- Sample #1317 | True: -2.1873092651367188 | Pred: -3.4955997467041016 ---
          0  1  2  8       
       0  0  0  2  2  3    
    0  2  1  0  2  1  1  1 
 0  1  1  2  1  0  0 -13 -2 
-1  1  0  2  1  1  0  0  0 
    2  2  1  0  0 -2  0  2 
       2  0  0  0  1  1    
          1  0  1  2       

--- Sample #1318 | True: -2.4494247436523438 | Pred: -2.25537109375 ---
         -1  0  2  2       
       0 -1  0  0 -1 -1    
   -1 -2  0  0  0  1  0  0 
 0  0  0  0 -1  0  0 -14  2 
 0  0  1  0  0  0  1 20  3 
   -1  1  0  1  0  1  0  2 
      -3 -2 -1  0  0 -1    
         -1  0  0  0       

--- Sample #1319 | True: -2.6201934814453125 | Pred: -3.5199832916259766 ---
          1  1  0  3       
       0  0  2  2  0  0    
   -1 -1  0  0  0  0  1  0 
-1  1 -1  0 -1  0  0 -13  2 
 1  1  1  0  0  0  1 12  4 
    2  2  0  0  0  1  0  1 
       3  0  0 -1  0  0    
          2  2  2  1       

--- Sample #1320 | True: -0.40288543701171875 | Pred: -3.211759567260742 ---
          0  3  4  4       
       1  2  1  0  2  2    
    1  2  1  1  0  0  3 -1 
 2  2  0  1  1  1  1  4  0 
 2  3  1  2  3  0  1 -3  0 
    1  2  2  2  1  1  3  2 
       1  2  1  1  1  3    
          0  3  1  2       

--- Sample #1321 | True: -1.5478858947753906 | Pred: -1.5413742065429688 ---
          0  0  1  1       
      -1  0 -1  0 -2  0    
   -1  0  0 -2 -1  0  3  0 
-1  0 -2  0  0  0  0  0  0 
-27  0  0  0  0  0 -1 -2  2 
   -2  0  0  0  0  0  0  4 
       0  0  0 -3  0  2    
          3  1 -2  2       

--- Sample #1322 | True: -0.28903961181640625 | Pred: -2.861614227294922 ---
          3  1  1  3       
       2  0  0  0  1  4    
    0  2  2  0  0  1  2  0 
 5  3  2  0  0  0  0  1  0 
 8  7  4  2  0  1 -2 -2  1 
    5  4  3  1  1  0  2  2 
       4  4  2  0 -2  5    
          2  2  0  2       

--- Sample #1323 | True: -0.1061553955078125 | Pred: -1.8634529113769531 ---
          1  0  3  2       
       0  0  0  0  0 -1    
   -1  0  0  0  0  0  1 -2 
 3  1  0  1  0  0  2  1 -1 
 0  0  0  1  0  2  0 -2  0 
    2  1  1  1  1  0  1  2 
       2  0  1  0  1  0    
          2  1  1  2       

--- Sample #1324 | True: -0.07596206665039062 | Pred: -1.35186767578125 ---
          2  1  1  1       
       0  0 -2 -1  0  0    
    1  3  1  0 -1  0  0  1 
 4  4  2  0  0 -1  0  0 -1 
 3  2  1  2  0 -1 -1 -2 -1 
    0  0  0  0  0  1  2  0 
       0  0  0  1  0  2    
          0  0  1  2       

--- Sample #1325 | True: -0.7561531066894531 | Pred: -2.0647506713867188 ---
          1  1  4  3       
       0 -3  0  1  1  2    
    1  2 -2  0  0  0  1  2 
 4  0  1  0  0  1  0  2  0 
 4  1  0  0  1  0 -2  5 -1 
    0  0  0  1  1  0  1  3 
       2  0  1  1  1 -1    
          0  0  3  5       

--- Sample #1326 | True: -1.3178863525390625 | Pred: -2.432086944580078 ---
          2  3 -2  1       
       3  2  1  0 -3 -4    
    1  1  1 -1 -3 -1  0 -2 
 3  1  1  0  0 -1  0  1  0 
 3  1  0  1  0  0  1 -6  1 
    1  0  0  1  1  0  0 -2 
      -2 -1  0 -1 -1  0    
          1  2  0  1       

--- Sample #1327 | True: -0.5284614562988281 | Pred: -3.466815948486328 ---
          3  2  3  4       
       1  2  3  4  3  2    
   -2  1  2  1  0  2  4  3 
 3  1  0  1  2 -1  5  3  0 
 3  2  2  2  2  0  0 -2  0 
    0  0  0  3  2  1  2  2 
       4  1  1  1  1  1    
          0  4  0  1       

--- Sample #1328 | True: -0.9269256591796875 | Pred: -1.9158439636230469 ---
          1 -2  3 -1       
       0  1 -1  0 -3 -1    
    0  1 -1  0 -3  0 -1 -3 
 3  0  2  0  0  0  1 -2  0 
 3 -1  1  0  0  0 -2  1  0 
    0  1  0  1  0 -1  0  0 
       1  3  1  2  2  1    
          0 -1  3  4       

--- Sample #1329 | True: 0.002117156982421875 | Pred: -2.61297607421875 ---
          4  4  5  2       
       1  1  1  2  1  2    
    0  1 -1  0  0  1  2  2 
 3  2  1  0  1  0 -1  5  2 
 3  4  2  0  1  1  0 -4  3 
    3  1  0  0  0  0  3  2 
       1  0  2  1  0  2    
          2  4  3  2       

--- Sample #1330 | True: -4.26788330078125 | Pred: -4.968498229980469 ---
          4  3  4 -2       
       0  1  0  3 -2  0    
    2  1  0 -2 -1  0  3  2 
 4  0 -1 -1 -3 -4  1  4  3 
 0  0  0  0 -2 -1 -2 -4  2 
   -1  0  0  0  0  0  0  0 
       1  0 -1  1  3  3    
          0  0  2  4       

--- Sample #1331 | True: -3.6799983978271484 | Pred: -4.756168365478516 ---
          4  5  0  3       
       1  1  0 -1 -1  0    
    1  0  1  1  0  2  3  0 
 3  2  0  0 -1 -3  1  2  3 
 1  0  0  0  0 -2  0  9 -1 
    4  0  0 -1 -1  0  0  3 
       0  0  0  0  0  0    
         -2  1  1  2       

--- Sample #1332 | True: -5.544036865234375 | Pred: -4.496526718139648 ---
         -1  1 -4 -3       
      -1  0 -2 -3 -6 -1    
    0 -1 -1 -2 -4 -4 -4  0 
 0 -1 -1  0  0 -4 -1 -1 -1 
 0  1 -2 -1 -4 -4  0 -10 -2 
    0  0  0 -1 -1  0  0 -2 
       0 -1 -3 -1  0  0    
          0  0  2  5       

--- Sample #1333 | True: -3.3253841400146484 | Pred: -6.31035041809082 ---
          4  4  2  4       
       2  2  2  1  2  4    
    2  4  2  4  2  2  3  0 
 9  3  3  1  1  2  2 -1  0 
 6  1  2  0  0 -3 -1  5  0 
    1  2  2  0  1 -2  2  3 
       1  1  1  2  4  1    
          0  4  6 10       

--- Sample #1334 | True: -4.206539154052734 | Pred: -4.592205047607422 ---
          0 -1 -2  0       
      -2  0  0 -1 -4  1    
   -2  1  1  0  1 -3 -1 -1 
 1 -2  1  1  1 -4  2  3  1 
 1  0  0  0 -1 -6 -5 -7  0 
    0  1  1  2  0 -2 -4  1 
       1  1  1  0  0  2    
         -1  1  3  3       

--- Sample #1335 | True: -5.23826789855957 | Pred: -5.234539031982422 ---
         -3  0  0 -3       
       0  0 -2  0 -2  0    
   -2  0  0 -2 -1 -3  0 -1 
 1  1  0  1 -3 -1  0  6  0 
 0  1 -2  0 -2 -4 -3 -2  1 
   -2  0  1  0  1  0  0  2 
      -1  0  0  0  1  3    
         -5  2  2  3       

--- Sample #1336 | True: -4.130193710327148 | Pred: -4.921337127685547 ---
          4  1  3  0       
       5  3  3  0  0  0    
    3  3  1  0 -1  0  1  4 
 2  1  2 -3 -3 -4 -2 -8  4 
 1  2  0  0 -3 -3 -4  5  2 
    0  2  0 -2  0  0  0  3 
       1 -1  0  1  1  1    
          0  0  2  3       

--- Sample #1337 | True: -3.6640377044677734 | Pred: -5.099889755249023 ---
         -1  3  2  3       
       0  0 -2  0 -3  2    
    0  1  1  0  0  0  2  2 
 2  1  0 -1  1  2  0  1  1 
 0  1  1  1 -3  0  0 22  0 
    2  1  2  1 -1  0  2  3 
       0  0  1  1  0  2    
          2  2  3  3       

--- Sample #1338 | True: -5.604806900024414 | Pred: -5.225639343261719 ---
          0 -1  0  2       
       0  0  0 -1 -3 -2    
    0  0  0  0 -1 -6 -4 -2 
 0  0 -1 -5 -3 -5 -9 -1 -3 
-3  2  0 -2  0 -1 -2 -9 -2 
   -1  0  0  0 -3 -2 -1 -1 
       0  0  2  0 -1  0    
          0  3  1  1       

--- Sample #1339 | True: -4.4384613037109375 | Pred: -5.877422332763672 ---
          2  0  2  2       
       0  0  2  1  0  1    
    0  0  0 -1  0  0  3  4 
 4  1  0  0  1  0  0  2  4 
 2  2  2  1  0 -1  3 -4  1 
    1  1  1  0  2  0  1  1 
       8  0  0  2  1  0    
          0  1  4  2       

--- Sample #1340 | True: -4.514614105224609 | Pred: -5.101657867431641 ---
          2  0  2 -1       
       3  2  2  3  0  2    
   -1  2  0  0  0 -3  0  1 
 3  2 -1 -1 -13 -10  0  7  1 
 0 -1 -2  0 -3 -2 -1  4  0 
    6  0  0  0 -1 -1  0  2 
       0  0  0  0  0  1    
          1  0  0  3       

--- Sample #1341 | True: -3.8621139526367188 | Pred: -5.075214385986328 ---
          0  2 -3 -2       
       2  0  0 -2 -6  0    
   -1  1  1  1  2 -3  2  0 
 4  3  2  1  5  5  2  0  1 
-2 -2  1  0  2  0  2 11  0 
    0  1  2  3  1  0  1  1 
       1  0  1  0  0  2    
         -1  0  4  3       

--- Sample #1342 | True: -0.038845062255859375 | Pred: -1.1577949523925781 ---
          1  1  2  2       
       2  1  1  1  0  0    
    0  0  2  0  0  0  0  0 
 1  0  0  1  0  0  1  0  0 
 5  1  0  1  1  0  0 -4  3 
    0  1  0  1  0  0  1  0 
       0  0 -1  0 -1  1    
          1  1  2  0       

--- Sample #1343 | True: -0.4103851318359375 | Pred: -2.655261993408203 ---
          1  2  4  5       
       1  1  1  1  0  1    
    1  2  1  0  0  1  2  1 
 0  1  2  1  1  0  2  0  1 
 1  3  1  1  0  0  1 -2  1 
    0  1  2  1  0  0  3  1 
       0  0  0  2  1  3    
          0  0  2  4       

--- Sample #1344 | True: -5.443462371826172 | Pred: -4.214557647705078 ---
         -2 -1  1  0       
      -2  0 -1  0 -3 -13    
    0  0 -1  0 -4 -3 -3 -9 
-1 -2  0  0  0 -1  0  0 -1 
 0 -1  0 -2  0  0  0 -2 -4 
   -2 -2 -1 -1 -3 -2 -1 -3 
      -4 -2 -1  0  0  0    
          0 -2  0  0       

--- Sample #1345 | True: -6.868268966674805 | Pred: -5.708383560180664 ---
         -21 -15 -19 -8       
       1  1  1  2  1 -10    
   -4  0  1  0 -2  1  3 -11 
-4  0 -1  0  1  0  0  4  2 
 4  0  0  0  1  1  1 -1 -3 
    0  0  1  0 -1  0  0  0 
       1  0 -1  1 -1 -2    
          1 -1  0  1       

--- Sample #1346 | True: -4.662883758544922 | Pred: -4.309385299682617 ---
          2 -2  0 -2       
      -6 -4  0 -1 -2 -2    
    0 -3 -2 -5 -4 -3  1  1 
 3  0  0  0  0 -1  0  1  0 
 0  0  0  1  0 -1  0 -4  0 
   -3  0  0 -1 -1 -1 -2 -5 
      -4  0 -1  0 -1 -1    
          2  0  1  1       

--- Sample #1347 | True: -8.454229354858398 | Pred: -6.228675842285156 ---
         -3 -2 -1 -3       
      -7 -3 -2 -3  0  0    
   -4  0  0 -2 -1  0 -3  0 
 0 -2  0 -2 -2 -1 -3 -10 -2 
-7 -2 -1 -1 -4 -2 -3 -2 -7 
   -2 -3  0 -2 -3 -2 -1 -2 
      -10 -2 -3 -3 -6 -4    
         -4 -3 -3 -4       

--- Sample #1348 | True: -1.5409622192382812 | Pred: -1.1056137084960938 ---
         -1 -1 -2 -6       
       0  0 -2  0 -1 -1    
    4 -1 -1 -1 -1 -2  0 -9 
 3  2  0  1  0  1 -1  0 -1 
 3  1  0  0 -2 -1 -5 -2 -3 
   -1  0  0 -1 -1 -2  0  0 
       0  0  0  0  0 -1    
         -1  1 -1  0       

--- Sample #1349 | True: -2.0055770874023438 | Pred: -3.487337112426758 ---
          3  0  3  3       
       0  0  0  3  1  6    
    0  0  0  0  1  0  1 -26 
 3  1  0  0  1  0  1 -8 -2 
 1  1  0  0  1  1  0 -2 -1 
    1  1  1  1  0  1  1  3 
       0  2  3  1  2  1    
          0  2  4  2       

--- Sample #1350 | True: -3.3380775451660156 | Pred: -2.9442901611328125 ---
         -1  1  0 -1       
       0 -4 -5 -2 -2  1    
    0 -3 -1 -3 -2  0  3  4 
 3  0 -2 -2 -4 -3  0  5 -11 
 2  2  0  0  0  0  0  1  2 
   -1  0  1  1  1  0 -3 -2 
       1  2  3  3  0  0    
          2  3  1  4       

--- Sample #1351 | True: -2.1340370178222656 | Pred: -5.567047119140625 ---
          6  2  1  2       
       5  3  4  4  1  3    
    2  3  3  5  4  1  4 -23 
 3  1  6  2  4  2  6  1 -5 
 2  1  2  1  2  1  3 -4  1 
    0  0  1  2  2  1  4  3 
       1  2  2  3  2  3    
          3  3  3  2       

--- Sample #1352 | True: -1.5696144104003906 | Pred: -2.8048133850097656 ---
         -2  0  3  4       
       2  0  0  1  1  4    
    2  0  1  0  0  2  3  4 
 0  0  0  2  0  0  0  2  1 
 4  2  2  0  0  0 -1  1  0 
   -2  0  1  1  1 -1  1  1 
       2  2  4  3  0  0    
          0  3  1  3       

--- Sample #1353 | True: -1.9590377807617188 | Pred: -2.3403282165527344 ---
          1  1  1  1       
      -1  0  0  0  0  0    
   -1 -1  0  0 -1  0  0  0 
 1  0  0 -5  0  2  0  0 -1 
 2  0  0  0  1  1  0 -2  0 
    1  0 -1  0  0  0  0  0 
       0  0  0  0  0 -1    
          0  0  0  0       

--- Sample #1354 | True: -3.5207691192626953 | Pred: -2.718303680419922 ---
         -1  0  0  2       
      -2  0 -1  0  0  0    
   -4  0  0 -2 -1  0 -1  0 
 0 -2 -1  0  0 -1 -1  2 -3 
-4 -1 -2 -1 -2 -1  0  1  0 
   -3 -2 -2  0 -2  0  0 -1 
      -2  0  0  1  0  0    
         -2 -2  0 -2       

--- Sample #1355 | True: -5.008268356323242 | Pred: -4.6866302490234375 ---
          0 -3  0  2       
      -1  0 -1  0  0  0    
    0  0  0 -1 -3  0 -1 -2 
 0  0  0  0  0 -1 -2  0 -1 
 0 -1  0 -1 -1  0 -3 -4 -1 
    0  0 -1 -2  0  1 -1  0 
       0  0 -1 -1  0  0    
          1  0  0 -1       

--- Sample #1356 | True: -5.4626922607421875 | Pred: -5.827632904052734 ---
          1  0  0  3       
      -4  0  0  1  0  1    
   -1  0  0  0 -1  0  0  0 
 4  0  0 -2  0  0  0  2  0 
 0  0 -3 -1  0  0  0 -2  0 
    0 -2 -1  0 -1  0  0  0 
      -1 -1 -1 -1  0 -1    
          1  0  0  0       

--- Sample #1357 | True: -3.221731185913086 | Pred: -5.908473968505859 ---
          2  0  4  1       
       6  2  0  1  2  1    
    4  6  4  1  1  1  1 -1 
 4  4  3  3  1  1  0  2 -1 
 6  3  1  0  3  0 -1 -2  0 
    3  2  3  4  2  0  3  0 
       2  1  3  2  1  1    
          4  2  1  4       

--- Sample #1358 | True: -2.4775009155273438 | Pred: -4.639856338500977 ---
          2 -1  0  1       
       0  1  3  4  2  0    
    1  2  3  1  1  3  1  2 
 4  0  0  1  1  2  2  4  0 
 0  0  0  2  1  2  0 -2  2 
    0  0  1  2  1  1  1  2 
       0  0  2  0  0  0    
          0  0  0  0       

--- Sample #1359 | True: -2.7571144104003906 | Pred: -3.497446060180664 ---
          1  0  1  2       
       0  0  0  0  0  1    
    0  1  1  0 -2  0  0  0 
-1  0  0  0  1  0 -1  2 -1 
 0  0  0  1  2  0 -5 -3  0 
    0  0  1  1  0  0 -1  0 
       0 -2  1  2  0  0    
          2  3  1 -1       

--- Sample #1360 | True: -3.6115379333496094 | Pred: -4.329164505004883 ---
          0 -2  0  1       
       0 -2 -1 -3  0  1    
   -3 -2  0  0 -1 -2  0 -1 
 0  0  0  0  1 -1 -1  3  2 
 2  0 -1  0  1  0  1 -18 -2 
    1  0  0  0  2  0 -1  1 
       2  0  1  1  1 -1    
          1  1  1  2       

--- Sample #1361 | True: -6.069231033325195 | Pred: -6.554769515991211 ---
         -2 -3 -1 -3       
      -1  0  1 -2 -3  0    
    0 -2 -1  1  0  0  0 -2 
 0 -1  0  1  0 -2  1  4 -4 
 0 -3 -1  0  1  0  3 -1 -1 
    1  1  0  0  0  0  1  0 
       0  1  0  0  2 -3    
          2  1 -2 -2       

--- Sample #1362 | True: -7.224422454833984 | Pred: -6.884828567504883 ---
          0 -1 -5 -5       
       0  0  0  0 -1 -2    
   -1  1  2  0 -2 -1  0 -5 
 0  2  1  0 -1 -1 -2 -9 -2 
-4  1  0  0  0  1  0  0  0 
   -10  3  2  0  1  1  0  1 
       4  2 -1 -1  0  1    
         -4  0  0 -1       

--- Sample #1363 | True: -9.972116470336914 | Pred: -7.171701431274414 ---
         -6  1 -4  0       
      -7 -3  0  0  0  2    
   -1 -2  0 -2  0 -2  2 -2 
-3 -6  2  0 -4 -1  0  5 -1 
-6 -10 -1 -7  0  0  1 -3  0 
   -8 -1  0 -13 -3  0  0 -4 
      -5 -6 -8 -2  0 -5    
         -11 -9 -1 -9       

--- Sample #1364 | True: -1.7971153259277344 | Pred: -2.6797561645507812 ---
          1  3  2  2       
       3  0  0  1  0  0    
   -1  2  0 -1  3  1 -2  2 
 0  0  1 -1  3  1  0  1 -1 
 0  0  1  0 -1 -1  0  2  2 
    2  0  0 -1 -1 -1  0  1 
      -1  0 -5 -1 -2  0    
          0  2  0  5       

--- Sample #1365 | True: -5.859037399291992 | Pred: -3.6831703186035156 ---
         -2 -2 -2  0       
      -4 -2 -1 -3 -2 -2    
   -2  0 -2 -4 -3 -4  0  2 
-5 -1 -3 -3 -2 -2 -1  0 -2 
-10 -1 -2 -2 -1  0 -3 -6 -8 
   -13 -1  0 -4 -2 -5  0 -1 
      -2 -12  0 -2  0 -2    
          0 -1  0  0       

--- Sample #1366 | True: -20.729230880737305 | Pred: -16.757457733154297 ---
         -1 -3 -2 -4       
      -1 -2 -3 -2 -5 -7    
    0 -1  8 -3 -6 -5 -7 -14 
-2 -2 -4 -5 -12 -12  6  0 -12 
 9  5  2 -2  0  0  1 -5 -10 
    1  0 -2  0  0  0  0 -5 
       0 -4 -1  0 -1 -2    
          1  0  0 -1       

--- Sample #1367 | True: -21.227115631103516 | Pred: -17.4771728515625 ---
         -3 -5 -3 -3       
      -4 -5 -5  0 -5 -6    
   -2 -5 -7 -5 -5 -7 -7 -10 
-4 -4 -4 -2 -5 -12 -8 13 -2 
10  4  1 -5  0 -12 -6 -2 12 
    2  0  0  0  5 -24  4 -11 
       1  0  1 -4  0  3    
          5  2  5  8       

--- Sample #1368 | True: -19.429039001464844 | Pred: -19.922239303588867 ---
          1  0  0  0       
       1  0  0  0 -1  0    
    2  1  1  0  0  5 -2  9 
-3 -2  0 -1  5 12 23  3  5 
-17  0 -5  4  5  6  6  6  1 
   -1  1  5  5  8  8  4  0 
       2  0  8  5  5  2    
          1  1  5  2       

--- Sample #1369 | True: -20.44442367553711 | Pred: -17.44333267211914 ---
          1  0  1  0       
       0  0  0  0 -1 -3    
    2  0  0  0 -3 -4 -5 -5 
 0  0 -1 -1  2 -1  4 -1 -18 
 2 -1  0  0  1  1  2 -5  0 
    2 -11 -3 -2  0 -2 -1 -1 
      -2 -2 -2 -2 -2 -1    
          1  0  0 -3       

--- Sample #1370 | True: -19.381731033325195 | Pred: -17.563982009887695 ---
         -1 -3 -1 -2       
      -1  8 -3 -2 -4 -4    
    0  6 14 -3 -6 -6 -5  3 
-2 -2 -2  2  7  5 11  2 -5 
-6 -1  0 -3 -2 -1 -2 -3  0 
    3  1 -2 -3 -5 -3 -2 -5 
       0 -5 -1  0 -1 -1    
         -1  0  0  0       

--- Sample #1371 | True: -19.72576904296875 | Pred: -15.471843719482422 ---
         -2 -4 -1 -2       
      -4 -7 -5 -3 -6 -5    
   -1 -5 -7 -6 -7 -9 -7 -1 
-2 -3 -4 -6  3  4  4 -4 -7 
 5 -3  5  0 -1  0  0  9 -3 
    2  0 -4  0  0 -3 -3  0 
       0 -1 -2  1 -1 -3    
          1  0  0  0       

--- Sample #1372 | True: -21.560192108154297 | Pred: -19.012531280517578 ---
         -2 -3 -1  0       
      -3 -3 -2 -1 -3 -5    
    0 -1 -2 -1 -1 -3 -7  0 
 2  1  0  4 -4  7 -3 20  0 
 1  2  1  0 -1 -1 -7 -1  0 
   -3  3  2  2  1  1  1 -2 
      -1  1  4  2  2 -7    
          1 -1  1 -3       

--- Sample #1373 | True: -21.413076400756836 | Pred: -21.43415069580078 ---
          0  0  2 13       
      -1 -1  0  4  0 -2    
   -1  0  0  2  2  1 -3 -12 
-3 -3 -3 -3 -5 -9 -6 -2  2 
14  7  3  0 -4 -2  0 27  9 
    9  3  6  1  8 -3  9 -17 
       1  2  3  9  1  7    
          6  4 11 12       

--- Sample #1374 | True: -22.87615394592285 | Pred: -21.692951202392578 ---
          2  1  3  3       
       1  0  0  1  1  2    
    2  2  0 -1 -1 -2  0  4 
-3 -1 -1 -1  0  0  0  7 18 
-1  0  0  0  1  7  4 -1  7 
   -10 -2  0  3  2  0 -1  2 
      -2  0 -1 -5 -4 -11    
          0 -8  0  0       

--- Sample #1375 | True: -22.62288475036621 | Pred: -23.115100860595703 ---
          2  0  3  2       
       2  1  1  3  1  0    
    3  3  3  3  4  1 -1 -9 
 0  2  2  2  3  6  0  2  2 
 7  7  6 11  5  8  7 -2  5 
    2  1 10 11  8  9  6  6 
       2  5 12 12  9  2    
         -2  2 -1  3       

--- Sample #1376 | True: -22.342498779296875 | Pred: -23.09300994873047 ---
          3  2  4  4       
       3  1  0  1  0  1    
    3  4  2  2  1  0  0  6 
 0  1  1  3  3  8  0  3 16 
 5  8  9  2  0  6  0  1  5 
    1  5  8  7  2  5  3  3 
       6 10  7  5  2  1    
          0  2  1  0       

--- Sample #1377 | True: -22.4628849029541 | Pred: -22.94561004638672 ---
          2  1  3  2       
       2  1  1  2  1 -1    
    2  3  2  3  2  1 -1 -8 
-1  1  2  3  1 -4 -3  9  6 
 1  3  8  8  4  6  5 -3  2 
    1  4  7  9  6  7  3  3 
       5  6  8  8 -4 -5    
          8  7  0  3       

--- Sample #1378 | True: -0.71173095703125 | Pred: -2.4043426513671875 ---
          1  1  1  2       
       1  2  0  4  1  3    
    0  1  0  0  0 -2  1  3 
 0  0  0  0  0 -1  1  0  0 
 3  1  1  0  0  0 -1 -2  2 
    1  1  0  0  1  0  3  0 
       2  0  1  2 -2  3    
          3  1  2  4       

--- Sample #1379 | True: -1.3359603881835938 | Pred: -1.839599609375 ---
          1  1  0  1       
       1  0  0  0 -1  0    
    0  0  0  0 -1 -3  1  0 
 0 -1  0  0  1 -1  0 -3  1 
-1  1  0  1  0 -1 -2 -2  2 
    0 -1  0  0 -3 -2  0 -2 
       0  0  1  0  0  0    
          0  1  0  0       

--- Sample #1380 | True: -11.571538925170898 | Pred: -10.15634536743164 ---
          7  3  3  9       
       0 -4  1 -6 -17  5    
    4  3 -3 -2 -17 -22 -2  2 
-10  1  4  0  1  0  2 -13  4 
-5 -8 -12  0  0  2 -1 -1  7 
   -9 -18  0  2  0  0 -2  9 
       1  2  2  2  0  0    
          2  2  4  5       

--- Sample #1381 | True: -8.058076858520508 | Pred: -12.922143936157227 ---
          6  7  8 10       
       6  7 10 11  3 10    
    3  2  4 10 11  8  3  3 
 8  7  3  1  3  4  7  5  7 
-2 -6  5  2  6  4  6 -3  2 
   -4  1  8  1  0  2  4  4 
      -11  8  8  3  2  3    
         -3  8  4  8       

--- Sample #1382 | True: -2.5609588623046875 | Pred: -3.15618896484375 ---
         -6 -22 -4 -4       
       0  1 -2  0  0  0    
   -3  3  0 -1  0 -2  0 -5 
 4  1  1  1  0  0  0 -1  2 
 1  2  1  1  1  2  0 -2  0 
    0  1  1  0  2  0  1  2 
       0 -1 -2  0  0  6    
          0 -2  0 -3       

--- Sample #1383 | True: -1.3119239807128906 | Pred: -5.067607879638672 ---
          3  5  5  2       
       5  2  1  3  1  4    
    3  3  3  1  1  0  0  3 
 4  1  1  0  2  0  0  2  6 
 6  4  0  0  1  1  2 -3  0 
    6  1  0  0  0  0  3  4 
       2  1  1  1  1  3    
          6  3  1  3       

--- Sample #1384 | True: -4.729999542236328 | Pred: -4.260223388671875 ---
          0  0 -3  2       
       0 -1 -2 -2 -4 -11    
   -2 -3 -4  0 -2 -3 -7 -6 
 1  0 -1 -2  0 -4  1  0  0 
 4  2  0  0  0  0  1 -3  0 
   -1 -3 -3  0 -4  0 -3  0 
       2  1  2  0 -2  1    
          0  3  2  3       

--- Sample #1385 | True: -2.5550003051757812 | Pred: -5.696718215942383 ---
          5  4  4  2       
       4  3  3  3  5  5    
    4  3  2  0  1  2  3  3 
 6  6  3  2  0  0  2  3  6 
 3  0  3  2  1  0  2 -2  0 
   -1  1  2  1  0  3  0  4 
       1  1  1  1  2  2    
          4  3  1  4       

--- Sample #1386 | True: -2.8180770874023438 | Pred: -4.508039474487305 ---
          6  5  6  4       
       4  3  3  2  3  2    
    1  2  3  0  0  2  5  2 
-4  1  0  2  0  0  4  9  2 
-6  0  0  0  0  0  1  7  2 
   -1  0  2 -1  2  1  0  1 
      -5 -1 -1  1  1  6    
         -1  0  0 -4       

--- Sample #1387 | True: -7.094615936279297 | Pred: -3.5069522857666016 ---
         -2 -7 -9 -4       
      -1 -2 -6 -1 -7 -10    
   -11 -2 -2 -2 -3 -5 -6 -8 
-11 -3  0  0 -1 -1  0 -22 -11 
-4 -2  0  0  0  0  0 -9 -4 
   -4 -1  0  0 -4 -2 -6 -6 
       0 -1 -1 -2 -3 -4    
         -6 -9 -2 -6       

--- Sample #1388 | True: -11.169231414794922 | Pred: -5.488746643066406 ---
         -7  4 -1 -13       
      -6 -1  0 -3 -3 -3    
   -9  0 -1 -1 -5  0  1 -3 
-12 -2 -1 -6 -5 -2  0  1 -2 
-5 -12 -2 -3 -4 -4  0 -2  2 
   -11  1  1  0 -3 -2 -4 -14 
       3  0 -5 -18  0 -11    
         -20 -16 -10 -6       

--- Sample #1389 | True: -5.672693252563477 | Pred: -3.8257789611816406 ---
          0  0 -2  0       
      -3  0  0 -2 -1 -1    
   -5  0  1 -2 -4  0 -1 -5 
-9 -4  0 -1 -2  1  0 -16 -6 
-6 -3 -3  0 -3 -1  0  0 -6 
   -3 -3 -4  0  0  0  2 -4 
      -8 -8 -3  1  2 -1    
         -5 -5 -3  0       

--- Sample #1390 | True: -8.497499465942383 | Pred: -6.405170440673828 ---
         -4 -3  0  0       
      -5 -3 -2  1  0 -2    
   -5  0 -5 -2 -4 -2 -3 -4 
-4  0  0 -2 -5 -2  0 -12 -5 
 0  2  1 -1 -1 -2 -1 -3 -3 
   -4  0 -6 -2  0 -1 -1  0 
      -3 -4 -1 -3  0 -2    
         -14 -3  1 -1       

--- Sample #1391 | True: -4.833269119262695 | Pred: -7.991291046142578 ---
          6  7  7  9       
       2  1  4  4  2 10    
    0 -1  0  2  0 -1  3  7 
 7  4  0  0  2  2  1 -9  5 
 5  4  2  2  3  2  5  1  5 
    9  3  5  6  6  3  1  0 
       5  5  7  5  1  2    
          4 -2  6  2       

--- Sample #1392 | True: -1.705963134765625 | Pred: -3.2315235137939453 ---
          0  1  1  4       
       0  1  2  0  1  0    
    0  1  1  1  0  1  1  0 
-1  0  0  0  1  0  1 -14  1 
 1  0  2  1  1  0  0  1  0 
    1  1  2  1  1  0  1  2 
       0  0  0  0  0  1    
          2  3  2  0       

--- Sample #1393 | True: -1.8940391540527344 | Pred: -2.9987869262695312 ---
          0  1  3 -2       
       0  1  0  0  0  0    
    0  0  0  1  0  0  1  0 
 1  0  1  0  1  1  1 -12 -1 
 1  2  1  0  1  0  0 -2  1 
    0  0  1  1  0  1  1  0 
      -1  0  0  0  1  0    
          0  1  0  0       

--- Sample #1394 | True: -2.221729278564453 | Pred: -4.921960830688477 ---
          6  8  5  3       
       3  3  3  3  0  3    
    3  1  2  1  1  0  3  3 
 4  2  2  2  1  2  1  3  0 
 2  1  2  1  1  1  1 -2  4 
    1  1  2  3  0  2  3  2 
       3  1  1  2  3  0    
          3  0  3  3       

--- Sample #1395 | True: -3.5615386962890625 | Pred: -3.3747940063476562 ---
         -1  0 -6 -7       
       0  0 -1  0 -2  0    
   -4  0  0 -1 -1  0  1 -5 
-2  0  1  0  0  0  0  0 -1 
 0  0  1  0  0  0 -1 -3 -3 
   -1  1  0  0  0  1  0 -3 
       3  0  0  0  0  0    
         -2  2  0 -1       

--- Sample #1396 | True: -2.8861541748046875 | Pred: -4.403238296508789 ---
          0  2  2  3       
      -1  0  0 -2  0  2    
   -1  1  1  1  0  0  1  0 
 0  0  2  2  2  0  0  6  0 
 2  3  2  1  0  0  0 -3 -1 
    0  0  1  1  0  0  3  1 
       0  1  1  1  2  1    
          2  2  2  2       

--- Sample #1397 | True: -12.15250015258789 | Pred: -10.89923095703125 ---
         -4  4  4  7       
      -2 -6  0  5  4 13    
   -7 -2 -9 -3  0  0  2  0 
-3 -2 -6 -8 -5 -4 -1  1  6 
-1  0  4 -1  0 -2 -2 -3 -2 
    2  4 -2  0  0 -4 -2 -4 
       1  0  0 -3  0  2    
         -6  3 -3 -10       

--- Sample #1398 | True: -2.282501220703125 | Pred: -11.085075378417969 ---
         16 14  8 10       
      15 13 11 10  7  7    
    9 10 11  6  6  7  9  4 
12  7  9  9  5  2  6 13  6 
14 12  9  7  7  6  5 -1  9 
   13 10  9  8  9  8  5  8 
       9 10 10  9  8  5    
         17 10  8  9       

--- Sample #1399 | True: -0.8894233703613281 | Pred: -3.341123580932617 ---
         -3  1  3  5       
       8  1  2  3  0  2    
   -1  2  1  2  0  2  5  2 
 3  3  4  3  1  0  1  5  1 
 3  2  4  2  0  1  1 -2 -2 
    3  2  1  0  1  0  1  1 
       2  2  1 -1 -2  4    
          0  1  0  3       

--- Sample #1400 | True: -15.491922378540039 | Pred: -11.338489532470703 ---
         -7  1 -5  6       
      -14 -6 -8 -3 -3 -1    
   -3 -11 -12 -14  0 -1 -1 -2 
-8 -12  2 -2  0 -1  1 -3  0 
-5 -2  2 -6 -5 -1 -3 -3  2 
    3  0 -3 -1 -3 -9 -4 -3 
      -5 -3 -3  0  0 -6    
         -2 -1  0 -1       

--- Sample #1401 | True: -3.5642318725585938 | Pred: -12.59483528137207 ---
         15 14 14 11       
      19 11 15 14 10 13    
   11  9 14 11 11 10  9 10 
11 11  8 11  9  7 10  5  7 
 8  7 10 10  7  7  1 -4  8 
   12  7 10  8  8  6  9  6 
      12  9  7  9  8  7    
         12 12 10 10       

--- Sample #1402 | True: -1.5882682800292969 | Pred: -4.752937316894531 ---
          4  4  6  6       
       6  3  1  3  3  7    
    8  5  5  0  1  1  0  0 
16  8  4  3  0  2  0  1  0 
 5  4  4  3  3  3  0 -2  1 
    3  2  2  2  0  0 -2 -1 
       4  0  0  0  0  0    
          0  0  3  1       

--- Sample #1403 | True: -1.8053855895996094 | Pred: -2.062732696533203 ---
          1  0 -1 -1       
       0 -1  0 -3 -1  1    
    1  0  1  0  0  0  0  0 
-2  0  0 -2  1  0  1  0 -1 
-2  0  0  0  0  0 -2 -6  1 
    0  0  0  0  0  0 -2 -2 
       1 -1  1  1  3 -1    
         -1  1  1  1       

--- Sample #1404 | True: -1.6046142578125 | Pred: -3.770589828491211 ---
          2  4 -7  3       
       3  1  0  0  0  0    
    1  3  2  1 -1  0  0  4 
 0  1  1  1  1  0  0  4  0 
 3  1  1  2  3  1  1 -3  2 
    1  2  2  4  2  2  5  3 
       0  3  2  0  3  2    
          0  1  2  4       

--- Sample #1405 | True: -3.8859615325927734 | Pred: -3.342662811279297 ---
          2  0 -8 -7       
       0 -1 -3 -5 -2 -2    
    1  0  0  0 -2  0 -2  0 
-1  0  0  0  0  0 -1 -3 -1 
 0 -1 -1  0  0  0 -1 -3 -1 
    0 -1 -1  0 -1 -2 -1 -1 
       0 -2 -6 -1  0 -1    
          0 -1 -1 -5       

--- Sample #1406 | True: -11.710577011108398 | Pred: -9.590970993041992 ---
         -9 -9 -3  3       
       1 -9  6  0  0  0    
    5  6  0 -8 -12 -5 -2  3 
-5  0  4 12 -4 -9  4 -14  3 
 2 -5 -10 -3 -4 -7 -5  0 -6 
   -1 -2 -2 -4 -5 -5 -3 -5 
      -2 -3 -2 -3 -5  0    
         -3 -6 -6 -6       

--- Sample #1407 | True: -15.363269805908203 | Pred: -11.456010818481445 ---
         -4 -5 -3 -4       
       2 -11 -10  1  0 -11    
    6 -5 -9  0 -10  6  1  3 
-9 -6  0 -3 -12 -18 -19 -11  6 
-3 -12 -3 -4  2  0  2 -7  0 
   -1 -1 -2 -3 -1 -2 -3 -1 
      -4 -3 -1  0 -5 -6    
         -2 -3  0  2       

--- Sample #1408 | True: -19.224037170410156 | Pred: -12.097711563110352 ---
         -8 -9 -7 -4       
      -7 -9 -5 -8 -10 -6    
   -3 -7 -9 -10 -8 -9 -5  3 
-7 -5 -5 -7 -7  1 -3 -1 -12 
-3 -6 -8 -25 -25 -2  6 -1  5 
   -2 -1  0 -2 -16  1  2  5 
       2 -1  3  1  2  1    
         -2  5  6  1       

--- Sample #1409 | True: -16.625768661499023 | Pred: -16.909835815429688 ---
         -3 -2 -4  4       
      -2 -5 -4  0  6  3    
    0 -4 -6 -7 -8  1 20  9 
-4 -2 -2 -3 -5 -7 19 24 -9 
-4  0  0  4 10  5  8  8 10 
    0 -2  2  7 -20  8  1  6 
       0  0  7  6  3  6    
          1  2  7  6       

--- Sample #1410 | True: -19.613460540771484 | Pred: -10.665109634399414 ---
         -7 -9 -10 -9       
      -8 -12 -10 -12 -17 -14    
   -6 -10 -9 -8 -13 -18 -20 -16 
-10 -7 -6 -6 -9 -14 -20 -15 -15 
-7 -16 -7 -29  0  3  2 -9  3 
   -6 -5 -3 -14  3  0  2  4 
      -3 -1  2  4  5  2    
         -4  5  6  5       

--- Sample #1411 | True: -2.2688446044921875 | Pred: -3.950410842895508 ---
          0  4  9  3       
       0  1  0  2  2  3    
    1  0  0  0  0  0  2  0 
 3  3  0  1  1 -2  0  3 -1 
 1  0  0  0  0  0 -1 -2 -2 
    0  1  1  0  0  0  0  0 
       1  1  0  3  1  0    
          1 -2  2  1       

--- Sample #1412 | True: -2.6951942443847656 | Pred: -3.5148372650146484 ---
          1  0  1  0       
       2  2  0 -4 -2  0    
    0  0  0  0 -1 -1  0  0 
 0  0  0  2  0  0 -1  0  0 
 0  0 -1  2 -1  0  0  2 -2 
   -3  1  2  0  1  0  0  0 
       1  0  2  0  0  1    
          5  5  1  0       

--- Sample #1413 | True: -2.2263450622558594 | Pred: -4.509809494018555 ---
          3  6  6  1       
       1  0  2  1  2  3    
   -1  1  0  1  1 -1  1  0 
 5  2  0  0 -1 -1  1  4  3 
 5  3  0  1  1  0  4  0  2 
   -1  2  2  1  1  0  5  1 
       1  1  3  1  1  0    
          0  1  0  0       

--- Sample #1414 | True: -1.9715385437011719 | Pred: -3.88238525390625 ---
          6  4  2  0       
       6  1  0  2  2  2    
    0  2  3  1  0  2  2  0 
-22  3  0  0  3  0  0  4  1 
-24  3  0  0  0  1  2 -1  0 
    4  2  2  3  2  1  1  3 
       7  0  1  1  1  1    
          6  4  5  7       

--- Sample #1415 | True: -6.489423751831055 | Pred: -5.588863372802734 ---
          0  0 -2 -3       
       0 -2  1 -2 -1 -4    
   -1 -2 -2  0 -4 -2 -1 -6 
 0  0 -1  0 -1 -2 -4 -1 -3 
 1  0 -1  0  0 -2 -2 -1  1 
    0 -1  0 -1 -3  0  2  1 
      -1 -1  0  0  1  0    
          0  1  0  0       

--- Sample #1416 | True: -5.219038009643555 | Pred: -6.112710952758789 ---
          1  4  0  2       
       1  1  1  1  1  1    
   -1  0  0  0 -1  1  2  2 
 2  1  2  0  0 -1  1  3  0 
 0  0  2  0 -1 -1  0 -2  0 
    3  1  0 -1  0  1  3 -2 
       1  0  0  1  1  0    
          2  4  2 -2       

--- Sample #1417 | True: -6.129615783691406 | Pred: -5.580280303955078 ---
          4  3  0  2       
       0  0 -1  0  0  2    
    0  0  0  0  0 -1  0  0 
 3  0  0  0  0 -1 -2  4  1 
 1  1 -1 -2 -1 -3 -1 -2 -22 
    0 -2  0 -2 -2  1  0  0 
      -2 -4 -2 -1  0 -1    
          0 -1  0 -5       

--- Sample #1418 | True: -5.379037857055664 | Pred: -6.549558639526367 ---
          1  2  0  0       
       3  1 -2  0  0  0    
    0  2  1  1  0  0  0  0 
 1  0  2  0  1 -1  0  8  4 
 0  1  1  0  0 -3  0 -1 10 
   -1  1  2  0 -1  0  2  6 
       1  0  2  2 -1  0    
          1  0  0 -1       

--- Sample #1419 | True: -5.524616241455078 | Pred: -5.984455108642578 ---
          0  2  2  4       
       1  2  1  2  1  2    
    1  0  0  0  0 -1  0  0 
 1  0  0 -1 -2 -2 -1  4 -2 
 2  0  0  0 -1 -1 -1 -2  1 
   -3  0  0  0  0  1  2  0 
       0 -1  1  0  1  0    
         -1 -1  1 -3       

--- Sample #1420 | True: -3.953845977783203 | Pred: -3.3211917877197266 ---
         -7  0  1 -1       
       1 -1 -4 -1  0 -1    
   -2 -2  0 -3 -4 -1 -1  5 
-4 -3 -3 -2 -1 -3 -3 -1  0 
 0 -2  0  0  0 -2 -3 -2  0 
    1 -1  0  0  0 -2  3  0 
       0  0  0 -1 -2  0    
          1  0  0 -2       

--- Sample #1421 | True: -3.050577163696289 | Pred: -5.180055618286133 ---
          1  2  4  3       
       1  3  2  3  3  0    
    4  4  3  1  0  2  0  0 
 2  3  1  0  0  0  0  2  2 
 0  1  2  1  0  0  0 -2  1 
    1  1  1  3  0  0  2  0 
       1  1  1  0  1  0    
          1  0  0  0       

--- Sample #1422 | True: -3.0167312622070312 | Pred: -3.6017303466796875 ---
         -6  0  0  0       
      -3  0  0  0  0  0    
    1  1 -1  0 -3 -1  0  0 
 0 -2 -1 -3 -2 -2  0  3  0 
 2  0  2  1  2  0  0 -2  0 
    0  2  1  2  0  0  4 -2 
       2  0  2  1  0  0    
          1  0  0  0       

--- Sample #1423 | True: -2.7048072814941406 | Pred: -2.2408485412597656 ---
         -4  0 -2 -2       
       1 -3 -1  0 -1  0    
   -1  0  0 -2 -1 -1  0  0 
 0  0  0 -1 -1  0  0 -1  0 
-1  0  0  0 -1  0 -1 -2 -2 
    0  0  0  0 -2 -2  0 -2 
       0  0  0 -1  0 -1    
         -1 -3  1  0       

--- Sample #1424 | True: -2.2351913452148438 | Pred: -3.6817626953125 ---
          0  2  1  3       
       0  0 -3  0  1  3    
    1  1  0 -1  0  0  2  1 
 0  1  1  0  0  0  0 -2  3 
 2  0  2  1  0  1  0 -2  0 
    0  0  1 -1  1  0  1 -1 
       2  1  0  0  0 -1    
          3  1  0  0       

--- Sample #1425 | True: -1.7630767822265625 | Pred: -2.953296661376953 ---
          0  0  3  2       
       0  0  0  2  1  6    
    0  0  1  0 -1  1  1  0 
 1  1  1  0  0  1  1 -1  1 
-3  0  1  0  0  0  0 -2  0 
    0  0  1  0  1  0  2  0 
       2  1  0  0  0 -1    
          1  1  0  2       

--- Sample #1426 | True: -2.7574996948242188 | Pred: -3.6592750549316406 ---
          1  2  3  4       
       1  1  0  1  0 -1    
    1  2 -1  0 -2 -4 -2 -1 
 2  0  0  0  0 -1 -1 -1 -1 
 3  1  1  0  0 -1  0 -2  0 
    1  0  0  1  0 -1  0  0 
      -1 -1 -2  0  0  0    
          2  3  4  0       

--- Sample #1427 | True: -3.401538848876953 | Pred: -3.9092178344726562 ---
          0  2  2  2       
       0  1  1  1 -2  0    
    1  2 -1 -1 -2 -4 -1 -1 
-2 -1  1  0  0 -1 -1 -1  0 
 1  0  1  1  0  1 -1  0 -1 
    1  0  0  1  0 -3 -1  0 
       1 -1  0  0  0 -2    
          0  0  0  0       

--- Sample #1428 | True: -1.4648056030273438 | Pred: -2.031116485595703 ---
          3  3  2  1       
       2  1  1  0 -1  0    
    0  1 -1  0 -2 -1  0  0 
 1  0  0  0  0 -2 -2 -2  1 
 1  0 -1 -1 -1 -1 -4  4  0 
   -2  0 -1  0  0 -2  0  2 
       3 -1  0  0  0  1    
         -1  0  0  2       

--- Sample #1429 | True: -2.2626914978027344 | Pred: -2.888721466064453 ---
          1  3  3  2       
       0  1  2  1 -3 -2    
    0 -2 -1  0 -2 -1  0  0 
 1  0 -1  0  0  0  0 -2  1 
 0  1  2  0  1 -1 -2 10  0 
    0  0  0  0 -2  0  0  0 
      -1 -1  0 -1 -1  0    
          0 -2 -1  0       

--- Sample #1430 | True: -2.2224998474121094 | Pred: -5.138889312744141 ---
         -1  0  2  5       
       2  4  5  4  3  3    
    2  3  2  3  2  2  2  2 
 4  2  1  0  3  2  2 10  2 
 2  2  1 -1  1  1  3 -7  3 
    1  1  1  1  1  0  3  2 
       1  0  2  1  2  0    
          0  1  2  3       

--- Sample #1431 | True: -1.3030776977539062 | Pred: -2.989032745361328 ---
          1 -1  3  4       
       1  2  3  4  1  3    
    2  3  0  2  0  0  2  0 
 1  2  1 -1  1  0  1  0  0 
 1  1  0  0 -1  0  0 -8  0 
    1  2  0  0  0  0  1  1 
       1  1  1  2  1  1    
          3  1  0  1       

--- Sample #1432 | True: -2.1521148681640625 | Pred: -3.988759994506836 ---
          1  1  2  1       
       1  0  0  0  0  0    
    2  1  0  0  0 -1  0  3 
 0  2  1  0  1  3  1 -6  2 
 1  2  1  1  0  1  2 -3  2 
    1  1  3  2  2  2  2  2 
       0  0  3  2  3  2    
          0  2  0  1       

--- Sample #1433 | True: -1.9650001525878906 | Pred: -3.7685813903808594 ---
          2  4  4  1       
       2  2  2  0  0  2    
    1  4  1 -1 -1 -1  3  0 
 3  0  0  0  0  0  1 -1  2 
 2  0  1 -1  0  1  0 -3  0 
    2  1  1  1  1  0  3  1 
       1  1 -1  0  0  3    
          1  1  1  2       

--- Sample #1434 | True: -3.0592308044433594 | Pred: -5.453258514404297 ---
          6  7  6  6       
       0  0  2  3  0  8    
    3  1  0  0  0 -2  1  3 
 4  2  1  0  0  2  1  2  2 
 4 -1  0  1  1  0 -3 -3  1 
    1  2  1  3  2  0  1  3 
       0  1  1  0  0  0    
          3  3  2  0       

--- Sample #1435 | True: -3.5194225311279297 | Pred: -4.534648895263672 ---
          3  1  5  2       
       1  2  0  0 -2  0    
    1  1  0  1 -2 -1  2  2 
 2  2  0  0 -2 -1  1  1  0 
 0  1  0  0  1  0 -2  1  0 
   -2  1  0  0  0 -1  4  2 
      -2 -1  1  0  0  0    
          0  0 -1  1       

--- Sample #1436 | True: -5.16480827331543 | Pred: -7.348361968994141 ---
          2  3  6  6       
       0  0  0  4  3  5    
    2  0  2  2  1  2  4  1 
 4  1  0  0 -6  5  0 -3  3 
 0  0  1  0  2  3  1  1  3 
   -3 -1  2  3  1  0 -2  2 
       1  0  4  0  2  0    
          3  5  4  0       

--- Sample #1437 | True: -7.16807746887207 | Pred: -6.280637741088867 ---
         -4 -2  0  1       
       0  0  0  3  0 -1    
    2  0  0  0 -1 -2  0  2 
 2  1  1  0  0 -1 -6  1  0 
-1  0  0  0  0  0  0  3  2 
    4 -1 -1 -12 -17 -7  0 -1 
       0 -2 -4  0  0 -1    
         -8 -4  0 -4       

--- Sample #1438 | True: -10.829038619995117 | Pred: -12.353338241577148 ---
          6  0  2  2       
      -4 10  4  0  4  5    
   -1 -2  6  5  0  1  2  4 
-1 -2  1  9  1 -5 -1  2  3 
-7  6  0  1  3  0 -2 -2  0 
    1  2  2  0  1  1  1  0 
      -3  2  4  2  0  1    
         -5  0  4  4       

--- Sample #1439 | True: -19.765960693359375 | Pred: -19.8326473236084 ---
          0 -1  0 -1       
      -2 -4  2 -3  0 -6    
   -2 -4 -6  5  0 -2  0 -9 
-2 -3 -4  0  4  3  3 -6 -5 
-3 -9  3 -1  2  4  2 -4  4 
   -6  7  0  0  0  0  2 -2 
      10  3  4  4  4  4    
          3 10 -9  6       

--- Sample #1440 | True: 0.3655738830566406 | Pred: -2.0829010009765625 ---
          2  2  4  6       
       3  2  1 -2  3  4    
    4  2  1  0  0 -1  4  2 
 5  1  0  0  1  0  0  1  5 
 4  2  1  2  1  0 -1 -4 -2 
    0  0  2  0 -1  0  0  0 
       0  1  1  0  1  0    
          2  4  3  5       

--- Sample #1441 | True: -0.24057769775390625 | Pred: -1.3177452087402344 ---
         -1 -1  1 -4       
       1  0 -2  0 -5  1    
    1  1  1  0  0  0  2  0 
 2  0  0  0  0  0  0 -1 -4 
 2  3  3  2  2  0 -1  1 -2 
    2  2  3  2  0  2  0  0 
       2  0  2  1  0 -2    
          1  3  2  1       

--- Sample #1442 | True: -3.9590377807617188 | Pred: -3.3651790618896484 ---
          0  1  2  2       
       1  0  0  0 -2 -1    
   -1  1  0 -2 -2  0 -1  0 
-8 -4 -1 -2 -2 -1  0 -6 -2 
-3  0 -2 -1 -2 -1  0 -2 -3 
   -2  0  0 -1 -1 -1 -2 -3 
       0 -1 -1  0  0  0    
          3  0 -1  0       

--- Sample #1443 | True: -3.4057693481445312 | Pred: -4.178733825683594 ---
          0  0  0  1       
       2  0  0  1 -2  2    
    1  0  0  0 -2  0  0  0 
 1  2  0  0  0  1  0 -1 -1 
 0  0  0 -2 -1  0  1 -2  0 
   -1 -2  0  1 -1 -1  0  1 
       0 -1  0  1  0 -1    
          4  0  2 -1       

--- Sample #1444 | True: -11.780193328857422 | Pred: -13.209585189819336 ---
          5  9  9  5       
      11  5  2  3  1  3    
    8  9  3  0 -3 -2  1  0 
 9  5  7  3 -4 -7 -1 -1  0 
 6  3  5  0 -1 -4 -4 -4  0 
    1  3  1  0 -1 -2  0  1 
       2  1  0  0  0 -2    
          2  0  0  1       

--- Sample #1445 | True: -18.28557777404785 | Pred: -11.429754257202148 ---
         -15 -15 -13 -14       
      -9 -20 -14 -2 -14 -17    
   -10 -9 -2 -7  0 -5 -10 -18 
-12 -4  0 -1 -2 -12  4  0 -13 
-9 -6 -8 -4 -1  5 -3  0 -3 
   -10 -10 -4 -4  1  0 -2 -4 
      -3 -5 -5 -1 -5 -9    
          2  1  1 -1       

--- Sample #1446 | True: -8.712692260742188 | Pred: -6.299472808837891 ---
          0  2  4  0       
      -3  0  0  3  0  0    
   -3 -1  0  0  0  0  0 -4 
-21 -6 -1 -1  1  0  1  7  1 
-20 -5 -2  0  1  0  1 13  0 
   -5  0  0  3  0 -1  1 -23 
       0  0  0  2  0 -2    
         -22 -8 -22 -23       

--- Sample #1447 | True: -3.1478843688964844 | Pred: -8.955394744873047 ---
          2  5  8 12       
       5  4  3  5  4  3    
    0  6  6  2  1  2  4  4 
 2  6  7  5  4  0  3 -21  3 
 7  7  5  3  4  3  5  4  5 
    8  7  5  3  2  4  6  7 
       8  6  7  5  6  6    
         10 13 12 13       

--- Sample #1448 | True: -2.856536865234375 | Pred: -4.223278045654297 ---
         -2  0  4  4       
       0 -2  0  4  1  2    
    0  0  0  0  2  1  2  3 
 1  1  1  0  0 -1  1  3  3 
 1  1  0  1  0  0  0 -3  2 
    1 -1  0  2  0 -1 -4  1 
       2  1  3  0  0 -1    
          1  1  1  1       

--- Sample #1449 | True: -1.6665382385253906 | Pred: -4.23145866394043 ---
          5  4  3  3       
       3  1  2  2  2  3    
    1  3  0  0  0  1  3  3 
 1  3  2  0  0 -1  1  3  2 
 2  3  1  1  0  2  1 -2  0 
    1  2  2  1  0 -1 -2  2 
       1  1  1  2  2  0    
          2 -1  0  4       

--- Sample #1450 | True: -6.649421691894531 | Pred: -6.353919982910156 ---
         -2  0  0 -2       
       0  0 -1 -1 -5 -3    
    0 -1  0 -3 -1 -2  0  1 
 0  0  0  0 -1 -3 -2 -3  2 
 1  0  0  0  0 -2  1 -2  0 
    0  1  0  0  0 -2  0  1 
       0  0  1  0 -2  2    
          1  1  0  1       

--- Sample #1451 | True: -5.570192337036133 | Pred: -6.776821136474609 ---
          1  2  0  4       
       3  0 -1  1  0  2    
    3  2  0 -1  0  0  2  0 
 7  4  3  1 -1 -2  0  5  1 
 5  2  0  0  2  0  1 -3  0 
    2  0  0  0 -1 -2  0  0 
       0 -1  0  0 -1  0    
          0  3  0  0       

--- Sample #1452 | True: -6.542116165161133 | Pred: -8.18136978149414 ---
         -2  6  3  7       
      -1  0  2  3  0  3    
    1  2  0  1 -2  1  2  3 
 5  3  0  2  0 -4  0  2  2 
 4  4  1  0  0  0 -1 -2  3 
    0  3  3  1  1  1  1  1 
       3  3  3  1  2  0    
          3  1  3  3       

--- Sample #1453 | True: -11.931154251098633 | Pred: -10.18496322631836 ---
         -13 -12  0 -4       
      -2  0 -1 -2  0 -6    
   -9 -1  0  0  0 -1  0  4 
 3  0 -3 -2 -1 -2  0 -4  3 
 6  3 -2 -2 -2 -4  0 -5  0 
    3  0 -1 -1  0  0  1  1 
      -4 -1 -1 -1  0 -2    
          0  1 -1  0       

--- Sample #1454 | True: -4.628461837768555 | Pred: -4.329610824584961 ---
         -10 -6 -3  0       
      -6 -8 -3  0  1  0    
   -5  0 -1  2  0 -1 -6 -2 
-2  0  2  1  1  1  3 -1  0 
-6  1  0  0  2  2  0 11  8 
    0 -3  0  0  0  1  0  4 
      -7 -1  1  2  1 -1    
         -3  1  5  2       

--- Sample #1455 | True: -3.0753860473632812 | Pred: -3.061288833618164 ---
         -3 -7  0 -4       
      -2 -2  0 -1 -4 -9    
    3  3  0  0  0  0 -2  2 
 6 -1  1  0 -1 -1  1  3  2 
-8 -3 -1  0  1  0  1 16  1 
   -2 -2  0  1  1  0 -3 -6 
       0  0  2 -1  1 -2    
          3  1  0  5       

--- Sample #1456 | True: -3.080770492553711 | Pred: -7.546903610229492 ---
          4  6  6  4       
       5  0  0  2  2  4    
    2  3  1 -1  0  3  3  5 
 0  0  4  3  2  0  2  7  8 
10  3  5  5  5  3  3  1  6 
    6  3  7  6  6  4  7  5 
       5  6  5  5  2  6    
          5  6  2  4       

--- Sample #1457 | True: -3.2009620666503906 | Pred: -5.975099563598633 ---
          2  4  2  2       
       4  3  1  2  0  6    
    6  4  5  0  2  3  1  0 
 9  3  4  2  2  1  0  2  0 
 2  2  2  2  0  1  0 -2  0 
    4  1  2  2  2 -1  0  0 
      -1  1  0  1  0  0    
         -1  2  1  0       

--- Sample #1458 | True: -3.2350006103515625 | Pred: -4.424825668334961 ---
          4  1  1  2       
      -2 -1  0  0  0  2    
    0  0  0 -1 -4  1  2  0 
-2  0  0  2  0  0  1  7  3 
 2  0  1  0  0  3  3 -3  1 
   -2  0  1  1  1 -1  1  0 
       0 -2  1  1  0 -1    
          0  1 -1  2       

--- Sample #1459 | True: -3.2790393829345703 | Pred: -4.8154449462890625 ---
          1  2  1  3       
       1  0  0  0 -1  1    
    0  2  0  0 -1 -1  0  2 
 7  1  2  1  2  0  3  0  2 
 4  1  2  1  0  0  0  5  2 
   -1  0  2  0 -3 -1  0  0 
      -2  0  2  0  0  0    
          1  2  0  2       

--- Sample #1460 | True: -2.810771942138672 | Pred: -4.970073699951172 ---
          4  1  2  2       
       3  1  1  0  0  2    
    4  3  0  0  0  2  2  3 
 1  2  1  2  0  0  2  5  3 
 5  3  1  2  0  0  2 -8  1 
    2  1  1  0  0  0  2  0 
       0  2  1 -1  0  1    
         -1  0 -1 -3       

--- Sample #1461 | True: -1.80615234375 | Pred: -3.6621742248535156 ---
          0  1  2  4       
       1  1  1  3  2  0    
    0  0  1  0 -1  1  3  5 
-4  0  0  1  0  0  0  2  1 
 1  1  1  1  0  1  3 -2  3 
    1  2  2  1  0  0  2  1 
       1  1  2  2  0  1    
          4  5  4  3       

--- Sample #1462 | True: -2.4501914978027344 | Pred: -3.3999080657958984 ---
          3  3  1  3       
       2  2  1  1 -1  0    
    1  1  0  0  0  1 -3  1 
 3  2  1  3  1  1  0  3  1 
 0 -2  0  1  0  1 -1 -2 -1 
   -1  1  0  0  0 -2  1 -1 
      -2 -3 -1  0  0  0    
          0 -3 -2 -1       

--- Sample #1463 | True: -1.7940406799316406 | Pred: -3.237363815307617 ---
          4  3  1  2       
       0  1  1  0  1  3    
    2  1  0  0  0 -1  1  2 
-2  2  1  1  2  0  0  4  2 
-9  2  2  1  1  0  5  1  0 
    1  1  1  0  0  0  4  0 
       3  2  1  0  0  1    
          2  0 -1  0       

--- Sample #1464 | True: -2.3525009155273438 | Pred: -2.6654739379882812 ---
          2  3  0  0       
       0  0 -1 -2  0  0    
    0 -1  0 -2 -2 -1  0  1 
 1  3  0  0  0  0  0  0  0 
 0  1  2  0  1  0 -1 -8  1 
    1  0  0  0 -1 -2 -1  0 
       2 -1 -1 -1 -1 -1    
         -1  0 -1 -2       

--- Sample #1465 | True: -1.89288330078125 | Pred: -4.0244598388671875 ---
          2  2  2  2       
       0 -1  0  0  2  0    
    1  2  0  0  1  2  0  3 
 0  0  1  2  0 -1  0  4  5 
 0  0  3  3  1  0  1 -3  0 
    0  3  2  2  1  1  1  1 
       5  2  0  0  0  1    
          2  2  3  1       

--- Sample #1466 | True: -18.294614791870117 | Pred: -23.277748107910156 ---
         -2 -3 14 13       
      -4 -7 -5  8  8 15    
   -1 -4 -5 -6  5 12 13  9 
 0 -2 -4 -8  0  6 11 11 11 
 0  0  0 -2 -6  3  2 -4 12 
   -1 -3 -1  4  9  8  7  8 
      -3 -4 11  9  3  7    
          6 -1  9  7       

--- Sample #1467 | True: -16.998653411865234 | Pred: -19.99068832397461 ---
          0 -3  4  7       
       0 -2 -4  2  6  8    
    4  1  0 -2  1  2  6  0 
 2  1 -1 -3  5  3  3  6  2 
 0  0  1  1  2  5  1  2  3 
    0  0  1 22  8  8  3  3 
       0 -1  9  4  4  4    
         14  4  5  7       

--- Sample #1468 | True: -2.0007705688476562 | Pred: -3.9298839569091797 ---
          0  1  5  0       
       0  1  1  4  2  0    
    2  1  3  0  1  1  2  1 
 2  1  2  0  1  1  1 -2 -1 
 1  1  1  2  1  1  0 -2 -1 
    0  0  2  0  0 -3  0  1 
       2  0  0  2  1  0    
          3  1  1  2       

--- Sample #1469 | True: -2.3459625244140625 | Pred: -3.0402355194091797 ---
         -2  0  1  0       
      -2  1  1  1 -3 -4    
    0  0  1  0  0  1  1  0 
 0  0  0  0  0  0  0 -2  0 
 1  0  0  0  1  1  0 -2 -4 
    1  2  1  1  1  1  0  0 
       0  0  2  2  0  0    
          0  3  3  1       

--- Sample #1470 | True: -8.240192413330078 | Pred: -8.556289672851562 ---
          1  0 -4  0       
       1  2  2  0  3 -1    
    0  1  3  2  3  0  3  0 
 3  2  2  2  2  0 -1  3  0 
10  3 -11 -10  1  2  0 -3  0 
   -4 -2  7  1 -1  0 -1  1 
      -10  7  4 -1  3  0    
          4  2  3  3       

--- Sample #1471 | True: -10.214807510375977 | Pred: -8.80699348449707 ---
          1 -5  0  0       
       0  0  0  0 -2 -5    
    0  0  1  0  1 -1  2 -3 
 1  0 -4 -1 -3 -1 -1 -12  0 
17 18 -4 -11  1  1  0 -2 -2 
    0 -6 -6 -17 -6  1  2 -1 
      -4 -1  1 -3  2  4    
          1  0 -5  3       

--- Sample #1472 | True: -6.677692413330078 | Pred: -10.007745742797852 ---
          3  4  4  8       
       2  2  3  2  1  3    
    4  3  0  1  0  1  1  1 
 3  3  2 -1  1  0  1  3  0 
11  9  8  2  1  0  2 -2  0 
   13 15  3  1  0  0  0  1 
      12  5  6  3  0  0    
          6  2  2  2       

--- Sample #1473 | True: -2.967498779296875 | Pred: -3.653207778930664 ---
         -3  0  0  1       
       0  0  0  1  0  5    
    0 -1 -1  0 -1  0  0  1 
 0 -1 -1 -1 -1 -1 -1  1  2 
 0  0  3  0 -2 -1  0  1  1 
    0  0  0 -1  0 -1  0  0 
      -1 -1  0  0  0  2    
          2  4  4  3       

--- Sample #1474 | True: -12.101539611816406 | Pred: -14.183843612670898 ---
         -3 -1  8 13       
       0  0  3  9  5  0    
    0  1  1  1 -10 -11 10  4 
 2 -3  0  0  3 -5 -5 11 12 
 6 -9  0 -3  3 -7 -7  0 -11 
   -2  1  2 -3  5  7 -5  5 
       3  2  3  2  4  6    
         -5  1  4  0       

--- Sample #1475 | True: -10.157114028930664 | Pred: -6.263467788696289 ---
          1  5  6  3       
       1  2  2  4  4  2    
    3 -10 -23  0 -1 -1  2 -2 
-22  2  0  0 -9  0  0  5 -7 
-19  3  5  6 -8  2  1 -12  0 
   -4 -2  0 11 11  4 -2  0 
       9 -1  6  5 -1  1    
         -2 -16  0 -3       

--- Sample #1476 | True: -4.274423599243164 | Pred: -7.084987640380859 ---
         12 10  4 -3       
      -1  0  5  2 -4 -2    
    6  1 -1  0  1  0  0 -3 
 5  2  2  2  2  2  0 -1 -4 
 1  1  0  4  8  6  2 -3  1 
    1  1  6  3  2 -13  7  2 
       7  4  0  4 11  4    
         -3  4 10 13       

--- Sample #1477 | True: 2.4367294311523438 | Pred: -5.84092903137207 ---
          6 16 17 23       
      16 12 17 12 13 21    
   13 14 11 11 14  4  1  7 
15 14 15  9  0  7 12 10  3 
 8  1 11  5  1  5  4 -3  4 
    2  3  1  2  2  5  6  5 
       6  0  3  7  6  4    
          0  0  5  1       

--- Sample #1478 | True: -0.14769363403320312 | Pred: -1.5037307739257812 ---
          7  2 -1 -2       
       4  2  0  0 -2  1    
   19  3  4  0  0 -3  2  5 
 6  0  0  0  0  1  1 -5  0 
 4  0  2  1  1  0 -2  0  2 
   -1  0  3  2  0  0  4  4 
       1  2  4  3  0  2    
          2  0  0  0       

--- Sample #1479 | True: 1.8678817749023438 | Pred: -6.514392852783203 ---
         27 17 16 13       
       5  6  9 10  5  4    
    5  2  4  4  4  8  6  1 
 3  3  0  3  3  2  7  7  1 
11  7  2  5  4  4  6  3  0 
   23  5  6  6  6  5  1  3 
       3 11 14 13  6  8    
         12 11 16 10       

--- Sample #1480 | True: -3.3634605407714844 | Pred: -1.2475929260253906 ---
         -7 -20  0 -5       
      -1 -3 -1 -4 -3 -9    
   -4 -1 -2 -1 -3 -4 -1 -2 
 0 -5 -4 -3 -1 -3 -3  6 -3 
-2 -5 -3 -1 -5 -4 -5 21  0 
   -6 -2 -2 -3 -3 -3 -3 -4 
      -4  0  0  0 -1 -3    
          4 -4  2  5       

--- Sample #1481 | True: -0.11211395263671875 | Pred: -4.23004150390625 ---
          9 -1 -3 -4       
       6  2  2  0 -4  3    
    4  4  2  2  0 -1  2 -2 
 2  2  2  2  3  3  6  0 -2 
 2 -1  0 -8 -1 13 17 -3 10 
   -1 -1 -4 -8 16 14  6  3 
      -12  5  8 14 16 18    
          0  2  7 14       

--- Sample #1482 | True: -1.9317283630371094 | Pred: -6.103630065917969 ---
          5  6  7  7       
       6  3  4  4  3  2    
    6  4  1  0  0  2  2  2 
 9  6  3  2  3  2  0  3  1 
 6  5  3  3  3  1  0 -2  5 
    4  3  3  1  2  2  2  4 
       5  3  4  4  2  3    
          6  4  5  5       

--- Sample #1483 | True: -2.0740394592285156 | Pred: -6.586086273193359 ---
          6  8  4  8       
       7  6  6  5  5  5    
    5  6  5  5  3  4  3  3 
 9  4  4  2  4  0  2  1  3 
 6  5  2  0  4  1  1 -2  4 
    5  2  0  1  2  2  4  3 
       4  3  3  2  3  2    
          4  6  3  5       

--- Sample #1484 | True: -0.21923065185546875 | Pred: -0.6375465393066406 ---
          0  1  0 -1       
       0  0  0  0 -1 -3    
    0  0 -1  0 -2 -2  0  0 
 0  1  0 -1  0 -1  0 -2 -2 
 0  1  2  0 -1  0  0 -3  0 
    1  1  1  0  0  1  0 -1 
       0  0  0  2  0  1    
          2  0  3  4       

--- Sample #1485 | True: 0.4748077392578125 | Pred: -1.9136428833007812 ---
          3  2  3  6       
       2  2  2  2  1  0    
    1  2  0  2  1  2  2  0 
 2  1  2  0  0  0  1  3  1 
 1  0  2  1  0  0 -1 -2  0 
    0  5  1  1  0  0  0  1 
       1  0  0  2  1  0    
          1  0  2  1       

--- Sample #1486 | True: -0.3869209289550781 | Pred: -0.7974052429199219 ---
         -1  0  1  2       
       0 -1 -4  0  0  2    
    0  0  1 -1  0  0  1  0 
 1  0  0  0  0 -1  0  6  3 
-1  0 -1 -1 -2 -2  0 -2  0 
    1  0  0 -1 -2  0  1  0 
      -1  0 -1 -2  1  0    
          4  0  1  2       

--- Sample #1487 | True: -0.2571144104003906 | Pred: -1.3731575012207031 ---
         -2  1  2  1       
       0  1  0  0  0  0    
    2  2  0  0  0  0  1  0 
 0  0  1  0  1  2  1  0  1 
-1  0  1  0  0  0 -1 -2 -2 
    2  1  0  2  1  0  0 -1 
       0  0  1  0  0  2    
          0 -1  2 -1       

--- Sample #1488 | True: -5.956729888916016 | Pred: -3.6389942169189453 ---
         -6 -4 -2 -1       
      -5 -4 -5 -2 -5 -3    
   -1 -1 -4 -6 -5 -4 -2 -8 
-4 -1 -3 -2 -4 -2 -3 -2 -1 
-1 -1 -1  0 -1  0 -3 -3 -4 
   -1  0  0  1  0  0 -13 -1 
       0 -1 -2  0  0 -3    
         -1 -1  0  1       

--- Sample #1489 | True: -4.131155014038086 | Pred: -5.63892936706543 ---
          4  3  0  4       
       2  1  3 -1  0  0    
    0  0 -3 -1 -1 -1  0  0 
 0  0  0 -1  1  3  1  1  0 
 2  1  1  0  0  1  1 -2  0 
    1  1  1  0  0  0  3  0 
       0 -1  3  3  2  2    
          3  2  2  5       

--- Sample #1490 | True: -3.3125 | Pred: -4.9197235107421875 ---
          3  4  3  3       
       1  0 -1 -1  2  2    
    4  0  0 -1 -2  0  3 -2 
 5  1  1 -1  1  1  1  3 -1 
 1  2  1  0  1  0  2 -2  2 
   -1  0  0  1  0  0  0  1 
       2  1  2  1  1  2    
          1  2  2  2       

--- Sample #1491 | True: -3.278268814086914 | Pred: -4.23356819152832 ---
          1 -1 -4  2       
       0  1  0 -3  2  3    
    1 -1 -2  0 -1  0  2  1 
 0  0 -1 -1  0  2  2  0  0 
 0 -2  0  0  0  1  2 -2  3 
    0  0  0  0  2  0  2  3 
       1  0  0  0  0  2    
         -1 -3  2  0       

--- Sample #1492 | True: -4.828845977783203 | Pred: -4.335622787475586 ---
          0  0  1  0       
       0 -5 -1 -6  0  0    
    2 -1 -5 -5 -7 -1  0 -5 
 1 -1 -1 -2  0  0 -2  0  0 
-1  0 -1  0  0  1  0 -3  0 
    1  0  1  1  0  0  0  0 
      -4  0  1  0  0 -1    
         -1  2  0 -2       

--- Sample #1493 | True: -5.486730575561523 | Pred: -5.672977447509766 ---
          1  0  1  0       
       0  1 -3  0 -3 -1    
    2  1 -1 -3 -3 -2 -2  0 
-4  1  0  0  0  1  0 -2 -1 
 2  2 -1 -1  0  1  0  1  0 
    0  0 -1  0  2 -1  1  0 
       0 -1  0  2 -1  0    
          2  0  3  0       

--- Sample #1494 | True: -4.48750114440918 | Pred: -5.970312118530273 ---
          3  4  0  5       
       2  1  1  1  0  6    
   -8  1  2  0  0 -1  2  2 
-15 -10  1  2  0  0  1  0  2 
-5  1  2  2  0  2  0  1  4 
    5  3  3  2  3  2  0  4 
       6  4  3  3  1  3    
          6  6  5  5       

--- Sample #1495 | True: -5.955768585205078 | Pred: -5.82453727722168 ---
          1  2  3  0       
      -7  0  0  0  1  2    
   -6 -1  2  2  0  0 -1 -3 
 1  1 -2 -3  0 -1 -1 -6 -4 
 4  1  0  0 -1 -1 -3 -3 -3 
    0 -1  0  0  0  0  0 -5 
       0 -3  0  0 -2  1    
          0 -2 -2 -2       

--- Sample #1496 | True: -3.5751914978027344 | Pred: -5.542940139770508 ---
          4  0  1  7       
       0  1  0  1  4  2    
    2  1  2  0  0  0  2  2 
 2  0  1  0  1  0  0  2  1 
 1  1  1 -1  1  1  1 -3  0 
    3  1  1  0  0 -1  0  2 
       0  2  1  3  1  0    
          5  3  3  3       

--- Sample #1497 | True: -5.294038772583008 | Pred: -4.465522766113281 ---
         -1  0  0  1       
      -1  0 -2  0  0  0    
   -2 -1  0 -2 -1  0  1  0 
-2 -3 -1 -1 -1 -2  0  2  0 
 0 -2 -2  0 -3 -1 -2 -3  0 
   -2  0  0 -1 -4  0 -5 -2 
      -1 -1 -3  0 -1 -2    
         -3  0  0 -1       

--- Sample #1498 | True: -3.3838462829589844 | Pred: -5.28398323059082 ---
          2  2  2  1       
       0  1  2  0 -1  1    
    2  0  0  0  0  0 -1 -1 
 1  0  0  0  0  0  1 -1  1 
 2  0  0  1  0  1  2 -8  0 
    2  2  0  2  2  1  2  0 
       1  1  3  1  0  0    
          4  4  2  1       

--- Sample #1499 | True: -3.550577163696289 | Pred: -4.902675628662109 ---
          1  1  3  3       
       0  1  1  0 -1  1    
    0  0  0  0 -1  0  2  0 
 2 -1  0  0  0  0  2  3  1 
 2 -1  0  0  1  2  2 -2  0 
    0 -1 -1  1  1  1  3  1 
       0 -1  0  1  2  0    
          0  2  2  2       

--- Sample #1500 | True: -3.9367313385009766 | Pred: -4.839925765991211 ---
          0  1  1  1       
       0  0  0 -2 -2 -1    
   -1  0  0  0 -4 -2 -1  0 
 3  0  0  0  0 -3  1 -6  2 
 3  0  0  0  0 -1  0 -2 -1 
    1  0  0  0  0  0  1  0 
       0  0 -1  1  2  2    
          1  2  2  1       

--- Sample #1501 | True: -3.7211532592773438 | Pred: -4.267391204833984 ---
          0  1  3  0       
      -1  0  0  0  0  0    
    1 -1  0 -1 -1  0  0 -1 
 3  0  0  0  0  0  1  0 -1 
 3  0 -1  0  0  0  0 -3 -2 
   -2  0  0  1  0  0 -3 -1 
       0  0  1  0  1  0    
          1  1  2  1       

--- Sample #1502 | True: -3.2471160888671875 | Pred: -4.914529800415039 ---
          1  2  2  3       
       2  1  2  1  2  2    
    0  0  0  0  0  0  3  2 
 3  0  0  0  0  0  1  1  1 
 0  0 -1  0  1  0  2 -2  1 
   -1 -1  0  1  0  1  0  1 
      -1  0  1  0  2  2    
          2  2  2  2       

--- Sample #1503 | True: -2.9815406799316406 | Pred: -4.454793930053711 ---
          0  1  0  2       
       0  0  0  0  0  1    
   -1  0  0  0  0  0  0  1 
 3  0  0  0  1  1  1 -1  0 
 3  0  0  1  2  1  0 -2  2 
    0  0  1  2  2  1  0  0 
       0  1  1  1  2  1    
          0  2  3  3       

--- Sample #1504 | True: -7.208461761474609 | Pred: -6.39893913269043 ---
         -3  0  1 -1       
       0  0 -6 -1 -1 -1    
   -2 -1 -4 -4 -1  0  0 -4 
 0  0  0 -2 -2 -1  0 -7 -1 
 0  0  2 -1 -1 -3 -1  1 -3 
    1  1  0  0  1  3  2  0 
       0  0  0 -4 -2 -22    
         -2  0  1  0       

--- Sample #1505 | True: -6.344806671142578 | Pred: -6.758169174194336 ---
          0  0  1  0       
       0 -2 -3 -1  0  0    
   -1  0 -2 -1 -1 -1  2 -1 
 4  0  0  0  0 -1  5  0 -1 
 3  1  1  1  0  0  1 -2  0 
    0  0  3  2  1  3  1  1 
      -8  0 -11  0  2  1    
         -4 -1  0  1       

--- Sample #1506 | True: -10.248653411865234 | Pred: -9.928291320800781 ---
          1  3  3  5       
      -5  0  0  0  2  4    
   -1  0  0  1  0 -1  4  2 
-19 -19  0 -3  0 -19 -5 -15  4 
-1  5  6  1  3  2 -5  0  6 
   -3  2  3  0 -1 -14 -15  2 
      -3 -1  1  0  0 -2    
          4  1  0  2       

--- Sample #1507 | True: -9.759807586669922 | Pred: -12.722318649291992 ---
          1  2  2  7       
       5  4  5  2  0  4    
    0  3  2  2  4  0  4  5 
-9 -3  3  1  4 -5  8 -8 13 
-6 13  9  5  0  3 -2 -1  6 
    8  8  7  4  2 -10 -9  6 
       6  6  9  3  5  3    
          2  3  6  6       

--- Sample #1508 | True: -8.773077011108398 | Pred: -6.373355865478516 ---
          1  3  2  3       
      -1 -1  0  0 -1  2    
    0  0 -2 -4 -2 -2  1  3 
 0 -1  0 -2 -3  0 -17 -7  0 
 0 -1  0 -3 -4  0 -21 -1  0 
   -1  0 -1 -4 -4 -3 -22 -1 
      -2 -2 -2 -4 -2  0    
          0  0  0 -3       

--- Sample #1509 | True: -21.14557647705078 | Pred: -20.124950408935547 ---
          2  0  3  1       
       0  0  0  0 -1 -3    
    1 -1 -1 -2 -1 -4 -4 -5 
 0  0 -1 -2  1 -1  1 -1  0 
-2 -1 10  7  5  2  3  0  1 
   -9  3  2  7  5  0 -1  4 
       6 -10  5  5  6 -1    
          3  9  7  3       

--- Sample #1510 | True: -2.393077850341797 | Pred: -3.7218265533447266 ---
         -6  0  0 -2       
      -2  0  1  0  0  1    
    0  0  0  1  0  0  1  2 
-3  2  2  0  0  0  0  1  0 
-3  0  2  1  1  0  1 -2  3 
    2  0  1  1  0  1  0  3 
       3  1  1  1  0  0    
          3  4  2  1       

--- Sample #1511 | True: -31.440576553344727 | Pred: -30.056093215942383 ---
          0  0  0  0       
       0 -1 -1  0 -3 -3    
    0  0 -1 -2 -2 -5  2 -8 
-1 -1  0 -1 16 -11  4  0 -3 
 1  0  0 -3 -5 -13 18  2 -1 
    0  0  0 -2  0 -1  2 19 
       0 -1  2  0 -3  1    
          0  0  0  0       

--- Sample #1512 | True: -7.43365478515625 | Pred: -5.644805908203125 ---
         -1  0 -1  0       
      -4 -1 -1  0 -1 -2    
   -5 -1 -3 -4 -1  0  0 -3 
-10 -3 -4 -2 -2 -1 -1  1 -1 
 0 -2 -5 -2 -1 -2 -1 -1 -13 
   -1 -5  0  0 -1  0 -3 -2 
       0  0  0 -3 -1 -1    
         -2  1  0 -2       

--- Sample #1513 | True: -2.2959632873535156 | Pred: -3.9682388305664062 ---
          2  3  6  6       
       0  0 -1  2  1  4    
    1  0  0 -1  2  0  0 -3 
 2  1  0 -1  0  1  0  4  0 
 0  1  0 -1  1  2  2 -2  1 
    0  0  1  2  2  0  2  0 
      -1  2  2  1  0  2    
          1  1  2  4       

--- Sample #1514 | True: -4.400384902954102 | Pred: -5.390527725219727 ---
          0  2  0  1       
       0  2  2  4  2  1    
    1  2  0  0  1  2  1  3 
-2  1  0  0  1  0  3  6  4 
 4  2  0  0  0  1  2 -1  4 
    1  2  0  0  2  4 -21 -18 
       2  1  1  1  5 -22    
          0  0  2  4       

--- Sample #1515 | True: -2.066539764404297 | Pred: -2.7181625366210938 ---
         -1 -1  0  2       
       0  0 -1  1  0  0    
   -1  2  0  0  2  0  3  0 
 0 -1  0  0  0  0  1  7 -2 
 0  0  0  1  0  0  0 -2 -3 
    0  0  0  0  1  0 -1 -4 
      -2  0  2  1 -1 -4    
          2  0  1 -2       

--- Sample #1516 | True: -2.7423095703125 | Pred: -3.7148284912109375 ---
         -2 -1  0  3       
       0 -1 -2  1  0  0    
   -1  0  1  0  0  0  0  1 
 0  0  0  0  0  0  3 -4  4 
 1  0  0  2  0  0  1 -1  1 
    0  2  0  1  0  0  1  4 
       0  0  0  0 -1 -3    
         -1  1  0 -2       

--- Sample #1517 | True: -2.7594223022460938 | Pred: -4.276590347290039 ---
         -2  1 -5 -2       
      -1  0  2  0  2  0    
    1  5  4  1  0  2  1 -2 
 0 -2  2  0  0  1  0  8 -1 
 0  0  2  1  0  1  2 -5  0 
    0  2  1  1  2  1 -3  2 
       1  0  4  3  1  2    
          3  1  1  3       

--- Sample #1518 | True: -5.185962677001953 | Pred: -2.412334442138672 ---
          1  0 -5 -10       
      -2 -1 -4 -7 -4 -7    
   -3 -1 -1 -1 -3 -1 -3 -7 
-3 -3 -2  0  0 -2 -2 -19 -1 
-4 -7 -2 -1  0 -1  0 -3  0 
   -6 -3 -1 -1 -1 -2  0 -1 
      -5 -3 -2 -3 -3 -3    
         -9  0 -4 -5       

--- Sample #1519 | True: -4.25538444519043 | Pred: -6.480449676513672 ---
          5  4  5  0       
       3  2  0 -2  0  4    
   -2  3  2  2  0  2 -2  0 
 3  0  0  1  2  2  1 -7  0 
 4  3  3  3  2  5  3 -2  0 
    2  2  3  2  4  1  2  2 
       0  3  5  1  1 -1    
          3  1  1  1       

--- Sample #1520 | True: -6.693653106689453 | Pred: -5.715822219848633 ---
         -3  0 -17 -15       
      -3  0  0 -6 -6 -3    
    2  0  0  1 -4 -15 -9 -7 
 0 -1  3  2  2  2 -2 -13 -11 
 1  0  0  0  1  2  3 -1  3 
    0  0  1  2  2  0  1  2 
      -2  0  0  2  1  1    
         -1 -2  0  1       

--- Sample #1521 | True: -3.2092323303222656 | Pred: -5.073272705078125 ---
          0  3  3  3       
       1  0  0  1  1  1    
    0  2  2  0  0 -2  2  2 
 2  0  1  2  2  1  0  1  2 
 4  0  0  1  2  0  2 -2  1 
    0  0  0  0  0  0  2  2 
       0  0  0  2  1  4    
          2  1  3  2       

--- Sample #1522 | True: -3.127500534057617 | Pred: -4.538105010986328 ---
          2  1  2  0       
       0  3  0  2  0  0    
    1  2  2  0  2  0  2  1 
 0  0  0  1  0  1  1  1  0 
 0 -1 -1  0  0  0  1 -2  0 
    0  0  0  1  1  1  1  0 
       0  0  1  1  0  0    
          0  3  1  2       

--- Sample #1523 | True: -3.1805763244628906 | Pred: -4.2008819580078125 ---
          0  1  1  0       
      -1  0  2  1  0  2    
   -2  0  1  1  0  0  1  2 
-1 -1  0  1  2  0  0 -3  2 
 0  1  0  0  1  0  0 -2  0 
   -1  0  0  1  0  0  0  0 
       0  1  0  1  0  0    
          1  0  2  2       

--- Sample #1524 | True: -4.185962677001953 | Pred: -4.231489181518555 ---
          0  0  1 -2       
       0  0  0  3  1  0    
    0  1  0  0  0 -1  0  1 
-21  0  0  0  0 -1  0  4  0 
 1 -2  0  0  0  0  1 -2  3 
   -2 -1  0  0 -1  0  1 -2 
      -1 -1  1 -1  0 -2    
          1  2  1  0       

--- Sample #1525 | True: -3.815959930419922 | Pred: -5.44660758972168 ---
          2  2  4  2       
      -1  0  0  2  1  3    
    0  0  1  2  2  0  1  0 
 3 -1  1  2  2  2  2 -2  0 
 4  0  0  0  0  1  0 -2  0 
   -2 -1  0  0  0  1  0  0 
      -3 -1  0  0 -1  1    
          0  0  0  0       

--- Sample #1526 | True: -4.717691421508789 | Pred: -6.572492599487305 ---
          5  6  7  6       
       5  2  5  2  2  2    
    2  9  1  4  0 -2  0  1 
-4 -1 -5  5  3  2  0  1  0 
 7  3  3  2  2  4  1 -4  0 
    6  4  3  2  3  1  2  2 
       5  2  1  3  3  1    
          3  2  4  2       

--- Sample #1527 | True: -6.692693710327148 | Pred: -4.593013763427734 ---
          0 -1  2  0       
      -8  0  0  0  0  0    
   -6 -14 -23  0  0 -4  0  0 
-5 -6 -15 -16 -1  0 -7  3  0 
 5  1  0  0  1  3 -1 -2  0 
    2  1  1  2  0  1  0  0 
       1 -1  1  0  0  0    
         -1  0  1 -3       

--- Sample #1528 | True: -5.785192489624023 | Pred: -8.370805740356445 ---
          3  2  7  6       
      11  7  7  4  2  4    
   -4  3  9  6  2  1  3  0 
-3 -1 -3 -7  0  0 -2  4  1 
 0  4  3  2  1  1  1  0  2 
    2  2  2  3  3  2  2  0 
       0  2  2  2  1  0    
          0  0  1  2       

--- Sample #1529 | True: -8.525577545166016 | Pred: -5.306489944458008 ---
         -1 -8 -8  0       
      -4 -18  0  1 -1  3    
   -5 -11 -17 -15  0 -4  0 -3 
-3 -2 -4 -12  1  0 -8  2 -1 
 2  1  3  2  0  1 -2 -1 -2 
   -1  0  0  2 -2  1  0  0 
       0 -1  0  0  1 -2    
         -3 -2 -1  0       

--- Sample #1530 | True: -8.825769424438477 | Pred: -6.580297470092773 ---
          3 -1  2  0       
       3  2  3  1  1  0    
   -1 -3 -5  4  3  1  0 -5 
-2  0  0 -6 -13 -3 -1  7 -2 
 6  4  1  2  0 -1 -2  0  0 
   -3 -2  0  0 -2  1 -3 -3 
      -2 -1  0 -1 -1 -3    
         -3 -3 -1 -3       

--- Sample #1531 | True: -4.826345443725586 | Pred: -3.788227081298828 ---
          0 -1  3 -4       
      -2 -1  0 -1  0  0    
   -2  0  0 -2 -2 -1  0 -2 
-3 -3  0 -2  0 -1 -2  0  1 
 1 -2  0 -2 -1 -1  0 -3  0 
   -2 -3 -1  0  0  0  0  1 
      -7 -4 -1  0  0  0    
          1 -1  1  0       

--- Sample #1532 | True: -3.471731185913086 | Pred: -6.475669860839844 ---
          4  1  3  3       
       2  2  1  2  1  3    
    0  2  1  1  0  0  3  0 
 4  2  0  1  1  0  2  6 -1 
 4  0  0  2  1 -1  3 -1  1 
    1  3  3  2  1  2  4  3 
       5  2  1  1  3  2    
          3  2  1  4       

--- Sample #1533 | True: -4.199615478515625 | Pred: -4.285085678100586 ---
          2  2 -6  0       
       0 -1 -1 -5  0 -2    
    0  1  0  2  1  0  0 -1 
-4  1  1  0  0  0  0  4  0 
 4  0  1  0  0  1  0 -3  0 
    1  1  0  0  0  0  4  0 
       0 -1 -3 -2  0  0    
          1 -4 -2 -1       

--- Sample #1534 | True: -3.2619247436523438 | Pred: -5.724905014038086 ---
          2  3  0  6       
       0  1  1  0  1  1    
    3  3  2  0 -2  0  1  0 
 5  2  2  1  1  0  0  5  0 
 4  1  2  1  1  0  0 -3  1 
    2  2  1  1  0  1  2  2 
       1  1  1  0  0  0    
          1  3  4  3       

--- Sample #1535 | True: -3.098268508911133 | Pred: -4.214471817016602 ---
          0  1  0  0       
       1  1  1  1  1  0    
    0  0  0  0 -1 -1 -2  1 
 0 -1  0  0  1  0 -1  0  0 
 0  2  0  1  2  1  0 -3  0 
    0  1  2  2  0  0  1  2 
       0  1  1 -1  0  0    
          0  1  1  1       

--- Sample #1536 | True: -4.348270416259766 | Pred: -4.089040756225586 ---
         -4  4  2 -3       
      -2 -1  0  0 -1  1    
   -1  0  0 -1 -3 -2 -4 -1 
 0  0 -1  0  0 -1  0  4 -1 
 0  0 -1  1  0 -1  0 -2 -2 
   -1 -1  2  0  0  0 -1  0 
       0  1  2  0  0 -2    
          0 -2  0  0       

--- Sample #1537 | True: -4.908269882202148 | Pred: -5.635425567626953 ---
          0  0  2  3       
       0  0 -1  0 -1  0    
    0  0  0 -2 -3 -2  0  0 
 0 -1  1  0 -3 -2 -1  4  1 
 1  0  0  0  0 -1  0 -2  2 
    0  0  0  0  0  0  1  2 
       0 -2 -1  0  1  3    
          1  4  2  0       

--- Sample #1538 | True: -6.169807434082031 | Pred: -6.086090087890625 ---
         -2  2  2 -3       
       0  1  0 -1  0 -3    
   -3  1  0 -2 -1  1  4 -4 
 7  0 -1 -1  0  0 -1  2  0 
 3  0  0  1  0  0  0 -2  0 
    0 -1  1  0 -1  0 -1 -1 
       0 -1  0  0 -1  0    
         -2  0 -1  0       

--- Sample #1539 | True: -7.366922378540039 | Pred: -5.735971450805664 ---
         -4  1  0  5       
       0  0  1  0  0  0    
   -2  0  1  0 -2 -3  0  0 
 0  0  0 -3  0 -3  0  0  0 
-16 -7 -2  0 -2 -3 -2 -3  1 
   -9 -1  0  0  0  0 -2  1 
       0  3 -2  0  0 -1    
         -15 -7  0 -1       

--- Sample #1540 | True: -5.287691116333008 | Pred: -7.288572311401367 ---
         -4  1  6  4       
       3  2  0  2  5  4    
    5  2  1  0  1  0  2  3 
 4  3  0  0  0 -2  5  2  2 
 7  5  0  1  0 -2  0 -3  3 
    3  0  2  1  0  0  5  3 
       0  2  0  0  2  4    
          3  1  3  6       

--- Sample #1541 | True: -5.247882843017578 | Pred: -6.183666229248047 ---
          0 -1  2  1       
       0  1  1  2  1  1    
   -1  2  1  0  0  0  1  0 
 0 -2  0  0  1  0  5  1  3 
-3  0  0  1  0  0  0 -4  0 
   -5  0  3  0  0  0  3  0 
      -1  0  1  1  0  1    
         -6  0  0  1       

--- Sample #1542 | True: -4.7630767822265625 | Pred: -6.0222930908203125 ---
          2  2  0  3       
       3  0  0  1  2  0    
   -1  0  1  0  1  0  1  1 
 5  1  1  1  0 -1  0  3 -1 
 1  2  0  2  0  1 -1 -3  1 
    2 -1  3  0  0  2  1  0 
       0  1  2  0  1 -1    
          1  2  3  2       

--- Sample #1543 | True: -5.807884216308594 | Pred: -5.299283981323242 ---
         -1 -3  0  0       
      -3 -5 -1 -2  0  0    
   -4  0  0  0 -1  0  3  0 
-1  0 -1 -1 -1 -3  0  2  0 
-6 -2  0  0  0  0  0 -2  0 
   -3  0  1 -1  0  0  0  0 
       0  0 -2 -1 -1  0    
          0  2  0  0       

--- Sample #1544 | True: -4.518268585205078 | Pred: -6.275995254516602 ---
          1  0  5  7       
       2  4  1  2  0  1    
    5  3  5  0  1  0  2  3 
 5  3  2  1  2  0  2  1  1 
 9  4  1  1  0  1  1 -2  1 
   -6 -1  1  1  0  0  2  0 
      -3 -1 -1  1  1  0    
         -6 -1  2  0       

--- Sample #1545 | True: -1.1657676696777344 | Pred: -1.941436767578125 ---
          2  3  2  0       
       1  1  0  0  0 -4    
    0  2  0  0 -2  0  0  0 
 0  1  1  0  1  1  0 -1  2 
-1 -2  0  1  1  3  1 -2  0 
    0  0  1 -1  0 -1  0  0 
      -1  1 -1  0 -1  1    
         -2  0  0  2       

--- Sample #1546 | True: -0.7613487243652344 | Pred: -3.5785274505615234 ---
          1  3  1  1       
       3 -3  1  2  0 -1    
    3  2 -1  0  1  1  3  3 
 1  2  2  1  2  2  3  2  2 
 3  2  2  0  1  2  1 -3  3 
    1  2  0  5  4  1  5  2 
       5  1  2  1  2  1    
          1  2  2  5       

--- Sample #1547 | True: -3.992116928100586 | Pred: -4.201423645019531 ---
          4  0  2  0       
      -2  0 -1  1  1  1    
    0  0 -1  0  0 -1  1 -2 
 0  1  2  2  1  0  0  0  0 
 0  0  0  0  0 -3  0  0 -1 
    1 -1  0 -1 -2 -2 -1  1 
      -1 -1 -3 -3 -3 -2    
         -2 -2  0  2       

--- Sample #1548 | True: -2.0655746459960938 | Pred: -4.779478073120117 ---
          4  2  5  5       
       0  2  2  3  1  3    
    2 -1  0  2  1  0  1  1 
 5 -1  2  2  1  0  2  9  2 
 6  4  3  4  3  2  4 14  1 
    5  4  3  3  2  2 -25  2 
       5  2  3  4  2  0    
          5  8  4  3       

--- Sample #1549 | True: -2.619037628173828 | Pred: -3.4582901000976562 ---
          0  0  1  2       
      -1  1  0 -1  0  2    
    2  3  0  0  0  0  0  1 
 3  2  3  0  0  0  3  0 -4 
 2  0  0  0  1 -1  0 -1  0 
   -1  0 -1  0 -1 -2  0  6 
      -2  0  0 -2 -1 -3    
         -1  2  1 -1       

--- Sample #1550 | True: -2.189422607421875 | Pred: -4.490306854248047 ---
          0  1  2  2       
       0 -2 -1  0  0  0    
    1  1  0  2  1  1  3  3 
 3  2  2  1  0  0  3 -1 -3 
 6  2  1  3  1  0  1 -6  0 
    3  1  3  1  0  0  0  2 
      -1 -1  1  2  4  3    
         -3  5  4  4       

--- Sample #1551 | True: -12.160577774047852 | Pred: -3.897695541381836 ---
         -11 -8 -5 -6       
      -10 -11 -6 -5 -8 -9    
   -8 -6 -9 -8 -9 -7 -8 -11 
-6 -8 -8 -8 -9 -9 -9 -4 -7 
-8 -9 -9 -9 -9 -10 -10 -2 -8 
   -10 -7 -10 -8 -10 -12 -10 -10 
      -8 -7 -8 -9 -8 -10    
         -9 -14 -8 -9       

--- Sample #1552 | True: -8.761154174804688 | Pred: -10.068855285644531 ---
         12  9  9  4       
       4  6  6  5  2  5    
    8  6  6  3  2  1  3  4 
 2  2  5  6  5  3  3 -14  6 
 4 -1  2  4  4 -10 -8 -1 -2 
    1 -1  3 -3 -10 -8 -10  0 
      -4  3 -5 -7 -12 -12    
          1  1 -1  0       

--- Sample #1553 | True: -22.00115203857422 | Pred: -6.5704193115234375 ---
         -3 -6 -2 -1       
      -3 -5 -5 -4 -6 -10    
   -1 -8 -3 -6 -9 -8 -8 -18 
-4 -3 -5 -3 -4 -9 -7 -6 -20 
-18 -22 -25 -27 -29 -30 -28 -9 -25 
   -21 -24 -25 -26 -27 -25 -24 -18 
      -21 -24 -23 -24 -24 -23    
         -19 -19 -20 -21       

--- Sample #1554 | True: -21.172691345214844 | Pred: -21.089881896972656 ---
          5  5  5  3       
       1  3  3  4  0  4    
    0  2  1  1  5 -6 -3  6 
-5  4  2  1  5 -11 -4 -5  1 
 0  0  0  0  0  0 -1  0 -5 
    0  0  0  0  0  0  1 10 
       0  0  0  2  0  0    
          0  1  0  2       

--- Sample #1555 | True: -24.786155700683594 | Pred: -21.334518432617188 ---
         -2 -1  2  3       
       0  0  0  1 -5 -5    
    3  4 -1  0 -11 -12 -1  0 
-9 -14 -18 -15 -20 -12  8 -4 -12 
 2  1  0  0  1  0  0  0 -5 
    1  0  2  0  0  1  2  9 
       1  0  2  2  0  4    
          0  2  1  3       

--- Sample #1556 | True: -24.851154327392578 | Pred: -21.532514572143555 ---
         -8 -6 -12 -9       
      -2 -3  3  0 -2 -5    
    2 -1 -1  3  0 -7 -2 -13 
 2  6  8 10  4 -6 -5  4 -11 
 0 -1 -1 -4 -5 -2  7 -2 -4 
    0 -1  0 -2 -2 -2 -2  0 
       0 -1 -1 -3 -3 -3    
          0  0 -3  0       

--- Sample #1557 | True: -22.486730575561523 | Pred: -21.830074310302734 ---
          6 13  9 14       
       0  6  4  9  2 -3    
    2  2  4  5 -11 -7  1  1 
-10  4  4  3  1 -15 -5  3  8 
 0 -1 -2 -4 -3 -8 15  0 -2 
   -1 -1 -1 -2 -2 -2  0  0 
      -1 -2  0  0 -2 -1    
          0  0  0  1       

--- Sample #1558 | True: -22.693077087402344 | Pred: -20.80025291442871 ---
          6  4  3  5       
       2  2  0  1  2  0    
    3  0  0  0  3  1  5  3 
-10 -15  3  3  3 -10 -5  2 -1 
 0 -1 -1 -3 -3 -8  0  0 -3 
    0 -1  0  0  0  0  1  0 
      -1 -2  0  0 -1 -1    
         -1  0 -1  0       

--- Sample #1559 | True: -1.3228836059570312 | Pred: -2.606708526611328 ---
          2  0  1  2       
       0  1  0  0  0  0    
   -1  1  1  0  0  2 -1 -2 
 1  0  2  1  0 -2  0 -6 -1 
 1  1  0  1  1  0  0 -2 -1 
    2  1  0  0  0  0  3  0 
       0  0  2  0  0  0    
          1  2  1  0       

--- Sample #1560 | True: -0.9134635925292969 | Pred: -2.6575660705566406 ---
          4 -2  2  5       
       3  3  0  0  1  0    
   -1  3  2  0  0  0  2 -1 
 0  2  1  1  1  0  0  3  1 
 2  4  1  2  1  1 -5  9  0 
    0  1  1  2 -3 -1  3  1 
       1  0  2  0 -1  0    
          3  2  3  0       

--- Sample #1561 | True: -1.0873069763183594 | Pred: -2.245716094970703 ---
          0  1  1  4       
      -1  0  1  0  0 -1    
    2  1  2  0  0  1  1  0 
 0  1  0  0  0  0  0  4  0 
 2  1  1  1  0  0  0 -2  0 
    0  2  1  0  0  1 -1  1 
      -1  0  1  0 -1 -1    
         -1  2  0 -1       

--- Sample #1562 | True: -1.5696144104003906 | Pred: -1.7915763854980469 ---
          0  0  0  0       
       0  0  0  1  0  0    
    1  3  0 -1 -1  0  0  0 
 1  0  0  0  1  0  0  2 -1 
 0  0  0  0  0 -2 -1 -3  0 
    1  0  0  0 -1  0  1  0 
       1  0  1  0 -3 -4    
          0  0  0  0       

--- Sample #1563 | True: -2.4701919555664062 | Pred: -3.0334014892578125 ---
          3  0  1  3       
       0  1  0  0  1  0    
    0  0  0 -1 -1  0  0 -1 
 0  0 -1 -2  0  0  0  0  1 
 3  0  0  0  1 -3 -1 -2  1 
   -2 -1  0  0 -1  0  0  0 
       0  0 -2  0  0 -1    
          0  0  0 -1       

--- Sample #1564 | True: -1.8334617614746094 | Pred: -3.4094581604003906 ---
          3  0  1  3       
       0 -2 -1  0  1 -1    
   -2  0 -1  0 -2  0  3  1 
 0  0  0  0  1  0  3 -3  0 
 2  2  2  0  0 -1  0 -2 -2 
    0  0  0  2  1  0  2  0 
       5  0  1  2  2  7    
          3  3  2  2       

--- Sample #1565 | True: -1.9201927185058594 | Pred: -2.895397186279297 ---
          0  3  3  3       
       2  1  0  3  2  1    
    2  1  1  2  1  0 -1  1 
-2  2  0  0  0  0  0  4 -3 
 3  2  2  0 -1 -1 -2 -2 -3 
    1  2  0  0  0  0  0  0 
       0  1  0  0 -1 -3    
          0  0 -2 -1       

--- Sample #1566 | True: -2.183269500732422 | Pred: -2.737628936767578 ---
         -2 -1  0  3       
       0 -1 -2 -2  0  0    
   -3 -1  0 -1  0 -1  0  0 
 2  0  0 -1 -1  0  0  0  1 
 0  1  1 -1 -2  0  2 -2  0 
    0  1  0 -1  0  0  2  3 
       0  1 -1  0  2  0    
          1  0  1  1       

--- Sample #1567 | True: -3.221731185913086 | Pred: -4.04066276550293 ---
          2  3  3  5       
       2  1  1  3  2  1    
    4  2  0  0  0  1  0  1 
-19  0  0 -3  0  1 -1  5  1 
 5  1 -2 -4 -2  0 -3  7  0 
    1  1 -2  0  0 -1  0  0 
       0  0  1 -1  0  0    
          1  0  0  1       

--- Sample #1568 | True: -2.6925010681152344 | Pred: -3.6635379791259766 ---
          1  3  1  2       
       2  0  1  2  0  2    
    0  2  0  1  0  0  0 -2 
-1  2 -1 -2  0  1  1  3  0 
 3 -3  0 -1  0  0 -1  7  2 
    0  0  2  0  0  0 -1  0 
       0  1  0  0  0 -1    
          1  2  1  1       

--- Sample #1569 | True: -3.2626914978027344 | Pred: -3.4102039337158203 ---
         -1  2  0  3       
       2  0  0  0 -1  0    
    1  1 -2 -2  1  0  0  0 
-1 -3  0 -2  1  0  0  6  2 
-5 -5 -3 -4  0  1 -1 11  2 
   -2 -1  0  0  0  0  0  0 
       0  0  0  1  0  0    
          3  3  2  3       

--- Sample #1570 | True: -2.784229278564453 | Pred: -4.201288223266602 ---
          4  1  1  1       
       3  3  3  1  0 -1    
   -1  3  0  2  0  0  1  1 
-17  2  2  0  3  2  1  6  0 
 4  2  3  2  1  0 -1 11  1 
    2  2  2  1  0  0  0  1 
       2  1  0  1  0  1    
          2  0  1  0       

--- Sample #1571 | True: -3.9651927947998047 | Pred: -3.6667137145996094 ---
          0 -1 -1 -2       
       1  0  0  0 -3 -3    
   -1  0 -1 -2 -2 -2 -4  0 
 2 -1 -1  0 -2 -1 -2 -2  2 
-3  0  0  0  1  0 -1 -9  0 
    0  2  0  0 -1 -3  0 -3 
       0  0  0  1  0  0    
          2  2  2  1       

--- Sample #1572 | True: -3.2771148681640625 | Pred: -5.147626876831055 ---
          4  0  2  4       
       3  0  1  2  2  3    
    0  3  1  1  0  0  0  2 
 1  0  2  3  1 -1  0  1  2 
-1  0  3  3  1  1  2 -2  3 
   -1  1  1  2  2  0  2  3 
      -1  0  0  3  1 -1    
          1  2  0  2       

--- Sample #1573 | True: -6.240575790405273 | Pred: -4.918708801269531 ---
         -2 -6 -5 -1       
      -4 -1 -3  0  0 -3    
   -5  0  0 -2 -3 -2  0 -4 
-2 -2  1  0 -4 -3 -2  0  0 
-3 -2  0  0  0 -3 -2  5  0 
   -6  0  0  0 -3  0  2  2 
      -3  0 -2 -2  0  0    
         -1  0 -3 -5       

--- Sample #1574 | True: -6.708461761474609 | Pred: -4.383998870849609 ---
         -5 -6 -3 -6       
      -4  0 -5 -2 -2 -1    
   -4 -3 -1 -2 -4 -3 -7 -8 
 0 -1 -1 -1 -2 -2 -2  0 -6 
-1 -3 -1 -1 -1 -2 -3 -2 -2 
   -3  0 -4 -1 -5 -2  0  0 
      -2 -2 -1 -3 -1 -2    
         -1 -1 -1  0       

--- Sample #1575 | True: -5.711923599243164 | Pred: -3.960905075073242 ---
         -5 -7 -9 -9       
      -9  0 -3 -5 -3 -2    
   -10  1 -2 -3 -2 -3 -1 -3 
-2 -3  1  0 -1 -1 -4 -8  0 
-2  0  0  1 -1 -1 -2  5  0 
   -3 -1  0 -2 -2 -3  1  1 
      -5 -1  0  0 -2  0    
         -2 -1  0  1       

--- Sample #1576 | True: -27.779422760009766 | Pred: -27.325176239013672 ---
          1  0  2  2       
      -1 -2 -1  0 -2  0    
   -1 -1  5 -2 -5  1 -3 -1 
-3 -2 -1 -1  6 -6 -9  5  3 
 0  0 -2 -8  3  9  0  1 -1 
   -1  4  8 -9  7 -1 -1 10 
      -1 -2  0 -1 -2 -2    
          1  1  0  0       

--- Sample #1577 | True: -29.85788345336914 | Pred: -26.41421890258789 ---
         -1 -1  0  0       
       0 -5 -4 -3 -4 -1    
   -3 -4 -5 -5 -6 -8  3 -4 
-1 -3 -4  0 -6 -8 -6 -2 -5 
 0 -2 -2 -6 -4  5 -4 -1 -2 
   -3 -3 -2 -4 -4  6 -4 -2 
      -2 -2 -2 -3 -5 -4    
         -1  0 -2 -2       

--- Sample #1578 | True: -1.4548072814941406 | Pred: -2.947582244873047 ---
         -1 -1 -3 -1       
       2  0 -1  0 -2  0    
    1  1  1  0  0  0  0  0 
 0  2  2  0  0  0  0  3  0 
 1  2  3  1  1  0  2 -2  4 
    1  1  0  0  1  0  2  4 
       0 -2  0  3  2 -1    
          0  1  3  2       

--- Sample #1579 | True: -0.94384765625 | Pred: -3.5076236724853516 ---
          0 -1  0  0       
       2  1  0  0 -1  1    
    2  2  5  2  0  4 -3 -1 
 1  2  0  0  2  0  3  1 -1 
 0  2  1  1  1  2  1 -1  3 
    3  2  2  0  4  4  2  3 
       8  0  1  1  0  0    
          1  3  0  2       

--- Sample #1580 | True: -3.292692184448242 | Pred: -3.9610843658447266 ---
         -5  0  0  4       
      -1  0 -1  0  0 -3    
    0  0  1  0 -2 -1 -1  2 
 0  0  0  0  0 -1  0 -1  0 
 1  0  1  0  0  0  0  2  1 
    0  0  0 -2  0  1  2  0 
       3  0  1  1  1  2    
         -2  0 -1  1       

--- Sample #1581 | True: -3.1036529541015625 | Pred: -3.957366943359375 ---
         -3 -4 -3  0       
      -3  2  0 -1  2 -6    
    3  5  1  0  1  0 -1 -1 
 2  2  2  1  0  0  1  0  1 
 1  1  2  2  0  0  0 -5  0 
    0  1  0  0  2  1  2 -1 
      -3  1  0  0  0  1    
          0  0  0  1       

--- Sample #1582 | True: -5.079999923706055 | Pred: -5.754396438598633 ---
         -1  1  4  2       
      -3  0  1  0  1  0    
    2  0 -1 -1 -2 -2  1 -3 
 5  3  0 -1  0  0 -4 -4  0 
 0  2  1  0  2  0 -1 -1 -1 
    3  0  1  2  0  0  0 -1 
       0  0  1  1  1  0    
          1  0  3  1       

--- Sample #1583 | True: -3.960386276245117 | Pred: -5.830327987670898 ---
          1  3  2  1       
       0  2  2  3  2  1    
    3  1  2  0  0  0  0  0 
 3  2  3  1  1  2  2  1  0 
 3  0  0  0  0  1  2  1  2 
    2  1  0  0 -1  0  0  0 
       2  0  1  3  1  1    
          1  0  1  1       

--- Sample #1584 | True: -4.324806213378906 | Pred: -4.916608810424805 ---
          2  0  0  2       
       0 -1 -1  0  2  1    
    0  0  0 -3 -1 -3 -1  8 
-2  0  0 -1 -1 -5 -3 -8 -1 
 0  0  0  0  0  0 -4 -3 -1 
    0  0  0  0  0  0 -5 -1 
       0  1  1  3  2  0    
          1  3  4  4       

--- Sample #1585 | True: -2.0290374755859375 | Pred: -5.564548492431641 ---
          3  5  5  5       
       4  4  5  5  3  3    
    9  5  4  2  5  1  2 -1 
 5  4  3  2  0  3  0 -2  1 
 5  3  2  2  0  1  1 -1  1 
    1  2  2  0  1  0  0  0 
       2  2  1  2  0  0    
          4  3  3  3       

--- Sample #1586 | True: -2.596538543701172 | Pred: -3.1893577575683594 ---
         -2 -1 -2  5       
       0 -3 -3 -1  0  0    
   -1  0 -1  0 -2 -1 -2 -2 
-3 -1  0 -1 -1  0 -4 -19  5 
 0  1  1  3  3  3 -1 -2  2 
    0  0  1  1  0  0  1  0 
       1  0  1  4  3 -1    
          0  1  5  3       

--- Sample #1587 | True: -7.724037170410156 | Pred: -8.685413360595703 ---
          4  6  4  7       
       0  0  0  2  0  3    
   -1 -1  0 -1 -1 -3  2  1 
-5 -1 -3 -1 -1  7  4 -3  3 
 1  0  0  0  0  0 -1 -3  3 
   -1 -1 -1  0 -3 -3  0  2 
      -2 -1  0 -1 -1  1    
          2  1  1  1       

--- Sample #1588 | True: -4.596729278564453 | Pred: -8.715066909790039 ---
          3  6  6  5       
       3  2  3  4  3  5    
    0  1  3  2  2  0  3  2 
 7  3  2  4  3 -10 -2  9  2 
 7  5  5  6  8  4  8 -1  2 
    5  4  5  3  4  4  2  1 
       2  0  2  3  4  2    
          5  4  4  5       

--- Sample #1589 | True: -4.229999542236328 | Pred: -5.227794647216797 ---
          0  0  1  0       
       0  0  2  2  0  0    
    0  0  0  1  0  0  2  0 
 3  3 -1 -1  3 -11  5 -4  0 
 1  2  1  1  2 -4 -3 -2 -1 
    3  3  2  1 -1 -1  4  0 
       5  4  2  2  1  1    
          3  0  2  5       

--- Sample #1590 | True: -5.193269729614258 | Pred: -5.451564788818359 ---
          1  3  2  3       
       0  3  3  3  0  0    
   -2 -1  0  1  0  0  2  2 
-3 -4 -3  1  2  9  7  3 -1 
 1 -3 -2  0  2 -14 -8 -3 -1 
   -2  0  1  0  0  0  2  0 
       0  0  0 -1  0  0    
          0 -2  1  1       

--- Sample #1591 | True: -5.973461151123047 | Pred: -6.70289421081543 ---
         -1  0  0 -1       
      -2  1  0  0 -1  0    
   -9 -3  0  0 -1  0 -1 -2 
 6 -2 -2  2  0 -25 -1  3  0 
 1  2  3  5  5  6  2 -1  2 
    0  0  2  5  2  2  1  2 
       0  1  4  2 -1  1    
         -2  5  3  1       

--- Sample #1592 | True: -3.4309616088867188 | Pred: -4.331632614135742 ---
          3  1  0 -1       
      -1  2 -1 -1  0 -6    
    2  0 -1  0 -3  0 11 -3 
-20  1  1  0  0  0  0 -2  0 
-21  2  2  0  0  1  4 -2 -1 
    1  4  4  2  2  0  0 -1 
       6  3  3  0  0 -1    
          4  0  0 -1       

--- Sample #1593 | True: -3.9701919555664062 | Pred: -2.9770851135253906 ---
          3 -1  3  2       
      -2 -3 -3 -3 -5 -1    
   -3 -1 -3 -4 -6 -1 -2  0 
 0  0  0 -2 -1 -2  0  3  0 
 1  0  0 -2 -1 -1  0 -3  1 
    1 -1 -1  0  0 -1  0  0 
      -1 -1  0 -1 -1 -4    
          1  2 -3 -3       

--- Sample #1594 | True: -4.696538925170898 | Pred: -4.755769729614258 ---
          1  0  0  0       
      -1  0 -4  0 -1 -5    
   -1 -1 -1 -3 -3 -3  1  0 
 0  0  0 -1  0 -2  0  0  0 
 2  0 -1 -1  0  0  0 -2  2 
    4  0 -1  0 -1 -1  2  3 
       0  0  0  0  1 -1    
          2  0 -1  0       

--- Sample #1595 | True: -3.3880767822265625 | Pred: -2.884929656982422 ---
          0 -1  0 -2       
      -1  1 -1 -4 -5  0    
   -3  0  1  0 -1  0  0  0 
 0  0  0  0 -1 -4 -1 -1  1 
 1  0 -1 -1 -1 -3 -1 -2  0 
    0  0  0 -1 -2 -2 -1  0 
       0  0  0 -1  0  0    
         -1 -1 -2 -2       

--- Sample #1596 | True: -3.038076400756836 | Pred: -2.955780029296875 ---
          2  0 -1  1       
      -1  0 -1  0  0  0    
    0  2  1  0 -2  0 -1  0 
-3  0  0  0 -1 -3  0 -5  0 
 0  1  1  0 -1 -1 -4 -1  0 
    0  0  0 -1 -1 -4 -1  0 
       0 -2  0 -1  0  0    
          0  0 -1  0       

--- Sample #1597 | True: -4.434230804443359 | Pred: -5.166034698486328 ---
          2  1 -1  0       
       2  2  0  2 -1  0    
    0  3  3  0 -1  0  0  1 
 0  0 -3 -1  0  0 -2  4  0 
 1  0  0  1  3  0  1  7  0 
    1  2  1  1  0 -1  2  0 
       0  0  1  0  0  0    
          1  0  0 -1       

--- Sample #1598 | True: -4.184808731079102 | Pred: -4.884027481079102 ---
          0  2  2  3       
       3  0  0  0  1  0    
   -1  0  1 -1 -1  0  0  0 
-5 -1 -1  0  0  0 -5  7  0 
 2  0 -2  0  0  1  2  5  0 
    0  0  0  0 -2 -1  1  1 
       0  1  2  0  1  7    
          2  1  1  2       

--- Sample #1599 | True: -3.941539764404297 | Pred: -4.973257064819336 ---
         -3  2  2  1       
       2 -4  0  2  0 -2    
    0  0  1 -3 -3  0  0  1 
-1  0  0  1 -1  2 -1  1  0 
 6  2  1  1  0  0  3 -12  0 
    3  0  0  0 -1  0  1  1 
       0  0  0  0  0  0    
          1  1  0  1       

--- Sample #1600 | True: -3.6499996185302734 | Pred: -5.357852935791016 ---
          0  2  3  1       
       0  1  0  4  1  0    
    0  1  1 -1 -4  2  2  0 
 1  0 -1  0 -1  1 -2  3  0 
 1  1  0  1  0  3  2 25  0 
    0  0  2  2  3 -2  0  1 
       1  0  1  3  1  2    
          0  0  1  3       

--- Sample #1601 | True: -3.3555774688720703 | Pred: -4.894351959228516 ---
          4  2  4  4       
       5  2  0 -1  1  1    
    0  1  1  0 -1  0  0  1 
 0  0  0  0  0  0 -11  0  1 
 2  1  0  1  4  4  0 20  0 
    5  0  1  2  1 -1  0  0 
       1  0  0  0 -1  0    
          0  0  0 -3       

--- Sample #1602 | True: -3.704038619995117 | Pred: -3.6893444061279297 ---
          1 -1  0  1       
      -2  1  0 -2  0 -1    
   -2  0 -1  0 -2  0  3  0 
-3 -2 -2 -3  0 -1  1  4  0 
 0 -2  0  0  0  0  1  0 -1 
    0  0  0  0  0  0  0  1 
       2 -1  0 -1  0  0    
          0 -1  0  1       

--- Sample #1603 | True: -2.8740386962890625 | Pred: -3.9124221801757812 ---
          2  1  1  3       
       7  0  0  0  0  1    
    1  2  0  0  0 -4 -2  4 
 3  1  2 -1  0  0 -6  6  5 
 1 -1  0  0  3  1 -1  0 11 
    0  1  0  2  0 -2  0  2 
       2 -1  2  0  0  0    
         -6 -1  0  1       

--- Sample #1604 | True: -1.6748085021972656 | Pred: -3.798604965209961 ---
          0  4  4  3       
       0  0  1  2  0  0    
    0  2  0  0  0  0  3  1 
 0  0  0  0  1  3 -2  8  0 
 1  1  2  0  1  2  0 13  1 
    1  2  0  2  0  1  2  0 
       3  3  2  2  3 -1    
          2  2  7  0       

--- Sample #1605 | True: -1.94134521484375 | Pred: -3.3289012908935547 ---
          1  1  3  2       
       4  1  1  1  0  1    
    0  1  0  0  0  0  4  0 
 2  0  1  0  0  0  2  1  0 
 0  3  1  0  0  0 -1 -2  1 
    1  0  0  0  1 -2  0  2 
       0  0  1  1  0 -1    
          0  2  3  2       

--- Sample #1606 | True: -2.9886550903320312 | Pred: -4.974750518798828 ---
          3  3  2  3       
       6  1  0  2  0  0    
    0  3  0  0 -1  0  0  0 
 1  3  0 -3  0  3 -1  7  2 
 1  5  2  0  2  2  0 -2  2 
    2  0  1  2  1  0  2  1 
       0 -1  2  3  0  2    
          2  3  6  0       

--- Sample #1607 | True: -2.091156005859375 | Pred: -4.69183349609375 ---
          2  3  4  3       
       0  2  1  3  0  3    
    4  3  1  1  0  0  1  2 
 3  2  3  1  0  0  4  0  0 
 1  3  1  1  0  2  2 -2 -1 
    3  0  1  3  1  0  2  0 
       2  0  1  2  1  0    
          1  2  3  3       

--- Sample #1608 | True: -0.7630767822265625 | Pred: -1.7431068420410156 ---
          2  3  2  5       
       0  3  0 -1  0  0    
    2 -1  0  0  1  0  2  1 
 2  1  0  0  0 -2  0  1  0 
 0  1  0  0 -1 -1  0 -2  0 
    1  2  1  0  0  0 -2  1 
       1  0  0 -1  0  0    
          2  3  0  0       

--- Sample #1609 | True: -7.869808197021484 | Pred: -10.672536849975586 ---
          6  5  8 12       
       0  0  4 -2  5  9    
    5  0  1  4 -5 -10  1  9 
-6  8  7  5  3 11 12 -7  6 
 9 10  3 -1  0  4  4 11  5 
    3  7  7  5  3 -3  6  5 
      11  0 -3 -2  8  3    
         11  9  7  8       

--- Sample #1610 | True: -3.0838470458984375 | Pred: -4.613811492919922 ---
          9 -2  2  0       
      -1 -2 -1 -1  0 11    
    0 -2 -2  0  0 -4  3  6 
-2  0  0  1  0 -2 -1  0 -3 
 2  1  0  3  0 -1  3 -2  1 
    1  0  4  1  2  3  1 10 
       0  0  1  2  0  0    
          0  2  2  4       

--- Sample #1611 | True: -1.16961669921875 | Pred: -4.991477966308594 ---
          5  5  7  5       
       7  6  5  4  4  3    
    7  6  3  4  3  3  4  4 
 4  3  5  2  1  2  3  0  1 
 4  4  2  2  1  2  2 16  2 
    1  2  2  1  1  0  3  3 
       3  1  1  0  1  0    
          3  4  0  1       

--- Sample #1612 | True: -0.29288482666015625 | Pred: -1.9643707275390625 ---
          0  2  4  3       
       2  0  0  3  1  1    
    0  1  1  1  1  0  2  1 
-2  1  0  0  1  1  1 -16  4 
 0  3  1  0  2  0  1 -6 -1 
    2  1  0  3  0  1  1  1 
      -3 -1  2  1  0  4    
          1  1  1  5       

--- Sample #1613 | True: -2.0411529541015625 | Pred: -4.898220062255859 ---
          5  3  0  2       
       3  3  2  4  1  3    
    3  2  1  0  1  0  2  0 
 0  3  0  1  2  0  1 -17 -1 
 6  2  2  1  1  2  1 -3  2 
    1  1  1  0  0  2  4  3 
       1  1  2  1  1  0    
          7  3  1  7       

--- Sample #1614 | True: -1.1907691955566406 | Pred: -3.1404495239257812 ---
         -2  0  3  2       
       0  1  1  2  0  2    
    0  3  1  1  2  1  4  1 
 2  2  3  1  1  1  3  0  4 
 1 -2  1  1  1  2  2 10  5 
    2  0  1  0  0  1  1  5 
       1 -1  1  1  0  0    
          2  3  3  4       

--- Sample #1615 | True: -1.2351913452148438 | Pred: -3.57574462890625 ---
          1  3  2  2       
       2  0  0  0 -1  0    
    2  1  0  0  0  0  0  0 
 1  2  1  1  0  1  0 11  0 
 1  0  1  1  0  0  2 -10  2 
    2  1  1  2  0  1  3  3 
       0  0  1  1  0  1    
          2  1  1  1       

--- Sample #1616 | True: -2.9730796813964844 | Pred: -2.3649330139160156 ---
          0 -2 -7 -5       
      -1  0 -2 -3 -2  0    
   -1  1  0 -1 -3  0  1 -1 
-6 -1  1  0  0 -1 -1  3  0 
-2  0  1  0  0  0 -2 -2  0 
   -1  0  0 -2  0 -1  0  0 
       0  0  0  0  0 -1    
         -3 -2 -1 -1       

--- Sample #1617 | True: -2.703075408935547 | Pred: -3.715108871459961 ---
          5  2  0  2       
       0  2  1 -10  1  2    
    0  2  2  0  0  1  3 -1 
-1  0  0  1  2  1  0  1  2 
 0  1  0  0  1  0  0 -3  2 
    1  0  0  0  0  0  2  0 
       0  0  0  0  0  0    
          0  1  3  0       

--- Sample #1618 | True: -4.449037551879883 | Pred: -3.6872177124023438 ---
         -1  0 -6 -5       
       0  0  0 -5  0 -1    
   -4  0  0  0 -1  0  1 -1 
-6 -2 -1  0  0  0  2  0 -3 
-1 -2 -1 -1 -2  0  0 -2  1 
   -2  0  0 -2  0  0  0  1 
       0  0  0  0  0  0    
          0 -1  0 -2       

--- Sample #1619 | True: -3.2757701873779297 | Pred: -4.888242721557617 ---
         -1  3  2 -3       
       1  2  2  0  3  3    
    2  1  2  0  0  2  4  1 
 0  0  2  2  0  0  1  3  2 
 0  2  1  1  1  0  0  1  4 
    2  2  1  0  0  0  2  2 
       1  1  0  0  0  1    
          2  0 -1  0       

--- Sample #1620 | True: -2.7165374755859375 | Pred: -2.1654510498046875 ---
         -2  0  0 -1       
       0  0 -1 -2  0  1    
    0  1  0 -1 -3 -1  0 -1 
 0  0 -1 -3  0 -1 -2  3  1 
-5  0  0  0 -2  0 -1  1  0 
   -2  0  0 -1  0 -1  0  0 
       0 -5 -1 -1  0 -1    
          0  0 -3  0       

--- Sample #1621 | True: -2.181537628173828 | Pred: -3.8486328125 ---
          0  1  1  2       
       1  3  3  4  0  0    
    0  2  2  1  2  0  2 -3 
-1  0  1  1  0  0 -2  9  0 
 1  0  1  1  0  1  0 -3  0 
    1  1  2  0  0  1  3  0 
       1  0 -1  1  1  0    
          2 -2  0  1       

--- Sample #1622 | True: -2.9803848266601562 | Pred: -2.454395294189453 ---
          0 -1 -3 -4       
       1 -1 -1 -1 -1 -4    
    0  0 -1  0 -2 -3 -3  0 
 0  0  0  0  0  0  0  4 -4 
-1  0  0  0  0  0 -1  5  0 
   -1  0 -1 -1  0 -2  0  1 
      -1 -1  1  0  0  1    
          0  0  1  1       

--- Sample #1623 | True: -3.726154327392578 | Pred: -4.218269348144531 ---
         -3  2  0 -4       
      -1  2  0  1 -3 -3    
    1  1  0  0 -1  0  0 -3 
 0  0  0  0  1 -1 -2 -2  2 
-1  0  0  0 -1  0  0 -6  0 
    0  0  0  0  0  0  0  2 
      -1 -2 -2  1  0  0    
          0 -2  0  1       

--- Sample #1624 | True: -12.989421844482422 | Pred: -10.617168426513672 ---
          2  6 13  0       
       7  2  6 13 -5  0    
    3  2 -1  0 -5 -14 -4 -1 
-1 -1  1  0  0  1 -15 -3 -1 
 0  0 -1 -5  0 -8  0  0  6 
   -5 -3 -6 -8 -10 -7 -6 -3 
      -6 -9 -7 -5 -8 -10    
         -11 -8 -9 -5       

--- Sample #1625 | True: -13.652307510375977 | Pred: -9.891067504882812 ---
         -10 -11  3  5       
      -9 -13 -14  1  2  2    
   -6 -8 -12 -14  2  0  1 -1 
-2  8  1 -3  3  6 -17 -7  0 
-3  0 -4 -2 -1 -1 -1 11  1 
   -4 -8 -9 -2  0 -1 -1 -2 
      -22 -10 -2 -1 -3 -3    
         -4 -14 -3 -3       

--- Sample #1626 | True: -6.940191268920898 | Pred: -5.401922225952148 ---
         -4 -14 -15  2       
      -1 -1 -2  2 -2 -19    
   -1  0  0  0  2  0  0  4 
-20  0  0 -3  0  0  1  0  0 
-18 -5  2  0  0  1  1 -4  0 
    1  0 -1  0  1  0  0 -3 
      -1 -3  0  1  0  0    
         -1 -1 -1 -1       

--- Sample #1627 | True: -8.898462295532227 | Pred: -6.744962692260742 ---
         -17 -8  1  0       
       1  1  2  3  1 -4    
    0  3  4  2  0  2  0 -9 
-17 -4  3  1  1  0  0 -4 -7 
-15 -16  1 -2  0  1  1 -2  0 
   -8  0 -1 -2  0  0 -1 -9 
      -7 -5 -3 -2 -1 -2    
         -7 -15  0  0       

--- Sample #1628 | True: -13.662500381469727 | Pred: -9.177375793457031 ---
         -12 -11  0  0       
      -16  1  4  0  1  0    
   -12 -17  0  2  1  0  1 -4 
 5  0  5  3 -2  0 -1  4 -1 
-10 -16 -23  1 -1 -4  1 -3 -3 
    0  1  1 -1 -3 -1  0  2 
      -2 -17  0 -14  0 -2    
         -21 -18 -20 -2       

--- Sample #1629 | True: -18.91326904296875 | Pred: -12.76080322265625 ---
         -3  6  0  3       
      -10  0  0  6  5  0    
   -8 -14 -16  0  2  6  5  3 
-8 -2  0  3  0  4  2  3  4 
-3 -9 -14  5  0 -12  1 -2  2 
   -3 -12 -1 -13 -23 -22 -9 -8 
       7  3 -14 -17 -17 -10    
         -5  1 -9 -10       

--- Sample #1630 | True: -14.464422225952148 | Pred: -15.235832214355469 ---
          0  0  0  5       
       0  0  1 -1 -3 -5    
   -1  2  5  0  3  0 -8  9 
-4 -6 -5 -2 -1  8 -1  0  6 
 7  5  2 -2  0 -1  0 -3 -21 
    3  0  1  0 -2  1  4  7 
       0  0  1 -1  2  2    
          2  1  2  0       

--- Sample #1631 | True: -14.87346076965332 | Pred: -14.288139343261719 ---
          1  0  3  0       
       0  0  2  0  0 -4    
   -2  4 -1  0  0  0 -4  4 
-3 -4  2  0  0  1 -6 -3  4 
 5  1  1 -1  4  0  0 -1  1 
    3  1  1  0 -1 -1 -4  4 
       0  0  0 -1  0 -1    
          0 -2  0 -4       

--- Sample #1632 | True: -16.791345596313477 | Pred: -15.124528884887695 ---
          1  1  2  0       
       1  0  3  0  5 -1    
    1  5  0  0 -1 -2 -2  6 
 2 -2 -1  1  0 10  0  2  2 
 4  0 -1 -2 -1 -3 -4 10 -9 
    0 -3 -1 -2 -5 -3 -5 -5 
      -4 -4 -4 -5 -5 -2    
         -3 -2 -1 -4       

--- Sample #1633 | True: -14.312116622924805 | Pred: -16.765825271606445 ---
          2  1  8  0       
       1  2  3  1  1 -2    
    2  1  9  2  2 15 13  8 
 0 -2 -1  6 -1  9 -9 10  4 
 8  7  7  3  7  6 10 16 -10 
    5  4  5  6  3  6  3  0 
       2  0  2  3  3  3    
          2 -1  3 -2       

--- Sample #1634 | True: -14.683462142944336 | Pred: -16.232467651367188 ---
          1  1  4  0       
       1  0  2  1  0 -7    
    1 15 15  0  9  5  4  6 
-2  0 -2  8 -3  7 -9 13  2 
-12  0  2  0  0  2  2 17 -23 
    5  3  2 -1  1  0  0  4 
       1  2  0  2  2  2    
          4  3  5  8       

--- Sample #1635 | True: -11.53769302368164 | Pred: -11.872013092041016 ---
          6 12  3 11       
      -5  7  5 -8  6  7    
    2 -3 13 -4 -12 -14  3  5 
 5 -3 -3 -4  5  7  5 12  2 
 2  2  8  0  7  1  2 -8  2 
    9 -12  0  5  3  2  0  2 
      -11  1  3  4  2  3    
          4  4  3  2       

--- Sample #1636 | True: -13.314615249633789 | Pred: -11.357902526855469 ---
         -5  0 10  1       
      -7 -1  2 -7  3 -1    
    0 -2  0  0 -5 -8 -2  0 
-3 -1  0  0 -4  1  4  8 -2 
-6  7 11  8  6  0 -1 -6  2 
    2  4  6  3  3  1  0  0 
       2 -5 -6 -1  0 -1    
          5  3  4  9       

--- Sample #1637 | True: -13.664039611816406 | Pred: -11.583419799804688 ---
          7 10 10  6       
       5  8  5  8  3  0    
   11 -3 -4  0 -5 -8 -4 -4 
17  0  2 -2  4 -1  0  6 -7 
 7  0  3  0 -2 -7 -6 -7 -5 
   -3 -2 -1 -1 -3 -5 -5 -4 
       0 -6 -3 -1 -2 -2    
          1  0  0  1       

--- Sample #1638 | True: -13.640962600708008 | Pred: -10.435222625732422 ---
         -4 -3  2 -3       
      -4 -3 -6 -7  3  3    
    6 -6  2  7  1 -3  4  1 
 0 -9 -6 -3 -7  5 -15 17  2 
-5  7 -6 10 10  1  0 11  2 
   -3  0 -1  8  7 -6  6  3 
       0 -13  3  3  2  4    
          3  0  7  6       

--- Sample #1639 | True: -12.669229507446289 | Pred: -14.02467155456543 ---
         10 13  5 -3       
       0 -6 14 12 11  4    
    3 -4  4  1  8  9  3  1 
-1  0 -1  0  0  9 -10 14  3 
10 14 13 11  5  0  0  0  1 
   14  4  1  8  9 -11  0  5 
       9 -4  2  3  0  0    
          8  3  4  4       

--- Sample #1640 | True: -3.24615478515625 | Pred: -5.710914611816406 ---
          1  3  2  2       
       4  4  2  3  3  2    
    0  2  2  1  1  2  4  1 
 2 -2  1  2  1  0  1 -3 -1 
 3  2  3  0  1  0  2 -2  0 
    1  1  1  1  2  1  1 -2 
       1  0  0  2  2  1    
          0  0  4  1       

--- Sample #1641 | True: -4.589422225952148 | Pred: -4.266651153564453 ---
         -2  0  0 -3       
       0 -2 -2 -2 -1 -4    
   -2  0 -1 -2 -3  0 -3 -3 
 3  1  0 -1 -1 -1  0 -4 -2 
 1  1 -1 -1 -1 -2  0 -2  1 
    0 -3  0  0  0  0  0 -3 
      -1  0  1  0  0 -1    
         -3  3  0 -1       

--- Sample #1642 | True: -4.334808349609375 | Pred: -5.070308685302734 ---
          0  1  1  1       
       1  1  1  0  0 -1    
   -1  1  2  2  0  0  3  0 
 3  3  1  0 -1 -2  2 -3  0 
 1  0 -2  0  0  0 -1 -2  0 
    0  0  0 -1 -1  0  1 -2 
      -1 -2  0  1  1  0    
         -2  2 -1  0       

--- Sample #1643 | True: -5.085577011108398 | Pred: -5.132286071777344 ---
         -2  0  0 -1       
       1  0  1  0  0 -2    
   -1  0  1  2  0  0 -3  0 
-6 -4 -2  0  1 -1  3 -13 -4 
 0  1  0 -1  1  0  2 -2  0 
    0  0  0  0  0  0 -1  2 
       0  0  0  1  0  0    
         -6  2  1  1       

--- Sample #1644 | True: -2.433074951171875 | Pred: -4.178676605224609 ---
          1  0  1  2       
       2  0  0  0  0  0    
    3  2  0  0  0  0  0  0 
 4  3  1  1  0  0 -2 -8  0 
 2  0  0  0 -1 -1  1  6  0 
    0  1  0  0  2  0  1  3 
       1 -1  0  2  0  0    
          1  1  4  2       

--- Sample #1645 | True: -2.8544235229492188 | Pred: -4.380945205688477 ---
         -1 -3 -3  1       
       0  1 -1 -1  0  0    
    3  1 -1  0 -1  0  0  0 
 3  1  2  0 -1  0 -1  2  0 
 2  0  1  1  0  0  0 -9  0 
    3  1  0  1  2  0 -1  3 
       0 -1  0  1  0  0    
          3  2  0  2       

--- Sample #1646 | True: -4.409229278564453 | Pred: -4.187765121459961 ---
         -4 -5 -1  0       
       2 -2 -4 -3 -2  0    
   -1  1 -1 -1 -3 -1  0  0 
-24  1  2  0  0  0  0 -2  0 
-25  2  0  0  0  0  3 24  1 
    0  0  1  1  1  0  1  4 
       0 -1  0  0  1  2    
          1  1 -2  1       

--- Sample #1647 | True: -3.994037628173828 | Pred: -5.008089065551758 ---
         -1 -4 -4 -3       
       0 -1 -2 -1  0 -3    
    0  0 -1 -3 -1 -1  0  0 
 3  4  1  0  0  0  0  0  0 
 3  2  1  0  1  0  1 -17  0 
    1  0  1 -1  1  0  1  0 
       2  1  1  1  2  3    
          1  2  3  0       

--- Sample #1648 | True: -1.2771148681640625 | Pred: -3.270627975463867 ---
          1  0  5  2       
       2  0 -1  2  0  0    
    1  1  0 -3  0 -2 -1  0 
 0  1  0  1  0  0 -3 -3  1 
 3  1  2  1  0  0  3 20  2 
    1  1  0  0  0  0  2  1 
       3  2  1  1  1  3    
          4  2  1  3       

--- Sample #1649 | True: -4.60230827331543 | Pred: -2.8043060302734375 ---
         -3 -3 -11 -18       
       0 -2 -5 -4 -5 -7    
   -1 -1 -3 -4 -4 -5 -1 -3 
-4  0  0 -3 -2 -4 -2  5  0 
-24  0  0  0 -2 -2  0 -14  0 
   -1  0 -1 -2 -1  0 -1  0 
       2 -1  0 -1  0  0    
          1  1  3  3       

--- Sample #1650 | True: -0.7482681274414062 | Pred: -5.944303512573242 ---
          8  8  7  7       
       3  5  7  8  4  5    
    8  4  3  8  4  4  3  4 
 8  7  5  3  5  6  3 11  5 
 8  6  5  2  3  1  1 29  1 
    6  3  2  3  0  2  2  6 
       6  2  1  0  1  3    
          1  0  1  0       

--- Sample #1651 | True: -4.020769119262695 | Pred: -1.9973373413085938 ---
         -4 -9 -8 -16       
      -3 -4 -3 -5 -5 -10    
    0 -1 -2 -3 -3 -3 -2 -11 
 0  0  0  0  0 -1 -1  1 -9 
 0  1  2  1  1  0  0 -5 -6 
    0  2  1  0  0  1  1 -14 
       1 -1 -1  0  0  0    
          1  1  2 -2       

--- Sample #1652 | True: -7.591154098510742 | Pred: -7.524303436279297 ---
         10  8 12 11       
      -5 -1  3 -2  4 10    
    0 -7 -7 -9  0 -1  5  9 
-3 -4 -8 -8 -10 -4 -2  3  1 
 9 -1 -4 -5 -7 -8 -2 25  5 
    2 -3 -5 -3  0 -10  2 -20 
      -8 -8 -4 -25 -8  0    
          0 -2  1  0       

--- Sample #1653 | True: -0.880767822265625 | Pred: -2.2331199645996094 ---
          0  0  6  5       
       2  0  0 -1  0  0    
    0  1  1  0 -1 -1  1  0 
-1  1  1  2  0  0  0 -2  0 
-1  2  1  1  0 -1 -1 -2  4 
    0  1  2  3  0 -1 -2 -2 
       1  0  1  1  0  1    
          2 -1  0  4       

--- Sample #1654 | True: -1.9401931762695312 | Pred: -2.6479568481445312 ---
          1  3  2  0       
       2  0  0  0 -1 -1    
    2  1  1  0 -1 -1  0  0 
-2  0  0  0  0 -2 -2  0  0 
-1  1  3  1  0 -1 -3  0  0 
    1  2  1  0 -1 -1  2  0 
       2  0  0  0 -2  0    
          1  1  0 -1       

--- Sample #1655 | True: -0.7969207763671875 | Pred: -3.2745399475097656 ---
         -1  1  6  5       
      -1  0  0  0  0  0    
    0  3  0  2  1  0  4  1 
-4  1  4  3  1  1  1  1  0 
-3  1  3  3  3  0  0  3  0 
    0 -3  0  4  2  3  2  0 
       1  0  2  2  2  1    
          2  0  1  9       

--- Sample #1656 | True: -1.6088447570800781 | Pred: -2.1236534118652344 ---
          0  1  4  0       
       0  0 -1  0 -4 -2    
    0  0 -2 -1 -2 -2  0 -3 
 1  2  2  2  0 -2  0  3 -2 
 2  1  4  2  0  0 -2 -10  0 
    0  3  1  0  0 -1 -1 -1 
       0  1  0  0 -1  0    
          0  0  0 -1       

--- Sample #1657 | True: -2.0990371704101562 | Pred: -2.9132003784179688 ---
          2  1  0  0       
       0  1 -1  0 -1  9    
    0  1  0  1 -1  1  5 -1 
 2  0  0 -1  1  0  0  2  0 
 2  0  0  1  0 -2 -1 11  2 
   -1  2  3  2  0  0 -1  1 
      -2  2  2  1 -2 -1    
         -3 -3 -1 -3       

--- Sample #1658 | True: -3.263845443725586 | Pred: -3.8952484130859375 ---
          0 -1  1  0       
       0  0 -1 -1 -5 -2    
    0 -2  0 -1  0  0 -3 -2 
 3  1  0  1  3  1  3  0 -2 
 2  0 -1  1  1  0  0 -7  1 
    0  1  3  2  0  0  0 -1 
       1  1  2 -1  0  1    
          0  1  1  0       

--- Sample #1659 | True: -3.0671157836914062 | Pred: -5.934803009033203 ---
         10  5 10 10       
       3  2  4  5  3  4    
    2  2  1  0  1  0  0  4 
 1  4  0  0  0  0  1  7  4 
 5  2  0  1  0  0  0 -2  0 
    3  1  1  1  0  0  2  1 
       1 -1  1  1  0  1    
          2  2  4  2       

--- Sample #1660 | True: -2.4301910400390625 | Pred: -4.761590957641602 ---
          2  2  1  5       
       1  2  2  0  1  3    
   -1  3  1  1  2  3  2  2 
 0  0  0  0  0  2  2  4  0 
 0  0 -1  1  0  2  5 -2  2 
   -2  1  2  1  1  3  3  4 
       2  0  2  3  2  1    
          0  2  0  2       

--- Sample #1661 | True: -2.653461456298828 | Pred: -3.358348846435547 ---
          2  4 -3  0       
       5  0  0  0  1  2    
    3  0 -1  0 -2  0  0  1 
 1  1 -1  0  1 -2 -1 -2 -1 
 2  1  0  0  0  1 -3 -2  0 
    0  0  0  2  0  0 -1  0 
      -1  0  0  1  1  0    
         -1  0  1  1       

--- Sample #1662 | True: -4.235769271850586 | Pred: -4.152097702026367 ---
         -3  1  2  3       
      -1  0  1  0  0  0    
    0  0  0  0 -1  0 -1  0 
 0  1  0 -1  0  0  1 -1  1 
-1  0 -2  0 -2 -1  0 -2 -1 
   -2 -1 -1  0  0  1  1  0 
      -1 -1 -2  0 -1  0    
          0  0  0 -2       

--- Sample #1663 | True: -2.9244232177734375 | Pred: -3.748208999633789 ---
          4  2  3  2       
       0  2  0  2  1  0    
    0  2  1 -1 -1  0  0  0 
 2 -1  0 -1  2 -1  0  1  0 
 2 -1 -1  0  1  0  0 -2  0 
   -2 -2  0  0 -2  0  0  1 
       0  0  0 -1  1  2    
          1  1  0  2       

--- Sample #1664 | True: -4.683269500732422 | Pred: -3.317646026611328 ---
         -1 -3 -8 -3       
       2  1 -3 -2 -5 -4    
   -1  2  1  0  0  0 -5 -2 
-4 -1  1  0 -2 -3 -1  1 -2 
-12 -2 -2  0  0  0  2  0 -1 
   -3  1  0  2  2  1 -30 -4 
      -1 -3  1  2  1  0    
          0  1  3  0       

--- Sample #1665 | True: -2.469806671142578 | Pred: -5.232988357543945 ---
          6  3  1  0       
       1  5  4  2  1  3    
   -2  2  1  1  0  0  2  5 
 3 -2  0  0  3  0  2  4  3 
 2  2  0  0  1  0  2 -1  6 
    3  0  1  3  2  3  3  4 
      -1  1  2  2  2  2    
         -1  6  5  5       

--- Sample #1666 | True: -3.8659610748291016 | Pred: -3.970438003540039 ---
          1  1  2  1       
       1  0  0  0 -1  1    
    0  0  0 -1 -2 -2 -2  1 
-2  1  0 -1 -5 -2  0 -3  0 
-3  0  0  0 -2 -2  0 -2  0 
   -2 -2 -3 -1  0 -1  0 -2 
      -4 -2 -3  0  0  0    
          1  0  4  2       

--- Sample #1667 | True: -4.748655319213867 | Pred: -5.262657165527344 ---
          0 -1 -2 -3       
       1  1  0  1  0 -3    
    0  2  1  1 -1  0 -2  0 
 1  0  1  1  0  0 -9  3  0 
-1 -3 -1  0  1  0  1 -1  2 
    0  0  0  1  2  1 -2  0 
       1 -6  0  1  1  1    
         -5  1  3  2       

--- Sample #1668 | True: -3.1236534118652344 | Pred: -5.34065055847168 ---
          5  6  6  5       
       5  4  4  4  3  4    
    4  2  1  0  0  2  0  3 
 2  1  4  0 -31  0 -1  2  0 
 1 -1  1  1  0  0  2  0  0 
    1  0  0  0  1  0  0  2 
       3  3  1  2  3  5    
          7  2  5  4       

--- Sample #1669 | True: -2.6461524963378906 | Pred: -3.5536937713623047 ---
         -6  0  0  2       
       0  0  0 -1  0  3    
   -2  0  0  2 -1  0  0  0 
 0 -1  0  0  2 -1  0  4  0 
 0  0  0  0  1  0  0 -2  1 
   -2  0  0  0  0  0  0  4 
      -8 -3  0  2  1  5    
          0  1  3  0       

--- Sample #1670 | True: -4.047115325927734 | Pred: -4.295843124389648 ---
          0  0  0  0       
       1 -1 -2 -4 -3  0    
   -3 -2 -3 -5 -5 -5 -2  0 
 0  0 -5 -2 -2 -5 -2  3 -2 
 0  0  0  0  0 -2  0  5 -3 
    5  3  3  2  1  2 -14 -1 
       5  2  2  1  2  2    
          5  3  0  0       

--- Sample #1671 | True: -1.0157699584960938 | Pred: -4.7294769287109375 ---
          5  3  5 10       
       3  4  4  5  4  2    
    2  3  3  3  2  3  5  3 
 5  3  3  4  4  3  4  1  1 
 5  2  0  2  1  4  3 -3  3 
    1  1  2  2  3  2  4  4 
       1  1  1  1  0  1    
          1  3 -1  1       

--- Sample #1672 | True: -3.296731948852539 | Pred: -2.3540115356445312 ---
          0 -4  0 -4       
       0  0 -5 -3 -3 -2    
    0 -1  0 -4 -2 -2  0 -2 
-2  0 -1 -2 -2  0 -1 -15  0 
-5  0 -1 -2 -4 -2 -2 -2 -1 
    0  0 -2 -2 -1 -1  1 -2 
      -1 -1 -1  0  0 -1    
          0  2  2 -1       

--- Sample #1673 | True: -4.260961532592773 | Pred: -5.0558319091796875 ---
          4  0  1  0       
      -2  0  0  0  1  0    
   -4  0  0  0 -1 -1 -2  0 
 1 -1  0  0 -1  1  1 -8  0 
-10  0  0  3  0  0  3 -3 -3 
   -1  2  1  0  1  1  2  0 
       0  0  0  2  1  0    
         -1  1  0  0       

--- Sample #1674 | True: -3.265768051147461 | Pred: -5.186302185058594 ---
         -1  4  5  6       
       3  1  3  0  3  5    
    0  4  0  0  0 -2  3  5 
 1  2  1 -3 -1  0  0  0  4 
-1 -1 -1  0  0  0  2 -2  4 
    0  0  0  1  1  1  4  3 
       0  2  3  3  1 -1    
          4  3  2  2       

--- Sample #1675 | True: -5.824424743652344 | Pred: -6.128805160522461 ---
         -3 -4  0  4       
       0 -2 -1  0  2  3    
    2  1 -1 -1  0 -1  0  1 
-4  0  0 -1  0  0 -1  0  0 
-6  0 -1  0  0  1  1  9  1 
   -3  0 -2  0  0  0  0  0 
      -1  0  0 -1  0  1    
         -5  1 -3 -1       

--- Sample #1676 | True: -11.68519401550293 | Pred: -7.337961196899414 ---
         -9 -6 -12 -5       
      -4 -12 -11 -8 -8 -8    
   -3 -2 -5 -5 -1 -7 -7 -2 
-2 -3 -1 -2 -1 -1 -2 -1  1 
-1 -2 -2 -1  0  0 -1 -2  0 
   -1 -2 -1 -1  0 -5 -9 -10 
      -24  0  0  0 -12 -25    
         -4 -2 -6 -6       

--- Sample #1677 | True: -1.5538482666015625 | Pred: -2.166217803955078 ---
          0  0  1  1       
      -1  0  1  0  0  0    
    0  1  1  0 -1 -1  0  0 
-1  0  0  0  1  0 -2  0  0 
-3  0  2  1  0  0 -2 -2  0 
    0  1  0  0  0  0  0 -1 
       2  0  1  2  0  1    
          0  1  3 -1       

--- Sample #1678 | True: -2.1384620666503906 | Pred: -1.8649253845214844 ---
         -2 -2 -6  0       
       0  0 -1  1  0  0    
   -2  0 -1  0  0  0  0  0 
 0  0  0  0  0  0  0  0  0 
 0  0  0  0  0 -1  0  0 -1 
    0  0  0 -1 -1  0  0 -1 
       0  0  0 -3 -1  0    
          2  0 -1  0       

--- Sample #1679 | True: -12.256731033325195 | Pred: -10.881973266601562 ---
          0  4  0  1       
       2  0  0  1  0  2    
   -12  2 -1 -4  0 -3  3 -12 
-16 -4  6  0  0  0  3  6 -16 
-15 -8  0  0  1  4  4  1 -14 
   -18  0 -2  3  4  3  2 -11 
       2  2  1  0  0  0    
         -6  0 -3 -2       

--- Sample #1680 | True: -19.690961837768555 | Pred: -19.12224578857422 ---
         -2 -4 -5 -6       
       0 -5  8  3  1  2    
   -1  2 -4  0  1  0 -1  6 
-4 -4 -1  0  9  8  0 12  2 
-4  3  1  2  2  4  0 -2 10 
   -7 -8  5  2  8  9  1 13 
      -10 -12 -6  0 -5  6    
         -5 -5  1 -5       

--- Sample #1681 | True: -3.0392303466796875 | Pred: -4.994169235229492 ---
          1  2  1  1       
       0  0  0  5  0  0    
    1  7  3  0 -1  3  1  2 
 1  1  2  0  0  0  3  2 -1 
 2  0  0  0  2  0  1 -2  0 
    0  1  0  2  0  4  0  1 
       1  1  2  3  2  2    
          2  3  4  1       

--- Sample #1682 | True: -2.0126914978027344 | Pred: -3.9260902404785156 ---
          3  2  3  3       
       1  3  3  2  0  0    
   -2  2  1  1  1  0  3  0 
 2  1  2  2  3  2  1  3  1 
 2  2  0  1  1  3  0  5  2 
    0  2  0  2  0  1  0  1 
       0 -2  1  2 -1  1    
          2 -3  2  1       

--- Sample #1683 | True: -19.235769271850586 | Pred: -13.40121841430664 ---
         -8 -6 -12 -9       
      -10 -13 -8 -5 -1 -15    
   -9 -16  4  1  0 -3 -12 -17 
-6 -11 -18  2 -6 -3  0  0 -18 
-6 -13 -2 -4 -5 -4 -1  0 -17 
   -13 -23  0 -3 -3  0  0 -1 
      -5 -6  3  1  1  2    
         -17 -18 -2 -9       

--- Sample #1684 | True: -21.064037322998047 | Pred: -15.116100311279297 ---
          2 -4 -3  0       
      -5 -10 -12 -3 -7 -4    
   -4 -3 -9  6  2 -19 -2 -5 
-1 -5 -13  6  3  2  6 -17 -9 
 1 -4  2  1  3  4  3 -4 -12 
   -4 -14  6  3  2  1 -3  4 
      -11 -15  3  8 -6 -18    
         -8 -10 -6 -13       

--- Sample #1685 | True: -21.567306518554688 | Pred: -18.881254196166992 ---
          0  0  0  1       
      -1 -6 -4 10 -6 -1    
   -2  6 -12 10  9  4 10  7 
 0 -2 -11  7 -2  0  6  0 -7 
 5  3 -5  3  0  3  4 -2 -13 
    2 -6 14  2  2  4 -11 -12 
      -1 -9  2  7 -13 -1    
         -2 -4 -8 -8       

--- Sample #1686 | True: -23.720962524414062 | Pred: -17.122873306274414 ---
          0 -2 -4 -1       
      -1 -7 -9 -8 -5 -3    
   -2 -8 -13  5 -2 -20 -12 -7 
 0 -3 -11  3 -4 -2  2 -12 -10 
 4  1  6  2 -4 -1  0 -3 -12 
    0 -5 12  4 -24  4 -4 -6 
      -2 -7 10  3 -12 -11    
         -2 -2 -8 -8       

--- Sample #1687 | True: -24.26019287109375 | Pred: -19.942913055419922 ---
         -1 -1 -2  0       
      -3 -7 -7 -4 -3 -1    
   -5 -9 -13  9  7 -8  0 -2 
-4 -6 -12  7 -4  0  5 -4 -5 
 4  1 -1 -6 -24  1  5 -4 -11 
    0 -6 13  5 -22  5 -14  7 
      -3 -7 13  9 -7 -11    
         -2 -1 -4 -3       

--- Sample #1688 | True: -24.599422454833984 | Pred: -19.547012329101562 ---
         -1 -1 -1 -1       
      -3 -7 -4 -4 -6 -2    
   -4 -2 -12  9  5 -13 -2 -4 
-4 -5 -11  6  0  1  5 -5 -7 
 3  1 -4  8 -14  6  1 -3 -11 
    0 -5 16 10 -3  6 -11 -7 
      -2 -7  8  8 -1 -9    
         -1  0 -3 -2       

--- Sample #1689 | True: -23.841154098510742 | Pred: -21.429073333740234 ---
          0 -1  0  1       
      -2 -6 -3 -3 -1  1    
   -4  1 -11 13  9 -11  1  0 
-4 -5 -10  6  3  5  9  1 -1 
 3  1 -4  0 -20  6  8 -2 -4 
    0 -4 14  9  2  8  5 -2 
      -2 -5  7 15 -1  0    
          0  0 -2 -1       

--- Sample #1690 | True: -3.003847122192383 | Pred: -6.874517440795898 ---
          4  5  5  7       
       5  1  2  3  4  7    
    4  3  3  1  0  0  2  5 
 5  5  2  2  1  1  1  2  6 
 7  2  2  2  0  1  3 -2  4 
   -1  2  1  0  0  1  0  4 
       1  2  3  2  0 -1    
          2  1  0 -1       

--- Sample #1691 | True: -2.75384521484375 | Pred: -8.410690307617188 ---
          8  8  9  9       
       5  2  4  5  1  7    
    6  6  3  2  4  2  4  5 
12 11  5  2  0 -2  1  7  3 
14 11  5  2  2  2  2 -5  4 
   12  5  4  5  5  3  3  6 
       5  2  1  4  4  4    
          8  5  6  6       

--- Sample #1692 | True: -0.6719245910644531 | Pred: -1.9055099487304688 ---
          0  0  0  1       
       0  1  0  3  0  2    
    4  0  0  0  0 -1  2  2 
 1  2  0  1  0  1  0 -1 -1 
 0  0  2  0  0  0 -1 -3  0 
   -1  1  0  0  0  0  1  3 
       1  0  0  0  0  1    
          2  1  0  1       

--- Sample #1693 | True: -0.6198081970214844 | Pred: -1.9061851501464844 ---
         -1 -2  1  0       
       1  0 -1  1  0  0    
    5  2  0  0 -1  0  0  0 
 2  1  0  0  0 -1  0  2  1 
 0  2  1  0  2  0 -1 -2  2 
    0  0  1  4  1  0  0  2 
       1  0  1  1  2  1    
          2  1  2  0       

--- Sample #1694 | True: -0.8798065185546875 | Pred: -1.8969917297363281 ---
          0 -1  1  1       
       0  0  1  1  0  2    
    0  1  2  0 -1 -2  0  1 
 1  1  2  0  0 -1  0  6  1 
 0  0  2 -2 -1  0  0 -2  1 
   -1  0  1  0  1  0  1  1 
       0  0  0  0  0  0    
          0  1  0  2       

--- Sample #1695 | True: -1.3486557006835938 | Pred: -1.5953216552734375 ---
         -5 -1  0  0       
       0  0 -1  0  0  1    
   -1  0  0  0 -1 -1  0  2 
 0  1  0  0  2 -1  0  1  0 
 1  0  1  0  0 -1  0 -2 -2 
    0  0 -2  0 -1  0  0  1 
       0 -3  0  0  0  3    
         -3  0  1  0       

--- Sample #1696 | True: -0.8728828430175781 | Pred: -2.21343994140625 ---
         -2 -1  1  1       
       2  1  1  1  0  0    
    0  0  0  0  0 -2  0  0 
 3  1  1  0  1  0  1  2  0 
 1  1  2  1  0  0  0 -2  0 
    2  2  1  0  0  2  0  1 
       0  1  2  0  1  0    
          2  2  2  1       

--- Sample #1697 | True: -0.5061531066894531 | Pred: -1.8436393737792969 ---
          0  0  2  2       
       1  0  1  0  0  2    
    1  1  1  0  0  0  2  2 
 2  2  0  1 -1  0  2  2  2 
 0  2  0  0  0  0  0 -2  1 
    2  0  1  1  0  0  1  0 
       2  0  0  0  1 -1    
          0  0  1  0       

--- Sample #1698 | True: -8.669424057006836 | Pred: -10.770679473876953 ---
          6 10  8 -7       
      11  5  6  6  8 -2    
    8  4  1  2  2  3 -4 -8 
 8  5  1  1  0  4  2 10  4 
-10 -17 -20  0  0  0 -2 -4  0 
    8  2  3 -2 -1 -2  0  0 
       3 -1  0  0 -2  0    
          2  5  0  3       

--- Sample #1699 | True: -7.525577545166016 | Pred: -9.863214492797852 ---
         11  9 -6 -10       
       4  4  1  6  5  3    
    7  2  1  2  2  3 -19 -11 
 2  0 -18  0  3  4  4  2  3 
 8 -12 10  7  0  1  1 -4  0 
   11  6  7  4  2  0 -1  0 
       2  0  1  2  0  2    
          7  7  3  3       

--- Sample #1700 | True: -14.513845443725586 | Pred: -10.255680084228516 ---
          0  2 -10 -7       
       1  0 -2 -3 -15 -10    
    3 -2 -3 -5 -1 -8 -8  0 
11  0 -4 -5 -4 -1  0  7 -3 
 0 -11 -22 -8 -9 -6 -9 16 -10 
    0 -2 -8 -11 -9 -6 -5 -3 
      -5 -6 -4 -1 -6 -7    
         -2 -1  0  0       

--- Sample #1701 | True: -8.115768432617188 | Pred: -13.457185745239258 ---
         10 16 -3  4       
      14  9 10 12 14 -7    
   13  8  6  8 13 12 -11 -12 
16  9  8  7  8  9 14 12 11 
 0 -12 -10 11  6  6  7 -15  8 
   11  7 10  9  5  4  3  6 
       4  4  4  4  4  4    
          6 10  6  5       

--- Sample #1702 | True: -2.2028846740722656 | Pred: -3.231912612915039 ---
          2  1  2  2       
       0  1  0 -1 -3  1    
    0  1  1  1  0  0 -1  0 
 0  1  0  3  3  2  1 -10  1 
 0  1  0  1  1  1  0 -2  0 
    2 -1  0  0  0 -1  1  0 
      -1 -1  0 -1  0  0    
         -1  1  1  0       

--- Sample #1703 | True: -1.9696159362792969 | Pred: -3.6319541931152344 ---
          2  0  2  3       
       2  2  1  2 -1  1    
    0  1  0  0 -1  0  0  0 
 2  1  0  0  0 -1  1  0  1 
 2  2  2  0  0  0  0 -2  2 
    3  2  0  0 -1 -1  2  2 
       1  1  0  0  0  0    
          3  2  3  2       

--- Sample #1704 | True: -10.164422988891602 | Pred: -3.1946792602539062 ---
         -8 -6 -7 -6       
      -8 -6 -8 -7 -7 -5    
   -10 -7 -8 -8 -8 -8 -6 -7 
-4 -7 -8 -8 -9 -7 -7 -3 -6 
-7 -6 -7 -7 -8 -8 -11 13 -7 
   -7 -8 -7 -8 -10 -8 -6 -6 
      -9 -6 -8 -5 -6 -7    
         -6 -5 -5 -7       

--- Sample #1705 | True: -2.929615020751953 | Pred: -9.968297958374023 ---
          9 10 11 11       
       6  8  8  8  6  5    
    7  8  7  6  6  3  2  6 
 7  6  7  7  8  4  6  2  6 
 8  8  8  8  7  5  7 -16  2 
    7  5  7  7  8  6  4  5 
       6  2  6  5  4  5    
          8  6  5  6       

--- Sample #1706 | True: -5.722499847412109 | Pred: -8.65896987915039 ---
         -3  4 -1  6       
       0  1 -2  3  5  4    
   -4  1  1  1  1  2  4  0 
-3  1  2  3  1  0  4  5  2 
 0 -5  4  3  1  1  3 21  6 
    7  7  6  1  0  5  8  3 
      11  1  4  4  2  6    
          7  7  4  3       

--- Sample #1707 | True: -4.5271148681640625 | Pred: -2.7379150390625 ---
         -10  0 -1 -3       
      -1 -8 -4  0 -1 -1    
   -6 -2 -1  0 -2 -1  0 -6 
-5 -2 -2 -4  0 -1  0 -11 -5 
-5  0 -4 -2 -1 -2 -2 -2  0 
   -4 -1 -2 -1 -3 -1 -1 -2 
      -1  0  0 -1  0  0    
          0 -1  1  0       

--- Sample #1708 | True: -3.6888465881347656 | Pred: -3.4454307556152344 ---
          1  1  4  0       
      -5 -4 -2  0 -2 -2    
   -1 -1 -2 -1 -2 -1  0  0 
 2 -1 -2 -2  0  0 -1 -2  0 
 2  1  0  0 -1  0 -2 -2  0 
   -3 -1 -1 -1 -2  0 -4  1 
      -1  0 -4 -1 -2  0    
         -1 -2  0  0       

--- Sample #1709 | True: -4.504037857055664 | Pred: -2.96405029296875 ---
          0 -4 -3 -2       
      -2  0 -3 -1 -2 -3    
   -5  0  0 -3 -4 -3 -5 -2 
 0 -3 -2 -2 -2 -2 -3  0 -6 
 1  0  1 -2 -2 -2 -1 13 -6 
    1  0  0  0 -2 -1 -2  0 
       0  0 -1 -2 -4  1    
          1 -1 -1 -1       

--- Sample #1710 | True: -6.658077239990234 | Pred: -4.998241424560547 ---
         -2 -1  0  2       
      -4 -2 -2 -2 -2 -3    
   -4 -2 -4 -2 -4 -3 -1 -8 
-3 -3 -4 -5 -3 -3 -1 -21 -1 
-8 -5 -4 -1 -2 -3 -2 -3 -1 
   -11 -2 -4  0 -2 -1  1  3 
      -4 -1  2  0  0  2    
          4  1  4 -1       

--- Sample #1711 | True: -6.603269577026367 | Pred: -7.051891326904297 ---
          1  0  1  2       
      -4  0  0  0  1  1    
    2  0  0 -1 -4  0  0  0 
 3  0 -1  0  0 -1 -2  1 -1 
-3 -9 -12  2  2  0 -1 -2  0 
   -4  8  2  1  0  0  0  0 
       0  5  3  0  0  1    
          6  6  1 -3       

--- Sample #1712 | True: -2.6280784606933594 | Pred: -3.1333541870117188 ---
          0  2  2  2       
       0  0 -1  0  1  0    
   -1  0  0 -1  0  0  4 -1 
 2  1  0  0 -1 -1  0  0 -1 
 2  2  1  0 -1  0 -2  1  0 
    0  0  0 -3 -3 -1 -1 -4 
       1 -1 -3  0  0  0    
         -1  0  2  0       

--- Sample #1713 | True: -2.3736534118652344 | Pred: -3.6115379333496094 ---
          0  3  4  2       
       5  0  0  3  0 -1    
    0  0  0  0  0  0  3 -1 
 0  1  3  0  0 -1 -1  0  3 
 3  0  0  0  0 -1  0 -3 -1 
    0  1  0  0  0 -1 -3  0 
       1  0  0  0  0  0    
          0  1  2  0       

--- Sample #1714 | True: -2.4915390014648438 | Pred: -3.222320556640625 ---
          3  3  2  3       
       0  0 -1  0  2  0    
   -1  1  0 -2 -1 -1  0  0 
 0  0  1 -1 -1 -2  1  0 -1 
 0  3  0 -2 -1 -2 -1 -2  1 
    1 -1 -1 -2 -2 -2 -1  0 
       3 -2  0  0  0  0    
          0  0  2  5       

--- Sample #1715 | True: -2.0801925659179688 | Pred: -3.3515701293945312 ---
          1 -2  2  6       
       4  0  2  2  1 -3    
    0  1  0 -2 -2 -1 -1  0 
 3  1  0  0  0  0  4  0  0 
 0  2  0 -1  0  0  0 -2  0 
    0  2 -1  2  0  0 -2  1 
      -1 -2  1  2 -1 -2    
          2  2  1  4       

--- Sample #1716 | True: 0.375 | Pred: -3.3092384338378906 ---
         -4  1  4  8       
       5 -1  1  2  0  1    
    6  3  0  1  0  0  5  6 
-2  4  4  1  1 -1  1  0  5 
 3  6  4  2 -1 -5 -4  2  8 
    8  3  0  0  0  1 10 10 
       1  2  2  2  2 13    
          5  2  3 13       

--- Sample #1717 | True: 0.30788421630859375 | Pred: -3.5336875915527344 ---
          2  1  3  6       
      13  1  1  3  3  3    
    2  0  0  1  3  3  3  0 
 1 -1  0  0  3  3  6  1 18 
 2  0  1  1  1  0  2 -4  9 
   -3  0  0  1 -1 -1 -1  0 
       4 -2  1  2 -1  3    
          4  4  4 -1       

--- Sample #1718 | True: -28.94980812072754 | Pred: -23.148563385009766 ---
         -2 -2  0  0       
      -1 -2 -2 -1 -1 -1    
    0 -1 -4 -3 -3 -5 -1 -6 
 0  0 -1 -2 -1 -2 -4 -1 -8 
 0  0  0 -4 -4 -4 -8 -6 -11 
   -1  4 15 -1 -5  1 -8  7 
      -2 -5 -4 -8 -1 -2    
         -6 -8  0 -1       

--- Sample #1719 | True: -22.324230194091797 | Pred: -16.21025276184082 ---
          0  1  0  1       
      -2 -3 -2 -1 -2  0    
   -8 -7 -8 -7 -6 -6 -2  0 
-3 -2  1  2 -11 -8  0  1  3 
-10 -6 -6 -11  0 -4  2  0 -6 
   -12 -7 -6 -7 -6  0  1 -8 
      -12 -8 -7 -12 -4 -5    
         -7 -2 -7 -6       

--- Sample #1720 | True: -4.392114639282227 | Pred: -4.805721282958984 ---
         -13  0  1  0       
       1  2  0 -2 -1 -2    
    0  3  2  1  1 -1  0 -3 
 1  3  3  0  0 -5  0  1  0 
 4  1  1  0  1  0  1 -4  0 
    0  1  0  0 -4 -1  1 -1 
       1 -2 -2  0 -1  0    
         -2  0  0  0       

--- Sample #1721 | True: -4.946537017822266 | Pred: -5.173332214355469 ---
          2 -3 -1 -2       
       2  0 -1  2 -1  0    
    0  0  0  0  0  0  1  5 
 0  0  0  0 -7 -26  0  3  0 
 1  0  0  0  1  1  1  0  2 
    3 -1  0  1  0  0  0  0 
       0  0  0  0  0  2    
          2  0 -1  0       

--- Sample #1722 | True: -4.339809417724609 | Pred: -3.888101577758789 ---
          0 -1  0 -2       
       0 -1 -1  0  0 -1    
    1  0 -1 -1 -3 -4 -2  0 
 1 -2  0  0  0  0  0  4 -3 
 0  1  0  0 -3 -1  0  9  0 
   -2 -1  1 -3 -3 -4 -1 -1 
       2 -1 -1 -2 -3  0    
          0 -1  0  1       

--- Sample #1723 | True: -4.115385055541992 | Pred: -5.294826507568359 ---
          0  0 -19 -2       
       1  0  1  2 -3  0    
    0  3  0 -1  0 -1  2  2 
 1  0  2  0  4  0  1 -4  2 
 1 -1  0  3  2 -2  0 -4  2 
   -1  3  3  2  0  0  0  2 
       0  0  3 -1  0  2    
          4  2  1  1       

--- Sample #1724 | True: -10.965768814086914 | Pred: -10.956933975219727 ---
         -8  0 -7 -8       
       1  7 -10 -11 -1 -15    
   -9  6  7  1  2  7  3 -12 
 5  8  4  1  1 -4  1  9 -1 
 6  5  2  1  0  0  0 -3  2 
    2  2  2  3  2 -1  2  4 
       4  1  3  3  1  2    
          3  5  4  5       

--- Sample #1725 | True: -11.463848114013672 | Pred: -9.972650527954102 ---
         -10 -7 -6 -6       
      -13  1  0  5  2 -11    
    0  3  1  0  3  3 -1 -7 
-16  0 -1  1 -2 -6  0  5 -11 
 1  0 -1 -2 -5 -3 -3  1  1 
   -3 -1  0 -2 -2  0 -1  0 
      -2 -1 -2  1  0  0    
          0  0  1  1       

--- Sample #1726 | True: -16.037691116333008 | Pred: -16.735912322998047 ---
         -1 -2  0  1       
      -2 -5 -6 -4  2  0    
   13 10 10 -4  0  4 12 -4 
-3  7 -4  9  2  6 10 11  2 
-11 -3  4  0  1  3  2 -4  3 
   -1  0  0  1  6  4  4  5 
       0 -2  3  4  3  4    
         -1  3  7  7       

--- Sample #1727 | True: -16.5715389251709 | Pred: -12.482519149780273 ---
         -6 -8 -6 -6       
      -1 -3 -11 -11 -10 -11    
   -8 -2  1 -1 -16 -13 -7 -14 
-1  0  8  7  0 -11 -7  1 -17 
 5  6  0 -7 -7 -5 -4  0 -5 
    4  0 -3  0 -2 -3 -2  5 
       3  1  0  0 -3 -3    
          3  5  2 -2       

--- Sample #1728 | True: -15.272884368896484 | Pred: -17.918855667114258 ---
          6  3  0  6       
       1  0  3  5  3  2    
    4  5  3  6  9  5  2 -1 
 7  7  5  1  4 -16 -2  6  4 
 3  7 -3 -4  1  8 10 -4  2 
    2 -3 -2 -2 -3 -3  2 -4 
       4  6 -5 -7  4 -2    
          9  8  8  2       

--- Sample #1729 | True: -17.498462677001953 | Pred: -14.58388900756836 ---
         -4 -2 -4 -7       
      -7 -3  0 -3 -5 -2    
    4 -2 -2 -4 -2 -3 -1 -4 
 1  0 -2  1 -10 12  1 -12 -3 
-1  0 -1 -2 -11 -3  6 -1 -3 
   -3 -6 -4 -3 -5 -3  3 -5 
       3  3 -4 -6  9  0    
          0  5 -5  0       

--- Sample #1730 | True: -17.323076248168945 | Pred: -16.823131561279297 ---
          0  4  6  1       
       1  0  3  4  0 -3    
   -4  3  2 -1  1  4  5 -2 
-7  0 -9 -1 -10 -13 -9  1  0 
-3 -5 -3 -3 12  8 -6 -4  1 
   11 -4 -1 -2 -4 -2  1  1 
       7 -1  2 -3 -8 -4    
          3  5  6  0       

--- Sample #1731 | True: -13.461923599243164 | Pred: -15.273519515991211 ---
          3  6  5  8       
       0  1  4  4  3 -2    
    3 -1 -1 -3  2  3 -1  0 
 1  0  1  3 21 26 26 -15  0 
 3 -5  0 -1  2  9 10 -3 -1 
    6 -3 -1  3 -1  2 13  1 
       1  6  3  5 12  3    
          6  7  7  5       

--- Sample #1732 | True: -17.43596076965332 | Pred: -13.658302307128906 ---
         -1  3 -1  1       
      -2 -2 -2  0 -11 -1    
   -6  0  0 -1 -14 -6 -6 -3 
-7 -11 -2 -4 -8 -9 -7  5  2 
-3 -5 -4 -4  0  0  1 -2  3 
   11 -8 -4 -1 -2 -6 -4  2 
      -3 -4 -11 -2 -5 -5    
         -4  0  1 -3       

--- Sample #1733 | True: -19.780000686645508 | Pred: -18.905542373657227 ---
         -3  5  0  3       
      -2  4  4  4  2 -1    
    2  6  3  5  5  0 -4 -3 
-8  1  4  2 -5 -4 -5  4 -4 
 1  0 -2  0 -2 15 13  7 -3 
    0  0  0  0 -1 -2 -3 -2 
       0 -2  0 -1 -4  0    
         10  0  0  1       

--- Sample #1734 | True: -23.81903839111328 | Pred: -19.468952178955078 ---
         -12 -11 -9 -2       
      -6 -2 -5 -4 -1 -3    
   -10 -2 -6 -1 -1  0  7 -3 
-10 -6 -12  0 -10 10  1  2 -3 
 2  1  0  0 -5 -10 -10  0 -19 
    2  0  1  2  0  1 -2 -4 
       0 -2  0 -2  7 -1    
         -3 -3  4  4       

--- Sample #1735 | True: -21.52153778076172 | Pred: -20.618499755859375 ---
          3  3 -7  4       
       9 10  7  7  1 -3    
    5 12  5  9  1  0  0 -3 
 3 -1 -2 10 10 -5 -4 -13  0 
 4 -1 -3 -4 -7  1 -3  0 -2 
    0 -1  0 -1 -3 -4 -7  1 
       0 -1  0 -2 -1 -5    
          0  0  8 -5       

--- Sample #1736 | True: -23.81365394592285 | Pred: -19.949886322021484 ---
         -5  3  7 -1       
      -4 -1 -6 -15 -2 -5    
   -10  4  0 -8 -13 -5  2 -15 
-4 -10  3 -1 -2 -5 11 -9  3 
 0 -1 -3 -2 -4 -9 -7  0  8 
    0 -1  0  0  0  0  3 -2 
       0 -2  0  0  3  8    
          0  0 -1  6       

--- Sample #1737 | True: -23.55942153930664 | Pred: -21.783559799194336 ---
          2 -1 -8  0       
       0  2  7 -4 -2 -1    
    5 -3  3  3  4  3 -3 -7 
-4 -3 -7  0 -16 -10 -11  8 -7 
 2 -1 -2 -6 -5 11 11 -1 -4 
    0  0 -1 -3 -5 -5 -2  5 
       1 -2  0 -2 -6  4    
          0  7  9  4       

--- Sample #1738 | True: -4.426538467407227 | Pred: -4.343645095825195 ---
         -1  4  1 -1       
      -4  3 -1 -1  0 -1    
   -1  0  0 -2 -2  0 -1 -2 
-1 -2  0  0  0 -2  0  2 -1 
 1  2  0  0  0  0  1 -2 -1 
    1  0  0 -2 -1  0 -4  1 
       0 -1  0 -1 -1  0    
         -3 -1  2  1       

--- Sample #1739 | True: -5.0896148681640625 | Pred: -5.221502304077148 ---
          2  2  2  0       
      -1  0  0  0 -1  0    
    0  0 -1 -1  0  1  0 -2 
 0 -4 -2 -1 -2 -1  1  2  0 
 0  0 -1  0 -2  0  1 -2  1 
   -1 -1 -1  0 -2  0  0  0 
       1  0 -1  0  1  0    
         -1  0  0  0       

--- Sample #1740 | True: -4.03288459777832 | Pred: -5.861120223999023 ---
          2  0  0  1       
       1  2  0  0  0  0    
    2  2  1  1  0  2  0  0 
 1  1  2  1 -22  0  2  3  0 
 2  1  1  1  0  1  2 -1  2 
    1  1  2  2  2  2  2  4 
       3  2  4  1  2  3    
          4  3  2  3       

--- Sample #1741 | True: -4.0436553955078125 | Pred: -3.1952171325683594 ---
          0  0 -4  1       
       0  0 -2  0 -1 -2    
    0  0  0 -1 -3 -1 -3  0 
 1  1  0 -1 -2 -2  1  0 -2 
 2  0  0 -1 -2 -2  1 -2 -1 
   -1 -1 -2 -3 -3  0 -1  0 
      -2 -4 -2 -3 -1 -2    
          0 -2 -1 -1       

--- Sample #1742 | True: -4.371923446655273 | Pred: -5.4182281494140625 ---
         -1  0 -1  0       
       0  1  0 -2  1 -1    
    0  0  0  0  0  0  2  1 
 4  0  0  1  0  0  3  2  0 
 2  0  0  0  0  0  2 -2  0 
    0  0  0  0  0  2  1  0 
       0  0  0  0  0  1    
          2  0  0  1       

--- Sample #1743 | True: -3.549999237060547 | Pred: -5.219682693481445 ---
          4  4  3  1       
       2  0  1  2  2  1    
   -1  1  0  1  0  1  0  0 
 1  1  0  0  0  0  0  1  0 
 4  1  0  1  1  1  0 -2  1 
    0  0  0  0 -1  1  1  2 
       0  0  1  2  0  2    
          1  1  2  1       

--- Sample #1744 | True: -3.802692413330078 | Pred: -4.947956085205078 ---
          1  0  0  4       
       1  1  0  0  0 -1    
    1  1  0  0  0  2  0  0 
 2  1  1  1 -1 -1  1  4  0 
 2  0  0  1 -2 -1  0 -2  1 
    0  0  0  0  0  2  0  0 
       1  0  0  1  0  0    
          0  1  0  2       

--- Sample #1745 | True: -30.138652801513672 | Pred: -25.947998046875 ---
          0  0  1  1       
      -1 -3 -2 -1 -3 -1    
   -2 -2 -3 -4 -5 -6 -4 -5 
-2 -3 -3 -3 -5 -14 -9 25 -3 
 1  0  0 -4 -9 -11 -8  0 -5 
    0 -1 -1 -2 -5 -5 -5 -4 
      -1 -2 -1 -3 -6 -5    
          0 10  2 -1       

--- Sample #1746 | True: -2.3434600830078125 | Pred: -4.096401214599609 ---
         -1  5  4  3       
       2  2  0  3  0  2    
    1  1  1  1  2  1  1  1 
 3  2  1  2  1  1  0 11 -1 
 2  2  1  0  1  1 -1  1  4 
    1  2  0  0 -1  0  1 -1 
       1 -1  0  2  2  1    
          0  1 -1 -2       

--- Sample #1747 | True: -1.2228851318359375 | Pred: -1.4839210510253906 ---
         -1 -1 -1  5       
       0 -1  0  0 -1  2    
   -2  0 -1  0 -1 -3  1 -1 
 0  0  1  0  1  0 -1 -5  0 
 1  0  0  0  0  1 -4 -3  0 
    0  0 -1  0  0 -2  1  1 
      -1  1  1  1 -1  0    
          0  0  0  1       

--- Sample #1748 | True: -0.6842308044433594 | Pred: -2.521526336669922 ---
         -2  3 -2  0       
      -1  1  0  0  2  0    
    1  2  1  0  0  0  2  0 
 3  1  1  2  1  0  0 -1  1 
 3  1  1  3  1  0  0  7 -2 
    2  1  2  2  1  1  3  2 
       1  0  2  1  1 -1    
          0  0 -1  0       

--- Sample #1749 | True: -0.7759590148925781 | Pred: -1.7198333740234375 ---
         -2 -1  0  1       
       1 -5  0  1  0  2    
    0  0  3  0 -1  0  0  0 
 3  0 -1  0  0  0  0  0  0 
 1  1  2  1  0  0 -1 -8  2 
    0  1  2  1  0  0  0  1 
       3 -3  1  2  1  6    
          0  0  2  1       

--- Sample #1750 | True: 0.21961593627929688 | Pred: -2.4268798828125 ---
          0  0  2  1       
       1  1  0  1  0  1    
    3  3  2  0 -1  0  0  1 
 2  2  3  3  1  1  2  0  3 
 3  1  3  6  1  0  0  0  2 
    2  1  1  1  4  0  1  0 
       0  0  4  2  1  2    
          2  4  2 -1       

--- Sample #1751 | True: -1.9642295837402344 | Pred: -1.5185432434082031 ---
          0 -1 -2  0       
      -2  0 -1  0 -1 -4    
   -3  0  1  0 -1 -1  0 -4 
 2 -1 -1  0  1 -1  0 -1 -3 
-1  0  1  0 -3 -3 -2 -3 -3 
   -1  1  0  0 -3  0  0  0 
       0  0  0 -1  0  1    
          0  1 -3 -4       

--- Sample #1752 | True: -0.6203842163085938 | Pred: -2.558452606201172 ---
          0  3  0  0       
       2  0  2  2  0  1    
    3  2  3  1  0  3  1  3 
 0  3  2  3  1  0  1  0  0 
 0  3  2  2  2  1  0 -1  1 
    1  0  1  1  0  0 -2  3 
       2  0  1  0  1  2    
          3  1  2  1       

--- Sample #1753 | True: 0.6817283630371094 | Pred: -1.6153793334960938 ---
          0  2  0  1       
       1  2  1  0  1  2    
    1  2 12  4  1  2  2  2 
 3  1  2  0  3  2  2 -4  1 
 3  3  3  3  1  0  0 -3  2 
    2  1  1  2  1  0  1  0 
       3  0  0  2  0  4    
          0  4  1  0       

--- Sample #1754 | True: 0.35826873779296875 | Pred: -1.5615692138671875 ---
          1  1  2  5       
       2  1  1  0  1 -2    
    2  1  3  1  2 -1  2  3 
 1  1  1  3  3  1  1  0  2 
 2  0  2  3  4  0 -3 -2  1 
    0  3  0  0  0  1  1  0 
       5  0  1  1  0 -1    
          2  1  1  1       

--- Sample #1755 | True: -0.316925048828125 | Pred: -1.1990852355957031 ---
          0  1  0  0       
       0  0  0  2  0  1    
    0  1  0  1  1  0  1  0 
 3  1  0  2  1  0  1 10 -1 
 3  0  0  1  0  0 -2  7  0 
    3  1  2  2  0  0  0  1 
       2  0  0  0  0  0    
          0  1  2  1       

--- Sample #1756 | True: 0.14365386962890625 | Pred: -1.2375297546386719 ---
          3  3  3  4       
       0  2  0  1  1  1    
    1  1  2  0  1  3  1  2 
 3  0  1 -1  1  0  3  5  0 
 1  1  1  1  1  2  2 -11  0 
    0  0  0  0  1 -1  0  0 
       2 -2  0  0  0 -1    
         -2  0  2  0       

--- Sample #1757 | True: -1.1967315673828125 | Pred: -2.6853866577148438 ---
          1  2  2  3       
       0  1  0  1  1 -1    
    0  2  1  0 -2 -1  1  1 
 0  0  0  2  0  0  0  3  0 
 1  1  0  1  0  0  4 21  1 
    0  1  0 -1  0  0  0  1 
      -1  0 -2  2  0  2    
          0  0  2  0       

--- Sample #1758 | True: 0.4748077392578125 | Pred: -1.9424247741699219 ---
          2  5  4  5       
       2  2  3  3  1  4    
    0  2  1  3  1  0  2  3 
 2  2  1  3  4  2  2  6  1 
 2  0  1  3  3  2  0 13  3 
    1  1  1  1  1  0  4  3 
       2  0  0  0  0  1    
          0  1  1  1       

--- Sample #1759 | True: -5.549615859985352 | Pred: -5.9209442138671875 ---
         -2 -1  0  0       
       0 -1  1  2  1 -1    
   -2  0  0  1  0 -2  1  1 
 0  0  0  0 -2  0 -2 -2 -3 
 0  2 -4 -1  0  0  0  2 -2 
    1  0  0  1  2  1  3  0 
       0  0  0  1  0  0    
         -4  0 -1 -1       

--- Sample #1760 | True: -9.00326919555664 | Pred: -7.249752044677734 ---
          0  1  1  6       
       0  0  3  2  1 -4    
   -3 -23 -3  1  0 -1  0 -1 
-7 -7 -4  0 -1 -1  0  4  0 
-2 -7 -9  1  0  1  0 -2  0 
   -1 -7 -2  0  0  0 -1 -1 
       0 -2  0  1  0 -1    
         -2  0  1  1       

--- Sample #1761 | True: -1.8817329406738281 | Pred: -3.920236587524414 ---
          2  3  0  3       
       0  2  0  2  0  0    
    0  1  2  0  0  1  0  0 
 0  1  1  0  0  1  0  3  1 
 0  1  3  2  0  0 -1 -3  1 
   -1  1  2  2  0  1  0  4 
       0  2  1  1 -1  0    
          1  1  2  1       

--- Sample #1762 | True: -3.494037628173828 | Pred: -3.372037887573242 ---
          0  0 -3  3       
      -1  0  0  0 -3 -3    
   -5  0  1 -2 -5 -6 -1 -5 
 0 -1  0  0  0  0  0 -3  1 
-1  0 -4 -1  0 -1 -2 -2  2 
    1 -1  1  1  0  1 -2 -5 
      -3  1  0  0  0  0    
          2  0  0  2       

--- Sample #1763 | True: -2.3673095703125 | Pred: -3.945697784423828 ---
          3  0  4  5       
       0  0  0  2  0  2    
    1  0  0  0  0  0  0  1 
 3  2  0  0  0  0  0 -1  2 
 2  2  1  0  0 -1  0 -2  0 
    0  0  0  0  0 -1 -2  2 
       2  1  1  0  0  0    
          2  0  2  2       

--- Sample #1764 | True: -3.5157699584960938 | Pred: -3.449115753173828 ---
         -2 -1  1 -1       
      -4 -1 -1 -1 -3  0    
   -2  1  0  0  0  0  2  0 
 1  0 -2 -1  0  0 -1  0  1 
 0 -1  0 -1 -2  0 -1 -2  3 
   -3 -2 -2  0  0  0  2  1 
       0  0 -2 -1 -1  1    
          2 -2  2  3       

--- Sample #1765 | True: -1.7292289733886719 | Pred: -1.3657035827636719 ---
          0 -2  1  0       
       1  2  1  0  0  0    
    0  0  0 -1  1  7  0  0 
 7 -2  0  0 -1 -2  0  8 -3 
 2  0  0 -2 -6 -2 -1 16 -1 
    1  0 -5 -5 -2  0  0  0 
      -3 -2 -7 -4 -2 -1    
         -6 -2 -2 -2       

--- Sample #1766 | True: -3.5269222259521484 | Pred: -2.494861602783203 ---
         -3 -4 -4 -5       
       0  0 -2  0 -2 -2    
   -7 -1  0  0  0  0  0  0 
-3 -5 -6 -1  0  0  1 -2 -1 
-4 -4 -4  0  1  0 -2 -17  0 
   -2 -1  0  1  1 -1 -1  0 
       2  0  1  0 -1  0    
          1  3  0 -3       

--- Sample #1767 | True: -2.8136520385742188 | Pred: 1.5498008728027344 ---
         -3  0 -4 -1       
      -3 -2 -3 -1 -7 -1    
   -3 -3 -4 -3 -5 -6 -5 -3 
 0 -2 -3 -6 -4 -5 -8 -6 -7 
 0  0 -2 -3 -3 -6 -7 24 -5 
   -1 -1 -4 -6 -6 -5 -2 -2 
      -5 -5 -11 -7 -8 -4    
         -9 -3 -2 -2       

--- Sample #1768 | True: -5.439229965209961 | Pred: -4.306001663208008 ---
         -3 -5 -2 -1       
       0  0 -2 -1 -2 -9    
   -6  1 -1 -3 -3 -1  0 -1 
-7 -4 -4 -2 -3 -2  0  0  1 
-4  0  0  2  0 -2  0 -19 -13 
    0 -1  1  0  0  0 -3 -1 
       0  1  0 -4  0  0    
          0  0 -1  1       

--- Sample #1769 | True: -1.7176933288574219 | Pred: -5.102012634277344 ---
          7  0  9  8       
       2  3  4  2  4  4    
    2  0  2  2  4  2  3  0 
-1  2  6  4  2  3  3  5  1 
 1  0  6  4  1  2  0 -2  3 
    1  4  3  3  4  1  3  4 
      11  2  2  4  0  2    
          6  0  1  1       

--- Sample #1770 | True: -3.6865386962890625 | Pred: -3.130483627319336 ---
          4 -1  3  0       
      -2 -1 -3  0 -1 -3    
    0 -1  2 -2 -2 -2 -2 -4 
-2 -1 -2 -1  0 -1 -2  0 -2 
-5 -5 -4 -2  0 -1  2 -2  0 
   -4 -3  0  1  0 -2  0  0 
      -4  0  0 -1  0  4    
         -2  0  5  5       

--- Sample #1771 | True: -2.657306671142578 | Pred: -4.897829055786133 ---
          0  5  0 -2       
       1  2  3  0  0  5    
    8  4  4  1  0  0  0  0 
 2  3  3  0  0  1  2 -1  2 
 6  1  1  1  0  0  3  2  0 
   -2 -1  0  2  0 -2 -2 -1 
      -1  2  3  3  0  0    
          3  7  6 16       

--- Sample #1772 | True: -4.6221160888671875 | Pred: -8.994935989379883 ---
          8  9  5  7       
      17  6  3  1  2  0    
   17 16 10  0 -12  4  0  2 
15 12 10 -9 -2  2  0 -1  1 
-3 -1 -3 -3 17 14 16 -1  4 
   -2  2  5  9  6 -2  0  2 
       3 -1 -1 -1 -4 -2    
          0  0  1  0       

--- Sample #1773 | True: -3.4873085021972656 | Pred: -6.836772918701172 ---
          9  7  8 16       
       0  2  4  9  8  9    
   -2 -1  0  3  6  3  1 -3 
 1  1 -1 -13 12  6  2 10  0 
 4  4  4  4 -6 -1 -4 21  4 
   12  4  1  5  2  2  7  5 
       8  3  6  2  2  3    
          6  2 -1 -1       

--- Sample #1774 | True: -2.6146163940429688 | Pred: -4.421571731567383 ---
          2  3  3 -1       
       1  0  1  2  0 -4    
    1  1  0 -2  0  0  0  0 
 1  0  1  0  2  1  1  0  0 
 1  1  1  1  0  1  3 -3  3 
    0  0  3  2  2  1  2  1 
       0  0  2  0  0  3    
          3  5  2  1       

--- Sample #1775 | True: -0.8005790710449219 | Pred: -1.9801750183105469 ---
          1  0  0  0       
       1  0 -1  1  0  0    
    0  0  0  0 -1  0 -1  0 
 2  0  0  1  1  0 -1  3  0 
 2  0  0  0  1  0  0  0  1 
    0  0  0  0  0  0  0  1 
       0  1  0  0  0 -1    
          2  2  2  4       

--- Sample #1776 | True: -6.514808654785156 | Pred: -4.636219024658203 ---
          2 -2  0 -4       
       0  1  0 -2 -4 -3    
   -1  0  0  2 -4 -5 -2 -1 
-8  0  0  0 -2 -3 -2  5 -6 
-4  0 -2 -2  1 -1 -1 -24  0 
    1  0  0  0  0 -1 -2 -3 
       0 -4 -4 -5 -1 -6    
         -3 -4  0  4       

--- Sample #1777 | True: -5.496730804443359 | Pred: -6.357889175415039 ---
         -1  0  7 12       
       0  0  1  5  7  5    
   -4 -1  0  0  0  0  1  6 
-19 -7  0  0  0 -2 -2 10  4 
 6  2  0 -2  0 -2 -3  0  3 
    1  1  0 -1  0 -2 -4  0 
      -2 -3 -2  0 -1  0    
          0 -1  3  0       

--- Sample #1778 | True: -0.6048088073730469 | Pred: -3.975128173828125 ---
          1  2  0  0       
       6  5  4  1  0 -1    
    2  3  4  5  1  1  0 -2 
 3  0  3  4  1  0  1  1  0 
 2  2  3  5  1  2  0 -2  1 
    2  3  4  4  2  1  2  1 
       4  1  2  2  3  4    
          3  4  5  2       

--- Sample #1779 | True: -2.0774993896484375 | Pred: -3.7711544036865234 ---
         -2 -1  2  3       
       0  0  0  2  3  4    
    0  1  0  1  2  0  3  2 
 2  2  0  0  0  0  1  6  0 
 0  2  1  2  0  0  0 -3  0 
    0  1  1  0  0 -2 -3  0 
       0  0  2  1  1  1    
         -1  1  3  4       

--- Sample #1780 | True: -17.89019203186035 | Pred: -14.931985855102539 ---
          3  2  0  0       
       1 -3 -3 -2 -3 -1    
    0  0 -2 -5 -4 -5 -4 -4 
 0 -2 -1 -3  0 -1 -6 -2  0 
-1 -5 -5  4 -16 -3 -10 -2 -8 
   -1 -5 -4 -1 -5 -5 -20  0 
      10 14 13 -1  2  3    
          3  4  0  6       

--- Sample #1781 | True: -17.471345901489258 | Pred: -16.779098510742188 ---
          3 -1  2  3       
       2  3  0 -1 -1  0    
    2  3  0 -4 -3  0 -4  0 
-2 -8  0  1 -1 -1  0  3  1 
 0 -6  5 13 21  3 -9  0 -1 
   -3 -8 -7 -2 -3  8 -18  0 
       7  0 -9 -8 -1 -8    
          4  3 -1  8       

--- Sample #1782 | True: -18.9261531829834 | Pred: -16.388259887695312 ---
          2  0  1 -1       
       0  0 -2 -2 -3 -1    
   -1  1 -1 -6 -6 -6 -4  0 
 1  1  0 -2  0 -3  0 -13  1 
 0  8  1  7  3 -8 -8 -2  0 
    0 -4 -4 -2 -8 -6 -13 -3 
       3  8 -4 -5  1 -2    
          7  3  0  8       

--- Sample #1783 | True: -2.9142303466796875 | Pred: -3.9231910705566406 ---
          0  3 -1  4       
       1  1  0  0  1 -1    
    0  1  0 -1  0  1  1  0 
 0  0  0  0  1  0 -2 -3  0 
 0  0  0  0  1  0 -2 -6  0 
    0  0  1  0 -1  1  3  1 
       0  1  0 -1  2 -1    
          0  0  0  2       

--- Sample #1784 | True: -2.1899986267089844 | Pred: -3.619098663330078 ---
          0  0  0  3       
       0  2  0  1  2  2    
    0  1  1  0  1  0  1  0 
-1  0  1  1  1  0  0  6 -1 
 1  2  2  2  2  1  0  9  0 
    2  2  1  0  0  0  1  3 
       2  0  1  0  0  1    
          3  1  1  2       

--- Sample #1785 | True: -2.036346435546875 | Pred: -3.2713699340820312 ---
          3  2  3  2       
       2  2  0  0  0  3    
    0  2  0  0  0 -1 -1  0 
 0  0  0  0  0  0  0  0  1 
 2  0  1  0  0  1  1 -10  0 
    0  0 -1  0  0  1  1  0 
       0 -2  0 -1  0  0    
          0  0  2  1       

--- Sample #1786 | True: -16.53230857849121 | Pred: -16.704212188720703 ---
          3  5  9  5       
       0  1  2  5  2  1    
    2  0  0  2  6  5  1 -1 
-7 -3  1 -2  0  2  1  8  0 
-2 -3 -2 -1 -4  5  5 -1 -1 
    0  0  0 -1 -4 -3  9  1 
       1 -1  0  0 -1  8    
          3  7  3 -7       

--- Sample #1787 | True: -16.316152572631836 | Pred: -16.6907901763916 ---
          0 -4  5  3       
       0 -2 -3  4 -1  0    
   -1  0 -1  0  4  0  1  2 
 9  4  2  1  3  4  4  2  1 
16 16  0  1 -8  3  6  0 -9 
    1  1  0  0  0  8  4 -2 
       0 -1  0  0  5  6    
         -2 -2 -2 13       

--- Sample #1788 | True: -18.295576095581055 | Pred: -15.086297988891602 ---
          2  4  4  3       
      -1 -3 -5  0 -1 -1    
   -3  0 -8 -1  2  1  0 -1 
-3 -4  0 -3  0  2 -1  6 -12 
-5 -4 -3  0 -8  3 -9 -1 -1 
    0  0 -1 -1 -5 -7 10 -4 
       1 -1 -1 -1 -9 -3    
          0 -1  0 -3       

--- Sample #1789 | True: -20.383270263671875 | Pred: -21.853248596191406 ---
          0 -2  1  1       
      -2 -4 -2  0 -1  0    
   -2 -3 -4 -1 -3 -3 -3 -2 
-3 -3 -4 -4 -7 -14 -10  0  1 
12  9  9  3  0  2  2 -1  9 
    5  6  6  3 -1  2  8 -3 
       8  7 11  8 11  3    
          8 16 13 13       

--- Sample #1790 | True: -22.394039154052734 | Pred: -20.260541915893555 ---
          0 -1  1  2       
       0 -1  0  1  0  2    
    1  0 -2 -1  0 -1  0  0 
 6 10  4 -2  0 -4  0  3  1 
 0 -5 -2 -2  4  0  0 -2  2 
   -6  0  0 -8 -7 -3 -6 -6 
      -1 -1 -5 -2 -1 -6    
          0 -1  5  0       

--- Sample #1791 | True: -25.017499923706055 | Pred: -26.66420555114746 ---
          0  0  2  3       
      -1 -3 -2 -2 -2  0    
   -2 -3 -4 -4 -5 -6 -3 -3 
-2 -3 -4 -4 -3 -2 -4 -2  5 
 0 -1 -2 -6 -2 13 20 -2  6 
   -1 -2 -2 -3 10  7 19 10 
      -2 -3 11  9 19 14    
          0 14 20 18       

--- Sample #1792 | True: -1.515960693359375 | Pred: -3.758739471435547 ---
          2  2  1  0       
       3  1  5  1  1  3    
    1  0  0  1  0  1  2  2 
 2  0  0  1  1  0  4 11  0 
 0  1  2  2  0  1  1  2  0 
    0  0  1 -1  0  0  2  0 
       0  0  0  0 -1  0    
          0  5  2  1       

--- Sample #1793 | True: -1.3053855895996094 | Pred: -3.5111618041992188 ---
          2  3  1  1       
       2  2  0  2  1  1    
    2  2  1  0  1  0  1  1 
 3  1  1  1 -1 -2  1  1  0 
 4  1  0  0  1  2  0 -9  0 
    5  0  0  1  1  0  0  1 
       0 -1  1  1  2  0    
          2  2  0  2       

--- Sample #1794 | True: -0.8473091125488281 | Pred: -3.141172409057617 ---
          2  1  1  0       
       0  0  0  2  0  0    
    2  1  0  0  1  0  0  0 
 7  1  1  2  2  0  1 -9 -1 
 3  2  1  2  2  0  1 -2 -2 
    2  0  1  2  1  0  2  2 
      -1  1  3  1  0  0    
          4  3  2  0       

--- Sample #1795 | True: -4.366922378540039 | Pred: -3.3315200805664062 ---
         -2 -2 -5 -8       
      -2 -2  0  0 -1  0    
    0  1  0  0  0 -1  0 -1 
-26 -1  1  0  0 -1  1  1  0 
-26 -1  0  1  0 -1  0 -2 -2 
   -3  1  2  0  0 -1  2  0 
      -1  0  0  0  0 -1    
         -1 -2 -1 -2       

--- Sample #1796 | True: 1.3936538696289062 | Pred: -5.322107315063477 ---
          7  6  7  6       
       6  4  5  5  2  3    
    3  5  3  1  0  3  1  7 
10  3  4  4  3  2  2 16  6 
10  7  7  4  5  1  1  9 15 
   10  7  4  5  3  4 16 21 
       8  3  2  0  2 17    
          6  7  4 10       

--- Sample #1797 | True: -4.602500915527344 | Pred: -4.621673583984375 ---
         -1  3  1  2       
       0  0 -2 -1 -1  0    
    2  0 -1 -2 -5 -3  0  0 
 2  0 -1  0  0 -1 -1  1 -3 
 0  0 -1  0 -1 -2 -1 -2 -2 
    0  0  0 -1 -1 -1  0 -2 
       1  0  0  2  0  0    
          0  0  0  1       

--- Sample #1798 | True: -2.320575714111328 | Pred: -5.652957916259766 ---
          2  3  1  6       
       2  1  4  4  3  3    
    3  2  1  3  1  1  1  2 
 1  3  1  3  2  2  3  0  4 
 0  3  1  2  2  4  4  1  2 
    2  1  2  2  4  3  2  2 
       1  1  1  3  3  2    
          1  2  2  3       

--- Sample #1799 | True: -2.049999237060547 | Pred: -3.450214385986328 ---
          1  2  0  0       
       0  0  0  1  0  1    
    5  0 -1  0 -1  0  0  0 
 2  2  0  0  0  0  0 -2 -2 
 7  1  1  1  0  0  1 -4  0 
    3  2  1  2  1  0  0 -2 
       0  0  2  1  0  0    
          3  2  1  1       

--- Sample #1800 | True: -10.624807357788086 | Pred: -4.015308380126953 ---
         -4 -5 -23 -22       
      -2 -1 -4  0  0 -25    
   -1  0  0 -3 -2  0  0 -26 
-24  0  0  0  0  0  1  2 -26 
-25 -3 -3 -2 -1  0  3 -2 -26 
   -9 -1  0 -1  0  0 -1 -26 
      -3 -2 -1  0  0 -11    
         -13 -26 -26 -26       

--- Sample #1801 | True: -1.6921157836914062 | Pred: -5.636787414550781 ---
          3  3  6 10       
       1  0  1  4  5  8    
    3  0  0  2  2  4  3  4 
 5  2  0  1  3  0  5  8  5 
 5  2  1  1  3  0  0 25  4 
    1  1  4  1  2  0  0  2 
       0  2  5  3  2  0    
          7  2  2  4       

--- Sample #1802 | True: -4.425769805908203 | Pred: -7.745820999145508 ---
          5  5  6  2       
      -2  1  0  3  0  0    
    2  4  1  2  1  0  0  0 
 5  6  6  3  3  2  3 10  4 
 8  6  5  4  3  2  2 -11  3 
    4  3  2  4  0  1  4  1 
       3  2  3  1  2  3    
          3  4  2  3       

--- Sample #1803 | True: -6.7649993896484375 | Pred: -6.314802169799805 ---
          2  0  0 -4       
       2  1  1  0  0 -4    
    0  2  1  1  0  1  1 -4 
-4 -1  2  3  3  1  3 -4 -4 
-6  1  2  3  4  1  3  1 -6 
    0  1  4  3  2  0  1 -26 
       0  1  4  1  3 -27    
          0  1 -8 -25       

--- Sample #1804 | True: -3.867307662963867 | Pred: 2.4027786254882812 ---
         -5 -3 -3 -6       
      -4 -3 -4 -3 -4 -2    
   -9 -4 -3 -5 -5 -7 -5 -5 
-6 -2 -3 -3 -7 -8 -7 -8 -1 
-1 -4 -1 -3 -6 -8 -7  1 -1 
   -6 -5 -5 -6 -7 -4  0 -7 
      -6 -3 -3 -4 -6 -4    
         -4 -6 -4 -9       

--- Sample #1805 | True: -9.311155319213867 | Pred: -4.630075454711914 ---
         -3 -7 -7 -15       
       3 -1 -1 -8 -17 -9    
   -5 -1 -1  0 -11 -1 -5  0 
-1  0 -1  2  0 -10 -4 -10 -1 
-4  0 -1  1 -1 -5 -6 -10  0 
   -7  0 -1 -2 -7 -6 -9 -3 
      -3 -3 -6 -23 -8 -11    
         -6 -10 -7 -27       

--- Sample #1806 | True: -6.2069244384765625 | Pred: -9.079557418823242 ---
          3  4  2  3       
       2  0  2  1  0  1    
    2  1 -1  0  0  0  3 -1 
 3  4  2  0  0  1  0 -1  3 
 2  5  2  1  0  1 -3 10  3 
    7  4  2  2  1  1  0  3 
       6  3  2  1  2  2    
          5  5  6  5       

--- Sample #1807 | True: -6.989038467407227 | Pred: -11.589242935180664 ---
          1  0  4  4       
      -3 -3  0  0  3  4    
    0  0 -3 -2  1  0  0  4 
 8  3  0 -1  1  2  0  6  8 
 3  5  2  2  5  1  0 12  9 
    9  5  4  3  3  5 10 14 
       9  6  7  7 11 13    
         11 13 16 14       

--- Sample #1808 | True: -2.0009613037109375 | Pred: -3.994518280029297 ---
          7  3  5  7       
       0  3  0  2  0  5    
    3  0  0  0 -1  0  0  1 
 4  0  1 -2  1 -1  1  3  3 
 2  1  2  2  0  0  0  9  2 
    0  3  1  2  1  1  0  3 
      -1  1  0  4  0 -1    
          1  2  5  2       

--- Sample #1809 | True: -3.1157684326171875 | Pred: -3.565866470336914 ---
          2  0  0  2       
      -1  0  0 -1 -1 -2    
    0  3  1  0  0 -2 -2 -4 
 7  1  1  1  0  0  0 -2 -1 
 1  0  0  0  1  0  0 -9  0 
   -1  0  0  1  1  0 -1 -2 
      -3 -3  0 -2 -1 -2    
          0  0  0 -1       

--- Sample #1810 | True: -3.8694229125976562 | Pred: -4.325216293334961 ---
         -8 -7 -7 -12       
       0 -1 -2 -1  0  0    
    0  1  0  0  0 -2  0  0 
 0 -1  0  0  1  0  0 -5  0 
 5  1  1  1 -1  1  5  1  4 
    1 -1 -1  0  0  2  1  4 
      -3  0 -1  3  0  3    
          0  8  3  3       

--- Sample #1811 | True: -5.945192337036133 | Pred: -7.798313140869141 ---
          5  4  6  6       
       6  3  4  3  0  2    
    6  5  2  0 -1 -1 -6 -9 
 7  5  1  0  0  1  0  8 -10 
 3  3  0  0  2  1  1 -2  1 
   -4  0  0  0  2  6  5  3 
      -3  0 -1  1  1  3    
          2 -1  9  1       

--- Sample #1812 | True: -8.675575256347656 | Pred: -6.225759506225586 ---
         -8 -18 -18 -9       
      -1 -1  0 -1 -6 -6    
   -1 -2 -3 -3  3 -6 -7  0 
-1 -1 -2 -2 -3  1 -1 -3  1 
-2 -14 -5 -3 -1 -1 -2 -2 -3 
   -8 -7 -3 -3 -1 -5  0  2 
      -5  0 -3 -3 -3 -1    
          0  1 -3  0       

--- Sample #1813 | True: -10.842691421508789 | Pred: -8.254318237304688 ---
         -13 -13 -11 -11       
      -8  1  4 -18 -13 -2    
   -2 -1  1  1 -1 -6  0 -17 
 3  4  1  2 -2  0  1  1 -4 
-1  5  2  2  0  0  0 -3  0 
   -3  0  0  0  0  0 -3 -2 
       1 -1 -14 -2 -3 -4    
         -6 -2 -2 -2       

--- Sample #1814 | True: -5.324230194091797 | Pred: -9.770084381103516 ---
          3  8 -9  6       
       2  2  4  4  3  2    
    8  6 -12  3  2  3  3  2 
 7  8  7  3  1  3  4 13  3 
 8  9  9  4  2  2  2 -4  3 
    8 10  9  6  3  4  6  3 
       3  5  7  1  5  0    
          5  3  1  1       

--- Sample #1815 | True: -6.998270034790039 | Pred: -7.890302658081055 ---
          1  5  6 12       
       5  4  5  5  3 10    
    3  4  3  1  4  6  5  1 
 2  3  0  0  0  0  2 -9  0 
 0  0 -2 -2 -1  0 -1 26  0 
    0 -2 -2 -1  0  0  0  2 
      -23 -6 -3 -6 -3  0    
         -1 -1  0  2       

--- Sample #1816 | True: -6.658653259277344 | Pred: -10.745407104492188 ---
          7  4  9 17       
       8  5  3  6  7 13    
    0  4  5  2  2  5  9 10 
 9  7  4  1  3  1  2  1  5 
 1  7  4 -1  0  1  2 -2  5 
    5  4  0 -2  0  0  3  5 
       2  0  0  1  2  1    
          0  3  6  7       

--- Sample #1817 | True: -7.937692642211914 | Pred: -11.666492462158203 ---
          5  8  8 12       
       2  2  1  7  2  1    
    4  3  2  0  3  0  0  6 
 4  3  2  1  0  4  5  7  7 
 4  4  0  0  0  5 -7 -3  9 
    4  2  0 -1  7  0  0  9 
      -2  0  0 10  9 -1    
         -1  0  1 10       

--- Sample #1818 | True: -3.3684616088867188 | Pred: -2.972576141357422 ---
          0 -5  0  1       
      -1 -2 -2  2  0  0    
   -6 -1 -1 -1 -1 -1 -2  0 
-4 -2  0  0 -1  0  0  0  0 
 0  0 -1  2  0  0  0 -2  0 
    0  0  0  0 -3 -4 -2  0 
       3  1  0  0 -5 -2    
          0  1  2 -2       

--- Sample #1819 | True: -3.082693099975586 | Pred: -5.039752960205078 ---
          0  0  5  4       
      -2  0  3  2  2  4    
   -2 -1  2  2  0  2  2  0 
 0  0  2  3  2  1  2  6  2 
 0  1  1  3  0  0  1 -2  3 
    0  0  0 -1  0  2  2 10 
      -3 -3  0  0  0 -1    
          2  1  0 -2       

--- Sample #1820 | True: -2.733654022216797 | Pred: -4.479534149169922 ---
          4  2  3  0       
       2  0  3  1  0 -2    
    4  5  3 -1 -1  0  0 -1 
 4  2  1  1  0  0  0 -2  0 
 2  3  1  3  1 -1  0 -2  0 
    3  1  3  1 -2  0  0 -1 
       0  0  0  0  0  1    
          1  4  5  0       

--- Sample #1821 | True: -1.8423080444335938 | Pred: -4.0766448974609375 ---
          3  0  1  0       
       2  1  0  1  1  0    
    0  0  2  0 -1  0  5  1 
 3  1  0  0  1  0  0  3  2 
-2  0  0  1  2  0  5 -2  1 
    2  2  1  1  0  1  2  3 
       1  2  3  3  1  2    
          4  4  2  4       

--- Sample #1822 | True: -4.144039154052734 | Pred: -3.3911972045898438 ---
         -5 -2 -3 -2       
      -3  0 -3 -3 -2 -1    
   -1  0  0 -3 -1 -2 -2 -1 
 1 -1  0  0 -1 -2 -1  3  0 
-1 -2  0  0 -2 -4 -4 -3  0 
    0 -1  0  0 -2  0  0  0 
       0 -1  1  0  0 -1    
         -4  0  3  0       

--- Sample #1823 | True: -3.429037094116211 | Pred: -5.2008209228515625 ---
          1  4  6  2       
       1  1  0  0  0  5    
    0  1  2  0  1  1  1  8 
 0 -1  3  3  1  0  1  2  1 
-1 -4  0  2  0 -1  0 -2  2 
    1  0  0  2  0  0  0  1 
       1 -1  0  0  0  1    
          2  0  3 -1       

--- Sample #1824 | True: -3.308462142944336 | Pred: -5.34947395324707 ---
          0  0  5  5       
       0  2  0  1  2  1    
    0 -1 -1  0  0  1  0 -1 
 5  3  1  0  0  0  2  3 -2 
 6  3  2  1  0 -1 -1 -2  1 
    0  2  0  1 -2  0  0  1 
       2  0  1  1  0  0    
          0  3  1  4       

--- Sample #1825 | True: -2.5271148681640625 | Pred: -4.311315536499023 ---
          2  1  4  7       
       0  2  1  2  0  0    
    2  1 -2  0  0  1  1  2 
 0  1  0  0  0  0  0  2  5 
-9 -2  1  3  1 -1  0 -2  4 
    1  1  1  1 -1  0  0  2 
       3  2  3  1  0  1    
          2  5  4  2       

--- Sample #1826 | True: -13.202692031860352 | Pred: -24.263324737548828 ---
         11  8  2  5       
      19 12  9 -1  6  9    
    8 14 16 11 -8  6  7  8 
 1 22 19 18 19  5  9  9  6 
10 11 21 20 18 14 14 -4  2 
   12 14 15 14  0 12 10 -2 
      18 19 19 15 13 13    
         13 12 12 13       

--- Sample #1827 | True: -12.968076705932617 | Pred: -11.837158203125 ---
          0 -1  0  5       
      -4 -3  0  6  1  4    
   -7  0 -1 -1  5  2  6  8 
-14 -5  3  2  2  5  5 -5 -3 
-13 -4 -1  4  6 -7  0 -2  6 
   -3  3  1  4 -3  5  4  4 
      -11 -16 -10 -8 -1  3    
         -16 -20  3 -8       

--- Sample #1828 | True: -23.948654174804688 | Pred: -25.012678146362305 ---
          3  6  6 15       
       7  2 12 -3 -5 -3    
   -2  2 -6  2 -5 -5  3 15 
 0 -4  8  2  1  7 13 -1  0 
 0 -3 -1 -11  9 17  1  1 19 
   -4 -6 -6 -5 -3 -5  0 18 
      -1 -4 -2 -3 -5  3    
         -1  0  1  3       

--- Sample #1829 | True: -23.653076171875 | Pred: -24.78734588623047 ---
          5 -4 -3  1       
       5  4  5  0  1  9    
   -1  0  9 15 12  6  0  4 
 1  9 -1 -4  0 -2  6 -3 -4 
 3  4  1 -2 -7 -13 -1  1  0 
    4  8  2  0  6  1  5 -9 
      16  6  0 10 11  0    
          1  4  0  7       

--- Sample #1830 | True: -26.200191497802734 | Pred: -21.82961654663086 ---
         -5 -5  1 -5       
      -7 -9 -8 -3 -5 -1    
   -4 -6  1 -10 -4 -10 -3 -7 
-4 -4  0  1 12 -9 -7  7 -3 
-1 -3 -2 -6 -10 18 -8  0  2 
   -2 -5 -2 -5 -6 -7  3  5 
      -2 -4 -3 -4  0  0    
          0  4 -2  3       

--- Sample #1831 | True: -3.296344757080078 | Pred: -4.948890686035156 ---
          0  1  0  0       
      -2  0 -1  0 -1 -1    
    0  1  0 -1  1  0  0  0 
 0  2  2  2  2  0  1  0  1 
 1  1  3  2  3  2  2  1  3 
    1  1  2  3  2  0 -2  1 
       2  0  1  2  1  2    
          0  2  4  0       

--- Sample #1832 | True: -5.531730651855469 | Pred: -6.441738128662109 ---
          0  0 -3 -7       
       1  0  0  1 -1  0    
    4  2  0  2  1 -3  0 -1 
 1  5  2  1  2  0  0  4  1 
 4  3  1  2  3  2  0 -4  0 
    0  0  1  1  1  2  3  2 
       4  0  0 -2  0  3    
          0  0  0  0       

--- Sample #1833 | True: -3.5974998474121094 | Pred: -3.7695865631103516 ---
          0 -2 -4  3       
       1 -2 -1  0  0  0    
    2  2  0  0  0 -2 -1 -1 
-5  0  0  0 -1  0  0 -12 -1 
-2  1  0  1  1  1  0  0  0 
   -4  1  0  1  0  0  0 -1 
       0  0  2  1 -1  0    
          0  2  2  1       

--- Sample #1834 | True: -6.806154251098633 | Pred: -6.124834060668945 ---
         -3  1 -1 -3       
      -14  1 -1 -1  1  0    
   -4  1 -1  0  0  1  3  2 
-3 -3  0  0  0  1  3 -12 -2 
-3 -10  0  0  0  2  6 -2 -2 
   -1 -4  2 -1  1  0  0 -5 
      -5 -1 -2  0  0  1    
         -2  0  1  0       

--- Sample #1835 | True: -5.950384140014648 | Pred: -6.124118804931641 ---
         -2  6  8  8       
       1 -5  0  0  2 -7    
   -1 -3 -2 -1 -2 -5  1  0 
 6  1  0 -6  0 -2 -1  0  2 
 2  0  0  0  0 -2  0  1  2 
   -2  0 -1  0  0 -4  0  2 
      -1  1  0 -3 -1 -2    
          0 -2 -4  3       

--- Sample #1836 | True: -6.613655090332031 | Pred: -5.311098098754883 ---
          1  0  1  5       
      -2  1  0  0  1  2    
   -3  0  0 -2 -2 -1 -2 -6 
 0 -1  0 -2 -4 -5 -1  0 -2 
 0  0 -4 -3 -3 -6 -2 18 -8 
    1 -3 -1 -2 -2 -3 -3 -3 
      -1 -3 -1 -1 -3  0    
          0  0  3  0       

--- Sample #1837 | True: -2.64154052734375 | Pred: -7.227291107177734 ---
          5  3  5  8       
       4  4  6  7  6  3    
    6  5  4  2  3  4  2  5 
 7  4  3  1  2  2  5  6  5 
11  5  3  1  0  1  3  5  3 
    8  3  2  3  4  2  5  5 
       1  0  1  4  4  2    
          7  6  5  6       

--- Sample #1838 | True: -2.7188453674316406 | Pred: -6.756189346313477 ---
          5  6  6  6       
       6  1  7  4  4  4    
   -3  2  4  4  2  3  4  5 
-1  1  2  4  3  3  4  0  2 
 2  4  4  3  4  3  1  5  2 
    5  5  6  4  5  4  3  3 
       6  4  6  2  3  1    
          7  4  1  8       

--- Sample #1839 | True: -5.093845367431641 | Pred: -6.4800262451171875 ---
          0  2  0 -3       
       2  3  2  2  1  2    
    1  0  0  0  0 -1  0  0 
 7  2  1 -1 -2 -2  0  2  2 
 9  5  2  0 -2  0 -1 -1  1 
    0  3  0  0 -1  0  0  0 
       2  2 -2  0  2  0    
          0 -5  4  4       

--- Sample #1840 | True: -3.342691421508789 | Pred: -5.861608505249023 ---
          3  5  5  4       
       0  2  4  3  2  1    
    0  2  0  3  2  0  3  1 
 0  1  2  1  2  2  2  1  3 
-4  0  1  1  1  2  2 -2  3 
   -3  1  1  1  2  4  3  3 
       4  0  0  1  3  3    
         -1  1  3  8       

--- Sample #1841 | True: -4.980770111083984 | Pred: -3.8728561401367188 ---
         -5 -2 -4 -5       
       1  0 -3 -3 -3 -1    
   -1  2  1 -2 -1 -1 -4 -2 
 1  0  1  2  0 -1 -2 -4  0 
-7 -1  0 -1 -1 -1 -1  1 -2 
   -2 -2 -1  0 -2  0  0  1 
      -1  0  0  0  0 -2    
         -3  1  2 -1       

--- Sample #1842 | True: -3.618844985961914 | Pred: -6.088123321533203 ---
          1  1  0  3       
       3  2  4  2  3  3    
    4  1  2  1  1  0  3  1 
 2  0  0  0  0  1  0  1  2 
 4  2  0  2 -1  0  1 -2  2 
    1  0  1  2  1  1  3  3 
       0  0  0  3  3  1    
          2  1  2  2       

--- Sample #1843 | True: -3.9775009155273438 | Pred: -4.532983779907227 ---
          1  3  0 -6       
       1  2  0  2  0 -1    
   -3  0  1  0  1 -1  0  0 
-1  0  2  0  0  0  0 -2  1 
 1  1  0  0 -1  0  0 -2  0 
   -1  0  0  0 -1  0  0 -3 
       1  0  0  1  2 -1    
          1  1  0  0       

--- Sample #1844 | True: -3.991922378540039 | Pred: -5.117963790893555 ---
         -6  3  0  3       
       0  1  1  1  0 -2    
    0  1  2  2  0 -1  1  1 
 4  1  2  0  0  0  2 -5  1 
 0  0  0  1  1  1  0 -2  1 
   -1  1  1  0  0  1  1  1 
      -1  0  0  2  1  1    
         -2  0 -1  0       

--- Sample #1845 | True: -18.178653717041016 | Pred: -16.300586700439453 ---
         -1 -8  6 -3       
      -6 -4 -7  3  4 -2    
   -1 -9 -14 -12 -3 -3 -1 -2 
-1 -3 -7 -5 -1 -1 -4 11 -1 
 1 -1 -5  6 -16  6  0 -3 -22 
    6 -9 -13 -2  0  0 -7 -1 
      -10 -8  3  4  7  2    
          5  8  4  7       

--- Sample #1846 | True: -5.623270034790039 | Pred: -9.563394546508789 ---
          1  0  2  0       
       3  1  2  3 -1  2    
   13  5  0  5  5  1  0 -4 
 9 15 11  4 10  0  6  1  0 
14  9  6  4  5  3  0 -2  7 
    8  0  4  2  0 -1  1  1 
       1  0  0  1  3  2    
          1 -1  4  2       

--- Sample #1847 | True: -7.035768508911133 | Pred: -7.277219772338867 ---
          4 -9  7 15       
      -21  3  6  3 16 14    
    2 -19 -7 -18  8 -2 12 13 
-21  0 -1  0  0  6  7  6  0 
 0 -1 -4  1  0  2  2 19  6 
    0  0 -7  2  2  0  1 -22 
       0 -2  0  2  1  4    
         -1  0  3  4       

--- Sample #1848 | True: -4.903846740722656 | Pred: -10.036262512207031 ---
         17 15 12 -3       
      15 10 12  4 -4 -4    
   12 10  9  8  2 -4 -4 -11 
 9  7  7  6  7  0  1  3  6 
10  2  1  0  0 -1  3 -4  9 
    4  3  3  2 -12  4  4  6 
       3  2  4  1  3  4    
          5  3  4 10       

--- Sample #1849 | True: -9.89384651184082 | Pred: -7.195295333862305 ---
          1  3 -11 -7       
       1  2 -3 -9 -9 -4    
   -7  0 -1 -4 -4 -10 -11 -15 
-5 -1 -5 -4 -4  7 -9 -3 -20 
-1 -5  0  4  2  5  0 23 -6 
   -1  2  2  3  1  5  0  3 
       2  2  2  0  0  3    
          1  2  4  2       

--- Sample #1850 | True: -5.7675018310546875 | Pred: -7.610500335693359 ---
         11 15 18  7       
       8  4  7 12  1  0    
    8  7  1  1  3 -6  4  2 
 4  3  1  3  4  0  3 -2  3 
 2  2  1  0  2 -2 -4  8  4 
    0 -2 -2 -5 -3 -5 -3  3 
      -5 -2 -3 -2 -3  0    
         -5 -6  0 -1       

--- Sample #1851 | True: -16.904998779296875 | Pred: -13.672941207885742 ---
         -1 -7  5  6       
       8 -7 -8  6 -14 -12    
    1  4 -5  0  0 -7 -18 -20 
 0 -13 -10  1  9  2  1  4  4 
 5  9 14 12  0  3 -8 -3 -19 
    9 -4  1 19 -6 -2 -17 -2 
       9  2  6  4 -13 -22    
          4 -1 -25 -24       

--- Sample #1852 | True: -2.8555755615234375 | Pred: -3.1328353881835938 ---
          1  1  1  2       
       0 -1 -1  0  0 -1    
   -1 -3  0  0  0  2  0 -1 
-1 -2  0  0  0  0  1  4 -3 
-2 -2  0  1  0  0  0  5 -2 
   -2 -1  1  0  0  0  0  1 
      -2  0  0  0  0  0    
          0  0 -3 -1       

--- Sample #1853 | True: -3.403078079223633 | Pred: -3.256345748901367 ---
          0  3  0  1       
       0 -1 -2  1  1  0    
   -1 -3 -1  0 -1  0  2  0 
-5  0  1  0  0  0  0 -2 -4 
-3 -4  0  0  0 -1  0 -3 -1 
   -3 -3 -1  0  0 -2  1  0 
      -6 -1  0 -3 -2 -2    
         -3  0  0  0       

--- Sample #1854 | True: -3.5173072814941406 | Pred: -3.0545692443847656 ---
         -3 -3  0  2       
       1  0 -1 -1  0  0    
    0  1 -1 -1 -2 -2  1  0 
-2 -2 -1 -1  0 -2  0  1  0 
-2  0 -1  0 -1 -5 -2 -2  2 
   -2  0  0 -4 -3 -2  0  0 
       0  0 -1  0  0  0    
         -2  0  0  0       

--- Sample #1855 | True: -4.568462371826172 | Pred: -4.512514114379883 ---
         -3  2  1  3       
       2  1 -1  0 -1  0    
    0  1  1  0  0  0  1 -2 
-1 -2  0  0 -1 -2 -1 -14 -5 
 0  0  0  0  0  0  0  7  2 
    0  0  0  0  0 -1 -3  0 
       1  0  1  0  0 -1    
          0  3  0 -2       

--- Sample #1856 | True: -2.4103851318359375 | Pred: -2.244476318359375 ---
          2  0 -1  0       
      -1  0  1  1  0 -1    
   -2 -1  0  0 -1 -2  3  0 
 0  0  0 -1  1  0 -1 -2 -1 
-4 -1  0  0  0 -1 -1 -2 -2 
    0  0  0  0  0  0  0 -3 
       0 -1  0  1 -2 -1    
          0 -1  0 -2       

--- Sample #1857 | True: -2.306537628173828 | Pred: -3.6840133666992188 ---
          0  2  0  1       
       2 -1  0 -1  1  0    
   -2  2  1  0 -1 -4  3  2 
 0 -2  0  0  1  0  0 -1  0 
 4  0  0  1  0  0  0  0  0 
    1  2  2  3  1  1 -2  1 
       2  1  2  1 -1  2    
          2  4  3  0       

--- Sample #1858 | True: -2.896923065185547 | Pred: -5.645059585571289 ---
          1  5  3  6       
       2  4  1  3  0  2    
    0  0  0  2  0  0  0  1 
 2  0  0  0  1  1  1  2  3 
 2  2  0  0  2  2  1 -2  3 
    3  1  2  2  1  2  0  1 
       1  1  4  5  1  3    
          5  5  2  3       

--- Sample #1859 | True: -2.85076904296875 | Pred: -4.042732238769531 ---
          2 -2  0  4       
      -1 -1 -2  0  1  1    
    2  1  0  0 -1  0 -1 -3 
 1  0  0  0  0  0  0 -1  2 
 4  3  1  1  2  1  0 -2 -1 
    2  0  0  2  1  0  1  0 
       1  0  2  0  0  2    
          4  4  2  1       

--- Sample #1860 | True: -1.7021141052246094 | Pred: -3.197010040283203 ---
          1  1  2  0       
       2  0  0  0 -1  0    
    3  1 -2 -1  0  0  0  0 
 3  0  1  0  0  0  0  1  0 
 1  1  2  0  0  0  0 -2  0 
    2  0  0  1  0  0  1  4 
       1  0  1  0  0  0    
          1 -1  2  6       

--- Sample #1861 | True: -3.213653564453125 | Pred: -4.35108757019043 ---
          1 -2  0  0       
       1  0  0  1 -1  0    
    3  1  1 -2  0  0 -1  0 
 2  1  0  1  0  0  0 -1  3 
 0  0  1  0 -2  0  0  5  1 
    0  1  0  2 -1  1  0  0 
       0  1  0  0 -1  0    
          2  1  1  0       

--- Sample #1862 | True: -9.866922378540039 | Pred: -4.312528610229492 ---
         -20 -23 -22 -21       
      -11 -2 -14 -26 -26 -25    
   -5 -2 -2 -4 -14 -13 -16 -26 
-2  0  0  0  0 -1  0  4  0 
-2 -5 -2  0 -3  0  1 -2 -6 
   -2  0 -1 -3 -1  0  2  0 
      -3 -2  0 -1  0  0    
          0 -1  0  0       

--- Sample #1863 | True: -5.439615249633789 | Pred: -7.567907333374023 ---
         15 17 12 13       
       8  6  8 14 10 11    
    2  1 -1  1  5 -1  6  8 
 1  1 -3 -4 -5  0 -4  3 -5 
-3 -3 -3 -5 -3  0 -5 -7  0 
   -3 -3 -4 -4 -2 -2 -3 -1 
       4 -6 -3 -2 -4 -4    
         -3 -1 -1  2       

--- Sample #1864 | True: -9.752115249633789 | Pred: -6.585390090942383 ---
         -12 -20 -15 -17       
      -8  1 -14 -2 -11 -11    
   -24  1 -2  0 -12 -6 -6 -10 
-10 -10  0  1  0 -1  1  5 -7 
-4  0 -1  1  1  0  0 -2  0 
    2  0  0  1  1 -1  0  2 
      -1  0  0  1 -1  1    
          0 -1 -2  3       

--- Sample #1865 | True: -4.845577239990234 | Pred: -9.274669647216797 ---
          8 13 12  9       
       8  2  7  9  5  7    
    4  5  2  2  5  0  2  6 
 2  5  4  0  3  4  4  3  2 
-4  0  0  2  1  2  3 -4  3 
    0 -2  0  0  1  0  0  5 
       1  0  1  0  2  0    
          1  5  3  2       

--- Sample #1866 | True: -13.836729049682617 | Pred: -12.750387191772461 ---
         -1  6 -2 -7       
      13  4 10  4 -1 -3    
   12 15 15  5  0 12  0 -8 
 9  8  6 -1 -4  4 -3  2 -5 
 3 -1 -1  0 -5  0 -3 -2 -6 
   -3 -5 -4 -2  0  2 -5 -4 
      -6 -5 -3 -3 -3 -7    
         -3 -4 -3 -20       

--- Sample #1867 | True: -14.780000686645508 | Pred: -12.045398712158203 ---
         -5 -3 -3 -5       
      -10  0  0 -1 -10  3    
   -1 -3  2 -10 -6  0  5  3 
 3  3  2 -1 -7 -12 -9  5 -1 
 3  2 -1 -3 -1 -2  0 -4 -3 
   -1  0  0  0 -1  0 -4  0 
      -2  0 -1  0 -1 -6    
          0  0  0 -4       

--- Sample #1868 | True: -17.617691040039062 | Pred: -13.841634750366211 ---
         -3 -3 -1 -5       
      -5 -7  0 -1 -8 -15    
   -5 -8  4 -1  0  9 -10 -24 
-1 -5  0 -2 -4  3 -2  3 -11 
 4  2 -2  1  0  1  3 -5 -2 
    0 -2 -3 -2  1 -1 -3 -3 
      -7 -2  0 -1 -4 -6    
          3  0 -1 -19       

--- Sample #1869 | True: -14.805768966674805 | Pred: -15.891643524169922 ---
         -2 -1  0  2       
      -2 -7 -1  3  6 13    
    4 11 10 -2 -5  6 16 13 
 3  4 -2 -9 -9 -7 -4 10  9 
 4  3  3  7  1  4 -3 -2  2 
    0  2  6  7  8  9  5  0 
       2  3  6  7  4  3    
          4  4  3 -4       

--- Sample #1870 | True: -1.9619216918945312 | Pred: -1.5204734802246094 ---
         -3 -1 -1 -1       
      -1  0  3  3 -3 -1    
   -3 -1 -1  0 -1 -1  1  0 
-1 -1  0  0  0 -1  0  0  0 
 0 -2  0  1  0 -2  0  0  0 
   -6 -2  0  0 -1 -1  0  0 
      -6 -1  2  2 -1  0    
         -2  1  1 -1       

--- Sample #1871 | True: -1.8384628295898438 | Pred: -2.2276878356933594 ---
          1 -2  1  0       
      -3  0 -1  2  0  0    
   -3  0  0  0  0 -1  1  1 
 1 -1  0 -1  0  0  0  3  0 
 0  0  0  1  2  0  0 -2  1 
   -3 -3  0  2  0  2  0  2 
       0  0  0  1  0  1    
          0  2  1  5       

--- Sample #1872 | True: -9.985578536987305 | Pred: -10.687887191772461 ---
         -3  1 11  9       
      -7  1 -4 10  4  9    
   -11  7  0  4  5  1  0  7 
-2  0  4 10 -7 -4 -14  0  0 
 3 -1  0  2  2  0  0 -4 -3 
   -6  0  1  2  3  2 -2 -4 
      -1  1 -3 -19 -1 -3    
         -2 -1 -1  0       

--- Sample #1873 | True: -18.214807510375977 | Pred: -18.721210479736328 ---
          8  8 12  8       
       2  8  6 -1 10  1    
   -1 -4 -9 -3 -1  0 -3  5 
-2 -3 -2 -2 -3  2 -10 -2  4 
 1 -5  5 -2  8  2  4 -1  1 
   -9 -11  0 -4  5  0  0  8 
      -14 -9 -8 -3  0  4    
          0  4  1  1       

--- Sample #1874 | True: -13.862308502197266 | Pred: -12.58364486694336 ---
          0 -2 -3 -6       
      -11  0 -2  2  2 -1    
   -9 -4 -1  1  3  1  5  7 
-8 -15 -2  0  2 15  3 -2 -5 
 7  3  1 -4 -2 -13 -5  2 -3 
    2 -1 -5 -8 -4 -4 -7  1 
       0 -4 -5 -7 -3 -3    
         -3  0 -3 -1       

--- Sample #1875 | True: -10.857307434082031 | Pred: -6.661714553833008 ---
         -1 -12 -7 -14       
      -2 -1 -4  0 -2  1    
   -5  0  0  0  0 -4 -1 -1 
 0  0 -2  0 -1  4 -2  1 -3 
-6 -3 -2 -1  0 -15  0 -3 -9 
   -13 -7 -3  0  1 -2 -2  0 
      -14 -3 -2 -4 -3 -7    
         -5 -5 -6 -4       

--- Sample #1876 | True: -7.609037399291992 | Pred: -7.944084167480469 ---
         -8  0 -3  3       
       3  0 -1  0  1  2    
   -1  2  0 -1 -1  0  1  0 
-2  2  1  0 -2  0  2  4  1 
 3  1  1  0  0 -1 -1 -4 -1 
    4  2  0  0 -1 -1  0  0 
       2  0 -1  0  0  0    
          2  3  2  2       

--- Sample #1877 | True: -4.742307662963867 | Pred: -10.00048828125 ---
          3  3  4  7       
       4  4  4  0  4  5    
    0  3  5  4  5  5  4  7 
 1  5  4  6  3  6  5  8  4 
 5  4  5  5  6  5  7 -3  6 
    7  5  5  5  6  5  6  5 
       6  3  5  4  5  4    
          0  3  3  5       

--- Sample #1878 | True: -1.15692138671875 | Pred: -1.9786300659179688 ---
          4  1  2  3       
       2  0  0  1  0  1    
    0  1  0  1 -1 -2  1  0 
 2  0  0  2  0  0  0 -1 -1 
-2  0  0  0  0  0 -1 -2  0 
    0  0  1  0 -1 -3  2  0 
       0  1  2  0 -1  2    
          1  0  0  0       

--- Sample #1879 | True: -3.4444236755371094 | Pred: -4.485658645629883 ---
          4 -1  4  5       
       2  1  2  2  2  0    
    1  3  1  0  0  0 -1  1 
 0  0  3  0 -1  0 -22  0  2 
 0  0  1  0  0  0  1 -2  1 
    0 -1  0  0 -2  0  1  0 
       0  1  1  0  0  2    
          2  1  5 -2       

--- Sample #1880 | True: -6.223077774047852 | Pred: -6.653877258300781 ---
         -3 -4  0 -1       
       0  0  0  0 -2 -2    
    0  0  0 -2  1 -1 -1 -2 
 3  0 -2  0 -1  0  0  0  0 
 0  1  1  0  0  0  1 -1  0 
    0 -8  0  2  1  3  1  2 
       1  0  3  2  2 -2    
          0  3  3  2       

--- Sample #1881 | True: -4.502115249633789 | Pred: -6.705621719360352 ---
         -4  6  3 -4       
       2  4  3  4  3  0    
    0  0  2  2  1  1  2 -1 
 5  2  0  0  2  0  2  4  0 
 1  5  2  3  1  1  3  1  3 
    2  3  2  1  2  2  1  3 
       4  2  0  0  2  1    
          3 -1  4  2       

--- Sample #1882 | True: -5.904422760009766 | Pred: -4.942289352416992 ---
          4 -2  0  0       
      -10 -4  0  0 -2 -3    
   -1 -1 -2  0 -1 -3  0  0 
 0 -1 -2  0  0 -1 -1 -3  0 
 2 -2 -1 -3 -2  0  0  0  3 
   -2 -3 -3  0 -2 -4  0  1 
       0 -1 -2 -3  1  0    
         -1  0  0  0       

--- Sample #1883 | True: -4.778461456298828 | Pred: -6.312877655029297 ---
          2  5 -1  3       
       0  3  3  0  0  1    
    1  3  3  1  0  1  3  2 
 5  6  2  3  0 -1  1 -4  0 
 2  3  2  1 -2 -3  0 -2  2 
    1  1  0  0  0  0 -1  0 
       1  0  0  0  1 -2    
          1  2  1 -1       

--- Sample #1884 | True: -5.786153793334961 | Pred: -7.33928108215332 ---
         -5 -3  0  1       
       0 -1  0  1  0 -1    
   -2 -1  2  1 -2 -4 -1  1 
 2 -4  0 -2  0  1  0 -8  5 
 4  0  2  2  0 -1  4 19  2 
    2  0  2  3  0  0  1  4 
       0  1  2 -2  1  0    
          0  2  0  2       

--- Sample #1885 | True: -8.394424438476562 | Pred: -7.968433380126953 ---
          2 -15 -16 -16       
       4  0 -2 -3 -2 -6    
   -1  0  0 -3 -2  0  0 -4 
 4  0  1  0 -1  0 -2 -4 -4 
11  4  2  0 -2  0  0 -3  0 
    2  0  2  0  0  1  2  2 
      -2  0 -3  0  0  1    
          8  3  2  0       

--- Sample #1886 | True: -0.93499755859375 | Pred: -3.0428600311279297 ---
          4  4  3  1       
       4  6  2  0  1  1    
    2  2  3  2  0  1  2  2 
 3  1  1  1  1  0  1  0  1 
-1  2  1  0  0  0  0 12  1 
    1  0  2  2  0 -1  1  0 
       0  1  3  2  1  2    
          2  3  2  2       

--- Sample #1887 | True: -0.7371177673339844 | Pred: -2.7688827514648438 ---
          0  1  0  4       
       2  0  1  3  0  0    
    0  1  1  0  1  0  2  0 
 0  1  0  0  0  0  2  4  1 
 1  2  1  0  0 -4  0  6  1 
    1  0  1  1  2  0  3  3 
       5 -1  0  2  0  1    
          2  2  4  0       

--- Sample #1888 | True: -6.16865348815918 | Pred: -4.939393997192383 ---
         -20 -7 -7 -19       
       1  0  0  1  2 -1    
   -5  1  0  1  0 -1  2 -7 
 0  1  1  0  0 -3  0  0 -1 
 1  1  0  0 -1 -4 -4 -3 -1 
    0 -2  0  0 -1 -3 -1 -2 
      -2  0  0  0 -1 -2    
          1 -2  0  0       

--- Sample #1889 | True: -8.076730728149414 | Pred: -5.667043685913086 ---
         -19 -19 -18 -18       
      -4 -1 -6 -6 -3 -4    
   -2  1 -1 -1 -2 -1  1 -2 
 4  0  0 -2 -4 -1  0 -9  2 
-2 -4  0  0 -1  0  2 -2  4 
   -1  1  0  1  1  0  0  1 
      -1 -2 -1  0 -3 -1    
          4  0  1 -4       

--- Sample #1890 | True: 2.0942306518554688 | Pred: -2.1735382080078125 ---
          0  4  0  8       
      20  4  2  3  4  8    
   12  5  4  1  2  5  2  0 
 6  3  2  2  2  1  0 11  4 
 6  2  3  1  2  2  0 12  1 
    4  2  2  2  3  1  1  6 
       6  2  3  2  0 -2    
          3  4  2  3       

--- Sample #1891 | True: 4.038845062255859 | Pred: -1.623504638671875 ---
          6  2  2  7       
       3  3  2  3 -1  3    
    5  2  0  1  2  1  1  1 
 2  3  3  2  3  2  1  5  4 
 6  3  5  2  2  0  0 14 10 
    4  5  6  5  4  3 18  8 
       1  9 13 11 14  8    
         16 12 13  5       

--- Sample #1892 | True: -18.211923599243164 | Pred: -15.011466979980469 ---
         -3  0 -6 -6       
      -3 -5 -6 -6  5  6    
   -1 -2 -5 -4 -7 -1  6  0 
-1 -2 -3 -4  4 -18 -14 16  0 
12 -8  3  0 -1  0 -3 19  0 
   -3  2 -2  0 -3 -2  0  0 
       2 -3 -1  1  2  0    
         -7  1  1  0       

--- Sample #1893 | True: -29.440383911132812 | Pred: -27.092124938964844 ---
         -1 -2 -1 -1       
      -3 -5 -4 -4 -6 -3    
   -3 -4 -5 -5 -7 -9 -6  3 
-2 -3 -3 -3 -7 15 14 -2 -4 
 0 -1 -1 -5 -3 10  1  0 -1 
   -2 -3 -2 -4  1 -3 -3  0 
      -2 -3 -1 -2 -4 -3    
          4  0 -1 -1       

--- Sample #1894 | True: -14.396730422973633 | Pred: -14.255270004272461 ---
          0  4  3  2       
       0  0  0  1  6  8    
   -3 -1 -3  0  8  3  8 -3 
 5  2  1  0  2  6 -2 -1  0 
 0  2  0  1  0 -5 -2 -1 -1 
   -2  0 -2  0 -4 -5 -2  0 
       0 -4  0 -8 -3 -3    
          1  1 -7  0       

--- Sample #1895 | True: -16.750385284423828 | Pred: -18.360715866088867 ---
          5  4  6  8       
      -1 -12 -6  1  3  6    
   -1 -9 -3 -6  2  0  4  2 
-1 -1 -1 -9 -5  1  4 14 -1 
 0  1  0  3  3 -2 -3 -1  2 
    3  3  3  2  8  3 -4  2 
       2  3 -2  4 -1 -2    
          2 -1  7  3       

--- Sample #1896 | True: -2.1800003051757812 | Pred: -2.416362762451172 ---
         -1 -1  0  2       
       0  1  0  0  0  0    
   -1  1  0  0 -2  0  0 -1 
-4  1 -2  0  0 -1  1  0 -3 
-5  1  1  0 -1 -1 -1 -2  0 
   -2  0  1  0  0  1  2  2 
       1  0  0  0  2  0    
         -1 -1 -3  0       

--- Sample #1897 | True: -3.229806900024414 | Pred: -3.935995101928711 ---
         -2 -1  0  0       
       1  0  0  0 -1  0    
    0  3  1  0  0  0  0  0 
 3 -1  1  0  0  0  0  4  0 
 0 -1  0  1  0 -1  0 -3  1 
    0  0  1  0  0  1 -1 -1 
       0 -1  1  1  0  1    
          0 -1  1 -1       

--- Sample #1898 | True: -3.8821144104003906 | Pred: -3.1586074829101562 ---
         -8  2  0 -3       
      -9 -2 -3  1  1  0    
    1  0  0  0 -1  0  2  0 
 1 -2  0  2 -1 -1  0 -1 -4 
-1  0  0  2 -2  0  0 -2  0 
   -3  0  0 -3 -2 -4  0 -2 
      -2  1 -2  0 -1 -4    
          1  1 -2  1       

--- Sample #1899 | True: -8.385385513305664 | Pred: -7.379611968994141 ---
          0  2  1  3       
       0  0  1 -2  0  0    
    1  0  0  1  2  0  1  2 
-10 -18 -1  1  5  2  0  4  0 
-7 -14 -13  1  0  1 -1 -2 -1 
   -2 -3 -1  2 -1  0  1 -1 
       0  0  3 -2  1  0    
          0  4  2  0       

--- Sample #1900 | True: -5.458461761474609 | Pred: -6.600969314575195 ---
         -1  1  0  2       
       2  5  2  1 -2 -2    
    3  3  2  1  0 -2  0  0 
 6  2  2  0  2 -1  1  1  0 
 0  2  1  3  2 -1 -1  3  0 
    6  2  0  0 -2 -2 -2  0 
       4  1  1  0  0  0    
          3 -3  1 -1       

--- Sample #1901 | True: -2.0092315673828125 | Pred: -5.48729133605957 ---
          0  3  3  4       
       2  4  1  1  3  3    
    0  4  3  2  2  4  4  3 
 0  1  2  2  2  2  5  4  0 
 3  0  2  4  3  3  4 -2  4 
    3  3  3  4  3  3  2  3 
       4  1  3  4  3  3    
          3  4  4  1       

--- Sample #1902 | True: -3.4386539459228516 | Pred: -6.038597106933594 ---
          5  2  6  4       
       3  0  4  3  1  3    
    4  3  0  2  1  1  1  3 
 2  2  1  1  2  1  1  0  0 
 6  3  2  0  0  0  0 -2  3 
    1  3  1  1  2  2 -2  3 
       3  5  3  2  2  1    
          4  6  5  4       

--- Sample #1903 | True: -4.973077774047852 | Pred: -6.425518035888672 ---
          3  4  5  4       
       0  1  1  1  0 -2    
    1 -1  2  0  0  0  0  0 
 3  4  1  2 -1 -2  0  7  0 
 3  2  1  1  0 -2 -4 -2  2 
    0  0  0  0  2  1  0  1 
       2 -1  1  1  0  0    
          2  4  1  1       

--- Sample #1904 | True: -4.25922966003418 | Pred: -4.796684265136719 ---
          3  2  3  5       
       0  0  2  1  0  1    
   -1  1  1  0 -1  0  0  1 
-7 -2 -2 -1  0 -3 -2  6  0 
-5 -2  0  0  1  0 -2 11  0 
   -1 -1  0  1  1  0  0  0 
      -1  0 -1  0  0  0    
          1  1  0  2       

--- Sample #1905 | True: -4.099617004394531 | Pred: -5.499261856079102 ---
          2  1  3  3       
       1  0 -1  1  1  0    
   -1  0  0 -2 -1 -1  2  2 
 0  0  0 -1  0  0  0 -4  1 
 2  1  0  0  1  0  2 -15  3 
    2  1  1  0  1  0  2  2 
       2  0  2  0  0  2    
         -5 -3  2  2       

--- Sample #1906 | True: -4.132114410400391 | Pred: -6.085720062255859 ---
          0  2  2  3       
       0  0  2  0 -2  2    
    1  2  0  0 -1 -2  1  1 
 2  2  2  0  1  0  0  4  2 
 3  0  2  2  2  0  3 -2  5 
    1  0  1  0  0  1  1  1 
       2  0  2  3  1 -1    
          0  1  3  4       

--- Sample #1907 | True: -10.021347045898438 | Pred: -12.738540649414062 ---
          0 -8  8  6       
       2  2  1  2  6  6    
    0  2  0  0  0  1  2  3 
-7 -3  3 -2 -1 -1  0  6  0 
 1  7  0 -4  2  2 -1 -3  0 
   12  0 15  8  4  3  3  2 
      16 21  5 -2  8  4    
         18  6 10 11       

--- Sample #1908 | True: -5.704807281494141 | Pred: -6.918769836425781 ---
          8  1  3  0       
      -5  1  0  0  0  3    
    3  1 -1 -2  0  0  2  0 
 5 -2  0  0  1  0  2  9  4 
 9  4  0 -1 -1 -1  0 17  1 
    2 -2  0  1  1  1  0  0 
       2  0  1  0 -1 -1    
          2  4  1  5       

--- Sample #1909 | True: -19.450000762939453 | Pred: -11.524322509765625 ---
          0 -1 -5 -4       
      -2  0  0 -14 -8 -12    
   -12 -3 -3 -5 -15 -13 -18 -9 
-9 -17 -12 -2 -10 -14 -16 -15 -9 
-5  0 -6 -4  1 -3 -11 -5 -19 
   -4 -9  7 -3 -10  0 -3 -19 
      -7  3  3  0 -7 -7    
          5 -4 -10 -9       

--- Sample #1910 | True: -18.8075008392334 | Pred: -9.221046447753906 ---
         -15 -18 -15 -7       
      -17 -24 -21 -6 -3 -5    
   -19 -16 -5 -9 -5  0 -23 -23 
-14 -20 -17 -11 -5  0 -6 -1 -12 
 6  5 -2  0 -9 -12 -10 -5 -18 
    4 -1 -5 -4 -3  0 -7 -12 
      -2 -12 -12 -1  1 -17    
         -8 -8 -10 -7       

--- Sample #1911 | True: -5.804615020751953 | Pred: -8.474773406982422 ---
          6  2 11  9       
       4  0  4  3  4  4    
    5  2  1  1  0  0  4  3 
 5  1 -1  0  0  2  1 -23  2 
 0  1  0  0 -1  0  1  0  2 
    4  0  1 -1  0 -1  0  3 
      -8  0 -1  0  0 -1    
          0  0  0  1       

--- Sample #1912 | True: -10.718652725219727 | Pred: -11.204998016357422 ---
         10  7  3 -1       
       3  2  3  4  6  3    
   -2  2  1 -1 -2  3  0 -6 
-10 -3  2  2 -1  0  0  1 -7 
-1  0  0  1  1  1  5 -2  1 
    2  0  0  3  3  3  2  0 
      -2 -5  1 -3 -15  0    
         -17 -10  0 -4       

--- Sample #1913 | True: -12.05538558959961 | Pred: -10.034711837768555 ---
          2  5  8 11       
      -3 -2 -1  3  2  7    
    1  0 -2 -4 -1  0  5  3 
 4  1  0 -1 -3 -1  2  0  4 
-7 -5 -8 -15  5  4  0 -1  1 
   -11 -6 -9 -5  2  0  0  3 
      -8 -2 -1  3  4  1    
          3  4  0  1       

--- Sample #1914 | True: -9.072307586669922 | Pred: -8.173147201538086 ---
          2  5  8  3       
       2  1  0  2  3  4    
   -4  0 -2 -8 -2 -2  2  3 
 3  0 -1 -3 -8 -26 -6 -5 -1 
 1  0 -1  0 -27 -19  0 -3 -4 
    1  1 -2  0 -3 -1  0  0 
       6  0 -2  0  1 -1    
         -4  0  4  4       

--- Sample #1915 | True: -21.614421844482422 | Pred: -21.10302734375 ---
          0 -3 -2 -14       
       0 -2 -3  6  4  1    
    2  0 -1 -2  5  6  1 -12 
 1  0 -2 -3 -1  3  5 -15 -16 
 2  1  0  0 -2  2  0 -2 -4 
    2  0  0 -4  5  8 -3 -4 
       2  0 -5  0  1 -2    
          0 -3 -17  0       

--- Sample #1916 | True: -3.154998779296875 | Pred: -1.9833869934082031 ---
          1  0  1  1       
      -2  0 -1  0  0  3    
   -1 -1 -1 -5 -1 -1 -1  0 
-2  0 -1 -4 -1 -4 -1 -11  1 
 0 -2  0  0 -3 -1 -1 20 -2 
    0 -2 -2 -1 -1 -5  0  0 
      -2 -3 -3  0 -5  0    
          0 -1 -1 -1       

--- Sample #1917 | True: -6.009038925170898 | Pred: -7.184886932373047 ---
          2  0  3  0       
      -2 -1  3  3  0  0    
    4 -3  1  0 -1 -1  1  1 
 0  0  2  0  2  0  0  6  0 
 0  5  0  0  1  0 -1 -2  3 
    3  0  1  3  3 -1  3  1 
      -2  0  2  4  2  4    
          2  2  6  3       

--- Sample #1918 | True: -3.7873077392578125 | Pred: -8.315763473510742 ---
          8  8  7  7       
       6  3  4  8  4  4    
    6  5  4  4  3  2  5  5 
 3  3  4  3  1  1  2  0  7 
 9  8  5  1  1  2  3 -3  6 
    7  4  3  2  2  0  3  5 
       3  0  3  2  1  3    
          4  3  1  2       

--- Sample #1919 | True: -4.356346130371094 | Pred: -4.787353515625 ---
          4  0 -5 -1       
      -2  1  0  1  2  0    
   -4  0  1  1  0  0  3  1 
-5  0  2  0  0  0  0  3  0 
-1  1  0 -1 -3  0  0 -3  1 
   -3  0  1 -2  0 -2  3  0 
      -2  0  1  1  0  2    
          0 -2  3 -1       

--- Sample #1920 | True: -5.060192108154297 | Pred: -5.599063873291016 ---
         -1  0  1 -1       
      -1 -1  0  2  0 -5    
   -2 -1 -1 -1  1  0 -1 -2 
 3 -2  0  0 -2 -1  0  1  2 
 2 -3  0  2  0  0  1 21  0 
    0  0  2  2  2  4  3  3 
       0  1  3  1  1  3    
          0  2  0 -17       

--- Sample #1921 | True: -7.005962371826172 | Pred: -7.282045364379883 ---
          1  0  2  2       
       3  2  2  1  1  0    
    6  3  3  0  0  0  0 -3 
 5  4  2  2 -2 -1  0  3  0 
 5 -5  1  0  0 -4 -2 -3 -4 
    4  3  0  1 -1  1  1  0 
       0 -1 -1 -4 -2  0    
          0  1 -14  1       

--- Sample #1922 | True: -6.130001068115234 | Pred: -7.718660354614258 ---
          0 -2  5  7       
       0  1  2  1  1  0    
    1  2  0  0 -2  0  0  1 
 3  2  0  0  0  0  0 -1  4 
 0  0  2  0 -1 -4 -4 -2  3 
    1  2  1  0  0  0  2  6 
       3  2  2  1  2  2    
          2  3  2  6       

--- Sample #1923 | True: -12.117883682250977 | Pred: -8.60103988647461 ---
         -7 -2  6  1       
      -7 -11 -8  0 -16 -6    
    1 -7 -13 -4  4 -5 -7  1 
 1 -7  3 -3  3 -2  0  4  1 
-2  3  0  0 -3  0 -1 -4  0 
    0  2  0  0  0 -1 -1 -1 
      -3 -1 -1  0 -2  0    
         -7 -1 -3  1       

--- Sample #1924 | True: -10.533655166625977 | Pred: -9.94542121887207 ---
         -4  4  9 17       
      -6 -6 -3  6 -2  9    
    0 -9 -13 -4  0  0 -17  3 
 3  0 -3  3  0 -4  0  8  3 
 4  4  1 -3 -2 -1  0  6  0 
    5  1  0 -1 -1 -1  2  3 
      -1  0 -2  1  2  0    
          2  3  3  8       

--- Sample #1925 | True: -1.4724998474121094 | Pred: -3.3633956909179688 ---
          2  2  5  0       
       2  2  2  6  1 -2    
    0  1  0  0  0  1  0  3 
 0  0  1  0  1  0  1  2  1 
 0  0  2  1  1  0  0 -4  1 
    1  1  0  0  0  0  0  3 
       0  0  1  1  1  1    
          0  0  0  2       

--- Sample #1926 | True: -0.3192291259765625 | Pred: -2.3072280883789062 ---
          0  0  5  0       
       0  1  0  0  0  0    
    2  1  2  1  0  0  0  1 
 2  1  1  1  1  0  4  8  1 
 3  1  2  1  0  0  0 -2  2 
    2  1  1  0  0  0  0 14 
       0  0  0  0  0  0    
          2  2  1  3       

--- Sample #1927 | True: -4.863077163696289 | Pred: -5.768436431884766 ---
          4  1  3  0       
       2  1  0  0  0  1    
    1  1  0  0  0  0  2  3 
 5 -5 -7 -14  0  1  0  7  2 
 3  2  2  2  0  0  1 -3  3 
    3  0  0  0 -1 -1  1  2 
       0  1 -1  0  1 -1    
         -1  0  2  0       

--- Sample #1928 | True: -4.133075714111328 | Pred: -4.853202819824219 ---
          1  0  2  1       
       0 -1  0  1  0 -1    
   -3 -1 -1  3  3  0 -5 -1 
 5 -6  3  3  8  3  2 -4  0 
 0  0  1  2  2  2  0  0  2 
    3  0  0  0  0  0  1  0 
       1  2  1  1  0  0    
          4  1  0  2       

--- Sample #1929 | True: -2.096923828125 | Pred: -5.110940933227539 ---
          5  4  1  6       
       3  2  2  3  4  6    
    2  3  3  1  2  3  0  2 
 1  1  2  1  1  3  1 -2  3 
 1  2  5  1  4  4  2  8  2 
    2  3  2  1  2  1  1  3 
       0  0  0  0  0 -1    
          0  1  0  2       

--- Sample #1930 | True: -1.9442291259765625 | Pred: -3.4821510314941406 ---
          2  2 -1  4       
       3  1  2  1  1  2    
    3  2  1  2  1  0  0 -2 
 3  0  2  0  1  0  1  1  0 
 0  3  2  0  1  0  1  0  0 
    1  0  1  0  0  0  1  0 
       2 -1 -1 -1  0 -1    
          1  1 -1  0       

--- Sample #1931 | True: -1.4923057556152344 | Pred: -3.6784820556640625 ---
          2  2  3  3       
       2  2  0  1  1  0    
   -1  2  1  0  2 -1 -1  0 
 2  1  1  3  3  3  3  1  3 
 3  3  3  2  3  2  2 -2  1 
    4  2  2  0  0 -3 -2  3 
       4  0  0  0 -1  2    
          4  3  2  0       

--- Sample #1932 | True: -1.9219245910644531 | Pred: -2.731243133544922 ---
         -3 -2 -1 -5       
       0  0  0  0  0 -1    
    0  1  1  0  0 -1  0 -2 
 0 -1  0 -1  1  0  1 -2  0 
 0  1  0  2  2  2  1  0  0 
    0  0  0  1  1  1  3  2 
       0 -1  0  1 -1  0    
          3 -1  1  1       

--- Sample #1933 | True: -2.296539306640625 | Pred: -1.670440673828125 ---
         -2  0  2 -1       
      -1  0 -2  1 -2  0    
   -1 -2 -1 -2  0 -1  1  0 
 0 -1  0  0  0  0  0 -8 -3 
 2  0  1  0 -1 -2 -2 13  0 
    0  1 -2 -2 -2 -2  0  2 
       1  0  0 -5  0  0    
         -1 -4  0 -1       

--- Sample #1934 | True: -5.233654022216797 | Pred: -5.269718170166016 ---
         -1 -1  0  0       
      -2 -1  0 -1  0 -1    
   -1  0  0 -1 -2 -1  0  0 
 0 -1  0 -1  0 -1  0 -1  0 
-1  0 -1  0  0  0  0 -2  3 
   -1  0  0  0  0 -1  1  4 
      -1  0  2  0  0  1    
          1  1  2  1       

--- Sample #1935 | True: -5.440576553344727 | Pred: -7.2731170654296875 ---
          1  4  4  4       
      -1  0  1  1  0  0    
    0  0  0  0  0 -1  3  0 
 1  1  0  0  0  0  0  0  3 
 1  2  0  0  0 -1 -1 11  4 
    0  1  0  2  0  0  3  5 
       1  0  2  1  4  3    
          0  4  3  6       

--- Sample #1936 | True: -4.169807434082031 | Pred: -5.760602951049805 ---
          2  4  4  8       
       1  1  1  1  2  2    
    0  1 -1  0  0  0  0  1 
 3  1  0  0  0  3  2 -7  2 
 5  3  0  0  0  1  0 -2  1 
    1  0 -2 -1  0  0  2  1 
       2  0  0 -1  0  5    
          1  0  2  0       

--- Sample #1937 | True: -6.972883224487305 | Pred: -5.81468391418457 ---
         -1  0 -3 -2       
      -1  0  0 -2 -2 -6    
    0  0 -2 -1 -7 -6 -14  1 
 4 -2 -1 -2 -1 -2  0  0  0 
 0  0 -3 -2 -3 -1  0 -2 -1 
   -1  0 -1 -1 -1  0 -6 -6 
       0 -2  0  0  0 -1    
          0  3  2 -3       

--- Sample #1938 | True: -10.8125 | Pred: -9.307281494140625 ---
          0 14  0 -10       
       8  0  2 -15 -17 -14    
    2  2 -1 -2  0 -19 -18  2 
 5  0 -1 -2 -1  0  0 -14  3 
 1  3  0 -4 -2 -4  0 -2  1 
    0  2 -2 -4 -2  1  0  2 
       2 -1  0 -1 -5 -4    
         -1  2  1 -1       

--- Sample #1939 | True: -13.022113800048828 | Pred: -10.77176284790039 ---
         -4  0  3 11       
      -2 -7  0  0  3 11    
    0  1 -5 -4  3 -5  5  2 
-4 -4  0 -4  0 -1  4  3  0 
-2  0 -1 -2  2 -1 -1 -7 -1 
    1 -2 -6  0 -1 -1 -3 -2 
      -9 -9 -3 -9 -3 -11    
         -12 -4 -4 -3       

--- Sample #1940 | True: -1.7688484191894531 | Pred: -4.136789321899414 ---
          2  3  2  4       
       5  2  3  1  3  4    
    3  4  0  0  1  1  2  2 
 2  2  1  1  2  0  1  0  0 
 1 -1  1  1  2  0  1 -2  0 
   -5  3  0  2  1  2  3  5 
       4  1  1  3  4  3    
         -2  1  4  4       

--- Sample #1941 | True: -3.1925010681152344 | Pred: -3.546710968017578 ---
          2 -6 -3 -9       
       1 -1  0  1 -2 -1    
    0  0  0  0 -1  0  0  0 
 0 -1  0  0  1  0  1  1  0 
 2  0  0  1  2  0  0 -2 -2 
   -2  0  2  2  0 -1  0  0 
       1  0  0  0 -2  0    
          2  0 -5 -4       

--- Sample #1942 | True: -6.966154098510742 | Pred: -5.68458366394043 ---
         -11 -5  0 -20       
       0 -2 -9 -4  0 -1    
   -4  1  0 -3 -4  0 -1 -3 
-2 -1 -1 -1 -2 -3  2  7  1 
 4  1  0  3  3  1  0 -6  2 
   -2 -1  2  4  1 -4 -10  5 
       0 -1  0 -1  2  5    
         -1  3  0  3       

--- Sample #1943 | True: -5.4059600830078125 | Pred: -7.915977478027344 ---
          5  7  7  3       
       0  0  2  6  5  9    
    0  1  1  0  1  2  3  0 
 1 -2  0  0  1  0  4  8  2 
 2 -4  0  0  3  3  2 -2  0 
   -6 -1  2  2  2  3  0  5 
       0  2  0  1  5  6    
          6  5  2  3       

--- Sample #1944 | True: -16.103076934814453 | Pred: -13.594148635864258 ---
         -11 -12 -13 -14       
       2  6  5 -11 -5 -18    
    7  6  3 -2 -2  3  3 -17 
-7  5  5  0 -1  0 -1  6 -4 
 6  4  1  2  5  2 -1  0 -9 
    0  4  3  1  4 13 -4 -3 
       5 -2  6  6  7 -3    
         -7 -7 -5 -1       

--- Sample #1945 | True: -12.750577926635742 | Pred: -10.453794479370117 ---
          0  3  9  0       
       1  3  4  9  4  9    
    0  2  1 -1  1  0  3  4 
-3 -2  0 -1 -2  1 -1 -3 -2 
 1 -5 -4  0  1  2  0 -1 -14 
   -7 -1  0 -25 -6 -4 -7 -7 
       1  2 -6 -11  1  2    
         -6 -6 -10 -8       

--- Sample #1946 | True: -4.598461151123047 | Pred: -3.024717330932617 ---
          0 -1  0  1       
       1  1  0  0 -1  0    
    0  2  1  0  0  0  0 -1 
 0  1  0  0  0  0  1  0  1 
-23 -15 -11 -3 -1 -1 -1 -2  0 
   -20 -9 -4 -4 -2 -5  0  0 
       1 -1 -1  0 -1 -3    
         -2 -1  0  0       

--- Sample #1947 | True: -4.862113952636719 | Pred: -4.490381240844727 ---
         -1  2  1  2       
       0  0  0  0  1  1    
   -3  0  1  0  0 -2  1  0 
-1  0  0  0 -2 -2  0 -9  2 
-2 -2 -2  0 -9 -1  1 -3 -5 
   -4 -2  0  2  0  1  1 -3 
      -3  0  0 -1  0  2    
          0 -1 -4  1       

--- Sample #1948 | True: -2.0701942443847656 | Pred: -2.6300697326660156 ---
          3  3  2  2       
      -1  3  3  1  2  0    
   -1  1  2  1  0  0  2  0 
 1  0  0  0  0  1  0 -2 -1 
 3  0  0  1 -1  0 -2 -2 -2 
    0  0  0 -1 -1 -2  0  0 
      -3 -1 -1 -1 -2  0    
         -1  0  0  0       

--- Sample #1949 | True: -2.0109596252441406 | Pred: -2.8996315002441406 ---
          2  2  3  4       
       0  2  0  0 -2  2    
    0  0  0  0  0  0  0 -1 
 2  1  1 -1  0  0  2 11  1 
 2  1  1 -1  0  1  1 -8  0 
   -3 -1  0  2  0  0  1  2 
      -1 -1  2  0  1  0    
         -2  2  2  1       

--- Sample #1950 | True: -2.0030784606933594 | Pred: -1.8945579528808594 ---
          0  0  0  2       
       0  0 -1  1  0  1    
    1  0  0 -2 -2 -1  0  0 
 1 -2 -1 -1  0  0  0  2 -2 
-2 -2  0  0  0  0  0 -2 -1 
   -3 -1 -1  0  0  0  0  4 
      -2 -1  0  0 -2 -2    
          0  0 -2  0       

--- Sample #1951 | True: -1.8651924133300781 | Pred: -3.0178756713867188 ---
          1  4  2  1       
      -3  0  1  1  0  0    
    0  0  0  0  0 -1  0  2 
 0  2 -1 -3  0  0  4  3  3 
 2  2  0  0  0  1  0 -2 -2 
    0  1  0  0  0  1  0  0 
       2  0  0  2  0 -1    
          2  1  2  0       

--- Sample #1952 | True: -16.192691802978516 | Pred: -11.937618255615234 ---
         -8 -2 -8 -2       
      -9 -7 -6 -5 -1  3    
   -3 -7 -13 -1 -11 -17  2  0 
-5 -3 -6 -7 -7 -1 -7  9  0 
-1  4 -5 -6  3  1 -1  0  2 
    3 -1  3  5  2  0 -7  1 
       1  2  6 -14 -9 -6    
          0 -1 -11 -16       

--- Sample #1953 | True: -16.513845443725586 | Pred: -13.859039306640625 ---
          0 -7 -9 -4       
      -2 13  7  1 -5 -3    
    0  3  7  9  0  4 -5  1 
-1  3  3  4  9  0  2 10  0 
 7  2  0  3  0 -2 -24  3 -1 
   -1 -7 -10  0 -7 -14 -2 -1 
       2 -4 -8 -16 -10 -5    
         -4 -6  2 -2       

--- Sample #1954 | True: -4.09922981262207 | Pred: -4.345550537109375 ---
          2  1 -4 -2       
       1 -1 -1  0  0  0    
    1 -2  0 -1 -7 -2 -2  0 
 2  0  0  0  0 -1 -2  2  1 
 5  3  2  0  1  0  0  0  0 
    3  0  1  3  0  0 -2  0 
       3  1  2  1  0  2    
          1  1  0  3       

--- Sample #1955 | True: -4.508462905883789 | Pred: -5.552589416503906 ---
          4  1  1  4       
       1  1  0  3  5  2    
    1  1  0  1  0  1 -1 -1 
 7  1  2  0  0 -1  0  5  0 
 0  1  0  0  0  0  0 -3 -4 
    1  0  2 -2  0 -2  0  1 
       0 -1 -1 -2 -2  1    
         -4 -2 -2 -3       

--- Sample #1956 | True: -5.125576019287109 | Pred: -4.933195114135742 ---
          1  0 -4  0       
      -4 -3 -2  0 -1  1    
   -3 -1 -4 -4 -2 -6  0  0 
 1  0 -1 -1 -2 -4 -4  0  1 
 6  2  2  4  0  0  0 16  0 
    0  2  1  1  0  0 -9  1 
       2  2  1  0  0  2    
          3  4  3 -2       

--- Sample #1957 | True: -5.682308197021484 | Pred: -6.723381042480469 ---
          4  3  2  1       
       1  0  3  2  1  2    
    0  2  1  0  0  1  2  3 
 3  2  2  1  2  0  0 -4  3 
 0 -7  1  1  2  0  0 -12 -2 
   -1  0  0 -1  1 -1  0  0 
      -6 -3 -3  0 -2 -2    
         -7  0 -1 -5       

--- Sample #1958 | True: -15.590192794799805 | Pred: -10.440332412719727 ---
          5  9 -9 -9       
       2  3  4  3 -18 -15    
   -4  1  4  0  2 -24 -20 -13 
-3  3  0  0  0  1  2 -17 -21 
 4  4  1 -9 -18  1 -12  1 -10 
    0 -13 -7 -11 -12 -9 -14 -20 
      -10 -16 -8 -7 -8 -11    
         -17  6  7  0       

--- Sample #1959 | True: -7.329614639282227 | Pred: -7.468595504760742 ---
          1  1  2 -6       
       6  2 -1 -1  4  5    
   -2  3  0  0 -2  1  2 -2 
 0  0 -2 -1  0 -4  1  0 -4 
-3 -3  0  0  0  1  3 -2  4 
   -3  0  1  1  1  0  0  0 
       1  1 -3  0 -1 -2    
          2 -1 -3  4       

--- Sample #1960 | True: -3.3657684326171875 | Pred: -5.612541198730469 ---
          1  2  1 -1       
       2  2  3  2 -1  2    
    0  0  1  2  0  1  5  0 
 6  5  2  1  0  0  1 13  0 
 7  8  3  0 -1  0  1 -1  0 
    5  6  0  0 -1  1  6  0 
       8  3  0 -1  2  2    
          7  3  2  3       

--- Sample #1961 | True: -4.334421157836914 | Pred: -4.025945663452148 ---
          2  5  0  1       
      -2  0  1  1 -2 -1    
   -1  2  0  1  0 -1 -3  0 
 1 -3  0  0  1  0  0 -10 -8 
 0  0  0 -1 -1  0  0  5 -9 
   -1 -1  0 -1 -2  0  1  0 
      -2 -1  0 -1  1 -2    
         -4  0 -1  0       

--- Sample #1962 | True: -3.1161537170410156 | Pred: -5.886552810668945 ---
          6  6 11  8       
      10  5  3  2  4  6    
    4  2  1  2  0  3 -5  3 
-2  0  2  1  2  1  6  5 -14 
 7  2  2  3 -2  0  5  0  8 
    4  3  3  3  0  5  4  7 
       0  2  1  2  1  0    
          0  3  1  7       

--- Sample #1963 | True: -2.890575408935547 | Pred: -4.911655426025391 ---
          0  0  2  2       
       0  1  1  3  2  2    
   -1  4  4  4  1  4  6  3 
-3  3  3  4  3  3  5 -14  6 
-4  1  2  2  0  2  1 -2  1 
   -3  0  0  4  1  0  0  6 
       0  2  1  1  1  4    
          3  2  3  1       

--- Sample #1964 | True: -5.137500762939453 | Pred: -6.741006851196289 ---
          4  5 -12  0       
       2 -1  0  1  3  1    
    2 -1  0 -1  0  0  3  1 
 0 -2  0 -1 -2 -1  0  2  0 
 4  0 -1  1  0 -3  0  5  0 
    1  0  1  3  0  4  7  0 
      -1 -2  0  1  2  4    
          2  2  5  8       

--- Sample #1965 | True: -10.461923599243164 | Pred: -8.881219863891602 ---
          0  5 -1 -9       
       0  4  3  2 -3 -2    
   -5  1  4  1  2  0  3  3 
 7  5  3 -12 -15 -1  2 11  2 
-2 -15  0  0  0 -2  4 -2  1 
    4  0 -1  0  0  0  2 -3 
       1 -2 -1 -1  0 -4    
          3 -1 -3 -7       

--- Sample #1966 | True: -4.600000381469727 | Pred: -5.675025939941406 ---
          7  4  7  2       
       5  2  3  0  1  5    
    2  3  0  0 -2  0  3  0 
 0  1  1  0  0 -3  2  3  3 
 2  2  0 -3  0 -1  0  7  2 
   -1  0 -2  0 -2  1 -2  4 
      -6 -1  0  0  0 -1    
          0 -1  1  2       

--- Sample #1967 | True: -11.613655090332031 | Pred: -9.683191299438477 ---
          0 -1 -1  3       
      -4 -1 -4 -7 -2 -1    
    0 -1 -1 -6 -8 -3 -3 -3 
-1 -3 -2 -3 -7 -9 -6 -5 -2 
 5  0  0 -3 -8 -6 -1 -2 -6 
   -1 -11 -1 -4 -2  0  2 -1 
       1  0 -2  1  3  1    
         -3 -3  6  0       

--- Sample #1968 | True: -2.589038848876953 | Pred: -4.041355133056641 ---
          1  2  2  3       
       2  1  0 -1  1  2    
    0  0  1 -1 -3  0  0 -4 
 3  2  0  1  0 -1  5  3  0 
 1  0  0  0  3  0  2 -2 -1 
   -2  1  1  1  0  1  3  1 
       1  2  3  1  2  3    
         -2  1  3  1       

--- Sample #1969 | True: -25.944231033325195 | Pred: -24.683364868164062 ---
          3  3  4  2       
       3  4  2  7  0 -4    
   -2  3 -8 -5 -12  0  4 -6 
-2 -3 -3 -5 -5  7 -4  1 -4 
 2  0  0 -3 -11  2 -1  0 -4 
    0  0  0  4 -3 -2 -3 -1 
       0  0  0 -1 -4 -3    
          0  0 -2 -2       

--- Sample #1970 | True: -2.0849990844726562 | Pred: -3.6450328826904297 ---
          3  2  1  1       
       1  1  2  2  3  1    
    3  2  0  0  0  1  0  2 
 4  2  2  1  0  0  0  4  1 
 4  1  0  1  1  1  0  0  1 
   -1  0  0  0  0  0 -2  0 
       0  0  0  1  0  0    
          0  0  0  1       

--- Sample #1971 | True: -6.1323089599609375 | Pred: -7.060420989990234 ---
         -2  3  4  2       
       0 -1  0  3  2  1    
    3  0  2  2  0  0  3  1 
 2  3 -4 12  5 -22 -6  9 -2 
 4  6  7 16  3  0  0 11 -2 
    4  5  9  6  4  2  2  0 
       5  0  1  0  3  1    
          2  2  0  2       

--- Sample #1972 | True: -9.598461151123047 | Pred: -5.380638122558594 ---
         -2  0 -1 -1       
      -5  0  0  0  1  0    
   -8 -5  0  0  0  0  0  1 
-24 -26 -3  0  0 -1  0 -2  0 
-22 -25 -10 -1  1  1  1 12  1 
   -23 -11 -10  1  3  1  2  0 
      -13 -17 -6  0  3  2    
         -20 -20  3  4       

--- Sample #1973 | True: -9.454999923706055 | Pred: -5.506553649902344 ---
         -3  4  0 -3       
      -3  0 -1  1 -3 -13    
    0  1  0 -1  0 -6 -14 -15 
 2  0  0 -1  0  0 -2 -16 -14 
 2  2  0  0  1  1 -2 -6 -13 
    0  0 -1  0  2 -9 -13 -22 
       1  1  0 -10 -12 -9    
         -1 -7 -19 -19       

--- Sample #1974 | True: -1.9365386962890625 | Pred: -2.8168067932128906 ---
          4  2  0  0       
       8  0 -1 -1 -1  0    
    5  2  0  0 -1 -1  1 -2 
 5  3  0  0  0  0 -1 -3 -1 
 1  2  1  0  0 -1  0 -2  3 
   -1  0  1  0 -1 -1 -4 -1 
      -1  0 -1  0  0  0    
          0  3  3  0       

--- Sample #1975 | True: -1.7813453674316406 | Pred: -2.9439239501953125 ---
         -1  1  0  0       
       0  0  1  0 -1  1    
    1  0  0 -1 -1  0  1  3 
 0  1  0  0  0  0  0 -2  0 
 1  3  2  0  0  0 -2  4 -1 
    0  1  0  1  1  0  2  1 
       0  0  2  1  0  1    
          3  2  3  1       

--- Sample #1976 | True: -2.0550003051757812 | Pred: -2.942047119140625 ---
          1  0  0  3       
       0  0  0  1  0 -1    
    0  1  0  0  0  0  0  0 
 2  0  0  0  0  0  0  0  0 
 2  0  1  0 -1 -2 -2 -2  1 
    1  0  0  0 -1  0  0  0 
       0 -1  0  0  0  3    
          1  0  2  0       

--- Sample #1977 | True: -1.6005783081054688 | Pred: -2.3483734130859375 ---
          0  0  2  4       
       0  0  0  0  0  0    
    0  1  0  0  0  0  1  0 
 0  0  1  0  0 -2  0  2  0 
 2  1  0  0  0 -2  0 -2  1 
   -1  0  0  0 -1  0  0 -1 
       0  0  1  1  0  1    
          0  4 -1  1       

--- Sample #1978 | True: -6.483268737792969 | Pred: -6.553245544433594 ---
         -7  1  1  0       
       2  1  0  0  0  1    
   -1  1  0  0 -1 -1  0  0 
 0 -3  1  0  0  0  0  4  0 
 2 -1 -2 -2  0  1  0 -2  0 
    0  0  0 -1 -3  0  1  0 
       0  0  0 -1  0  1    
          2  0  1  1       

--- Sample #1979 | True: -5.590000152587891 | Pred: -6.912160873413086 ---
          3 -8  3  5       
       1  1  1  1 -2  0    
    0  0  0  0  0  0 -1  0 
 2  1  0  1  1  0  0  1  1 
 6  3  2  1  1  0  0 -2 -1 
    0  2  0  1  1 -1  0  0 
       2  0  0  2 -1 -3    
          1  2  7  2       

--- Sample #1980 | True: -8.200769424438477 | Pred: -6.7935333251953125 ---
         -19 -19 -18 -17       
      -6 -3 -12 -7 -17 -4    
   -2 -1  0 -1 -2 -2  0 -1 
 1  1  0 -1 -1  0  0  4  0 
 2  1  1  0  0  0  3  5  0 
    1  0 -1  0  1  1  3  0 
       0 -2  1  2  1  2    
          2  0  3  3       

--- Sample #1981 | True: -14.324808120727539 | Pred: -10.447969436645508 ---
         -9 -5 -14 -20       
       1  2 -8 -9 -24 -6    
   -6  0  0 -6 -21 -16 -2  0 
-7 -5 -1 -4 -14  3 -1 -8 -3 
-6 -8  8  5 -5  3  2 -11 -1 
   -3 -5  3  1 -1  4 -2  1 
      -16  0  5  0  2  1    
         -3 -2  0 -7       

--- Sample #1982 | True: -4.345191955566406 | Pred: -5.298612594604492 ---
          1  0  3  3       
       7  0  1 -9 -2  0    
    6  3  0  0  1 -5 -2  1 
 0  4  1  2 -11  2 -16  3  2 
 3  0  3  2  5 -2  1 -3  1 
    1  2  0  1  0  0  1  0 
       3  3  5  2 -1  2    
          0  0  1  2       

--- Sample #1983 | True: -3.1123085021972656 | Pred: -3.5430335998535156 ---
         -2 -1  0 -5       
       0 -1 -1  1  0  0    
    0  2  1  0 -2 -2 -1  0 
-2  0  0  1  0  0  1 -19 -2 
 0  2  3  1  0  0  0 -2  0 
    1  2  1  1  0  0  0  1 
      -1  0  2  1  1  2    
         -3  2  1  2       

--- Sample #1984 | True: -3.5276927947998047 | Pred: -2.422588348388672 ---
          1 -1 -9 -2       
      -3 -1 -3 -1 -5 -1    
   -1  0  0  0  0 -1 -1  0 
-7  0  0  0  0 -1  0 -3 -3 
-3  0  0  1  0  0 -1 -3  0 
   -2  0  0  0 -4 -2 -1  1 
      -3 -1 -2 -3 -1 -2    
         -2  0 -2 -4       

--- Sample #1985 | True: -7.341154098510742 | Pred: -5.96759033203125 ---
          3 -1  0  2       
      -5 -12  0  0  0  0    
   -2 -5  0 -13 -12 -1 -1  0 
-1 -10 -4  0  1  0 -1 -8  0 
 3  2  1  1  0  0 -1  0 -4 
    5 -3  0 -1 -2  0 -2  0 
      -2  1  1 -1  0  0    
          2  2  3  3       

--- Sample #1986 | True: -8.040191650390625 | Pred: -7.608175277709961 ---
          0 -7  2 -5       
       1  3  0  0 -2  0    
   -3  7  5  1  0 -8  0 -2 
-5 -4  6  2  1 -3  2  7 -4 
-12  2 -2 -1 -1  0  0 -2 -1 
    3  1  0 -3  0 -1  1  0 
      -1 -2  0  1  0 -1    
         -3  1  2  0       

--- Sample #1987 | True: -6.28346061706543 | Pred: -6.924043655395508 ---
          6  0  2  2       
       0  2  1  2  3  4    
    0  1  4  1  0  1  2  1 
-17 -2  1  0  3 -6  4  1 -2 
-11 -1 -1  1  4  2  0 -1 -4 
   -1  0  2  4  2  1  2  0 
       1  0  2  1  2  0    
          1  1  2  1       

--- Sample #1988 | True: -8.518653869628906 | Pred: -7.586582183837891 ---
          1  0  1 -5       
       3  1  0  1  1  0    
   -2  2  2  1  0  0  0  0 
-14  0  2  0  1  0 -3  0 -1 
-11  0  0  0  2  1  0 -1 -16 
    0  1  0  1  1 -1 -25 -15 
       0  0  0  0  2 -11    
          2  1  3 -13       

--- Sample #1989 | True: -24.431922912597656 | Pred: -25.065093994140625 ---
          0  0  0 -1       
       0  0  0  0 -4 16    
   -1  0  0  0 -3 -4  8  8 
-2 -2  0  1  0 15 -7 -3  6 
-1 -2  0  0 18 11 -9  0  8 
    1  1  1 -8 -8 -1 -2 12 
       5  5 -5 -9  2  0    
         -7  3  2  7       

--- Sample #1990 | True: -25.353269577026367 | Pred: -23.838071823120117 ---
          0  0  0 -1       
      -1 -1 -1 -1 -6 11    
   -1 -1 -1 -1 -3 -6  0  0 
-3 -2  0  1  0 -16  9 -4 -1 
 0 -3 -1 -7  2 12  8 -1  0 
   -6 -8 -7 -4 -3  9  3 11 
       3 -6 -1 -6  7 -5    
         -6 -6  0 -3       

--- Sample #1991 | True: -3.324422836303711 | Pred: -4.509635925292969 ---
          2  4 -3  0       
       1  1  0 -1  0  4    
    0  2  0  0  0 -5  2  2 
 0  2  2 -1  0  0  0 -7  3 
 1  6  4 -1  0  0  1 -2  1 
   -1  1  0  1  2  0  0  2 
       2  1  2  2  3  2    
          5  2  5  4       

--- Sample #1992 | True: -3.7434616088867188 | Pred: -5.266048431396484 ---
          0  0  0  4       
       0  3  0  0  2  3    
   -1  0  0 -2  0  0  1  4 
 4  0  0  1 -1  0  0  0  0 
-17 -8  6  4  2  2  1 -3  0 
   -18  4  4  5  2  3  4  3 
       1  4  5  2  3  2    
          3  3  2 -1       

--- Sample #1993 | True: -3.3767318725585938 | Pred: -3.9959983825683594 ---
          2  0  1  3       
      -1 -2 -2  1  0  1    
    5  0 -3 -3 -1 -2  0  2 
 8  0 -1 -2 -1  0  0  0 -1 
 1  0 -1 -3 -2  0 -1 -1  3 
    0 -1 -3 -1 -2 -1  0  0 
      -2 -1 -1 -1 -1 -1    
          0  0  2 -1       

--- Sample #1994 | True: -3.4382686614990234 | Pred: -4.754116058349609 ---
          0  2  2  3       
       0  0  0  0  1  1    
    0  0 -2 -1 -3  0  0  2 
 0 -1  0 -3 -1  0  0  2  0 
 3  1  0 -1  0  0  0 -2  0 
    4  2  0  0  0 -1  1  0 
       3  0  1  2  0 -1    
          1  3  3  1       

--- Sample #1995 | True: -2.345386505126953 | Pred: -2.313671112060547 ---
          3  2  0  1       
       0  0 -1  0  0 -1    
    0 -2 -3 -1 -1  0  1  0 
 1  0 -2 -1  0  0  2  4  1 
-1  0 -2 -2  0  0 -1 -2  0 
   -2 -2 -2 -1 -1 -2  0  0 
      -1 -1  0  0 -1  0    
          0  0  1 -1       

--- Sample #1996 | True: -2.573078155517578 | Pred: -3.3603076934814453 ---
          2  2  3  0       
       2  2  0  0  0  0    
    2  1 -1 -1  0  0 -2 -1 
 6  1  0  0  0  0  0  0  1 
 0  1  0  0  0 -1  0 -1  0 
    0  0  0  1 -1 -1 -1 -2 
      -2  1  0  1  0 -1    
          3  0  2  0       

--- Sample #1997 | True: -29.01884651184082 | Pred: -27.182708740234375 ---
          0 -1  0  0       
       0  0 -1  0 -2  2    
    1  0 -1 -1 -1  1 -4 -7 
 0  0  0 -2 -5 -10 -4  0 -6 
 2  0 -2 12  0  8 -2  2 -4 
    0  5 -1  1 -2  1 -1  4 
       0  0  0  1 -1 -2    
          0  0  0  0       

--- Sample #1998 | True: -29.26288414001465 | Pred: -27.309024810791016 ---
          0  0  0  1       
      -1 -2 -1 -1 -2  1    
   -1 -2 -3 -4 -5 -5 -2  5 
-2 -2 -2 -5 -7 -11 -6  0  3 
 1  0 -3  0 -7  7  0  1 -1 
   -1 -2  0 -4 -5  3 -1  5 
       0 -1  0  0 -2 -2    
          1  2  0  1       

--- Sample #1999 | True: -2.9255752563476562 | Pred: -4.131443023681641 ---
          0  0  2 -3       
       0  0  0  1  1  1    
    2  1  1  0  0  0  1  1 
 0  1  1  0  0  0  0  3  3 
-2  2  0  0  0  0  2  2  0 
    0  1  0  0  1  2  0  2 
       0  0  0  0  1  0    
         -3  0  0 -5       

--- Sample #2000 | True: -2.3713455200195312 | Pred: -3.697866439819336 ---
          3  1  2  3       
       8  5  1  0 -2  7    
    1  0  1  0 -3 -1  0 -1 
 4 -1  0  0  1  0  1  3  0 
 4  2  0  0  1  0  4  1  0 
    2  0  0  0  0  0  0  0 
       0  0  0  0  1  1    
          1  0  2  2       

--- Sample #2001 | True: -29.768653869628906 | Pred: -2.0050582885742188 ---
         -24 -23 -23 -25       
      -25 -26 -28 -26 -26 -28    
   -25 -25 -29 -29 -31 -30 -29 -28 
-22 -24 -26 -28 -28 -23 -30 -29 -29 
-18 -20 -18 -7 -12 -1 -6 -10 -31 
   -20 -22 -24 -26 -28 -28 -28 -26 
      -22 -25 -25 -27 -29 -28    
         -22 -22 -24 -24       

--- Sample #2002 | True: -1.1584625244140625 | Pred: -1.1934585571289062 ---
          1 -2  1  1       
      -2 -1 -1  0  0 -2    
   -1  0  0 -1 -2  0  0  0 
 0  0  0  0 -1 -2  0  0  1 
-1  1  0  0  0  0 -2 -2  0 
   -1  0  2  1  0 -1  0 -1 
       3  0  0  0 -4  0    
          1  0 -1  0       

--- Sample #2003 | True: -1.5234603881835938 | Pred: -2.997905731201172 ---
          0 -1  0 -1       
      -2  0  1  1  0  0    
   -2  2  1  0  0  2  0  1 
 0  0  0  0  1  0  1 -4  2 
-1  0  1  1  0  0  1 -2  2 
   -1  2  2  2  0  2  0  4 
       0  1  0  0  0  2    
          0 -1  2  2       

--- Sample #2004 | True: -1.5509605407714844 | Pred: -1.5207405090332031 ---
         -2  0  1  1       
      -1 -1  0  0 -1 -1    
   -2  0 -2  0  0  0  0 -2 
 0 -1  0  0  0  0  0 -2  1 
 2 -2  0  0  0  0 -2 -3  0 
   -2 -1 -2  0 -1  0  0  0 
      -2 -1  0  1  1 -2    
          0  0  2 -1       

--- Sample #2005 | True: -2.318462371826172 | Pred: -3.7379493713378906 ---
         -4  0  0  1       
      -2 -1  0  2 -1 -3    
    0  0  0  0  0  0  0  0 
 0  1  2  1  1  2  2 -1  2 
 4  3  1  2  0  0  0 -1  2 
    2  2 -1  1  1  1  3  2 
       0  0  0 -1 -1  0    
          0  0  0 -1       

--- Sample #2006 | True: -4.305768966674805 | Pred: -5.880428314208984 ---
          7  5  7  7       
       1  3  6  4  1  3    
    5  0  0  0 -2 -16  2  1 
 4  3  0  0  0  0  1 -19  0 
 0  0  0  0  0 -2  1 -3  0 
    4  0 -1  0 -1  0  1  3 
       6  0  1  3  1  0    
          6  3  3  2       

--- Sample #2007 | True: -3.6082687377929688 | Pred: -6.141214370727539 ---
          3  4  4  7       
       1  3  6  2  0  3    
    1  1  1  2  2 -11  2  1 
 2  2  0  1  2  3  1 12  3 
 5  2 -1  0  3  0  1 -2  1 
    0 -1  1  0  1  3  2  2 
       3  0  0  2  1  0    
          2  3  2 -1       

--- Sample #2008 | True: -5.622692108154297 | Pred: -6.909662246704102 ---
          7  8  5  1       
       2 -1  0  0  1  2    
    0 -1  0 -1  0 -1  0  2 
 5  2  0  0 -1 -1 -2 -18  2 
 4  3  0  0  0 -1  1 -2  2 
    3  0  1  0  1  0  2  1 
       0  0 -9  3  2  3    
          2  5  0  0       

--- Sample #2009 | True: -4.598077774047852 | Pred: -6.88768196105957 ---
          5  0  5  6       
       2  0  2  3  3  0    
    0  0  0  1  0  0  2  1 
 2  1  1  1  1  2  4  9  2 
 3  0  0  0  1  0  2 -2  2 
   -3  1  2  2  2  2  1  3 
      -1  1  0  1  2  0    
          3  2 -1  0       

--- Sample #2010 | True: -1.0765380859375 | Pred: -2.4396095275878906 ---
          0  4  4  1       
       1  2  1  3  1  5    
    1  2  1  0  0  0  0 -2 
 3  1  0  0  0  0  0 -2 -1 
 0  3  1  0  0  0 -4 -2 -2 
    0  1  0  1 -1 -1  0 -2 
       0  0  2  0 -2  0    
          2  2  2  0       

--- Sample #2011 | True: -4.061731338500977 | Pred: -3.1784934997558594 ---
          2 -2  0  2       
       3 -1 -1  0  0  1    
    0 -1 -2  0  0  0  0  3 
 1  0 -1 -2  0  0  2  4  6 
-6 -2 -3 -5 -3  1  1  0 17 
   -1 -8 -7 -2 -2  0  0  5 
      -6 -4 -5 -2 -2  0    
         -13 -2 -4  2       

--- Sample #2012 | True: -2.537883758544922 | Pred: -22.765480041503906 ---
         22 20 21 15       
      21 19 20 18 12 16    
   21 21 18 18 18 16 14 19 
22 21 20 19 14 10 15 20 19 
23 24 25 19 14 14 15  3 24 
   24 23 23 18 19 20 24 25 
      25 19 23 24 23 26    
         25 23 23 26       

--- Sample #2013 | True: -3.709808349609375 | Pred: -17.672168731689453 ---
         19 19 19 22       
      13 13 14 14 14 15    
   13 15 12  6  7  6 13 15 
17 19 17  9  9  3 10 17 15 
24 24 21 12  8  7 -6  1 19 
   27 21 13  9  8 12 16 19 
      21 17 17 14 17 16    
         20 21 19 21       

--- Sample #2014 | True: -4.1342315673828125 | Pred: -4.612234115600586 ---
          0  1 -6 -12       
       1  5  1  0 -4  0    
   -1  2  6 -1 -2 -1  1 -1 
 2  1  1  1  1  0  0  0 -3 
 0  1  3  3  2  2  2 -2 -1 
   -1  1  1  2  0  0  1 -4 
       0  2  0  2  0 -2    
         -2  0  3  7       

--- Sample #2015 | True: -7.104999542236328 | Pred: -4.877399444580078 ---
         -11 -3 -8 -20       
       0  0  0 -6 -3 -5    
   -12 -1  0 -2 -4 -6 -5 -5 
 0  0 -1  1  0 -2 -5 -5 -9 
 7  4  1  1  0 -2  3 -2  0 
   -1 -1  0  0  0  0 -1 -2 
       2  0 -1 -1  0 -1    
          2  1  0 -4       

--- Sample #2016 | True: -4.948652267456055 | Pred: -5.057165145874023 ---
          0  0  2  2       
       0 -1  0  0  0  0    
   -1 -1 -1 -3 -1  0  0 12 
-1 -1 -2 -2  1  1  1  0  1 
-1  0  0 -1  0  1  0 -11  3 
   -1 -1 -1  0  0 -1 -3  1 
      -1 -3  0  0 -2 -1    
          3  2  0  1       

--- Sample #2017 | True: -4.254423141479492 | Pred: -5.636022567749023 ---
         -2 -3  2 -2       
       0  1  0  0  0  0    
    2  0  0 -1  0  0  0  2 
 0 -1  0  2  1  0 -1  0 10 
-1  4  2  2  1  0  0  8  5 
    0  1  0  1  0  0  0  1 
       0  1  2  1  0  9    
          1  4  4  2       

--- Sample #2018 | True: -0.8780746459960938 | Pred: -4.844060897827148 ---
          6  7  4  1       
       1  2  1  4  2  0    
   -2  0 -1  0  2  0  1 17 
 8  4  2  1  2  3 14 -1  3 
 8  3  2  1  0  2  0 -2 -1 
    0  2  0  3  1  0  3  0 
       7  0  3  3  2  0    
          8  3  6  5       

--- Sample #2019 | True: -4.691923141479492 | Pred: -5.823612213134766 ---
         -3  0  0  1       
      -1  0 -1  1 -1  0    
   -2  0  0 -1  0 -5 -2 -1 
-4 -1  0  1  2  0 -1  0  1 
 0  0  0  1  0  0 -2 -2 -1 
   -1  0  0  1  0 -1  0 -1 
       0  0  2  0  0  0    
          1  2  1  2       

--- Sample #2020 | True: -1.7351913452148438 | Pred: -3.722188949584961 ---
          3  2  2  2       
       4  3  1  0  1  0    
    1  4  3  1  0 -1  1  1 
 0  0  2  2  0  0  0  2  2 
 1  2  2  2  0  0  0 11  5 
    0  1  2  0  1  1  0  0 
       2  0  0  2  1  2    
          1  5  2  4       

--- Sample #2021 | True: -2.834613800048828 | Pred: -3.812664031982422 ---
          2  0  1  2       
       1  0  0  2  0  0    
    1  0  2  1 -2 -4  0 -2 
 0  0  0  0  0 -1  0 -3  0 
 3  1  1  0  0 -1 -1 -4  0 
    2  0  0  0 -1  0  2  1 
       0  0  1  0  0  0    
          2  1  1  2       

--- Sample #2022 | True: -30.833269119262695 | Pred: -8.472972869873047 ---
         -18 -19 -17 -16       
      -21 -23 -22 -20 -21 -20    
   -20 -23 -24 -25 -25 -23 -23 -21 
-16 -20 -24 -26 -25 -28 -21 -20 -23 
-12 -16 -19 -23 -26 -27 -26 -4 -23 
   -16 -21 -23 -24 -25 -25 -23 -21 
      -20 -23 -23 -24 -24 -22    
         -18 -19 -20 -20       

--- Sample #2023 | True: -16.66538429260254 | Pred: -12.938451766967773 ---
          5  3 -14 -1       
      -9 -13 -2 -14 -8 -1    
   -9 -8 -9 -4 -6 -16 -12 -4 
-5 -6 -5  0 -1  2 -15 -17 -4 
 2 -3 -1  6  1 -7 -15  1 -5 
   -8 -6  3  5  1  1 -3  0 
       0 -9 12 17  2 -2    
         11  7 14  1       

--- Sample #2024 | True: -3.883268356323242 | Pred: -4.364551544189453 ---
          0  0  1 -1       
      -1 -1  0 -2 -3 -6    
    0 -2 -1  0 -1  0  0  0 
 3  0  0  0  1 -1  1  0  0 
 3  0  0  0  0  0  0 -3  1 
    0  0  0  0 -1  0  1  1 
       2  0  0 -1  1  1    
          2  1 -1  1       

--- Sample #2025 | True: -3.277498245239258 | Pred: -6.25068473815918 ---
          2  4  3  1       
       0  1  2  3  0  0    
    0  2  2  0  0  0  0 -1 
 0  3  3  2  0  0  1  2  0 
 4  4  4  3  1  1  1 -10  1 
    4  4  3  3  4  3  4  4 
       4  4  3  3  4  6    
          3  1  5  6       

--- Sample #2026 | True: -7.800384521484375 | Pred: -8.162422180175781 ---
         -1  3  5  5       
       0  0 -1  0  0  2    
    0  0  1  0 -2 -2 -1 -6 
-1 -1  0 -1  0  0 -1 -3 -1 
 0  0  0  0  0  0  0 -3 -1 
    0  0  1 -1  0  0  0  1 
       0 -2 -2  0  2  1    
          2  0  2  3       

--- Sample #2027 | True: -6.058267593383789 | Pred: -7.950708389282227 ---
          1  4  5  7       
       1  1  4  4  1 -1    
    1  1  2  1  1 -2  3  4 
 2  0  1  3  2  0  2  8  3 
 3  2  0  2  2  0  2 -1  5 
   -2  2  0  3  2  1  0  5 
       2  1  0  0 -3 -1    
         -1  1  0  0       

--- Sample #2028 | True: -2.1544227600097656 | Pred: -5.962516784667969 ---
          0  0  5  4       
       3  3  3  4  3  2    
    1  4  3  3  0  4  4  3 
 4  2  2  2  2  1  4  5  4 
 4  2  2  2  3  1  2 23  4 
    3  3  2  2  1  0  2  2 
       3  3  2  2  3  3    
          2  4  5  2       

--- Sample #2029 | True: -2.53057861328125 | Pred: -4.184013366699219 ---
          1 -1 -2  0       
       0  0  0  1  1  4    
    1  1  0  0  0  1  2  0 
 2  0  2  0  1  0  0  4  1 
 2  2  2  2  0  0  0 -2  1 
    0  0  1  0  0  0  3  0 
       2  1  2  2  0  0    
          1  3  2  1       

--- Sample #2030 | True: -25.255191802978516 | Pred: -9.566434860229492 ---
         -16 -16 -14 -13       
      -20 -23 -22 -19 -20 -17    
   -20 -16 -24 -17 -21 -23 -17 -19 
-16 -21 -24 -20 -27 -28 -25 -17 -20 
-13 -19  0 -12 -15 -16 -9 -8 -20 
    3 -2  0 -9 -8 -4 -12 -19 
       0 -12 -14 -7 -9 -7    
         -13 -14 -19 -19       

--- Sample #2031 | True: -6.382307052612305 | Pred: -8.259481430053711 ---
          6  7 -4 10       
       3  2  4  5  4  4    
    0  1  0  1  1  0  6  3 
 0  2  3  0 -1  0  0 -1  4 
 0 -1  2 -3 -29 -2  0  0  5 
    0  0  0 -4  0  1  0  1 
       0  1  3  2  0  0    
          5  5  3  2       

--- Sample #2032 | True: -13.602886199951172 | Pred: -8.449445724487305 ---
         -8 -11 -13 -19       
      -1  3  0 -3 -1 -3    
   -20 -17 12 13  6 12  4 -7 
-22 -24 -11  5 -15  5  7  4 -8 
-13  0  4  5  6 -25 -26  2 -5 
   -13  2  2  5  3 -3 -2 -11 
      -3 -10 -6 -7 -13 -5    
         -9 -9 -8 -13       

--- Sample #2033 | True: -0.00653839111328125 | Pred: -1.2368431091308594 ---
         -2 -1 -1  0       
       1  0  0  0  0  1    
   -1 -1  0  0  0  0  0  0 
 0 -1  3  1  1  1  3 -7 -1 
-1  0  2  1  1  1  3 -1  2 
    5  0  1  3  1  1  1  1 
       0  0  3  0  1  0    
         -2  5  1  0       

--- Sample #2034 | True: -3.125 | Pred: -5.129890441894531 ---
         -1  2  1  4       
       0  0  3  2  2  0    
    1  2  0  0 -1  0  0  0 
 2  2  1  0  0  0  0 -1  2 
-1  2  2  1  0  0  1 -2  0 
    1  3  0  1  0  1  2  4 
      -1  1  2  2  3  7    
          0  4  3  3       

--- Sample #2035 | True: -2.1967315673828125 | Pred: -3.1085643768310547 ---
          0  0 -1  0       
      -2 -1  0  2  0  0    
    0  2  0 -1  0  0 -1  0 
 1  0  0  0  0  0  0 -1 -1 
 1  0  0  0  0  0 -1  0  0 
    0  1  1  1  0  0  0  0 
       3  1  1  0 -1  0    
         -1  2  2  1       

--- Sample #2036 | True: -2.909423828125 | Pred: -3.4104957580566406 ---
         -3  0  1  1       
       0 -2 -1 -2  0 -1    
   -2  0 -1 -2 -2 -2 -1 -1 
 0  0  0 -1  0  0  0 -1  0 
 1  0  0  0 -1  1  1  6  0 
    1  0  0  0  0 -1 -1  0 
       0  0 -2  0  0  0    
          1  1  1  1       

--- Sample #2037 | True: -9.530385971069336 | Pred: -12.117053985595703 ---
         15  6  8 11       
      -2 -4 12 10  8  8    
    6  1 13 11  8  2 11 13 
 5 -2  0 -14  4  6  6  1  9 
-2  2  5  0 -2  2  7  0 -3 
    1  3  2  2  3  4  4  4 
      -7  2  2  4  2  0    
          7  4  3  6       

--- Sample #2038 | True: -16.058652877807617 | Pred: -7.567365646362305 ---
         -15 -17 -12 -10       
      -15 -8 -8 -10 -6  1    
   -5 -7 -5 -5 -11 -4  1 -7 
-9 -4  2  0 -6 -19 -1  5 -8 
-12 -17 -3 -8 -10 -4 -1 -3 -2 
    0 -6  0 -6 -1  0  3 -1 
      -1 -16 -8 -10 -3 -7    
         -21 -23 -13 -2       

--- Sample #2039 | True: -20.34711456298828 | Pred: -13.152641296386719 ---
         -8 -8 -8  0       
      -3 -6 -10 -6 -6 -4    
   -16 -6 -9 -17 -10 -8 -2  3 
-15 -4 -5 -2 -19 -9 -6 -13 -4 
-5 -2  4 -2 -7 -18 -17 -5 -13 
   -9 -13 -6 -19 -15 -5 -3 -11 
      -11 -16 -14  0 -6 -5    
         -9 -10 -11 -1       

--- Sample #2040 | True: -26.291152954101562 | Pred: -16.756488800048828 ---
         -11 -11 -10 -10       
      -8 -4 -10 -12 -14 -15    
   -13 -13 -5 -10 -7 -15 -17 -19 
-9 -14  0 -11 -8 -11 -15  0 -13 
-3  0 -6 -14 -10  2 -14 -1 -18 
   -4 -7  0 -5 -1 -3 -7 -11 
      -4  0 -6  0 -4 -9    
         -3 -3 -8 -7       

--- Sample #2041 | True: -3.994232177734375 | Pred: -4.998392105102539 ---
          0  1  5  0       
       3  0  0  0  0  0    
    3  3  0 -1 -2  0 -2  0 
 9  1  0  1  2  0 -1  0 -2 
 4  3  0  0  0  0  0 -2  3 
    0  0  1  2  0 -1  0  2 
       0 -3  2  0  1  1    
         -5 -2  0 -3       

--- Sample #2042 | True: -2.930767059326172 | Pred: -4.104055404663086 ---
          0 -1  1  1       
       2  0  0  1  0  1    
    4  1  1  0  1  0  3  0 
 5  3  0 -2  0  0 -3  0 -1 
 1 -2  0  1  0  0  0  1  3 
   -1  0  0  0  1  0  2  0 
      -1 -1  3  3  0  2    
         -1  3  5  0       

--- Sample #2043 | True: -29.350961685180664 | Pred: -11.702470779418945 ---
         -16 -14 -13 -11       
      -19 -22 -20 -18 -18 -10    
   -19 -22 -25 -25 -23 -22 -18 -15 
-17 -22 -26 -28 -27 -19 -16 -9 -15 
-13 -19 -22 -25 -25 -20 -12 -2 -17 
   -17 -10 -11 -22 -13 -11 -10 -16 
      -19 -20 -13 -9 -14 -18    
         -14 -8 -9 -11       

--- Sample #2044 | True: -27.065000534057617 | Pred: -18.976348876953125 ---
         -9 -10 -7 -8       
      -5 -8 -12 -9 -12 -13    
   -9  0  0 -11 -9 -11 -12 -21 
-7 -6  0 -13  6  7 -5 -10 -15 
-4 -7 -9 -9 -13 -14 -14 -2 -14 
    0  2 -8 -7 -8 -8 -12 -11 
       0 -7 -8 -8 -9 -8    
         -4 -7 -8 -10       

--- Sample #2045 | True: -2.6521148681640625 | Pred: -3.9124183654785156 ---
          0 -1 -1  1       
       0 -2  0  1  0  0    
    0  3 -2  0  0 -1  3  1 
-4  0  0  0 -2 -2  0  4  2 
 0  2  1  0 -3 -2  0 -4  5 
    4  1  1  0  0  2  3  6 
       2  2  1  2  1  5    
          6  6 -1  4       

--- Sample #2046 | True: -3.5315399169921875 | Pred: -5.607053756713867 ---
          2  2  5  5       
       4  3  3  6  6  2    
    0  4  3  2  1  0  2  3 
 1  1  4  2  3  1  3  4  1 
-7 -9 -4  3  3  1  0 -2  3 
    4  1  0  0  1  3  4  4 
       1  0  1  0  1  0    
          1  0  5  2       

--- Sample #2047 | True: -2.254425048828125 | Pred: -4.246824264526367 ---
          4  5  3  2       
       5  5  4  2  1  3    
    2  3  0  1  0  2  2  2 
 3  0  2  0  0  0  2  0  2 
 3  2  2  0  2  0  0 -2  1 
   -6  1  0  1  1 -1  1  1 
       0 -3  1  0  0  0    
          2  2  0  2       

--- Sample #1408 | True: -3.1159610748291016 | Pred: -3.673919677734375 ---
          0  2  4  0       
       0  0  0  3  1  0    
    0  1  1 -2  0 -3  0  0 
 5  0 -2 -1 -1 -1 -1  0  1 
 2  0  1  0  0  0  1 -2 -1 
   -2  2  1  0  1  0 -1  1 
       0  1 -3  0 -2  3    
          0  0 -1  0       

--- Sample #1409 | True: -6.42827033996582 | Pred: -6.276208877563477 ---
          1  1  0 -3       
       0  0  0 -1 -1  1    
    0  1  0  0 -4 -2 -1  0 
-1  2  2  0  0 -2 -2  4  0 
 1  2  1  0  0 -5 -4 -5  3 
    0  0  0 -1 -8 -4 -4  3 
       2  1 -3 -2  0 -1    
         -5  0 -1  3       

--- Sample #1410 | True: -5.647306442260742 | Pred: -7.204433441162109 ---
          0  2 -15 -17       
       3  1 -2  0  2 -1    
    1  3  3  1  3  2  0 -8 
 0  0  2  3  3  0  2  0  0 
 2  1  4  1  0  2  4 -3  1 
    3  1  3  0  2  1  4  4 
       1  0  2  3  5  2    
          2  1  2  2       

--- Sample #1411 | True: -3.0326919555664062 | Pred: -5.051868438720703 ---
          2  0  3  2       
       0  3  4  2  0  0    
    2  0  1  1  0  0  5  0 
 2 -1  0  0  0  0  2 -13  5 
 0  1  0 -1  0  0  4  6  1 
    0  0  0  3 -1  0  3 -1 
       1  0  0  0  0  2    
          3  4  2  1       

--- Sample #1412 | True: -3.256540298461914 | Pred: -5.249088287353516 ---
          3  2  5  6       
       1  1  2  4  3  0    
    1  1  2  2  0 -1  0  0 
 1  2  1  2  1  0  0 -4  3 
 2  0  1  1  1  1  3 -2  1 
   -3 -1  0  1 -3  1  2  2 
       0  0  0  0 -1  3    
          0  2  1  4       

--- Sample #1413 | True: -10.423847198486328 | Pred: -10.092041015625 ---
         -12  2  2  2       
      -9 -5  3  0 -1 -5    
    0 -10  1  0  0 -3  1  0 
-5 -3 -10  0 -1  0 -1  3  0 
-4  4  2  0  0 -1 -4  6  0 
    5  3  1  0  1  2 -1  0 
       0 -1  3  4 -1  0    
          4  3  5  4       

--- Sample #1414 | True: -9.0484619140625 | Pred: -11.334875106811523 ---
          3  5  4 11       
       1  0  0  3  4  5    
    1  0 -3  0  1  0  1 -1 
 0  0  1  0  1  1  1  5  5 
 2  2  0  1  2  1  2 -4  4 
    0  2  0  3  0  0 -1  1 
       2  0  0  2  0  0    
         -2  0 -1  0       

--- Sample #1415 | True: 9.584037780761719 | Pred: -4.306007385253906 ---
          8 -3  1 21       
      26 17  9 20 18 14    
   21 16 13 14 21 14  8 20 
 4 14 13  8 19 19 15 12  8 
12  1  4 18 10 15 18 33 19 
    1  9  1  4 16 17 19 19 
      20  8  9 19 17 19    
         13 13 12  3       

--- Sample #1416 | True: -3.9161548614501953 | Pred: -4.438823699951172 ---
         -1  0  1  0       
       0 -2 -1  0  1 -2    
   -4  0 -2 -1 -3  0  3 -2 
 1 -1 -1 -2  0  0  1  0 -1 
-2 -2  0  2  0  0  0 -2  1 
    0  3  3  1  1  0  1  0 
       5  2 -1  0  0  1    
         -1  0  0  1       

--- Sample #1417 | True: -4.12884521484375 | Pred: -5.692079544067383 ---
         -1  0  0  0       
       2  0  0  0  0  2    
    1  1  1  0  0  0  4  0 
 2  1  1  0  0 -1  0  5  0 
-2  0  0  1  2  0  1  0  2 
   -2  1  1  1  0  3  3  5 
       1  0  0 -2  0  0    
          2  2  0  3       

--- Sample #1418 | True: -4.291923522949219 | Pred: -12.778953552246094 ---
         11  4 11 13       
       5  6  6 12 10 16    
   10  5  4  2  5  4  6 10 
 7  9  7  3  0  3  8 12 11 
 9 11  3  4  3  3  5 -5 10 
   12  5  3  5  7  9 10 14 
       9  6  9 16 14 17    
          9 14 15 17       

--- Sample #1419 | True: -15.92730712890625 | Pred: -11.980876922607422 ---
          1  3  2 -1       
      -5 -2  0  4 -9  1    
   -3 -7  0 -16 -8 -7  0 -3 
 1  2  2 -3 -6 -6 -14 -6 -3 
 4  5  4  3  1 -5 -6 -9 -5 
   -2 -2 -2  1 -2 -3 -6 -1 
      -8 -5  0 -5 -6 -4    
         -2  1 -17 -6       

--- Sample #1420 | True: -3.0976924896240234 | Pred: -5.115732192993164 ---
          1  5  7  1       
       3  1  2  4  2  1    
    0  2  1  1  0  0 -1  2 
 4  1  2  0  2  0  0  0 -1 
 4  2  1  0 -1  0  3  1  1 
    0  0  1  0  0  0  2  1 
       1  0  0  1  1  0    
          4  2  0  4       

--- Sample #1421 | True: -3.6540393829345703 | Pred: -4.032846450805664 ---
         -1  2  2  4       
       0  0  0  2  0  2    
    0  0  0  0  0 -2  0  2 
 2  0 -1 -1  0 -1  0  0  1 
 1  1  0 -2  0 -1  0 -2  1 
   -2  0 -2 -2 -2 -1  0  2 
      -1 -2 -2 -1  0  0    
          0  0  2  2       

--- Sample #1422 | True: -0.7228851318359375 | Pred: -4.097637176513672 ---
          0  2  3  3       
       3  1  1  1  2  1    
    1  2  2  2  2  2  1  0 
 4  0  2  3  3  3  2  3  3 
 5  4  5  4  1  3  0 -14 -2 
    2  2  3  3  2  1  4  2 
       2  0  1  3  1  1    
          2  4  3  3       

--- Sample #1423 | True: -2.015960693359375 | Pred: -3.7921504974365234 ---
          1  1  1 -1       
       0  0  1  2  1  0    
    4  3  3  3  1  1  6  0 
 2  2  2  2  1  0  0  8  2 
-1  0  1  1 -1  0  0  0  4 
   -1  1  1  1  0  0  2  2 
       5  0  0 -3  0  0    
         -2  1  0  0       

--- Sample #1424 | True: -7.354616165161133 | Pred: -6.683013916015625 ---
          1  0  1  3       
      -6 -1 -4  0 -2 -2    
   -8 -1  0 -2  0 -1  0 -1 
 4  0  1  0 -2 -1 -1 -2 -2 
 0 -4 -3 -1  0  0 -2 -2 -1 
   -2  0 -1 -1 -1 -1  0 -2 
       2 -1  0 -1 -1 -2    
          0  4  0 -4       

--- Sample #1425 | True: -2.4444236755371094 | Pred: -3.2839622497558594 ---
          0  0  0  1       
       2  0  3  2  0 -3    
    0  2  1  0  0 -1 -1  0 
 1  2  0  0  0  0 -2  0  0 
 0  0  0  0  0  0 -1 -2  0 
   -2  1  1  0  0  0 -1  1 
       1  1  1  0  0  0    
          0  0  1  0       

--- Sample #1426 | True: -0.9953842163085938 | Pred: -0.524383544921875 ---
          0  0  0 -4       
       0 -1 -1  0 -5  0    
   -2  0  0  0 -2 -2  0  0 
 0 -2  1  0  0 -1 -3 -8 -1 
-2 -1  0  0  0 -1 -3 -6 -3 
   -1  0  0  1 -1  0  0 -1 
      -2 -1  0  0  2  0    
         -1  0  0  0       

--- Sample #1427 | True: -0.6417312622070312 | Pred: -1.7057609558105469 ---
          2  0  3  2       
       1  1  2  2  0  0    
   -1  0  0  1  1 -2  0  1 
-1  0  0  0  2  1  0 -3  0 
 1  0  1  0  2  0 -3 -6  0 
    0  0  0  2  1  0 -1  1 
       1  0  0  0  0  0    
         -4  0  5  0       

--- Sample #1428 | True: -5.3415374755859375 | Pred: -6.323019027709961 ---
          1 -1  1 -3       
      -19  1  0 -1  3 -4    
   -3  5 -1  1  1  2 -5  0 
 2  0  8  5  0  0 -1  2  0 
 4  2  1  0  2  2  1 -4  0 
    1  1  2  2  1  1  2  1 
       1  0  1  4  3  2    
          2  1  2  1       

--- Sample #1429 | True: -13.610191345214844 | Pred: -6.774627685546875 ---
         -15 -15 -18 -8       
      -1 -2 -3 -5 -11 -20    
   -4 -1 -4 -6 -6 -2 -4 -19 
-6 -4 -5 -5 -11 -7 -4 -1 -11 
-4 -5 -3 -5 -4 -3 -1 -14 -8 
   -3 -1 -16 -4 -3 -6 -12 -8 
      -3 -3 -2 -5 -2 -13    
         -9 -16 -23 -6       
+-------------------------------------------------------+
|        Test metric        |       DataLoader 0        |
|---------------------------+---------------------------|
|       test/cls_acc        |    0.8410627841949463     |
|      test/cls_acc_0       |    0.8577285408973694     |
|      test/cls_acc_1       |    0.7239198684692383     |
|      test/cls_acc_2       |    0.7970056533813477     |
|       test/hvf_mse        |   0.011200525797903538    |
|        test/md_mse        |   0.0068285707384347916   |
+-------------------------------------------------------+
Testing ----------------------------------- 65/65 0:00:01 ò 0:00:00 42.74it/s 
